---
source: crates/hid-leo-bodnar-protocol/tests/snapshot_encoding.rs
expression: "summary.join(\"\\n\")"
---
"USB_JOYSTICK: is_ffb=false\nBU0836A: is_ffb=false\nBBI32: is_ffb=false\nWHEEL_INTERFACE: is_ffb=true\nFFB_JOYSTICK: is_ffb=true\nBU0836X: is_ffb=false\nBU0836_16BIT: is_ffb=false\nSLI_M: is_ffb=false"
