   Compiling racing-wheel-ui v0.1.0 (H:\Code\Rust\OpenRacing\crates\ui)
    Finished `test` profile [unoptimized + debuginfo] target(s) in 10.46s
     Running unittests src\lib.rs (target\debug\deps\compat-01095ca13e117d86.exe)

running 28 tests
test telemetry_compat::tests::angle_sign_symmetry ... ok
test telemetry_compat::tests::common_fault_flag_patterns ... ok
test telemetry_compat::tests::compat_matches_manual_conversion_speed ... ok
test telemetry_compat::tests::compat_matches_manual_conversion_angle ... ok
test telemetry_compat::tests::negative_zero_angle_yields_zero ... ok
test telemetry_compat::tests::faults_maps_to_fault_flags ... ok
test telemetry_compat::tests::speed_sign_symmetry ... ok
test telemetry_compat::tests::temperature_boundary_values ... ok
test telemetry_compat::tests::independent_instances ... ok
test telemetry_compat::tests::fault_flags_boundary_values ... ok
test telemetry_compat::tests::sequence_always_returns_zero ... ok
test telemetry_compat::tests::very_small_speed_truncates_to_zero ... ok
test telemetry_compat::tests::temp_c_maps_to_temperature_c ... ok
test telemetry_compat::tests::wheel_angle_mdeg_fractional ... ok
test telemetry_compat::tests::trait_object_usage ... ok
test telemetry_compat::tests::very_small_angle_truncates_to_zero ... ok
test telemetry_compat::tests::negative_zero_speed_yields_zero ... ok
test telemetry_compat::tests::full_compat_snapshot ... ok
test telemetry_compat::tests::wheel_angle_mdeg_large_negative ... ok
test telemetry_compat::tests::wheel_angle_mdeg_large_positive ... ok
test telemetry_compat::tests::wheel_angle_mdeg_negative ... ok
test telemetry_compat::tests::wheel_angle_mdeg_positive ... ok
test telemetry_compat::tests::wheel_angle_mdeg_zero ... ok
test telemetry_compat::tests::wheel_speed_mrad_s_fractional ... ok
test telemetry_compat::tests::wheel_speed_mrad_s_large ... ok
test telemetry_compat::tests::wheel_speed_mrad_s_negative ... ok
test telemetry_compat::tests::wheel_speed_mrad_s_positive ... ok
test telemetry_compat::tests::wheel_speed_mrad_s_zero ... ok

test result: ok. 28 passed; 0 failed; 0 ignored; 0 measured; 0 filtered out; finished in 0.00s

     Running tests\backward_compat.rs (target\debug\deps\backward_compat-d16230198e87f7c2.exe)

running 19 tests
test boxed_trait_object_works ... ok
test conversion_within_typical_racing_range ... ok
test conversion_factor_is_exactly_1000 ... ok
test deprecation_registry_complete ... ok
test direct_mapped_fields_have_no_conversion ... ok
test old_and_new_code_coexist ... ok
test faults_isolated_from_other_fields ... ok
test removed_field_sequence_always_zero ... ok
test heterogeneous_trait_object_collection ... ok
test temp_c_isolated_from_other_fields ... ok
test exact_f32_values_convert_exactly ... ok
test old_test_code_pattern_still_works ... ok
test generic_compat_consumer_works ... ok
test repeated_calls_return_identical_results ... ok
test new_test_code_pattern_works ... ok
test sub_unit_precision_truncates ... ok
test trait_is_object_safe ... ok
test wheel_angle_mdeg_isolated_from_other_fields ... ok
test wheel_speed_mrad_s_isolated_from_other_fields ... ok

test result: ok. 19 passed; 0 failed; 0 ignored; 0 measured; 0 filtered out; finished in 0.00s

     Running tests\compat_deep_tests.rs (target\debug\deps\compat_deep_tests-1c0f4e24e414a3c7.exe)

running 67 tests
test auto_detect_legacy_v0_format ... ok
test auto_detect_current_v1_format ... ok
test breaking_change_current_schema_version_constant ... ok
test breaking_change_schema_version_parse_format ... ok
test auto_migration_skips_current_version ... ok
test breaking_change_v2_constant_defined ... ok
test breaking_change_v1_base_field_names ... ok
test breaking_change_version_ordering_consistent ... ok
test auto_migration_legacy_to_current ... ok
test backward_compatible_parser_api_surface ... ok
test breaking_change_v1_profile_structure_contract ... ok
test compatible_profile_api_surface ... ok
test config_evolution_adds_scope_structure ... ok
test config_evolution_adds_filters_structure ... ok
test config_evolution_default_filter_values ... ok
test deprecated_api_count_is_exhaustive ... ok
test deprecated_api_replacement_matrix ... ok
test config_evolution_v0_flat_to_v1_nested ... ok
test device_config_legacy_missing_fields_get_defaults ... ok
test device_config_legacy_partial_fields ... ok
test device_config_extreme_ffb_gain_preserved ... ok
test error_backup_failed_display ... ok
test error_invalid_json_is_json_error ... ok
test error_migration_error_display_is_stable ... ok
test error_no_migration_path_display ... ok
test error_no_migration_path_message ... ok
test error_restore_failed_display ... ok
test error_unknown_schema_version_message ... ok
test error_validation_failed_display ... ok
test device_config_various_dor_values_preserved ... ok
test feature_migration_config_backups_disabled ... ok
test feature_parser_default_matches_explicit_v1 ... ok
test feature_migration_config_validation_disabled ... ok
test feature_parser_version_0_is_not_v1_compatible ... ok
test feature_parser_version_1_is_not_v0_compatible ... ok
test feature_profile_migration_service_without_backups ... ok
test idempotency_current_profile_unchanged_after_migration ... ok
test idempotency_migrate_legacy_twice_yields_same_result ... ok
test idempotency_parser_parse_or_migrate_twice ... ok
test migration_config_api_surface ... ok
test idempotency_partial_legacy_profile ... ok
test idempotency_service_migrate_twice ... ok
test idempotency_triple_migration_converges ... ok
test needs_migration_returns_false_for_current ... ok
test migration_outcome_api_surface ... ok
test migration_manager_api_surface ... ok
test needs_migration_returns_true_for_legacy ... ok
test partial_migration_extra_fields_result_is_valid_v1 ... ok
test partial_migration_only_ffb_gain ... ok
test partial_migration_torque_cap_and_ffb_gain ... ok
test profile_backward_compat_null_game_scope ... ok
test profile_backward_compat_optional_fields_absent ... ok
test profile_backward_compat_optional_fields_present ... ok
test profile_backward_compat_parser_rejects_legacy_direct ... ok
test profile_backward_compat_parser_accepts_v1 ... ok
test profile_backward_compat_scoped_profiles ... ok
test profile_round_trip_through_to_json ... ok
test rollback_current_version_produces_no_op_outcome ... ok
test rollback_migration_preserves_original_on_invalid_json ... ok
test rollback_migrated_json_is_valid_and_parseable ... ok
test rollback_outcome_records_applied_migrations ... ok
test rollback_outcome_version_fields_correct ... ok
test schema_version_api_surface ... ok
test telemetry_compat_trait_is_object_safe_and_clonable ... ok
test rollback_backup_info_has_original_version ... ok
test rollback_file_migration_with_temp_file ... ok
test rollback_restore_file_from_backup ... ok

test result: ok. 67 passed; 0 failed; 0 ignored; 0 measured; 0 filtered out; finished in 0.01s

     Running tests\compat_layer_tests.rs (target\debug\deps\compat_layer_tests-c8c854e0159fa4e9.exe)

running 89 tests
test edge_cases::compat_telemetry_with_all_max_u8 ... ok
test compatible_profile::to_json_includes_optional_sections_when_present ... ok
test compatible_profile::accessors_with_game_scope ... ok
test compatible_profile::accessors_return_correct_values ... ok
test edge_cases::compat_telemetry_with_all_min_u8 ... ok
test compatible_profile::to_json_produces_valid_json ... ok
test edge_cases::legacy_profile_with_extra_unknown_fields ... ok
test compatible_profile::to_json_roundtrip_preserves_all_fields ... ok
test edge_cases::legacy_profile_with_zero_values ... ok
test compatible_profile::to_json_omits_optional_sections_when_absent ... ok
test edge_cases::v1_profile_with_optional_sections ... ok
test edge_cases::v1_profile_with_parent ... ok
test edge_cases::v1_profile_without_parent ... ok
test edge_cases::migration_idempotency_double_migrate ... ok
test edge_cases::legacy_profile_with_extreme_values ... ok
test error_handling::detect_version_empty_object_is_legacy ... ok
test edge_cases::whitespace_heavy_json_still_parses ... ok
test error_handling::migrate_empty_string_fails ... ok
test error_handling::migrate_json_array_fails ... ok
test error_handling::migrate_json_null_fails ... ok
test error_handling::migrate_plain_text_fails ... ok
test error_handling::migrate_truncated_json_fails ... ok
test error_handling::parse_empty_string ... ok
test error_handling::parse_invalid_schema_prefix ... ok
test error_handling::parse_missing_version_number ... ok
test error_handling::parse_no_slash ... ok
test error_handling::parse_non_numeric_version ... ok
test error_handling::parser_parse_rejects_invalid_json ... ok
test error_handling::parser_parse_or_migrate_handles_legacy ... ok
test error_handling::parser_rejects_legacy_without_migration ... ok
test legacy_api_shims::compat_hands_on_field_untouched ... ok
test legacy_api_shims::compat_through_boxed_trait_object ... ok
test legacy_api_shims::compat_through_dyn_trait_object ... ok
test legacy_api_shims::compat_trait_faults_maps_fault_flags ... ok
test legacy_api_shims::compat_trait_sequence_always_zero ... ok
test legacy_api_shims::compat_trait_temp_c_maps_temperature_c ... ok
test legacy_api_shims::compat_trait_wheel_angle_mdeg_converts_deg_to_mdeg ... ok
test legacy_api_shims::compat_trait_wheel_speed_mrad_s_converts_rad_to_mrad ... ok
test migration_config::manager_with_validation_disabled ... ok
test migration_config::without_backups_config_has_backups_disabled ... ok
test migration_config::manager_with_validation_enabled ... ok
test migration_outcome::outcome_migrated_json_is_valid ... ok
test migration_outcome::outcome_was_migrated_false_for_current ... ok
test migration_outcome::outcome_migration_count_matches ... ok
test migration_outcome::outcome_was_migrated_true_for_legacy ... ok
test migration_roundtrips::legacy_migration_adds_filters_section ... ok
test migration_roundtrips::legacy_migration_adds_schema_field ... ok
test migration_roundtrips::legacy_migration_adds_scope_section ... ok
test migration_roundtrips::legacy_to_v1_preserves_dor ... ok
test migration_roundtrips::legacy_to_v1_preserves_ffb_gain ... ok
test migration_roundtrips::legacy_to_v1_preserves_torque_cap ... ok
test migration_roundtrips::migrate_then_parse_roundtrip ... ok
test parse_or_migrate::parse_or_migrate_empty_object_migrates ... ok
test migration_roundtrips::migrate_then_to_json_then_parse_roundtrip ... ok
test migration_roundtrips::v1_roundtrip_through_migrate_is_identity ... ok
test parse_or_migrate::parse_or_migrate_invalid_json_fails ... ok
test parse_or_migrate::parse_or_migrate_legacy_auto_migrates ... ok
test parse_or_migrate::parse_or_migrate_result_has_correct_schema ... ok
test parse_or_migrate::parse_or_migrate_v1_direct ... ok
test profile_migration_service::service_detects_legacy_version ... ok
test profile_migration_service::multiple_independent_managers ... ok
test profile_migration_service::service_detects_v1_version ... ok
test profile_migration_service::service_migrate_with_backup_no_path_legacy ... ok
proptest: FileFailurePersistence::SourceParallel set, but failed to find lib.rs or main.rs
proptest: FileFailurePersistence::SourceParallel set, but failed to find lib.rs or main.rs
proptest: FileFailurePersistence::SourceParallel set, but failed to find lib.rs or main.rs
test profile_migration_service::service_migrate_with_backup_v1_noop ... ok
proptest: FileFailurePersistence::SourceParallel set, but failed to find lib.rs or main.rs
proptest: FileFailurePersistence::SourceParallel set, but failed to find lib.rs or main.rs
proptest: FileFailurePersistence::SourceParallel set, but failed to find lib.rs or main.rs
proptest: FileFailurePersistence::SourceParallel set, but failed to find lib.rs or main.rs
test profile_migration_service::service_needs_migration_legacy ... ok
test profile_migration_service::service_needs_migration_v1_false ... ok
proptest: FileFailurePersistence::SourceParallel set, but failed to find lib.rs or main.rs
test profile_migration_service::service_outcome_versions_correct ... ok
test version_detection::backward_compatible_parser_rejects_legacy ... ok
test version_detection::backward_compatible_parser_accepts_v1 ... ok
test version_detection::detect_legacy_format_as_v0 ... ok
test version_detection::needs_migration_legacy ... ok
test version_detection::detect_v1_format ... ok
proptest: FileFailurePersistence::SourceParallel set, but failed to find lib.rs or main.rs
test version_detection::needs_migration_v1_false ... ok
test version_detection::schema_version_ordering ... ok
test version_detection::schema_version_parse_minor ... ok
test version_detection::parser_for_major_version_1_accepts_v1_1 ... ok
test version_detection::parser_for_major_version_2_rejects_v1 ... ok
test version_detection::schema_version_new_generates_correct_string ... ok
test version_detection::schema_version_parse_v1 ... ok
test version_detection::schema_version_parse_v2 ... ok
test prop_telemetry_compat_angle_roundtrip ... ok
test prop_telemetry_compat_speed_roundtrip ... ok
test prop_schema_version_ordering_consistent ... ok
test prop_legacy_migration_preserves_torque ... ok
test prop_legacy_migration_preserves_ffb_gain ... ok
test prop_legacy_migration_preserves_dor ... ok
test prop_parse_or_migrate_roundtrip ... ok
test prop_v1_migration_is_identity ... ok
test prop_migration_idempotent ... ok

test result: ok. 89 passed; 0 failed; 0 ignored; 0 measured; 0 filtered out; finished in 0.03s

     Running tests\compat_migration_deep_tests.rs (target\debug\deps\compat_migration_deep_tests-e570f36b578ec3d8.exe)

running 40 tests
test api_migration_paths::faults_migrates_to_fault_flags ... ok
test api_migration_paths::sequence_removed_always_zero ... ok
test api_migration_paths::wheel_speed_mrad_s_migrates_to_rad_s_with_factor_1000 ... ok
test api_migration_paths::temp_c_migrates_to_temperature_c ... ok
test api_migration_paths::wheel_angle_mdeg_migrates_to_deg_with_factor_1000 ... ok
test api_migration_paths::legacy_profile_migration_produces_complete_structure ... ok
test api_migration_paths::legacy_values_survive_migration ... ok
test backward_compatibility::boxed_trait_object_backward_compat ... ok
test backward_compatibility::cross_field_isolation ... ok
test backward_compatibility::compat_methods_are_idempotent ... ok
test backward_compatibility::compat_and_direct_agree_for_all_fields ... ok
test backward_compatibility::dynamic_dispatch_backward_compat ... ok
test deprecated_api::conversion_factor_exactly_1000 ... ok
test backward_compatibility::current_version_profile_is_idempotent ... ok
test deprecated_api::deprecation_mapping_completeness ... ok
test deprecated_api::direct_mapping_no_conversion ... ok
test deprecated_api::negative_zero_yields_zero ... ok
test deprecated_api::removed_field_always_zero ... ok
test deprecated_api::legacy_migration_injects_default_filters ... ok
test deprecated_api::sign_symmetry ... ok
test error_handling::empty_json_is_treated_as_legacy ... ok
test error_handling::future_schema_version_detected_but_not_current ... ok
test error_handling::invalid_json_is_rejected ... ok
test error_handling::null_schema_field_handled ... ok
test error_handling::numeric_schema_field_rejected ... ok
test error_handling::schema_version_parse_rejects_empty ... ok
test error_handling::schema_version_parse_rejects_garbage ... ok
test error_handling::truncated_json_fails_gracefully ... ok
test error_handling::unknown_schema_prefix_is_rejected ... ok
test format_conversion::conversion_truncation_behavior ... ok
test format_conversion::unit_conversion_reversibility_exact ... ok
test format_conversion::migrated_profile_is_valid_json ... ok
test version_detection::detect_legacy_format_by_flat_fields ... ok
test version_detection::detect_needs_migration_for_legacy ... ok
test version_detection::detect_no_migration_for_current ... ok
test version_detection::detect_v1_format ... ok
test version_detection::v0_is_older_than_v1 ... ok
test version_detection::v1_is_current ... ok
test version_detection::v2_is_newer_than_current ... ok
test format_conversion::legacy_to_v1_round_trip_preserves_values ... ok

test result: ok. 40 passed; 0 failed; 0 ignored; 0 measured; 0 filtered out; finished in 0.01s

     Running tests\compat_regression_tests.rs (target\debug\deps\compat_regression_tests-4b943bb3f99669da.exe)

running 14 tests
test regression_empty_json_detected_as_legacy ... ok
test regression_version_ordering_transitivity ... ok
test regression_mixed_legacy_and_v1_fields ... ok
test regression_acc_540_dor_profile ... ok
test regression_iracing_legacy_profile ... ok
test regression_migrated_legacy_matches_handcrafted_v1_structure ... ok
test regression_max_dor_direct_drive_profile ... ok
test regression_whitespace_heavy_json_detection ... ok
test regression_wrong_schema_prefix_rejected ... ok
test regression_tiny_float_conversion_stable ... ok
test regression_schema_version_with_minor_number ... ok
test regression_telemetry_compat_boundary_consistency ... ok
test regression_v1_json_round_trip_exact ... ok
test regression_zero_ffb_gain_profile ... ok

test result: ok. 14 passed; 0 failed; 0 ignored; 0 measured; 0 filtered out; finished in 0.00s

     Running tests\migration_edge_case_tests.rs (target\debug\deps\migration_edge_case_tests-1e01ded66dff1688.exe)

running 19 tests
test compat_extremes::compat_fractional_precision_truncation ... ok
test compat_extremes::compat_negative_speed_conversion ... ok
test compat_extremes::compat_with_zero_values ... ok
test compat_extremes::compat_with_max_u8_values ... ok
test compat_extremes::compat_negative_angle_conversion ... ok
test corrupt_input::empty_string_rejected ... ok
test corrupt_input::json_array_instead_of_object_rejected ... ok
test corrupt_input::json_null_rejected ... ok
test mixed_fields::legacy_minimal_single_field_migrates ... ok
test corrupt_input::plain_text_not_json_rejected ... ok
test corrupt_input::truncated_json_rejected ... ok
test old_format_versions::schema_version_zero_string_rejected ... ok
test old_format_versions::future_major_version_is_not_current ... ok
test old_format_versions::schema_version_negative_fails_parse ... ok
test mixed_fields::legacy_with_extra_unknown_fields_still_migrates ... ok
test corrupt_input::empty_object_detected_as_legacy ... ok
test old_format_versions::unknown_schema_prefix_rejected ... ok
test old_format_versions::schema_version_non_numeric_fails_parse ... ok
test mixed_fields::v1_profile_with_all_optional_sections ... ok

test result: ok. 19 passed; 0 failed; 0 ignored; 0 measured; 0 filtered out; finished in 0.00s

     Running tests\migration_paths.rs (target\debug\deps\migration_paths-7f3634fa131cec3d.exe)

running 20 tests
test cloned_inner_telemetry_has_same_compat_values ... ok
test conversion_factor_is_consistent_1000 ... ok
test conversion_preserves_sign_on_real_telemetry ... ok
test conversion_truncates_toward_zero ... ok
test deprecated_shim_full_snapshot_matches_direct_access ... ok
test migrate_temp_c_to_temperature_c ... ok
test migration_equivalence_all_temp_boundaries ... ok
test helper_fn_accepting_dyn_compat ... ok
test high_stress_telemetry_values ... ok
test migrate_faults_to_fault_flags ... ok
test migrate_sequence_removed_field ... ok
test hands_on_not_affected_by_compat_layer ... ok
test migrate_wheel_angle_mdeg_to_deg ... ok
test migration_equivalence_all_fault_patterns ... ok
test independent_real_instances_do_not_interfere ... ok
test migration_equivalence_sweep_angles ... ok
test migrate_wheel_speed_mrad_s_to_rad_s ... ok
test migration_equivalence_sweep_speeds ... ok
test trait_object_on_real_telemetry_data ... ok
test zero_state_telemetry_compat ... ok

test result: ok. 20 passed; 0 failed; 0 ignored; 0 measured; 0 filtered out; finished in 0.00s

     Running tests\migration_tests.rs (target\debug\deps\migration_tests-6476e7b3c4148f02.exe)

running 22 tests
test compat_and_native_produce_identical_angles ... ok
test compat_and_native_produce_identical_faults ... ok
test compat_and_native_produce_identical_speeds ... ok
test compat_and_native_produce_identical_temperature ... ok
test compat_deprecation_report ... ok
test compat_wheel_angle_mdeg_converts_correctly ... ok
test compat_wheel_speed_mrad_s_converts_correctly ... ok
test compat_temp_c_equals_temperature_c ... ok
test compat_trait_surface_is_complete ... ok
test compat_full_snapshot_matches_native_access ... ok
test compat_sequence_always_zero_for_removed_field ... ok
test legacy_migration_adds_default_filters ... ok
test legacy_format_detected_by_flat_fields ... ok
test legacy_migration_preserves_ffb_gain ... ok
test current_version_profile_not_modified_by_migration ... ok
test legacy_flat_format_migrates_to_v1 ... ok
test unknown_schema_version_rejected ... ok
test compat_faults_equals_fault_flags ... ok
test version_negotiation_v0_upgrades_to_v1 ... ok
test version_negotiation_v1_is_current ... ok
test snapshot_compat_mapping_report ... ok
test snapshot_legacy_migration_result ... ok

test result: ok. 22 passed; 0 failed; 0 ignored; 0 measured; 0 filtered out; finished in 0.19s

     Running tests\property_tests.rs (target\debug\deps\property_tests-a9aa8b5438a98c61.exe)

running 14 tests
test deprecated_api_shims::test_boundary_u8_values ... ok
test deprecated_api_shims::test_dyn_dispatch_preserves_values ... ok
test deprecated_api_shims::test_negative_zero_produces_zero ... ok
test deprecated_api_shims::test_zero_values_through_compat ... ok
proptest: FileFailurePersistence::SourceParallel set, but failed to find lib.rs or main.rs
proptest: FileFailurePersistence::SourceParallel set, but failed to find lib.rs or main.rs
proptest: FileFailurePersistence::SourceParallel set, but failed to find lib.rs or main.rs
proptest: FileFailurePersistence::SourceParallel set, but failed to find lib.rs or main.rs
proptest: FileFailurePersistence::SourceParallel set, but failed to find lib.rs or main.rs
proptest: FileFailurePersistence::SourceParallel set, but failed to find lib.rs or main.rs
proptest: FileFailurePersistence::SourceParallel set, but failed to find lib.rs or main.rs
proptest: FileFailurePersistence::SourceParallel set, but failed to find lib.rs or main.rs
proptest: FileFailurePersistence::SourceParallel set, but failed to find lib.rs or main.rs
proptest: FileFailurePersistence::SourceParallel set, but failed to find lib.rs or main.rs
test prop_faults_identity ... ok
test prop_faults_independent_of_angle_and_speed ... ok
test prop_wheel_angle_mdeg_matches_manual ... ok
test prop_temp_c_identity ... ok
test prop_speed_sign_symmetry ... ok
test prop_angle_sign_symmetry ... ok
test prop_wheel_speed_mrad_s_matches_manual ... ok
test prop_temp_independent_of_angle_and_speed ... ok
test prop_repeated_access_is_idempotent ... ok
test prop_sequence_always_zero ... ok

test result: ok. 14 passed; 0 failed; 0 ignored; 0 measured; 0 filtered out; finished in 0.01s

     Running unittests src\lib.rs (target\debug\deps\hid_asetek_protocol-6e5c060261aeda04.exe)

running 20 tests
test effects::tests::constant_force_smoke ... ok
test effects::tests::device_gain_clamps ... ok
test effects::tests::effect_type_values ... ok
test effects::tests::report_ids_match_pid_spec ... ok
test ids::tests::test_max_torque ... ok
test input::tests::test_applied_torque ... ok
test ids::tests::test_model_from_pid ... ok
test output::tests::test_output_report_build ... ok
test effects::tests::device_control_enable ... ok
test tests::test_constants ... ok
test input::tests::test_parse_report ... ok
test input::tests::test_wheel_angle_degrees ... ok
test ids::tests::test_display_name ... ok
test types::tests::test_wheel_capabilities_forte ... ok
test output::tests::test_output_report_with_torque ... ok
test types::tests::test_wheel_capabilities_invicta ... ok
test output::tests::test_output_report_default ... ok
test input::property_tests::prop_truncated_rejected ... ok
test input::property_tests::prop_derived_values_finite ... ok
test input::property_tests::prop_parse_never_panics ... ok

test result: ok. 20 passed; 0 failed; 0 ignored; 0 measured; 0 filtered out; finished in 0.03s

     Running tests\asetek_deep_tests.rs (target\debug\deps\asetek_deep_tests-da999f71a74408d4.exe)

running 94 tests
test all_models_support_quick_release ... ok
test always_poll_quirk_is_true ... ok
test all_pid_constants_are_nonzero_and_unique ... ok
test applied_torque_nm_negative ... ok
test applied_torque_nm_scaling ... ok
test capabilities_la_prima ... ok
test capabilities_forte ... ok
test capabilities_invicta ... ok
test error_is_std_error ... ok
test capabilities_unknown_defaults_to_forte ... ok
test default_input_report_values ... ok
proptest: FileFailurePersistence::SourceParallel set, but failed to find lib.rs or main.rs
proptest: FileFailurePersistence::SourceParallel set, but failed to find lib.rs or main.rs
test error_display_invalid_report_size ... ok
proptest: FileFailurePersistence::SourceParallel set, but failed to find lib.rs or main.rs
proptest: FileFailurePersistence::SourceParallel set, but failed to find lib.rs or main.rs
test build_1000_sequential_output_reports ... ok
proptest: FileFailurePersistence::SourceParallel set, but failed to find lib.rs or main.rs
proptest: FileFailurePersistence::SourceParallel set, but failed to find lib.rs or main.rs
test foreign_vendor_ids_rejected ... ok
test error_display_invalid_torque ... ok
test asetek_model_torque_matches_wheel_caps ... ok
proptest: FileFailurePersistence::SourceParallel set, but failed to find lib.rs or main.rs
proptest: FileFailurePersistence::SourceParallel set, but failed to find lib.rs or main.rs
test error_display_device_not_found ... ok
test forte_pedals_identified_by_pid ... ok
test forte_identified_by_pid ... ok
proptest: FileFailurePersistence::SourceParallel set, but failed to find lib.rs or main.rs
test input_report_size_constant_is_32 ... ok
test invicta_identified_by_pid ... ok
proptest: FileFailurePersistence::SourceParallel set, but failed to find lib.rs or main.rs
proptest: FileFailurePersistence::SourceParallel set, but failed to find lib.rs or main.rs
proptest: FileFailurePersistence::SourceParallel set, but failed to find lib.rs or main.rs
test la_prima_identified_by_pid ... ok
test invicta_pedals_identified_by_pid ... ok
test max_torque_nm_is_27 ... ok
test la_prima_pedals_identified_by_pid ... ok
test model_from_info_requires_correct_vendor_id ... ok
test output_report_default_is_zero_torque ... ok
test output_report_led_encoded ... ok
test output_report_padded_to_32_bytes ... ok
test model_from_info_all_pedals ... ok
test fuzz_applied_torque_nm_finite ... ok
test fuzz_arbitrary_vid_pid_never_panics ... ok
test fuzz_arbitrary_pid_never_panics ... ok
test model_from_info_all_wheelbases ... ok
test output_report_sequence_round_trip ... ok
test output_report_size_constant_is_32 ... ok
test fuzz_output_build_always_32_bytes ... ok
test output_torque_clamped_above_max ... ok
test output_torque_clamped_below_negative_max ... ok
test output_torque_encoding_negative ... ok
test output_torque_encoding_positive ... ok
test output_torque_zero ... ok
test fuzz_status_bits_consistent ... ok
test parse_input_report_15_bytes_fails ... ok
test parse_input_report_16_bytes_succeeds ... ok
test parse_input_report_all_ff ... ok
test parse_input_report_all_zeros ... ok
test fuzz_input_parse_round_trip ... ok
test parse_input_report_empty_fails ... ok
test fuzz_parse_short_buffer_always_fails ... ok
test parse_input_report_known_values ... ok
test fuzz_wheel_speed_rad_s_finite ... ok
test parse_input_report_negative_angle ... ok
test parse_input_report_negative_torque ... ok
test parse_input_report_with_trailing_bytes ... ok
test pedal_pids_in_f1xx_range ... ok
test pidff_block_free ... ok
test fuzz_output_torque_clamped_within_bounds ... ok
test pidff_constant_force_encoding ... ok
test parse_1000_sequential_input_reports ... ok
test pidff_constant_force_negative ... ok
test pidff_device_control_disable ... ok
test pidff_device_control_enable ... ok
test pidff_device_control_reset ... ok
test pidff_device_control_stop_all ... ok
test fuzz_wheel_angle_degrees_finite ... ok
test pidff_device_gain_clamped_to_10000 ... ok
test pidff_device_gain_normal ... ok
test pidff_effect_operation_start ... ok
test pidff_effect_operation_stop ... ok
test pidff_effect_types_have_correct_discriminants ... ok
test pidff_report_ids_match_spec ... ok
test pidff_set_condition_spring ... ok
test pidff_set_effect_duration_infinite ... ok
test pidff_set_effect_report_id ... ok
test pidff_set_envelope ... ok
test pidff_set_periodic_sine ... ok
test pidff_set_ramp_force ... ok
test status_connected_and_enabled ... ok
test status_connected_but_not_enabled ... ok
test status_disconnected ... ok
test status_enabled_but_not_connected ... ok
test tony_kanaan_has_same_torque_as_invicta ... ok
test tony_kanaan_identified_by_pid ... ok
test torque_ordering_la_prima_lt_forte_lt_invicta ... ok
test vendor_id_is_0x2433 ... ok
test wheel_angle_degrees_at_full_rotation ... ok
test wheel_angle_degrees_at_zero ... ok
test wheel_angle_degrees_negative_900 ... ok
test wheel_speed_rad_s_at_zero ... ok
test wheel_speed_rad_s_positive ... ok
test wheelbase_pids_in_f3xx_range ... ok
test fuzz_parse_16_to_64_bytes_succeeds ... ok
test fuzz_parse_arbitrary_32_bytes ... ok

test result: ok. 94 passed; 0 failed; 0 ignored; 0 measured; 0 filtered out; finished in 0.02s

     Running tests\asetek_pedal_tests.rs (target\debug\deps\asetek_pedal_tests-ec786327ac034470.exe)

running 23 tests
test all_wheel_models_support_quick_release ... ok
test asetek_vendor_id_recognised ... ok
test forte_pedals_identified_by_pid ... ok
test input_report_connected_and_enabled_status ... ok
test input_report_disconnected_status ... ok
test haptic_torque_granularity_centinewton_metres ... ok
test haptic_combined_torque_and_led ... ok
test la_prima_pedals_identified_by_pid ... ok
test output_report_sequence_encoded_correctly ... ok
test input_report_temperature_default ... ok
test invicta_pedals_identified_by_pid ... ok
test output_report_torque_clamped_to_max ... ok
test output_report_torque_clamped_to_negative_max ... ok
test output_report_torque_negative ... ok
test output_report_torque_positive ... ok
test output_report_with_led_control ... ok
test output_report_zero_torque ... ok
test pedal_models_report_zero_torque ... ok
test pedal_models_via_vid_pid_with_correct_vendor ... ok
test pedal_pids_follow_f10x_pattern ... ok
test pedal_models_via_wrong_vendor_id_return_unknown ... ok
test wheel_capabilities_invicta_highest_torque ... ok
test wheelbase_pids_distinct_from_pedal_pids ... ok

test result: ok. 23 passed; 0 failed; 0 ignored; 0 measured; 0 filtered out; finished in 0.00s

     Running tests\comprehensive.rs (target\debug\deps\comprehensive-5ef6158005284759.exe)

running 60 tests
test all_pedal_pids_distinct ... ok
test all_wheelbase_pids_distinct ... ok
test applied_torque_nm_conversion ... ok
test is_asetek_device_correct_vid ... ok
test lib_vendor_id_constant ... ok
test max_torque_unknown_model ... ok
test asetek_model_from_info_correct_vid ... ok
test is_asetek_device_wrong_vid ... ok
test asetek_model_from_info_wrong_vid_returns_unknown ... ok
test max_torque_nm_is_27 ... ok
test max_torque_pedal_models_zero ... ok
test display_name_all_models ... ok
test input_default_values ... ok
test max_torque_wheelbase_models ... ok
test output_report_build_default_zero_padded ... ok
test model_from_product_id_all_pedals ... ok
test model_from_product_id_unknown ... ok
test output_report_build_size ... ok
test model_from_product_id_all_wheelbases ... ok
test output_report_build_wire_format ... ok
test output_report_chaining ... ok
test output_report_default ... ok
test output_report_new_sequence ... ok
test output_report_torque_clamps_above_max ... ok
test output_report_torque_clamps_below_min ... ok
test output_report_with_led ... ok
proptest: FileFailurePersistence::SourceParallel set, but failed to find lib.rs or main.rs
test output_report_with_torque_negative ... ok
proptest: FileFailurePersistence::SourceParallel set, but failed to find lib.rs or main.rs
proptest: FileFailurePersistence::SourceParallel set, but failed to find lib.rs or main.rs
test output_report_with_torque_positive ... ok
proptest: FileFailurePersistence::SourceParallel set, but failed to find lib.rs or main.rs
test output_report_with_torque_zero ... ok
proptest: FileFailurePersistence::SourceParallel set, but failed to find lib.rs or main.rs
proptest: FileFailurePersistence::SourceParallel set, but failed to find lib.rs or main.rs
test parse_minimum_valid_report ... ok
proptest: FileFailurePersistence::SourceParallel set, but failed to find lib.rs or main.rs
test parse_report_extra_bytes_ok ... ok
proptest: FileFailurePersistence::SourceParallel set, but failed to find lib.rs or main.rs
test parse_report_negative_values ... ok
test parse_report_too_short ... ok
test parse_report_with_known_values ... ok
test report_size_output_is_32 ... ok
proptest: FileFailurePersistence::SourceParallel set, but failed to find lib.rs or main.rs
test requires_always_poll_linux_is_true ... ok
proptest: FileFailurePersistence::SourceParallel set, but failed to find lib.rs or main.rs
proptest: FileFailurePersistence::SourceParallel set, but failed to find lib.rs or main.rs
proptest: FileFailurePersistence::SourceParallel set, but failed to find lib.rs or main.rs
test vendor_id_constant ... ok
test status_flags ... ok
test wheel_angle_degrees_conversion ... ok
test report_size_input_is_32 ... ok
test wheel_angle_degrees_zero ... ok
test wheel_capabilities_laprima ... ok
test wheel_capabilities_forte ... ok
test wheel_capabilities_invicta ... ok
test wheel_capabilities_unknown_uses_defaults ... ok
test prop_is_asetek_device_only_correct_vid ... ok
test wheelbase_and_pedal_pids_do_not_overlap ... ok
test wheel_model_default_is_unknown ... ok
test wheel_speed_rad_s_conversion ... ok
test prop_max_torque_non_negative ... ok
test prop_parse_too_short_fails ... ok
test prop_display_name_non_empty ... ok
test prop_output_build_size ... ok
test prop_status_connected_flag ... ok
test prop_wheel_angle_degrees_scaling ... ok
test prop_model_from_info_wrong_vid_always_unknown ... ok
test prop_torque_cnm_clamped ... ok
test prop_applied_torque_nm_scaling ... ok
test prop_parse_sufficient_length_succeeds ... ok
test prop_status_enabled_flag ... ok

test result: ok. 60 passed; 0 failed; 0 ignored; 0 measured; 0 filtered out; finished in 0.02s

     Running tests\deep_protocol_tests.rs (target\debug\deps\deep_protocol_tests-8d9c77e0ee6efca8.exe)

running 22 tests
test all_pedal_pids_map_to_correct_models ... ok
test all_wheelbase_pids_map_to_correct_models ... ok
test display_names_non_empty ... ok
test is_asetek_device_recognises_vendor ... ok
test input_report_status_bits ... ok
test output_report_led_builder ... ok
test output_report_torque_conversion ... ok
test parse_input_report_minimum_valid ... ok
test model_from_info_rejects_wrong_vendor ... ok
test output_report_build_size ... ok
test pedal_models_have_zero_torque ... ok
test max_torque_per_model ... ok
test parse_input_report_known_values ... ok
test model_from_info_accepts_correct_vendor ... ok
test parse_input_report_rejects_short_buffer ... ok
test output_report_default_values ... ok
test output_report_torque_clamping ... ok
test unknown_pid_maps_to_unknown ... ok
test report_sizes_are_consistent ... ok
test vendor_id_is_asetek ... ok
test wheel_capabilities_per_model ... ok
test wheel_speed_rad_s_conversion ... ok

test result: ok. 22 passed; 0 failed; 0 ignored; 0 measured; 0 filtered out; finished in 0.00s

     Running tests\id_verification.rs (target\debug\deps\id_verification-089cfa5aa4c25146.exe)

running 11 tests
test all_pids_are_unique ... ok
test forte_pedals_pid_is_f101 ... ok
test forte_pid_is_f301 ... ok
test invicta_pedals_pid_is_f100 ... ok
test vendor_id_is_2433 ... ok
test laprima_pedals_pid_is_f102 ... ok
test laprima_pid_is_f303 ... ok
test lib_product_ids_match_ids_module ... ok
test lib_vendor_id_matches_ids_module ... ok
test tony_kanaan_pid_is_f306 ... ok
test invicta_pid_is_f300 ... ok

test result: ok. 11 passed; 0 failed; 0 ignored; 0 measured; 0 filtered out; finished in 0.00s

     Running tests\property_tests.rs (target\debug\deps\property_tests-7f76ca1755a8f34d.exe)

running 17 tests
proptest: FileFailurePersistence::SourceParallel set, but failed to find lib.rs or main.rs
proptest: FileFailurePersistence::SourceParallel set, but failed to find lib.rs or main.rs
proptest: FileFailurePersistence::SourceParallel set, but failed to find lib.rs or main.rs
proptest: FileFailurePersistence::SourceParallel set, but failed to find lib.rs or main.rs
proptest: FileFailurePersistence::SourceParallel set, but failed to find lib.rs or main.rs
proptest: FileFailurePersistence::SourceParallel set, but failed to find lib.rs or main.rs
proptest: FileFailurePersistence::SourceParallel set, but failed to find lib.rs or main.rs
proptest: FileFailurePersistence::SourceParallel set, but failed to find lib.rs or main.rs
proptest: FileFailurePersistence::SourceParallel set, but failed to find lib.rs or main.rs
proptest: FileFailurePersistence::SourceParallel set, but failed to find lib.rs or main.rs
proptest: FileFailurePersistence::SourceParallel set, but failed to find lib.rs or main.rs
proptest: FileFailurePersistence::SourceParallel set, but failed to find lib.rs or main.rs
proptest: FileFailurePersistence::SourceParallel set, but failed to find lib.rs or main.rs
proptest: FileFailurePersistence::SourceParallel set, but failed to find lib.rs or main.rs
proptest: FileFailurePersistence::SourceParallel set, but failed to find lib.rs or main.rs
proptest: FileFailurePersistence::SourceParallel set, but failed to find lib.rs or main.rs
test prop_is_asetek_device_correct_vid ... ok
test prop_input_parse_sufficient_length ... ok
test prop_unknown_pid_yields_unknown ... ok
test prop_model_from_info_wrong_vid ... ok
proptest: FileFailurePersistence::SourceParallel set, but failed to find lib.rs or main.rs
test prop_is_asetek_device_wrong_vid ... ok
test prop_input_parse_too_short ... ok
test prop_applied_torque_nm_scaling ... ok
test prop_torque_clamped_above_max ... ok
test prop_output_report_length ... ok
test prop_torque_clamped_below_min ... ok
test prop_pedal_models_zero_torque ... ok
test prop_torque_encoding_in_range ... ok
test prop_display_name_non_empty ... ok
test prop_known_pids_are_not_unknown ... ok
test prop_wheel_angle_degrees_scaling ... ok
test prop_model_max_torque_positive ... ok
test prop_known_pedal_pids_are_not_unknown ... ok

test result: ok. 17 passed; 0 failed; 0 ignored; 0 measured; 0 filtered out; finished in 0.04s

     Running tests\proptest_ids.rs (target\debug\deps\proptest_ids-ce6052dacc86df01.exe)

running 12 tests
proptest: FileFailurePersistence::SourceParallel set, but failed to find lib.rs or main.rs
proptest: FileFailurePersistence::SourceParallel set, but failed to find lib.rs or main.rs
proptest: FileFailurePersistence::SourceParallel set, but failed to find lib.rs or main.rs
proptest: FileFailurePersistence::SourceParallel set, but failed to find lib.rs or main.rs
proptest: FileFailurePersistence::SourceParallel set, but failed to find lib.rs or main.rs
proptest: FileFailurePersistence::SourceParallel set, but failed to find lib.rs or main.rs
proptest: FileFailurePersistence::SourceParallel set, but failed to find lib.rs or main.rs
proptest: FileFailurePersistence::SourceParallel set, but failed to find lib.rs or main.rs
proptest: FileFailurePersistence::SourceParallel set, but failed to find lib.rs or main.rs
proptest: FileFailurePersistence::SourceParallel set, but failed to find lib.rs or main.rs
proptest: FileFailurePersistence::SourceParallel set, but failed to find lib.rs or main.rs
proptest: FileFailurePersistence::SourceParallel set, but failed to find lib.rs or main.rs
test prop_display_name_non_empty ... ok
test prop_vendor_id_matches_expected ... ok
test prop_all_device_pids_unique ... ok
test prop_known_pids_unique ... ok
test prop_vendor_id_nonzero ... ok
test prop_torque_non_negative_and_finite ... ok
test prop_pedal_display_name_contains_pedals ... ok
test prop_known_pids_nonzero ... ok
test prop_display_name_contains_brand ... ok
test prop_is_asetek_device_for_vid ... ok
test prop_wheelbase_torque_positive ... ok
test prop_roundtrip_pid_model ... ok

test result: ok. 12 passed; 0 failed; 0 ignored; 0 measured; 0 filtered out; finished in 0.02s

     Running tests\proptest_output.rs (target\debug\deps\proptest_output-f15e506acdfdcbcc.exe)

running 9 tests
proptest: FileFailurePersistence::SourceParallel set, but failed to find lib.rs or main.rs
proptest: FileFailurePersistence::SourceParallel set, but failed to find lib.rs or main.rs
proptest: FileFailurePersistence::SourceParallel set, but failed to find lib.rs or main.rs
proptest: FileFailurePersistence::SourceParallel set, but failed to find lib.rs or main.rs
proptest: FileFailurePersistence::SourceParallel set, but failed to find lib.rs or main.rs
proptest: FileFailurePersistence::SourceParallel set, but failed to find lib.rs or main.rs
proptest: FileFailurePersistence::SourceParallel set, but failed to find lib.rs or main.rs
proptest: FileFailurePersistence::SourceParallel set, but failed to find lib.rs or main.rs
proptest: FileFailurePersistence::SourceParallel set, but failed to find lib.rs or main.rs
test prop_led_bytes_match_fields ... ok
test prop_zero_torque_is_zero ... ok
test prop_monotone_torque ... ok
test prop_sign_preserved ... ok
test prop_sign_symmetry ... ok
test prop_reserved_bytes_zero ... ok
test prop_report_size_constant ... ok
test prop_sequence_preserved ... ok
test prop_torque_bytes_match_field ... ok

test result: ok. 9 passed; 0 failed; 0 ignored; 0 measured; 0 filtered out; finished in 0.02s

     Running tests\protocol_verification_tests.rs (target\debug\deps\protocol_verification_tests-a00146958e0935d6.exe)

running 25 tests
test built_report_size ... ok
test default_report_zero_torque ... ok
test forte_pid_matches_kernel ... ok
test forte_pedals_pid_matches_hwdb ... ok
test display_names_are_descriptive ... ok
test laprima_pedals_pid_follows_pattern ... ok
test forte_torque_18nm ... ok
test invicta_pedals_pid_matches_hwdb ... ok
test invicta_pid_matches_kernel ... ok
test pedal_models_zero_torque ... ok
test laprima_torque_12nm ... ok
test max_torque_constant ... ok
test model_from_info_correct_vid ... ok
test model_from_info_wrong_vid ... ok
test is_asetek_device_accepts_confirmed_vid ... ok
test laprima_pid_matches_kernel ... ok
test report_sizes ... ok
test invicta_torque_27nm ... ok
test sequence_preserved_in_built_report ... ok
test tony_kanaan_torque_27nm ... ok
test tony_kanaan_pid_matches_kernel ... ok
test torque_clamping ... ok
test torque_encoding_cnm ... ok
test unknown_pid_resolves_to_unknown ... ok
test vid_matches_kernel_and_vendor_databases ... ok

test result: ok. 25 passed; 0 failed; 0 ignored; 0 measured; 0 filtered out; finished in 0.00s

     Running tests\snapshot_encoding.rs (target\debug\deps\snapshot_encoding-bcf5c9af0cefc5de.exe)

running 13 tests
test test_snapshot_input_report_negative_angle ... ok
test test_snapshot_output_clamp_above_max ... ok
test test_snapshot_wheel_capabilities_unknown ... ok
test test_snapshot_output_max_sequence_number ... ok
test test_snapshot_output_with_sequence_number ... ok
test test_snapshot_output_half_negative_torque ... ok
test test_snapshot_output_clamp_below_neg_max ... ok
test test_snapshot_wheel_capabilities_forte ... ok
test test_snapshot_output_half_positive_torque ... ok
test test_snapshot_input_report_non_zero ... ok
test test_snapshot_model_from_info_all_variants ... ok
test test_snapshot_wheel_capabilities_invicta ... ok
test test_snapshot_wheel_capabilities_laprima ... ok

test result: ok. 13 passed; 0 failed; 0 ignored; 0 measured; 0 filtered out; finished in 0.17s

     Running tests\snapshot_tests.rs (target\debug\deps\snapshot_tests-eaabf01aca00c20c.exe)

running 17 tests
test test_snapshot_model_invicta_pedals ... ok
test test_snapshot_output_zero_torque ... ok
test test_snapshot_is_asetek_device ... ok
test test_snapshot_output_full_positive_torque ... ok
test test_snapshot_output_quarter_torque ... ok
test test_snapshot_model_forte ... ok
test test_snapshot_model_tony_kanaan ... ok
test test_snapshot_model_laprima ... ok
test test_snapshot_output_full_negative_torque ... ok
test test_snapshot_model_laprima_pedals ... ok
test test_snapshot_model_unknown ... ok
test test_snapshot_model_invicta ... ok
test test_snapshot_output_with_led ... ok
test test_snapshot_model_forte_pedals ... ok
test test_snapshot_input_report_zero ... ok
test test_snapshot_model_from_info ... ok
test test_snapshot_protocol_constants ... ok

test result: ok. 17 passed; 0 failed; 0 ignored; 0 measured; 0 filtered out; finished in 0.18s

     Running tests\snapshots.rs (target\debug\deps\snapshots-09ce674102aee058.exe)

running 6 tests
test snapshot_wheel_capabilities_all_models ... ok
test snapshot_wheel_capabilities_default ... ok
test snapshot_input_report_short_error ... ok
test snapshot_input_report_nonzero ... ok
test snapshot_all_model_display_names ... ok
test snapshot_output_report_with_sequence ... ok

test result: ok. 6 passed; 0 failed; 0 ignored; 0 measured; 0 filtered out; finished in 0.18s

     Running unittests src\lib.rs (target\debug\deps\hid_button_box_protocol-e0773b857250a6e3.exe)

running 54 tests
test input::tests::test_button_count ... ok
test input::tests::test_axis_normalized ... ok
test input::tests::test_axis_normalized_negative ... ok
test input::tests::test_button_31_highest ... ok
test input::tests::test_button_access ... ok
test input::tests::test_axis_access ... ok
test input::tests::test_default_axes_zero ... ok
test input::tests::test_default_buttons_zero ... ok
test input::tests::test_default_hat_is_neutral ... ok
test input::tests::test_axis_normalized_out_of_range ... ok
test input::tests::test_hat_direction ... ok
test input::tests::test_hat_direction_all_named ... ok
test input::tests::test_hat_direction_default ... ok
test input::tests::test_hat_direction_diagonals ... ok
test input::tests::test_invalid_report_size ... ok
test input::tests::test_parse_extended_11_bytes_fails ... ok
test input::tests::test_parse_extended_13_bytes ... ok
test input::tests::test_parse_extended_exact_minimum ... ok
test input::tests::test_parse_extended_with_axes ... ok
test input::tests::test_parse_gamepad ... ok
test input::tests::test_parse_gamepad_7_bytes_fails ... ok
test input::tests::test_parse_gamepad_exact_minimum ... ok
test input::tests::test_report_clone ... ok
test tests::test_buttonbox_result_err ... ok
test tests::test_buttonbox_result_ok ... ok
test tests::test_constants ... ok
test tests::test_error_debug_format ... ok
test tests::test_error_display_hid_error ... ok
test tests::test_error_display_invalid_axis_index ... ok
test tests::test_error_display_invalid_button_index ... ok
test tests::test_error_display_invalid_report_size ... ok
test tests::test_error_from_hid_common ... ok
test tests::test_error_report_size_pattern_match ... ok
test tests::test_vendor_product_ids ... ok
test types::tests::test_button_box_capabilities_basic ... ok
test types::tests::test_button_box_capabilities_default ... ok
test types::tests::test_button_box_capabilities_extended ... ok
test types::tests::test_button_box_type_default ... ok
test types::tests::test_button_box_type_variants_distinct ... ok
test types::tests::test_capabilities_basic_no_analog ... ok
test types::tests::test_capabilities_clone ... ok
test types::tests::test_capabilities_extended_matches_default ... ok
test types::tests::test_rotary_encoder_button_pressed ... ok
test types::tests::test_rotary_encoder_default ... ok
test types::tests::test_rotary_encoder_delta_clamping ... ok
test types::tests::test_rotary_encoder_sequential_small_updates ... ok
test types::tests::test_rotary_encoder_state ... ok
test types::tests::test_rotary_encoder_state_clone ... ok
test types::tests::test_rotary_encoder_update_same_position ... ok
test input::property_tests::prop_button_out_of_range_safe ... ok
test input::property_tests::prop_axis_normalized_finite ... ok
test input::property_tests::prop_gamepad_truncated_rejected ... ok
test input::property_tests::prop_gamepad_never_panics ... ok
test input::property_tests::prop_extended_never_panics ... ok

test result: ok. 54 passed; 0 failed; 0 ignored; 0 measured; 0 filtered out; finished in 0.03s

     Running tests\button_box_deep_tests.rs (target\debug\deps\button_box_deep_tests-8cbec767cf301934.exe)

running 40 tests
test axis_access_all_indices ... ok
test axis_normalized_full_negative ... ok
test axis_normalized_full_positive ... ok
test axis_normalized_out_of_range_index ... ok
test axis_normalized_zero ... ok
test encoder_button_press_state ... ok
test button_box_type_variants_are_distinct ... ok
test buttonbox_result_ok_and_err ... ok
test capabilities_basic_vs_extended ... ok
test constants_match_expected ... ok
test default_report_hat_is_0xff ... ok
test encoder_initial_state ... ok
test encoder_incremental_steps ... ok
test button_out_of_range_returns_false ... ok
test capabilities_default_matches_extended ... ok
test button_box_type_default_is_standard ... ok
test encoder_large_positive_jump_clamps ... ok
test encoder_large_negative_jump_clamps ... ok
test encoder_negative_rotation ... ok
test encoder_clone_preserves_state ... ok
test encoder_positive_rotation ... ok
test error_display_includes_relevant_data ... ok
test hat_direction_all_cardinal ... ok
test hat_direction_all_diagonals ... ok
test hat_direction_default_is_neutral ... ok
test hat_direction_neutral_for_out_of_range ... ok
test parse_extended_32_buttons_all_set ... ok
test parse_extended_alternating_buttons ... ok
test parse_extended_too_short_report_fails ... ok
test parse_extended_with_full_axes ... ok
test parse_gamepad_all_low_byte_buttons ... ok
test parse_gamepad_high_byte_buttons ... ok
test parse_gamepad_multiple_buttons_pressed ... ok
test parse_gamepad_no_buttons_pressed ... ok
test parse_gamepad_single_button_pressed ... ok
test parse_gamepad_too_short_report_fails ... ok
test parse_gamepad_with_axes ... ok
test report_clone_preserves_all_fields ... ok
test set_button_and_clear_button_toggle ... ok
test set_button_out_of_range_is_noop ... ok

test result: ok. 40 passed; 0 failed; 0 ignored; 0 measured; 0 filtered out; finished in 0.00s

     Running tests\edge_cases.rs (target\debug\deps\edge_cases-4792f1b5f3c2a679.exe)

running 20 tests
test button_box_type_all_variants_distinct ... ok
test constants_golden_values ... ok
test error_from_hid_common_preserves_message ... ok
test extended_all_ones_report ... ok
test extended_wire_format_high_buttons ... ok
test capabilities_basic_has_fewer_features_than_extended ... ok
test gamepad_axis_rz_always_zero ... ok
test error_report_size_fields_accessible ... ok
test gamepad_all_ones_report ... ok
proptest: FileFailurePersistence::SourceParallel set, but failed to find lib.rs or main.rs
test gamepad_all_zeros_report ... ok
proptest: FileFailurePersistence::SourceParallel set, but failed to find lib.rs or main.rs
test gamepad_wire_format_buttons_at_byte_boundary ... ok
proptest: FileFailurePersistence::SourceParallel set, but failed to find lib.rs or main.rs
test rotary_encoder_i32_min_boundary ... ok
proptest: FileFailurePersistence::SourceParallel set, but failed to find lib.rs or main.rs
test extended_all_zeros_report ... ok
test rotary_encoder_i32_max_boundary ... ok
test rotary_encoder_update_and_read_back ... ok
test rotary_encoder_zero_to_zero_delta_is_zero ... ok
test prop_rotary_encoder_delta_clamped ... ok
test prop_axis_normalized_out_of_range_is_zero ... ok
test prop_basic_fewer_buttons_than_extended ... ok
test prop_button_bit_consistency ... ok

test result: ok. 20 passed; 0 failed; 0 ignored; 0 measured; 0 filtered out; finished in 0.01s

     Running tests\id_verification.rs (target\debug\deps\id_verification-0809664819285947.exe)

running 7 tests
test product_id_above_reserved_range ... ok
test product_id_is_1bbd ... ok
test vendor_id_nonzero ... ok
test vendor_id_is_1209 ... ok
test vendor_id_is_pidcodes_range ... ok
test product_id_nonzero ... ok
test vid_pid_are_distinct ... ok

test result: ok. 7 passed; 0 failed; 0 ignored; 0 measured; 0 filtered out; finished in 0.00s

     Running tests\property_tests.rs (target\debug\deps\property_tests-07f61f0c19e5e62b.exe)

running 17 tests
test test_parse_extended_axes_roundtrip ... ok
test test_hat_directions_all_distinct ... ok
proptest: FileFailurePersistence::SourceParallel set, but failed to find lib.rs or main.rs
proptest: FileFailurePersistence::SourceParallel set, but failed to find lib.rs or main.rs
test test_set_button_idempotent ... ok
proptest: FileFailurePersistence::SourceParallel set, but failed to find lib.rs or main.rs
proptest: FileFailurePersistence::SourceParallel set, but failed to find lib.rs or main.rs
proptest: FileFailurePersistence::SourceParallel set, but failed to find lib.rs or main.rs
proptest: FileFailurePersistence::SourceParallel set, but failed to find lib.rs or main.rs
proptest: FileFailurePersistence::SourceParallel set, but failed to find lib.rs or main.rs
proptest: FileFailurePersistence::SourceParallel set, but failed to find lib.rs or main.rs
proptest: FileFailurePersistence::SourceParallel set, but failed to find lib.rs or main.rs
proptest: FileFailurePersistence::SourceParallel set, but failed to find lib.rs or main.rs
proptest: FileFailurePersistence::SourceParallel set, but failed to find lib.rs or main.rs
proptest: FileFailurePersistence::SourceParallel set, but failed to find lib.rs or main.rs
proptest: FileFailurePersistence::SourceParallel set, but failed to find lib.rs or main.rs
proptest: FileFailurePersistence::SourceParallel set, but failed to find lib.rs or main.rs
test prop_axis_normalized_max_is_one ... ok
test prop_axis_out_of_range_always_zero ... ok
test prop_hat_neutral_for_out_of_range ... ok
test prop_axis_normalized_within_range ... ok
test prop_rotary_encoder_delta ... ok
test prop_hat_non_neutral_for_in_range ... ok
test prop_set_button_out_of_range_is_noop ... ok
test prop_button_set_get_roundtrip ... ok
test prop_button_count_equals_popcount ... ok
test prop_parse_gamepad_fails_for_short_data ... ok
test prop_button_out_of_range_always_false ... ok
test prop_parse_extended_fails_for_short_data ... ok
test prop_parse_extended_succeeds_for_sufficient_data ... ok
test prop_parse_gamepad_succeeds_for_sufficient_data ... ok

test result: ok. 17 passed; 0 failed; 0 ignored; 0 measured; 0 filtered out; finished in 0.03s

     Running tests\proptest_encoding.rs (target\debug\deps\proptest_encoding-2d4808bdf611a42b.exe)

running 11 tests
proptest: FileFailurePersistence::SourceParallel set, but failed to find lib.rs or main.rs
proptest: FileFailurePersistence::SourceParallel set, but failed to find lib.rs or main.rs
proptest: FileFailurePersistence::SourceParallel set, but failed to find lib.rs or main.rs
proptest: FileFailurePersistence::SourceParallel set, but failed to find lib.rs or main.rs
proptest: FileFailurePersistence::SourceParallel set, but failed to find lib.rs or main.rs
proptest: FileFailurePersistence::SourceParallel set, but failed to find lib.rs or main.rs
proptest: FileFailurePersistence::SourceParallel set, but failed to find lib.rs or main.rs
proptest: FileFailurePersistence::SourceParallel set, but failed to find lib.rs or main.rs
proptest: FileFailurePersistence::SourceParallel set, but failed to find lib.rs or main.rs
proptest: FileFailurePersistence::SourceParallel set, but failed to find lib.rs or main.rs
proptest: FileFailurePersistence::SourceParallel set, but failed to find lib.rs or main.rs
test prop_extended_buttons_from_bytes ... ok
test prop_gamepad_axis_z_from_bytes ... ok
test prop_gamepad_axis_x_from_bytes ... ok
test prop_gamepad_buttons_from_bytes ... ok
test prop_extended_axis_rz_from_bytes ... ok
test prop_extended_axis_x_from_bytes ... ok
test prop_gamepad_axis_y_from_bytes ... ok
test prop_gamepad_hat_from_byte ... ok
test prop_parse_gamepad_short_fails ... ok
test prop_parse_gamepad_sufficient_length ... ok
test prop_parse_extended_sufficient_length ... ok

test result: ok. 11 passed; 0 failed; 0 ignored; 0 measured; 0 filtered out; finished in 0.03s

     Running tests\proptest_ids.rs (target\debug\deps\proptest_ids-20d055e582e2c2c9.exe)

running 21 tests
proptest: FileFailurePersistence::SourceParallel set, but failed to find lib.rs or main.rs
proptest: FileFailurePersistence::SourceParallel set, but failed to find lib.rs or main.rs
proptest: FileFailurePersistence::SourceParallel set, but failed to find lib.rs or main.rs
proptest: FileFailurePersistence::SourceParallel set, but failed to find lib.rs or main.rs
proptest: FileFailurePersistence::SourceParallel set, but failed to find lib.rs or main.rs
proptest: FileFailurePersistence::SourceParallel set, but failed to find lib.rs or main.rs
proptest: FileFailurePersistence::SourceParallel set, but failed to find lib.rs or main.rs
proptest: FileFailurePersistence::SourceParallel set, but failed to find lib.rs or main.rs
proptest: FileFailurePersistence::SourceParallel set, but failed to find lib.rs or main.rs
proptest: FileFailurePersistence::SourceParallel set, but failed to find lib.rs or main.rs
proptest: FileFailurePersistence::SourceParallel set, but failed to find lib.rs or main.rs
proptest: FileFailurePersistence::SourceParallel set, but failed to find lib.rs or main.rs
proptest: FileFailurePersistence::SourceParallel set, but failed to find lib.rs or main.rs
proptest: FileFailurePersistence::SourceParallel set, but failed to find lib.rs or main.rs
proptest: FileFailurePersistence::SourceParallel set, but failed to find lib.rs or main.rs
proptest: FileFailurePersistence::SourceParallel set, but failed to find lib.rs or main.rs
test prop_button_box_type_default ... ok
test prop_capabilities_basic_consistent ... ok
test prop_capabilities_within_max_axes ... ok
test prop_capabilities_extended_consistent ... ok
test prop_button_box_type_extended ... ok
test prop_max_axes_sane ... ok
test prop_button_box_type_distinct ... ok
proptest: FileFailurePersistence::SourceParallel set, but failed to find lib.rs or main.rs
test prop_button_box_type_standard ... ok
proptest: FileFailurePersistence::SourceParallel set, but failed to find lib.rs or main.rs
proptest: FileFailurePersistence::SourceParallel set, but failed to find lib.rs or main.rs
test prop_capabilities_default_matches_extended ... ok
test prop_pid_not_equal_vid ... ok
test prop_max_buttons_sane ... ok
proptest: FileFailurePersistence::SourceParallel set, but failed to find lib.rs or main.rs
proptest: FileFailurePersistence::SourceParallel set, but failed to find lib.rs or main.rs
test prop_basic_fewer_buttons_than_extended ... ok
test prop_product_id_nonzero ... ok
test prop_button_box_type_simple ... ok
test prop_capabilities_within_max_buttons ... ok
test prop_pid_in_valid_range ... ok
test prop_report_size_sane ... ok
test prop_rotary_support_matches_type ... ok
test prop_vendor_id_nonzero ... ok
test prop_vid_pid_distinct ... ok
test prop_vendor_id_value ... ok

test result: ok. 21 passed; 0 failed; 0 ignored; 0 measured; 0 filtered out; finished in 0.03s

     Running tests\protocol_verification_tests.rs (target\debug\deps\protocol_verification_tests-c5c4655665ed0a0c.exe)

running 13 tests
test axis_normalization_boundaries ... ok
test button_index_bounds ... ok
test default_report_is_neutral ... ok
test max_axes_is_4 ... ok
test extended_report_byte_layout ... ok
test vid_is_pid_codes_open_source ... ok
test gamepad_report_size_is_8_bytes ... ok
test extended_parse_minimum_13_bytes ... ok
test max_buttons_is_32 ... ok
test pid_is_button_box ... ok
test gamepad_parse_minimum_10_bytes ... ok
test hat_direction_encoding ... ok
test pid_is_outside_reserved_test_range ... ok

test result: ok. 13 passed; 0 failed; 0 ignored; 0 measured; 0 filtered out; finished in 0.00s

     Running tests\snapshot_encoding.rs (target\debug\deps\snapshot_encoding-5b0828f3f6c0ab53.exe)

running 12 tests
test test_snapshot_axis_normalized_boundaries ... ok
test test_snapshot_parse_extended_full_axes ... ok
test test_snapshot_parse_extended_button_pattern ... ok
test test_snapshot_rotary_encoder_clamp_positive ... ok
test test_snapshot_all_error_variants ... ok
test test_snapshot_rotary_encoder_clamp_negative ... ok
test test_snapshot_parse_gamepad_all_buttons_low_word ... ok
test test_snapshot_hat_direction_full_sweep ... ok
test test_snapshot_capabilities_yaml_basic ... ok
test test_snapshot_capabilities_yaml_extended ... ok
test test_snapshot_rotary_encoder_sequential ... ok
test test_snapshot_parse_gamepad_max_axes ... ok

test result: ok. 12 passed; 0 failed; 0 ignored; 0 measured; 0 filtered out; finished in 0.19s

     Running tests\snapshot_tests.rs (target\debug\deps\snapshot_tests-3f43417f30132a3f.exe)

running 19 tests
test test_snapshot_default_input_report ... ok
test test_snapshot_parse_gamepad_zeros ... ok
test test_snapshot_button_box_types ... ok
test test_snapshot_capabilities_default ... ok
test test_snapshot_capabilities_basic ... ok
test test_snapshot_parse_gamepad_button0_pressed ... ok
test test_snapshot_capabilities_extended ... ok
test test_snapshot_error_invalid_axis_index ... ok
test test_snapshot_error_invalid_button_index ... ok
test test_snapshot_error_hid_error ... ok
test test_snapshot_constants ... ok
test test_snapshot_parse_gamepad_hat_right ... ok
test test_snapshot_hat_directions_all ... ok
test test_snapshot_parse_extended_all_buttons ... ok
test test_snapshot_error_invalid_report_size ... ok
test test_snapshot_parse_extended_zeros ... ok
test test_snapshot_rotary_encoder_after_update ... ok
test test_snapshot_rotary_encoder_default ... ok
test test_snapshot_vid_pid_pair ... ok

test result: ok. 19 passed; 0 failed; 0 ignored; 0 measured; 0 filtered out; finished in 0.18s

     Running unittests src\lib.rs (target\debug\deps\hid_cube_controls_protocol-70d5705d4bdac4a4.exe)

running 7 tests
test ids::tests::all_models_provisional ... ok
test ids::tests::display_names_non_empty ... ok
test ids::tests::model_from_pid_unknown ... ok
test ids::tests::model_from_pid_known ... ok
test ids::tests::known_pids_recognised ... ok
test ids::tests::torque_is_zero_for_input_devices ... ok
test ids::tests::unknown_pid_not_recognised ... ok

test result: ok. 7 passed; 0 failed; 0 ignored; 0 measured; 0 filtered out; finished in 0.00s

     Running tests\cube_controls_protocol_tests.rs (target\debug\deps\cube_controls_protocol_tests-055902a01782e66e.exe)

running 25 tests
test all_models_provisional ... ok
test all_pids_nonzero_and_distinct ... ok
test display_names_unique ... ok
test is_cube_controls_product_known ... ok
test model_debug_nonempty ... ok
test model_from_product_id_unknown ... ok
test display_names_contain_brand ... ok
test is_cube_controls_product_rejects_unknown ... ok
test model_copy_clone_eq ... ok
test model_from_product_id_known ... ok
test pid_golden_values ... ok
test pids_are_consecutive ... ok
test all_models_torque_zero ... ok
test from_product_id_agrees_with_is_product ... ok
test shared_vid_does_not_collide_with_known_vrs_pids ... ok
test shared_vid_does_not_collide_with_simagic_legacy ... ok
test torque_not_negative ... ok
test vid_golden_value ... ok
proptest: FileFailurePersistence::SourceParallel set, but failed to find lib.rs or main.rs
proptest: FileFailurePersistence::SourceParallel set, but failed to find lib.rs or main.rs
proptest: FileFailurePersistence::SourceParallel set, but failed to find lib.rs or main.rs
proptest: FileFailurePersistence::SourceParallel set, but failed to find lib.rs or main.rs
proptest: FileFailurePersistence::SourceParallel set, but failed to find lib.rs or main.rs
proptest: FileFailurePersistence::SourceParallel set, but failed to find lib.rs or main.rs
proptest: FileFailurePersistence::SourceParallel set, but failed to find lib.rs or main.rs
test proptest_cube_controls::prop_torque_always_zero ... ok
test proptest_cube_controls::prop_display_name_nonempty ... ok
test proptest_cube_controls::prop_is_product_only_known_pids ... ok
test proptest_cube_controls::prop_all_models_provisional ... ok
test proptest_cube_controls::prop_display_name_contains_brand ... ok
test proptest_cube_controls::prop_model_deterministic ... ok
test proptest_cube_controls::prop_model_from_pid_consistent_with_is_product ... ok

test result: ok. 25 passed; 0 failed; 0 ignored; 0 measured; 0 filtered out; finished in 0.02s

     Running tests\deep_protocol_tests.rs (target\debug\deps\deep_protocol_tests-189ac209ad31b168.exe)

running 19 tests
test all_display_names_contain_brand ... ok
test all_known_pids_are_nonzero_and_unique ... ok
test all_models_are_provisional ... ok
test model_debug_is_nonempty ... ok
test model_from_pid_maps_correctly ... ok
test is_cube_controls_product_consistent_with_model ... ok
test display_names_are_correct ... ok
test model_copy_and_eq ... ok
test unknown_pid_maps_to_unknown_model ... ok
test all_known_pids_are_recognised ... ok
test pids_do_not_overlap_with_simagic_legacy ... ok
test unknown_pids_not_recognised ... ok
test torque_is_non_negative_for_all_models ... ok
test torque_is_zero_for_all_models ... ok
test every_recognised_pid_resolves_to_non_unknown_model ... ok
test pids_are_in_provisional_range ... ok
test vendor_id_is_stm_shared_vid ... ok
test unrecognised_pid_not_in_product_check ... ok
test unknown_model_has_nonempty_display_name ... ok

test result: ok. 19 passed; 0 failed; 0 ignored; 0 measured; 0 filtered out; finished in 0.00s

     Running tests\edge_cases.rs (target\debug\deps\edge_cases-6351b7d89cbf7802.exe)

running 26 tests
test all_models_are_provisional ... ok
test all_pids_non_zero_and_distinct ... ok
test all_models_torque_zero ... ok
test display_names_all_non_empty ... ok
test display_names_all_unique ... ok
test display_names_contain_brand ... ok
test model_from_product_id_known ... ok
test is_cube_controls_product_boundary_pids ... ok
test is_cube_controls_product_edge_values ... ok
test is_cube_controls_product_known_pids ... ok
test model_clone_and_copy ... ok
test model_debug_format_non_empty ... ok
test model_eq_reflexive ... ok
test pid_constants_golden ... ok
test model_from_product_id_unknown ... ok
proptest: FileFailurePersistence::SourceParallel set, but failed to find lib.rs or main.rs
proptest: FileFailurePersistence::SourceParallel set, but failed to find lib.rs or main.rs
test model_variants_distinct ... ok
proptest: FileFailurePersistence::SourceParallel set, but failed to find lib.rs or main.rs
proptest: FileFailurePersistence::SourceParallel set, but failed to find lib.rs or main.rs
proptest: FileFailurePersistence::SourceParallel set, but failed to find lib.rs or main.rs
test from_product_id_agrees_with_is_cube_controls_product ... ok
proptest: FileFailurePersistence::SourceParallel set, but failed to find lib.rs or main.rs
test pids_are_consecutive ... ok
test torque_is_not_negative ... ok
test vendor_id_golden ... ok
test prop_from_product_id_deterministic ... ok
test prop_from_pid_consistent_with_is_product ... ok
test prop_torque_always_zero ... ok
test prop_display_name_deterministic ... ok
test prop_always_provisional ... ok
test prop_display_name_no_control_chars ... ok

test result: ok. 26 passed; 0 failed; 0 ignored; 0 measured; 0 filtered out; finished in 0.02s

     Running tests\id_verification.rs (target\debug\deps\id_verification-5e500187c13197d2.exe)

running 5 tests
test all_pids_are_distinct ... ok
test provisional_formula_pro_pid_is_0c74 ... ok
test provisional_csx3_pid_is_0c75 ... ok
test provisional_gt_pro_pid_is_0c73 ... ok
test vendor_id_is_0483 ... ok

test result: ok. 5 passed; 0 failed; 0 ignored; 0 measured; 0 filtered out; finished in 0.00s

     Running tests\proptest_ids.rs (target\debug\deps\proptest_ids-3e19ba18aa9a82c9.exe)

running 13 tests
proptest: FileFailurePersistence::SourceParallel set, but failed to find lib.rs or main.rs
proptest: FileFailurePersistence::SourceParallel set, but failed to find lib.rs or main.rs
proptest: FileFailurePersistence::SourceParallel set, but failed to find lib.rs or main.rs
proptest: FileFailurePersistence::SourceParallel set, but failed to find lib.rs or main.rs
proptest: FileFailurePersistence::SourceParallel set, but failed to find lib.rs or main.rs
proptest: FileFailurePersistence::SourceParallel set, but failed to find lib.rs or main.rs
proptest: FileFailurePersistence::SourceParallel set, but failed to find lib.rs or main.rs
proptest: FileFailurePersistence::SourceParallel set, but failed to find lib.rs or main.rs
proptest: FileFailurePersistence::SourceParallel set, but failed to find lib.rs or main.rs
proptest: FileFailurePersistence::SourceParallel set, but failed to find lib.rs or main.rs
proptest: FileFailurePersistence::SourceParallel set, but failed to find lib.rs or main.rs
proptest: FileFailurePersistence::SourceParallel set, but failed to find lib.rs or main.rs
proptest: FileFailurePersistence::SourceParallel set, but failed to find lib.rs or main.rs
test prop_known_models_rated_at_0nm ... ok
test prop_all_models_provisional ... ok
test prop_is_cube_controls_product_only_known_pids ... ok
test prop_display_name_non_empty ... ok
test prop_recognised_pid_not_unknown ... ok
test prop_all_known_pids_recognised ... ok
test prop_model_from_pid_deterministic ... ok
test prop_all_pid_constants_non_zero ... ok
test prop_from_pid_consistent_with_is_product ... ok
test prop_display_name_contains_brand ... ok
test prop_max_torque_non_negative_and_finite ... ok
test prop_vendor_id_constant_is_stm ... ok
test prop_unrecognised_pid_resolves_to_unknown ... ok

test result: ok. 13 passed; 0 failed; 0 ignored; 0 measured; 0 filtered out; finished in 0.02s

     Running tests\proptest_model.rs (target\debug\deps\proptest_model-c03bdb9f23ebb5d7.exe)

running 8 tests
proptest: FileFailurePersistence::SourceParallel set, but failed to find lib.rs or main.rs
proptest: FileFailurePersistence::SourceParallel set, but failed to find lib.rs or main.rs
proptest: FileFailurePersistence::SourceParallel set, but failed to find lib.rs or main.rs
proptest: FileFailurePersistence::SourceParallel set, but failed to find lib.rs or main.rs
proptest: FileFailurePersistence::SourceParallel set, but failed to find lib.rs or main.rs
proptest: FileFailurePersistence::SourceParallel set, but failed to find lib.rs or main.rs
proptest: FileFailurePersistence::SourceParallel set, but failed to find lib.rs or main.rs
proptest: FileFailurePersistence::SourceParallel set, but failed to find lib.rs or main.rs
test prop_torque_exactly_zero_all_variants ... ok
test prop_copy_equals_original ... ok
test prop_method_results_stable ... ok
test prop_display_name_reasonable_length ... ok
test prop_debug_format_non_empty ... ok
test prop_display_name_starts_with_brand ... ok
test prop_display_name_no_control_chars ... ok
test prop_known_model_display_names_unique ... ok

test result: ok. 8 passed; 0 failed; 0 ignored; 0 measured; 0 filtered out; finished in 0.04s

     Running tests\protocol_verification_tests.rs (target\debug\deps\protocol_verification_tests-38921c5684904607.exe)

running 9 tests
test all_models_are_provisional ... ok
test display_names_are_descriptive ... ok
test torque_is_zero_for_all_models ... ok
test pids_are_placeholder_values ... ok
test provisional_pids_are_recognised ... ok
test unknown_pid_resolves_to_unknown ... ok
test known_pids_resolve_to_named_models ... ok
test unknown_pids_rejected ... ok
test vid_is_stmicroelectronics_shared ... ok

test result: ok. 9 passed; 0 failed; 0 ignored; 0 measured; 0 filtered out; finished in 0.00s

     Running tests\snapshot_encoding.rs (target\debug\deps\snapshot_encoding-2fd89337ee9ecaf5.exe)

running 6 tests
test test_snapshot_vendor_id_hex ... ok
test test_snapshot_model_unknown_pid_formatted ... ok
test test_snapshot_torque_zero_all_models ... ok
test test_snapshot_is_product_boundary_pids ... ok
test test_snapshot_all_pids_hex ... ok
test test_snapshot_model_from_all_known_pids ... ok

test result: ok. 6 passed; 0 failed; 0 ignored; 0 measured; 0 filtered out; finished in 0.18s

     Running tests\snapshot_tests.rs (target\debug\deps\snapshot_tests-0ad0e7d7618a2632.exe)

running 27 tests
test snapshot_csx3_max_torque ... ok
test snapshot_is_product_gt_pro ... ok
test snapshot_model_summary ... ok
test snapshot_is_product_unknown ... ok
test snapshot_model_from_csx3_pid ... ok
test snapshot_gt_pro_display_name ... ok
test snapshot_formula_pro_max_torque ... ok
test snapshot_is_product_csx3 ... ok
test snapshot_model_from_formula_pro_pid ... ok
test snapshot_formula_pro_display_name ... ok
test snapshot_gt_pro_max_torque ... ok
test snapshot_csx3_display_name ... ok
test snapshot_model_from_unknown_pid ... ok
test snapshot_model_from_gt_pro_pid ... ok
test snapshot_is_product_formula_pro ... ok
test snapshot_all_known_pids ... ok
test snapshot_pid_csx3 ... ok
test snapshot_pid_formula_pro ... ok
test snapshot_pid_gt_pro ... ok
test snapshot_provisional_constants_summary ... ok
test snapshot_provisional_csx3 ... ok
test snapshot_provisional_formula_pro ... ok
test snapshot_provisional_gt_pro ... ok
test snapshot_provisional_unknown ... ok
test snapshot_unknown_display_name ... ok
test snapshot_unknown_max_torque ... ok
test snapshot_vendor_id ... ok

test result: ok. 27 passed; 0 failed; 0 ignored; 0 measured; 0 filtered out; finished in 0.18s

     Running tests\snapshots.rs (target\debug\deps\snapshots-5180cafd7ee51d95.exe)

running 4 tests
test snapshot_model_equality ... ok
test snapshot_boundary_pids ... ok
test snapshot_vendor_id_shared_stm32 ... ok
test snapshot_all_models_capabilities_table ... ok

test result: ok. 4 passed; 0 failed; 0 ignored; 0 measured; 0 filtered out; finished in 0.18s

     Running unittests src\lib.rs (target\debug\deps\hid_heusinkveld_protocol-55fa322f356b18c8.exe)

running 22 tests
test ids::tests::test_display_name ... ok
test ids::tests::test_is_heusinkveld_device ... ok
test ids::tests::test_heusinkveld_model_from_info ... ok
test ids::tests::test_max_load ... ok
test ids::tests::test_model_from_pid_backwards_compat ... ok
test ids::tests::test_model_from_vid_pid_current ... ok
test ids::tests::test_model_from_vid_pid_peripherals ... ok
test ids::tests::test_pedal_count ... ok
test ids::tests::test_unknown_vid_pid ... ok
test ids::tests::test_model_from_vid_pid_legacy ... ok
test input::tests::test_status_flags ... ok
test tests::test_constants ... ok
test input::tests::test_invalid_report_size ... ok
test input::tests::test_parse_report ... ok
test types::tests::test_pedal_status_from_flags ... ok
test types::tests::test_pedal_capabilities_pro ... ok
test input::tests::test_normalized_values ... ok
test types::tests::test_pedal_capabilities_sprint ... ok
test types::tests::test_pedal_capabilities_ultimate ... ok
test input::property_tests::prop_truncated_rejected ... ok
test input::property_tests::prop_normalized_values_finite ... ok
test input::property_tests::prop_parse_never_panics ... ok

test result: ok. 22 passed; 0 failed; 0 ignored; 0 measured; 0 filtered out; finished in 0.03s

     Running tests\edge_cases.rs (target\debug\deps\edge_cases-4cfd0d9439b51800.exe)

running 40 tests
test all_current_pids_distinct ... ok
test all_vendor_ids_distinct ... ok
test constants_golden ... ok
test error_display_messages ... ok
test display_names_all_unique ... ok
test model_from_vid_pid_legacy_devices ... ok
test all_display_names_contain_heusinkveld ... ok
test error_from_hid_common ... ok
test model_cross_vid_pid_returns_unknown ... ok
test model_from_vid_pid_all_current_devices ... ok
test normalized_at_zero ... ok
test default_report_is_connected_and_calibrated ... ok
test model_from_vid_pid_peripherals ... ok
test parse_all_ones_report ... ok
test normalized_at_max ... ok
test normalized_at_midpoint ... ok
test parse_all_zeros_report ... ok
test non_pedal_models_have_zero_pedal_count ... ok
test non_pedal_models_have_zero_load ... ok
test parse_extra_bytes_ignored ... ok
test parse_max_axis_values ... ok
test parse_too_short_report ... ok
test pedal_capabilities_for_model_matches_model_metadata ... ok
proptest: FileFailurePersistence::SourceParallel set, but failed to find lib.rs or main.rs
proptest: FileFailurePersistence::SourceParallel set, but failed to find lib.rs or main.rs
proptest: FileFailurePersistence::SourceParallel set, but failed to find lib.rs or main.rs
test pedal_capabilities_unknown_uses_defaults ... ok
proptest: FileFailurePersistence::SourceParallel set, but failed to find lib.rs or main.rs
test pedal_model_default_is_unknown ... ok
test pedal_models_have_positive_load ... ok
proptest: FileFailurePersistence::SourceParallel set, but failed to find lib.rs or main.rs
test pedal_status_default_is_disconnected ... ok
test pedal_status_from_flags_comprehensive ... ok
proptest: FileFailurePersistence::SourceParallel set, but failed to find lib.rs or main.rs
proptest: FileFailurePersistence::SourceParallel set, but failed to find lib.rs or main.rs
proptest: FileFailurePersistence::SourceParallel set, but failed to find lib.rs or main.rs
proptest: FileFailurePersistence::SourceParallel set, but failed to find lib.rs or main.rs
test status_flags_all_combinations ... ok
test status_high_bits_do_not_affect_flags ... ok
proptest: FileFailurePersistence::SourceParallel set, but failed to find lib.rs or main.rs
test prop_wire_format_brake ... ok
test prop_model_from_info_agrees ... ok
test prop_pedal_status_deterministic ... ok
test prop_known_vids_recognised ... ok
test prop_normalized_in_range ... ok
test prop_wire_format_clutch ... ok
test prop_parse_fails_for_short_buffer ... ok
test prop_wire_format_status ... ok
test prop_wire_format_throttle ... ok
test prop_parse_succeeds_for_8_bytes ... ok

test result: ok. 40 passed; 0 failed; 0 ignored; 0 measured; 0 filtered out; finished in 0.03s

     Running tests\heusinkveld_deep_tests.rs (target\debug\deps\heusinkveld_deep_tests-009075785bb18724.exe)

running 56 tests
test all_known_vendor_ids_recognised ... ok
test all_pid_constants_are_nonzero_and_unique ... ok
test all_pedal_models_have_load_cell ... ok
test calibration_not_ready_until_bit1_set ... ok
test calibrating_with_fault_bit_stays_calibrating ... ok
test capabilities_sprint_model ... ok
test capabilities_unknown_model_defaults_to_ultimate_like ... ok
test error_display_device_not_found ... ok
test all_status_byte_values_produce_valid_enum ... ok
test calibration_state_machine_transitions ... ok
test calibration_error_overrides_ready_when_fault_bit_set ... ok
test capabilities_ultimate_model ... ok
test default_report_is_idle_connected_calibrated ... ok
test error_display_invalid_pedal_value ... ok
proptest: FileFailurePersistence::SourceParallel set, but failed to find lib.rs or main.rs
proptest: FileFailurePersistence::SourceParallel set, but failed to find lib.rs or main.rs
proptest: FileFailurePersistence::SourceParallel set, but failed to find lib.rs or main.rs
proptest: FileFailurePersistence::SourceParallel set, but failed to find lib.rs or main.rs
proptest: FileFailurePersistence::SourceParallel set, but failed to find lib.rs or main.rs
proptest: FileFailurePersistence::SourceParallel set, but failed to find lib.rs or main.rs
proptest: FileFailurePersistence::SourceParallel set, but failed to find lib.rs or main.rs
proptest: FileFailurePersistence::SourceParallel set, but failed to find lib.rs or main.rs
test capabilities_pro_model ... ok
test error_is_std_error ... ok
proptest: FileFailurePersistence::SourceParallel set, but failed to find lib.rs or main.rs
test error_display_invalid_report_size ... ok
test foreign_vendor_ids_rejected ... ok
test heusinkveld_model_from_info_delegates_correctly ... ok
test handbrake_v1_identified ... ok
test handbrake_v2_identified ... ok
test max_load_cell_value_is_u16_max ... ok
test max_load_ordering_sprint_lt_ultimate_lt_pro ... ok
test normalized_value_at_one ... ok
test normalized_quarter_points_are_monotonic ... ok
test lib_level_constants_match_ids_module ... ok
test normalized_value_at_zero ... ok
test parse_boundary_sweep_all_u16_at_intervals ... ok
test parse_report_all_ff_bytes ... ok
test parse_1000_sequential_reports ... ok
test model_max_load_matches_capabilities ... ok
test parse_report_empty_buffer_fails ... ok
test model_pedal_count_matches_capabilities ... ok
test parse_report_all_zeros ... ok
test parse_report_asymmetric_pedal_values ... ok
test parse_report_exactly_minimum_size ... ok
test parse_report_one_byte_short_fails ... ok
test parse_report_with_trailing_bytes ... ok
test pro_identified_via_legacy_vid_pid ... ok
test report_size_constant_is_8 ... ok
test report_status_bits_match_status_methods ... ok
test sequential_shifter_identified ... ok
test ultimate_identified_via_current_vid_pid ... ok
test sprint_identified_via_current_vid_pid ... ok
test ultimate_identified_via_legacy_vid_pid ... ok
test sprint_identified_via_legacy_vid_pid ... ok
test vid_pid_cross_vendor_mismatch_returns_unknown ... ok
test fuzz_from_product_id_never_panics ... ok
test fuzz_arbitrary_vid_pid_never_panics ... ok
test fuzz_pedal_parse_round_trip ... ok
test fuzz_parse_short_buffer_always_fails ... ok
test fuzz_status_flags_always_valid ... ok
test fuzz_normalized_always_in_unit_range ... ok
test fuzz_parse_oversized_buffer_succeeds ... ok
test fuzz_max_load_always_non_negative ... ok
test fuzz_parse_arbitrary_8_bytes ... ok

test result: ok. 56 passed; 0 failed; 0 ignored; 0 measured; 0 filtered out; finished in 0.01s

     Running tests\heusinkveld_pedal_tests.rs (target\debug\deps\heusinkveld_pedal_tests-dc56c060193c15a7.exe)

running 26 tests
test calibration_status_connected_not_calibrated ... ok
test calibration_status_error_flag ... ok
test calibration_status_disconnected ... ok
test calibration_status_error_without_calibration ... ok
test load_cell_max_value_constant_is_u16_max ... ok
test load_cell_normalized_monotonic_over_range ... ok
test multi_pedal_report_ultimate_three_pedals ... ok
test parse_axes_midpoint_values ... ok
test force_curve_sprint_max_load ... ok
test force_curve_ultimate_max_load ... ok
test load_cell_normalized_bounds ... ok
test force_curve_pro_max_load ... ok
test parse_all_axes_zero ... ok
test parse_brake_axis_full_range ... ok
test calibration_status_flags_connected_and_calibrated ... ok
test parse_clutch_axis_full_range ... ok
test multi_pedal_report_sprint_two_pedals ... ok
test parse_throttle_axis_full_range ... ok
test pedal_model_unknown_defaults_to_ultimate_caps ... ok
test report_default_has_connected_calibrated_status ... ok
test report_exactly_minimum_size_parses ... ok
test report_fault_flag_detected ... ok
test report_larger_than_minimum_still_parses ... ok
test report_status_methods_match_flags ... ok
test report_too_short_returns_error ... ok
test vendor_id_constant_matches_ids_module ... ok

test result: ok. 26 passed; 0 failed; 0 ignored; 0 measured; 0 filtered out; finished in 0.00s

     Running tests\id_verification.rs (target\debug\deps\id_verification-3b66cb44e81b1a37.exe)

running 12 tests
test all_pids_are_unique ... ok
test cross_check_all_known_pids ... ok
test handbrake_v2_pid_is_1002 ... ok
test handbrake_v1_pid_is_8b82 ... ok
test legacy_vendor_id_is_04d8 ... ok
test shifter_pid_is_3142 ... ok
test sprint_pid_is_1001 ... ok
test legacy_ultimate_pid_is_f6d2 ... ok
test pro_pid_is_f6d3 ... ok
test legacy_sprint_pid_is_f6d0 ... ok
test ultimate_pid_is_1003 ... ok
test vendor_id_is_30b7 ... ok

test result: ok. 12 passed; 0 failed; 0 ignored; 0 measured; 0 filtered out; finished in 0.00s

     Running tests\property_tests.rs (target\debug\deps\property_tests-e5bdcfea09a92048.exe)

running 16 tests
test test_vendor_id_value ... ok
test test_all_known_pids_detected ... ok
test test_max_load_ordering ... ok
test test_pid_constant_values ... ok
proptest: FileFailurePersistence::SourceParallel set, but failed to find lib.rs or main.rs
proptest: FileFailurePersistence::SourceParallel set, but failed to find lib.rs or main.rs
proptest: FileFailurePersistence::SourceParallel set, but failed to find lib.rs or main.rs
proptest: FileFailurePersistence::SourceParallel set, but failed to find lib.rs or main.rs
proptest: FileFailurePersistence::SourceParallel set, but failed to find lib.rs or main.rs
proptest: FileFailurePersistence::SourceParallel set, but failed to find lib.rs or main.rs
proptest: FileFailurePersistence::SourceParallel set, but failed to find lib.rs or main.rs
proptest: FileFailurePersistence::SourceParallel set, but failed to find lib.rs or main.rs
proptest: FileFailurePersistence::SourceParallel set, but failed to find lib.rs or main.rs
proptest: FileFailurePersistence::SourceParallel set, but failed to find lib.rs or main.rs
proptest: FileFailurePersistence::SourceParallel set, but failed to find lib.rs or main.rs
proptest: FileFailurePersistence::SourceParallel set, but failed to find lib.rs or main.rs
test prop_brake_normalized_in_range ... ok
test prop_is_heusinkveld_device_vid_check ... ok
test prop_known_models_positive_max_load ... ok
test prop_clutch_normalized_in_range ... ok
test prop_throttle_normalized_in_range ... ok
test prop_disconnected_when_bit0_clear ... ok
test prop_model_from_info_matches_from_pid_for_correct_vid ... ok
test prop_wrong_vid_always_unknown ... ok
test prop_parse_full_report_always_ok ... ok
test prop_ready_when_bits_0_and_1_set_bit2_clear ... ok
test prop_parse_short_buffer_always_err ... ok
test prop_model_from_pid_deterministic ... ok

test result: ok. 16 passed; 0 failed; 0 ignored; 0 measured; 0 filtered out; finished in 0.02s

     Running tests\proptest_ids.rs (target\debug\deps\proptest_ids-3019ec121d2b4278.exe)

running 14 tests
proptest: FileFailurePersistence::SourceParallel set, but failed to find lib.rs or main.rs
proptest: FileFailurePersistence::SourceParallel set, but failed to find lib.rs or main.rs
proptest: FileFailurePersistence::SourceParallel set, but failed to find lib.rs or main.rs
proptest: FileFailurePersistence::SourceParallel set, but failed to find lib.rs or main.rs
proptest: FileFailurePersistence::SourceParallel set, but failed to find lib.rs or main.rs
proptest: FileFailurePersistence::SourceParallel set, but failed to find lib.rs or main.rs
proptest: FileFailurePersistence::SourceParallel set, but failed to find lib.rs or main.rs
proptest: FileFailurePersistence::SourceParallel set, but failed to find lib.rs or main.rs
proptest: FileFailurePersistence::SourceParallel set, but failed to find lib.rs or main.rs
proptest: FileFailurePersistence::SourceParallel set, but failed to find lib.rs or main.rs
proptest: FileFailurePersistence::SourceParallel set, but failed to find lib.rs or main.rs
proptest: FileFailurePersistence::SourceParallel set, but failed to find lib.rs or main.rs
proptest: FileFailurePersistence::SourceParallel set, but failed to find lib.rs or main.rs
proptest: FileFailurePersistence::SourceParallel set, but failed to find lib.rs or main.rs
test prop_display_name_contains_brand ... ok
test prop_from_vid_pid_implies_is_heusinkveld ... ok
test prop_all_variants_display_name_non_empty ... ok
test prop_pedal_count_range ... ok
test prop_max_load_positive_and_finite ... ok
test prop_vendor_id_nonzero ... ok
test prop_known_pid_resolves_to_model ... ok
test prop_known_pids_nonzero ... ok
test prop_pids_unique ... ok
test prop_vendor_id_value ... ok
test prop_from_product_id_consistent_with_is_heusinkveld ... ok
test prop_unknown_pid_returns_unknown ... ok
test prop_is_heusinkveld_device ... ok
test prop_display_name_non_empty ... ok

test result: ok. 14 passed; 0 failed; 0 ignored; 0 measured; 0 filtered out; finished in 0.02s

     Running tests\proptest_input.rs (target\debug\deps\proptest_input-842c86064b1f9d76.exe)

running 12 tests
proptest: FileFailurePersistence::SourceParallel set, but failed to find lib.rs or main.rs
proptest: FileFailurePersistence::SourceParallel set, but failed to find lib.rs or main.rs
proptest: FileFailurePersistence::SourceParallel set, but failed to find lib.rs or main.rs
proptest: FileFailurePersistence::SourceParallel set, but failed to find lib.rs or main.rs
proptest: FileFailurePersistence::SourceParallel set, but failed to find lib.rs or main.rs
proptest: FileFailurePersistence::SourceParallel set, but failed to find lib.rs or main.rs
proptest: FileFailurePersistence::SourceParallel set, but failed to find lib.rs or main.rs
proptest: FileFailurePersistence::SourceParallel set, but failed to find lib.rs or main.rs
proptest: FileFailurePersistence::SourceParallel set, but failed to find lib.rs or main.rs
proptest: FileFailurePersistence::SourceParallel set, but failed to find lib.rs or main.rs
proptest: FileFailurePersistence::SourceParallel set, but failed to find lib.rs or main.rs
proptest: FileFailurePersistence::SourceParallel set, but failed to find lib.rs or main.rs
test prop_brake_normalized_in_unit_range ... ok
test prop_model_max_load_positive ... ok
test prop_model_display_name_non_empty ... ok
test prop_max_load_cell_normalizes_to_one ... ok
test prop_is_calibrated_reflects_bit1 ... ok
test prop_parse_valid_length_always_ok ... ok
test prop_clutch_normalized_in_unit_range ... ok
test prop_throttle_normalized_in_unit_range ... ok
test prop_parse_fields_match_raw_bytes ... ok
test prop_is_connected_reflects_bit0 ... ok
test prop_has_fault_reflects_bit2 ... ok
test prop_parse_short_buffer_always_err ... ok

test result: ok. 12 passed; 0 failed; 0 ignored; 0 measured; 0 filtered out; finished in 0.02s

     Running tests\protocol_verification_tests.rs (target\debug\deps\protocol_verification_tests-0a4ead14c158c52f.exe)

running 25 tests
test handbrake_v1_pid_matches_hwdb ... ok
test known_good_full_throttle_report ... ok
test known_good_mid_brake_report ... ok
test handbrake_v2_pid_matches_hwdb ... ok
test known_good_idle_report ... ok
test known_good_fault_report ... ok
test silicon_labs_vid_requires_pid_match ... ok
test legacy_ultimate_pid_matches_openflight ... ok
test load_cell_max_is_u16_max ... ok
test sprint_is_2_pedal ... ok
test pro_pid_is_sequential_estimate ... ok
test sprint_pid_matches_hwdb ... ok
test legacy_sprint_pid_matches_openflight ... ok
test no_pid_collisions_across_vid_groups ... ok
test peripherals_are_not_pedals ... ok
test report_size_is_8_bytes ... ok
test shifter_pid_matches_hwdb ... ok
test legacy_vid_requires_pid_match ... ok
test table_driven_vid_pid_cross_check ... ok
test ultimate_pid_matches_hwdb ... ok
test ultimate_is_3_pedal_140kg ... ok
test vid_0x04d8_matches_microchip_registry ... ok
test vid_0x10c4_matches_silicon_labs ... ok
test vid_0x30b7_matches_simracing_hwdb ... ok
test vid_0xa020_matches_shifter_hwdb ... ok

test result: ok. 25 passed; 0 failed; 0 ignored; 0 measured; 0 filtered out; finished in 0.00s

     Running tests\snapshot_encoding.rs (target\debug\deps\snapshot_encoding-7ea1d65b6c7bf2ab.exe)

running 13 tests
test test_snapshot_pedal_status_flags_0_through_7 ... ok
test test_snapshot_all_error_debug_format ... ok
test test_snapshot_error_device_not_found ... ok
test test_snapshot_parse_all_pedals_midpoint ... ok
test test_snapshot_is_heusinkveld_device_all_vids ... ok
test test_snapshot_status_flags_exhaustive ... ok
test test_snapshot_error_invalid_pedal_value ... ok
test test_snapshot_default_input_report ... ok
test test_snapshot_parse_half_throttle ... ok
test test_snapshot_model_from_vid_pid_all_combinations ... ok
test test_snapshot_parse_half_brake ... ok
test test_snapshot_model_from_pid_all_known ... ok
test test_snapshot_error_invalid_report_size ... ok

test result: ok. 13 passed; 0 failed; 0 ignored; 0 measured; 0 filtered out; finished in 0.18s

     Running tests\snapshot_tests.rs (target\debug\deps\snapshot_tests-860122b341846a3d.exe)

running 21 tests
test test_snapshot_model_pro ... ok
test test_snapshot_model_sequential_shifter ... ok
test test_snapshot_model_handbrake_v1 ... ok
test test_snapshot_model_sprint ... ok
test test_snapshot_model_ultimate ... ok
test test_snapshot_parse_full_range_all_pedals ... ok
test test_snapshot_all_device_variants ... ok
test test_snapshot_model_handbrake_v2 ... ok
test test_snapshot_parse_full_brake ... ok
test test_snapshot_model_from_info ... ok
test test_snapshot_model_unknown ... ok
test test_snapshot_parse_status_connected_calibrated ... ok
test test_snapshot_parse_center ... ok
test test_snapshot_parse_full_throttle ... ok
test test_snapshot_parse_status_fault ... ok
test test_snapshot_parse_short_report_error ... ok
test test_snapshot_pedal_capabilities_pro ... ok
test test_snapshot_pedal_capabilities_sprint ... ok
test test_snapshot_pedal_capabilities_ultimate ... ok
test test_snapshot_pedal_status_from_flags ... ok
test test_snapshot_protocol_constants ... ok

test result: ok. 21 passed; 0 failed; 0 ignored; 0 measured; 0 filtered out; finished in 0.18s

     Running tests\snapshots.rs (target\debug\deps\snapshots-739943ae8385e7bd.exe)

running 6 tests
test snapshot_error_invalid_report_size ... ok
test snapshot_model_from_product_id_all ... ok
test snapshot_parse_mid_range_pedals ... ok
test snapshot_is_heusinkveld_device ... ok
test snapshot_input_report_default ... ok
test snapshot_pedal_capabilities_default ... ok

test result: ok. 6 passed; 0 failed; 0 ignored; 0 measured; 0 filtered out; finished in 0.18s

     Running unittests src\lib.rs (target\debug\deps\hid_simucube_protocol-7cb47f44b2750ac0.exe)

running 51 tests
test effects::tests::constant_force_smoke ... ok
test effects::tests::device_control_enable ... ok
test effects::tests::device_gain_clamps ... ok
test effects::tests::effect_type_values ... ok
test effects::tests::max_effects_simucube_specific ... ok
test effects::tests::report_ids_match_pid_spec ... ok
test ids::tests::test_display_name ... ok
test ids::tests::test_max_torque ... ok
test ids::tests::test_model_from_pid ... ok
test input::tests::test_applied_torque ... ok
test input::tests::test_hid_report_axes ... ok
test input::tests::test_hid_report_button_out_of_range ... ok
test input::tests::test_hid_report_buttons ... ok
test input::tests::test_hid_report_default_is_centered ... ok
test input::tests::test_hid_report_extra_bytes_ignored ... ok
test input::tests::test_hid_report_parse_center ... ok
test input::tests::test_hid_report_parse_full_left ... ok
test input::tests::test_hid_report_parse_full_right ... ok
test input::tests::test_hid_report_too_short ... ok
test input::tests::test_invalid_report_size ... ok
test input::tests::test_parse_report ... ok
test input::tests::test_short_report_has_no_wireless_fields ... ok
test input::tests::test_status_flags ... ok
test input::tests::test_wheel_angle ... ok
test input::tests::test_wheel_speed ... ok
test input::tests::test_wireless_buttons_all_set ... ok
test input::tests::test_wireless_buttons_in_extended_report ... ok
test output::tests::test_effect_types ... ok
test output::tests::test_output_report_build ... ok
test output::tests::test_output_report_default ... ok
test output::tests::test_output_report_torque_clamping ... ok
test output::tests::test_output_report_with_effect ... ok
test output::tests::test_output_report_with_rgb ... ok
test output::tests::test_output_report_with_torque ... ok
test output::tests::test_validate_torque_invalid ... ok
test output::tests::test_validate_torque_valid ... ok
test tests::test_constants ... ok
test tests::test_hid_constants ... ok
test tests::test_max_torque_values ... ok
test types::tests::test_device_status_from_flags ... ok
test types::tests::test_wheel_capabilities_pro ... ok
test types::tests::test_wheel_capabilities_sport ... ok
test types::tests::test_wheel_capabilities_ultimate ... ok
test input::property_tests::prop_axis_out_of_range_safe ... ok
test input::property_tests::prop_hid_truncated_rejected ... ok
test input::property_tests::prop_button_out_of_range_safe ... ok
test input::property_tests::prop_input_truncated_rejected ... ok
test input::property_tests::prop_input_report_derived_finite ... ok
test input::property_tests::prop_hid_steering_bounded ... ok
test input::property_tests::prop_hid_report_never_panics ... ok
test input::property_tests::prop_input_report_never_panics ... ok

test result: ok. 51 passed; 0 failed; 0 ignored; 0 measured; 0 filtered out; finished in 0.03s

     Running tests\comprehensive.rs (target\debug\deps\comprehensive-5f30177613ecdac1.exe)

running 148 tests
test constant_validation::all_pids_nonzero ... ok
test constant_validation::all_pids_unique ... ok
test constant_validation::hid_layout_constants ... ok
test constant_validation::max_torque_constants_match_model_methods ... ok
test constant_validation::report_sizes ... ok
test constant_validation::torque_constants_positive_finite ... ok
test constant_validation::torque_range_constants ... ok
test device_identification::bootloader_pids_resolve_to_unknown ... ok
test constant_validation::bootloader_pids_golden_values ... ok
test constant_validation::product_ids_match_ids_module ... ok
test constant_validation::simucube_error_display ... ok
test constant_validation::torque_ordering ... ok
test constant_validation::vendor_id_is_0x16d0 ... ok
test constant_validation::known_pids_golden_values ... ok
test constant_validation::encoder_resolution ... ok
test constant_validation::all_torque_values_fit_i16 ... ok
test device_identification::display_names_all_models ... ok
test device_identification::display_names_contain_brand ... ok
test device_identification::is_simucube_device_invalid ... ok
test device_identification::is_simucube_device_valid ... ok
test device_identification::max_torque_per_model ... ok
test device_identification::model_from_info_correct_vid ... ok
test device_identification::model_from_info_wrong_vid ... ok
test device_identification::model_from_info_zero_vid ... ok
test device_identification::model_from_pid_active_pedal ... ok
test device_identification::model_from_pid_pro ... ok
test device_identification::model_from_pid_simucube1 ... ok
test device_identification::model_from_pid_sport ... ok
test device_identification::model_from_pid_ultimate ... ok
test device_identification::model_from_pid_unknown ... ok
test device_identification::model_from_pid_wireless_wheel ... ok
test device_identification::wheel_capabilities_per_model ... ok
test edge_cases::active_pedal_has_zero_torque ... ok
test edge_cases::extended_report_all_faults_active ... ok
test edge_cases::device_status_all_eight_bit_patterns ... ok
test edge_cases::extended_report_default_connected_enabled ... ok
test edge_cases::extended_report_exactly_16_bytes ... ok
test edge_cases::extended_report_max_angle_sensor ... ok
test edge_cases::extended_report_max_speed ... ok
test edge_cases::extended_report_max_temperature ... ok
test edge_cases::extended_report_max_torque_feedback ... ok
test edge_cases::extended_report_min_speed ... ok
test edge_cases::extended_report_min_torque_feedback ... ok
test edge_cases::extended_report_too_short ... ok
test edge_cases::extended_report_zero_angle ... ok
test edge_cases::hid_report_alternating_buttons ... ok
test edge_cases::hid_report_default_centered ... ok
test edge_cases::hid_report_empty_input ... ok
test edge_cases::hid_report_exactly_minimum_size ... ok
test edge_cases::hid_report_extra_bytes_ignored ... ok
test edge_cases::hid_report_one_byte_short ... ok
test edge_cases::hid_report_steering_boundary_values ... ok
test edge_cases::output_report_max_effect_parameter ... ok
test edge_cases::output_report_zero_effect_parameter ... ok
test edge_cases::simucube1_and_unknown_share_default_torque ... ok
test edge_cases::wireless_wheel_has_zero_torque ... ok
test input_report_parsing::extended_report_angle_degrees_at_max ... ok
test input_report_parsing::extended_report_angle_degrees_at_quarter ... ok
test input_report_parsing::extended_report_angle_degrees_at_zero ... ok
test input_report_parsing::extended_report_angle_radians_at_half ... ok
test input_report_parsing::extended_report_applied_torque ... ok
test input_report_parsing::extended_report_fault_detection ... ok
test input_report_parsing::extended_report_negative_speed ... ok
test input_report_parsing::extended_report_negative_torque ... ok
test input_report_parsing::extended_report_parse_basic ... ok
test input_report_parsing::extended_report_speed_conversion ... ok
test input_report_parsing::extended_report_status_flags_combinations ... ok
test input_report_parsing::extended_report_wireless_battery_only ... ok
test input_report_parsing::extended_report_wireless_buttons_only ... ok
test input_report_parsing::extended_report_wireless_wheel_absent ... ok
test input_report_parsing::extended_report_wireless_wheel_present ... ok
test input_report_parsing::hid_report_all_128_buttons_pressed ... ok
test input_report_parsing::hid_report_all_axes_distinct ... ok
test input_report_parsing::hid_report_axes_at_extremes ... ok
test input_report_parsing::hid_report_axis_out_of_range_returns_zero ... ok
test input_report_parsing::hid_report_button_out_of_range_is_false ... ok
test input_report_parsing::hid_report_center_position ... ok
test input_report_parsing::hid_report_full_left ... ok
test input_report_parsing::hid_report_full_right ... ok
test input_report_parsing::hid_report_individual_buttons ... ok
test input_report_parsing::hid_report_no_buttons_pressed ... ok
test input_report_parsing::hid_report_quarter_turn_positions ... ok
test output_report_construction::default_output_report ... ok
test output_report_construction::output_report_all_effect_types ... ok
test output_report_construction::output_report_build_effect_encoding ... ok
test output_report_construction::output_report_build_report_id ... ok
test output_report_construction::output_report_build_rgb_encoding ... ok
test output_report_construction::output_report_build_sequence_encoding ... ok
test output_report_construction::output_report_build_size ... ok
test output_report_construction::output_report_build_torque_encoding ... ok
test output_report_construction::output_report_build_zero_padded ... ok
test output_report_construction::output_report_builder_chaining ... ok
test output_report_construction::output_report_clamps_above_max ... ok
test output_report_construction::output_report_clamps_below_neg_max ... ok
test output_report_construction::output_report_max_sequence ... ok
test output_report_construction::output_report_negative_torque ... ok
test output_report_construction::output_report_rgb_values ... ok
proptest: FileFailurePersistence::SourceParallel set, but failed to find lib.rs or main.rs
proptest: FileFailurePersistence::SourceParallel set, but failed to find lib.rs or main.rs
proptest: FileFailurePersistence::SourceParallel set, but failed to find lib.rs or main.rs
test output_report_construction::output_report_validate_torque_at_max ... ok
proptest: FileFailurePersistence::SourceParallel set, but failed to find lib.rs or main.rs
proptest: FileFailurePersistence::SourceParallel set, but failed to find lib.rs or main.rs
proptest: FileFailurePersistence::SourceParallel set, but failed to find lib.rs or main.rs
test output_report_construction::output_report_validate_torque_over_max_raw ... ok
test output_report_construction::output_report_validate_torque_valid ... ok
test output_report_construction::output_report_with_torque ... ok
proptest: FileFailurePersistence::SourceParallel set, but failed to find lib.rs or main.rs
proptest: FileFailurePersistence::SourceParallel set, but failed to find lib.rs or main.rs
proptest: FileFailurePersistence::SourceParallel set, but failed to find lib.rs or main.rs
test output_report_construction::output_report_zero_torque ... ok
proptest: FileFailurePersistence::SourceParallel set, but failed to find lib.rs or main.rs
proptest: FileFailurePersistence::SourceParallel set, but failed to find lib.rs or main.rs
proptest: FileFailurePersistence::SourceParallel set, but failed to find lib.rs or main.rs
proptest: FileFailurePersistence::SourceParallel set, but failed to find lib.rs or main.rs
proptest: FileFailurePersistence::SourceParallel set, but failed to find lib.rs or main.rs
proptest: FileFailurePersistence::SourceParallel set, but failed to find lib.rs or main.rs
proptest: FileFailurePersistence::SourceParallel set, but failed to find lib.rs or main.rs
test property_tests::prop_extended_short_buffer_rejected ... ok
test property_tests::prop_max_torque_non_negative_finite ... ok
test property_tests::prop_display_name_non_empty ... ok
test property_tests::prop_model_detection_deterministic ... ok
proptest: FileFailurePersistence::SourceParallel set, but failed to find lib.rs or main.rs
test property_tests::prop_nonneg_torque_nonneg_cnm ... ok
test property_tests::prop_device_status_never_panics ... ok
test property_tests::prop_build_always_succeeds_correct_size ... ok
proptest: FileFailurePersistence::SourceParallel set, but failed to find lib.rs or main.rs
proptest: FileFailurePersistence::SourceParallel set, but failed to find lib.rs or main.rs
test property_tests::prop_rgb_round_trip ... ok
test property_tests::prop_short_buffer_rejected ... ok
test property_tests::prop_nonpos_torque_nonpos_cnm ... ok
test property_tests::prop_button_out_of_range ... ok
test protocol_feature_negotiation::device_status_default_is_disconnected ... ok
proptest: FileFailurePersistence::SourceParallel set, but failed to find lib.rs or main.rs
test protocol_feature_negotiation::device_status_disconnected_overrides_everything ... ok
proptest: FileFailurePersistence::SourceParallel set, but failed to find lib.rs or main.rs
test protocol_feature_negotiation::device_status_from_flags_calibrating ... ok
test protocol_feature_negotiation::device_status_from_flags_disconnected ... ok
proptest: FileFailurePersistence::SourceParallel set, but failed to find lib.rs or main.rs
test protocol_feature_negotiation::wheel_capabilities_active_pedal_support ... ok
test protocol_feature_negotiation::device_status_from_flags_ready ... ok
test protocol_feature_negotiation::wheel_capabilities_max_speed_rpm ... ok
proptest: FileFailurePersistence::SourceParallel set, but failed to find lib.rs or main.rs
test protocol_feature_negotiation::wheel_capabilities_encoder_resolution ... ok
test protocol_feature_negotiation::device_status_from_flags_enabled ... ok
test protocol_feature_negotiation::device_status_from_flags_error ... ok
test protocol_feature_negotiation::wheel_capabilities_wireless_support ... ok
test torque_encoding_precision::pro_torque_fits_in_i16 ... ok
test protocol_feature_negotiation::wheel_model_default_is_unknown ... ok
test torque_encoding_precision::small_torque_increments_are_distinct ... ok
test torque_encoding_precision::centinewton_meter_resolution ... ok
test torque_encoding_precision::pro_max_torque_encodes_correctly ... ok
test property_tests::prop_effect_round_trip ... ok
test torque_encoding_precision::sport_torque_fits_in_i16 ... ok
test torque_encoding_precision::sport_max_torque_encodes_correctly ... ok
test torque_encoding_precision::torque_ordering_by_tier ... ok
test torque_encoding_precision::torque_round_trip_precision ... ok
test torque_encoding_precision::torque_sign_preservation ... ok
test torque_encoding_precision::ultimate_max_torque_encodes_correctly ... ok
test torque_encoding_precision::ultimate_torque_fits_in_i16 ... ok
test property_tests::prop_hid_report_field_roundtrip ... ok
test property_tests::prop_sequence_round_trip ... ok
test property_tests::prop_steering_normalized_range ... ok
test property_tests::prop_steering_signed_range ... ok
test property_tests::prop_disconnected_when_bit0_unset ... ok
test property_tests::prop_torque_always_clamped ... ok
test property_tests::prop_wrong_vid_yields_unknown ... ok
test property_tests::prop_torque_round_trip ... ok
test property_tests::prop_torque_monotone ... ok
test property_tests::prop_pressed_count_matches ... ok
test property_tests::prop_valid_size_accepted ... ok

test result: ok. 148 passed; 0 failed; 0 ignored; 0 measured; 0 filtered out; finished in 0.06s

     Running tests\deep_protocol_tests.rs (target\debug\deps\deep_protocol_tests-be802a8a077f19b2.exe)

running 29 tests
test angle_sensor_constants ... ok
test bootloader_pids_distinct_from_runtime ... ok
test device_status_from_flags ... ok
test effect_type_discriminants ... ok
test max_torque_constants_match_models ... ok
test model_from_product_id_all_variants ... ok
test hid_report_parse_center ... ok
test hid_report_rejects_short_data ... ok
test hid_report_size_constants ... ok
test hid_report_steering_normalized ... ok
test hid_report_button_pressed ... ok
test model_from_info_rejects_wrong_vendor ... ok
test output_report_effect_type ... ok
test no_wireless_wheel_when_zero ... ok
test is_simucube_device_recognises_vendor ... ok
test output_report_build_size ... ok
test output_report_torque_encoding ... ok
test max_torque_per_model ... ok
test hid_report_out_of_range_button_returns_false ... ok
test output_report_torque_clamps_to_max ... ok
test sc1_pid ... ok
test sc2_pro_pid ... ok
test sc2_sport_pid ... ok
test sc2_ultimate_pid ... ok
test vendor_id_is_granite_devices ... ok
test wheel_capabilities_active_pedal ... ok
test wheel_capabilities_sport ... ok
test wireless_wheel_detected_from_battery ... ok
test wireless_wheel_detected_from_buttons ... ok

test result: ok. 29 passed; 0 failed; 0 ignored; 0 measured; 0 filtered out; finished in 0.00s

     Running tests\id_verification.rs (target\debug\deps\id_verification-20cdafe7d732382a.exe)

running 11 tests
test all_pids_are_unique ... ok
test sc1_bootloader_pid_is_0d5b ... ok
test bootloader_pids_distinct_from_normal ... ok
test sc2_pro_pid_is_0d60 ... ok
test sc2_ultimate_pid_is_0d5f ... ok
test sc1_pid_is_0d5a ... ok
test sc2_bootloader_pid_is_0d5e ... ok
test sc_link_hub_pid_is_0d66 ... ok
test vendor_id_is_16d0 ... ok
test wireless_wheel_pid_is_0d63 ... ok
test sc2_sport_pid_is_0d61 ... ok

test result: ok. 11 passed; 0 failed; 0 ignored; 0 measured; 0 filtered out; finished in 0.00s

     Running tests\property_tests.rs (target\debug\deps\property_tests-a512cc906a21f072.exe)

running 11 tests
test test_torque_ordering_sport_lt_pro_lt_ultimate ... ok
proptest: FileFailurePersistence::SourceParallel set, but failed to find lib.rs or main.rs
proptest: FileFailurePersistence::SourceParallel set, but failed to find lib.rs or main.rs
proptest: FileFailurePersistence::SourceParallel set, but failed to find lib.rs or main.rs
proptest: FileFailurePersistence::SourceParallel set, but failed to find lib.rs or main.rs
proptest: FileFailurePersistence::SourceParallel set, but failed to find lib.rs or main.rs
proptest: FileFailurePersistence::SourceParallel set, but failed to find lib.rs or main.rs
proptest: FileFailurePersistence::SourceParallel set, but failed to find lib.rs or main.rs
proptest: FileFailurePersistence::SourceParallel set, but failed to find lib.rs or main.rs
proptest: FileFailurePersistence::SourceParallel set, but failed to find lib.rs or main.rs
proptest: FileFailurePersistence::SourceParallel set, but failed to find lib.rs or main.rs
test prop_model_from_info_matches_from_pid_for_correct_vid ... ok
test prop_is_simucube_device_vid_check ... ok
test prop_wheelbase_capabilities_positive_torque ... ok
test prop_known_pids_return_correct_model ... ok
test prop_wrong_vid_always_unknown ... ok
test prop_model_from_pid_deterministic ... ok
test prop_nonneg_torque_nonneg_cnm ... ok
test prop_torque_clamped_to_max ... ok
test prop_nonpos_torque_nonpos_cnm ... ok
test prop_build_always_succeeds ... ok

test result: ok. 11 passed; 0 failed; 0 ignored; 0 measured; 0 filtered out; finished in 0.02s

     Running tests\proptest_fuzz.rs (target\debug\deps\proptest_fuzz-135650e58da6b015.exe)

running 12 tests
proptest: FileFailurePersistence::SourceParallel set, but failed to find lib.rs or main.rs
proptest: FileFailurePersistence::SourceParallel set, but failed to find lib.rs or main.rs
proptest: FileFailurePersistence::SourceParallel set, but failed to find lib.rs or main.rs
proptest: FileFailurePersistence::SourceParallel set, but failed to find lib.rs or main.rs
proptest: FileFailurePersistence::SourceParallel set, but failed to find lib.rs or main.rs
proptest: FileFailurePersistence::SourceParallel set, but failed to find lib.rs or main.rs
proptest: FileFailurePersistence::SourceParallel set, but failed to find lib.rs or main.rs
proptest: FileFailurePersistence::SourceParallel set, but failed to find lib.rs or main.rs
proptest: FileFailurePersistence::SourceParallel set, but failed to find lib.rs or main.rs
proptest: FileFailurePersistence::SourceParallel set, but failed to find lib.rs or main.rs
proptest: FileFailurePersistence::SourceParallel set, but failed to find lib.rs or main.rs
proptest: FileFailurePersistence::SourceParallel set, but failed to find lib.rs or main.rs
test fuzz_model_from_product_id ... ok
test fuzz_is_simucube_device ... ok
test fuzz_device_status_from_flags ... ok
test fuzz_hid_report_short_lengths ... ok
test fuzz_output_report_extreme_torque ... ok
test fuzz_output_report_inf ... ok
test fuzz_output_report_nan ... ok
test fuzz_parse_block_load_arbitrary_bytes ... ok
test fuzz_hid_report_exact_minimum ... ok
test fuzz_input_report_arbitrary_bytes ... ok
test fuzz_hid_report_arbitrary_bytes ... ok
test fuzz_hid_report_output_invariants ... ok

test result: ok. 12 passed; 0 failed; 0 ignored; 0 measured; 0 filtered out; finished in 0.04s

     Running tests\proptest_hid_report.rs (target\debug\deps\proptest_hid_report-e6e68f86c826ea6e.exe)

running 8 tests
proptest: FileFailurePersistence::SourceParallel set, but failed to find lib.rs or main.rs
proptest: FileFailurePersistence::SourceParallel set, but failed to find lib.rs or main.rs
proptest: FileFailurePersistence::SourceParallel set, but failed to find lib.rs or main.rs
proptest: FileFailurePersistence::SourceParallel set, but failed to find lib.rs or main.rs
proptest: FileFailurePersistence::SourceParallel set, but failed to find lib.rs or main.rs
proptest: FileFailurePersistence::SourceParallel set, but failed to find lib.rs or main.rs
proptest: FileFailurePersistence::SourceParallel set, but failed to find lib.rs or main.rs
proptest: FileFailurePersistence::SourceParallel set, but failed to find lib.rs or main.rs
test prop_parse_fails_for_short_buffer ... ok
test prop_button_out_of_range_is_false ... ok
test prop_field_roundtrip ... ok
test prop_steering_normalized_range ... ok
test prop_axis_normalized_range ... ok
test prop_parse_succeeds_for_valid_size ... ok
test prop_steering_signed_range ... ok
test prop_pressed_count_matches_popcount ... ok

test result: ok. 8 passed; 0 failed; 0 ignored; 0 measured; 0 filtered out; finished in 0.03s

     Running tests\proptest_ids.rs (target\debug\deps\proptest_ids-6cb84661fe5ad957.exe)

running 10 tests
proptest: FileFailurePersistence::SourceParallel set, but failed to find lib.rs or main.rs
proptest: FileFailurePersistence::SourceParallel set, but failed to find lib.rs or main.rs
proptest: FileFailurePersistence::SourceParallel set, but failed to find lib.rs or main.rs
proptest: FileFailurePersistence::SourceParallel set, but failed to find lib.rs or main.rs
proptest: FileFailurePersistence::SourceParallel set, but failed to find lib.rs or main.rs
proptest: FileFailurePersistence::SourceParallel set, but failed to find lib.rs or main.rs
proptest: FileFailurePersistence::SourceParallel set, but failed to find lib.rs or main.rs
proptest: FileFailurePersistence::SourceParallel set, but failed to find lib.rs or main.rs
proptest: FileFailurePersistence::SourceParallel set, but failed to find lib.rs or main.rs
proptest: FileFailurePersistence::SourceParallel set, but failed to find lib.rs or main.rs
test prop_model_roundtrip_consistent ... ok
test prop_bootloader_pids_are_unknown ... ok
test prop_wheelbase_torque_positive ... ok
test prop_vendor_id_nonzero ... ok
test prop_bootloader_pids_nonzero ... ok
test prop_torque_non_negative_and_finite ... ok
test prop_display_name_non_empty ... ok
test prop_vendor_id_is_0x16d0 ... ok
test prop_display_name_contains_brand ... ok
test prop_known_pids_nonzero ... ok

test result: ok. 10 passed; 0 failed; 0 ignored; 0 measured; 0 filtered out; finished in 0.01s

     Running tests\proptest_output.rs (target\debug\deps\proptest_output-654f26f620cf41c2.exe)

running 6 tests
proptest: FileFailurePersistence::SourceParallel set, but failed to find lib.rs or main.rs
proptest: FileFailurePersistence::SourceParallel set, but failed to find lib.rs or main.rs
proptest: FileFailurePersistence::SourceParallel set, but failed to find lib.rs or main.rs
proptest: FileFailurePersistence::SourceParallel set, but failed to find lib.rs or main.rs
proptest: FileFailurePersistence::SourceParallel set, but failed to find lib.rs or main.rs
proptest: FileFailurePersistence::SourceParallel set, but failed to find lib.rs or main.rs
test prop_sign_preserved ... ok
test prop_effect_build_round_trip ... ok
test prop_no_overflow ... ok
test prop_monotone_positive ... ok
test prop_round_trip ... ok
test prop_report_structure ... ok

test result: ok. 6 passed; 0 failed; 0 ignored; 0 measured; 0 filtered out; finished in 0.01s

     Running tests\protocol_verification_tests.rs (target\debug\deps\protocol_verification_tests-d9c9057cf33fb9dc.exe)

running 35 tests
test all_standard_pid_effects_present ... ok
test bootloader_pids_map_to_unknown ... ok
test hid_report_constants_match_documentation ... ok
test hid_report_accepts_padded_input ... ok
test effect_type_ids_match_pid_spec ... ok
test hid_report_default_center_position ... ok
test known_good_output_max_torque ... ok
test known_good_all_buttons_pressed ... ok
test known_good_output_negative_torque ... ok
test known_good_full_right_steering ... ok
test hid_report_parse_known_good_bytes ... ok
test hid_report_rejects_short_input ... ok
test known_good_full_left_steering ... ok
test model_torque_matches_constants ... ok
test max_torque_matches_product_specs ... ok
test non_wheelbase_models_have_zero_torque ... ok
test output_report_zero_torque_known_bytes ... ok
test output_report_placeholder_byte_layout ... ok
test output_report_is_64_bytes ... ok
test pid_to_model_mapping_matches_official_table ... ok
test sc1_bootloader_pid_matches_udev_rules ... ok
test sc1_pid_matches_official_docs ... ok
test sc2_bootloader_pid_matches_udev_rules ... ok
test sc2_pro_pid_matches_official_docs ... ok
test sc2_sport_pid_matches_official_docs ... ok
test sc2_ultimate_pid_matches_official_docs ... ok
test sc_link_hub_pid_matches_official_docs ... ok
test simucube_hid_vid_distinct_from_simplemotion_vid ... ok
test steering_axis_is_u16_range ... ok
test torque_clamping_at_max ... ok
test torque_validation_rejects_extreme_values ... ok
test vid_constants_are_consistent ... ok
test vid_matches_granite_devices_official_docs ... ok
test windows_guid_product_id_format ... ok
test wireless_wheel_pid_is_speculative_0d63 ... ok

test result: ok. 35 passed; 0 failed; 0 ignored; 0 measured; 0 filtered out; finished in 0.00s

     Running tests\roundtrip_proptest.rs (target\debug\deps\roundtrip_proptest-a3658f4fe6d47756.exe)

running 12 tests
proptest: FileFailurePersistence::SourceParallel set, but failed to find lib.rs or main.rs
proptest: FileFailurePersistence::SourceParallel set, but failed to find lib.rs or main.rs
proptest: FileFailurePersistence::SourceParallel set, but failed to find lib.rs or main.rs
proptest: FileFailurePersistence::SourceParallel set, but failed to find lib.rs or main.rs
proptest: FileFailurePersistence::SourceParallel set, but failed to find lib.rs or main.rs
proptest: FileFailurePersistence::SourceParallel set, but failed to find lib.rs or main.rs
proptest: FileFailurePersistence::SourceParallel set, but failed to find lib.rs or main.rs
proptest: FileFailurePersistence::SourceParallel set, but failed to find lib.rs or main.rs
proptest: FileFailurePersistence::SourceParallel set, but failed to find lib.rs or main.rs
proptest: FileFailurePersistence::SourceParallel set, but failed to find lib.rs or main.rs
proptest: FileFailurePersistence::SourceParallel set, but failed to find lib.rs or main.rs
proptest: FileFailurePersistence::SourceParallel set, but failed to find lib.rs or main.rs
test prop_model_deterministic ... ok
test prop_output_report_effect_roundtrip ... ok
test prop_output_report_roundtrip ... ok
test prop_input_report_torque_roundtrip ... ok
test prop_input_report_short_error ... ok
test prop_hid_report_short_error ... ok
test prop_input_report_angle_roundtrip ... ok
test prop_hid_report_steering_roundtrip ... ok
test prop_input_report_temp_roundtrip ... ok
test prop_hid_report_buttons_roundtrip ... ok
test prop_hid_report_y_axis_roundtrip ... ok
test prop_input_report_sequence_roundtrip ... ok

test result: ok. 12 passed; 0 failed; 0 ignored; 0 measured; 0 filtered out; finished in 0.01s

     Running tests\simucube_advanced_tests.rs (target\debug\deps\simucube_advanced_tests-7e9959091a009d84.exe)

running 43 tests
test test_active_pedal_pid_recognition ... ok
test test_device_status_all_transitions ... ok
test test_active_pedal_is_not_wheelbase ... ok
proptest: FileFailurePersistence::SourceParallel set, but failed to find lib.rs or main.rs
test test_angle_sensor_constants ... ok
proptest: FileFailurePersistence::SourceParallel set, but failed to find lib.rs or main.rs
proptest: FileFailurePersistence::SourceParallel set, but failed to find lib.rs or main.rs
proptest: FileFailurePersistence::SourceParallel set, but failed to find lib.rs or main.rs
test test_bootloader_pid_constants ... ok
proptest: FileFailurePersistence::SourceParallel set, but failed to find lib.rs or main.rs
test test_bootloader_pids_not_normal_models ... ok
proptest: FileFailurePersistence::SourceParallel set, but failed to find lib.rs or main.rs
proptest: FileFailurePersistence::SourceParallel set, but failed to find lib.rs or main.rs
test test_active_pedal_capabilities ... ok
test test_effect_type_discriminants ... ok
test test_hid_report_parse_too_short_rejected ... ok
test test_hid_report_steering_normalized_endpoints ... ok
test test_input_report_angle_degrees_quarter ... ok
test test_input_report_speed_rad_s ... ok
test test_is_simucube_device_vid_check ... ok
test test_no_wireless_wheel_when_short_report ... ok
test test_output_report_build_size ... ok
test test_output_report_negative_torque ... ok
test test_output_report_rgb_encoding ... ok
test test_output_report_torque_clamping_high ... ok
test test_output_report_torque_clamping_low ... ok
test test_output_report_torque_encoding_precision ... ok
test test_output_report_with_all_effect_types ... ok
test test_simucube1_pid_recognition ... ok
test test_simucube2_pro_pid_recognition ... ok
test test_simucube2_sport_pid_recognition ... ok
test test_simucube2_ultimate_pid_recognition ... ok
test test_simucube_model_from_info_correct_vid ... ok
test test_simucube_model_from_info_wrong_vid ... ok
test test_torque_cnm_resolution ... ok
test test_torque_constants_hierarchy ... ok
test test_torque_validate_exceeds_range ... ok
test test_torque_validate_within_range ... ok
test test_unknown_pid_recognition ... ok
test test_wheel_capabilities_all_models ... ok
test test_wireless_battery_and_buttons_in_extended_report ... ok
test test_wireless_wheel_hid_report_buttons ... ok
test test_wireless_wheel_pid_recognition ... ok
test proptest_advanced::prop_effect_parameter_preserved ... ok
test proptest_advanced::prop_device_status_from_flags_never_panics ... ok
test proptest_advanced::prop_model_from_pid_deterministic ... ok
test proptest_advanced::prop_output_report_torque_roundtrip ... ok
test proptest_advanced::prop_output_report_rgb_preserved ... ok
test proptest_advanced::prop_hid_report_steering_roundtrip ... ok
test proptest_advanced::prop_output_report_build_always_correct_size ... ok

test result: ok. 43 passed; 0 failed; 0 ignored; 0 measured; 0 filtered out; finished in 0.01s

     Running tests\simucube_deep_tests.rs (target\debug\deps\simucube_deep_tests-851a9d8c34940a01.exe)

running 57 tests
test all_runtime_pids_are_unique ... ok
test block_load_error_parsed ... ok
test block_load_full_parsed ... ok
test block_load_success_parsed ... ok
test error_display_invalid_report_size ... ok
test block_load_too_short_returns_none ... ok
test bootloader_pids_do_not_overlap_runtime ... ok
proptest: FileFailurePersistence::SourceParallel set, but failed to find lib.rs or main.rs
proptest: FileFailurePersistence::SourceParallel set, but failed to find lib.rs or main.rs
proptest: FileFailurePersistence::SourceParallel set, but failed to find lib.rs or main.rs
proptest: FileFailurePersistence::SourceParallel set, but failed to find lib.rs or main.rs
proptest: FileFailurePersistence::SourceParallel set, but failed to find lib.rs or main.rs
proptest: FileFailurePersistence::SourceParallel set, but failed to find lib.rs or main.rs
proptest: FileFailurePersistence::SourceParallel set, but failed to find lib.rs or main.rs
proptest: FileFailurePersistence::SourceParallel set, but failed to find lib.rs or main.rs
proptest: FileFailurePersistence::SourceParallel set, but failed to find lib.rs or main.rs
test error_display_communication ... ok
test error_display_device_not_found ... ok
test error_display_invalid_torque ... ok
test hid_report_all_axes_max ... ok
test hid_report_all_buttons_pressed ... ok
test hid_report_each_axis_individually ... ok
test hid_report_no_buttons_pressed ... ok
test hid_report_padded_to_64_bytes_accepted ... ok
test input_report_applied_torque_sign ... ok
test input_report_angle_zero ... ok
test input_report_fault_flag_detection ... ok
test input_report_angle_full_rotation ... ok
test input_report_negative_speed ... ok
test input_report_parse_15_bytes_rejected ... ok
test input_report_parse_exact_16_bytes ... ok
test input_report_status_connected_enabled_independent ... ok
test max_effects_within_u8_range ... ok
test model_display_name_not_empty ... ok
test model_torque_is_non_negative ... ok
test output_report_chaining_order_independent ... ok
test output_report_default_builds_cleanly ... ok
test output_report_wire_bytes_correct ... ok
test pidff_block_free_encoding ... ok
test pidff_create_new_effect_all_types ... ok
test pidff_device_control_all_commands ... ok
test pidff_device_gain_clamps_to_10000 ... ok
test pidff_effect_operation_start_solo ... ok
test pidff_effect_operation_stop ... ok
test pidff_set_condition_fields_preserved ... ok
test pidff_set_constant_force_magnitude_roundtrip ... ok
test pidff_set_effect_encodes_all_fields ... ok
test pidff_set_envelope_fields_preserved ... ok
test pidff_set_periodic_fields_preserved ... ok
test pidff_set_ramp_force_start_end ... ok
test torque_hierarchy_sport_lt_pro_lt_ultimate ... ok
test vendor_id_aliases_match ... ok
test wheel_capabilities_default_is_sane ... ok
test wheel_capabilities_encoder_bits_consistent ... ok
proptest: FileFailurePersistence::SourceParallel set, but failed to find lib.rs or main.rs
proptest: FileFailurePersistence::SourceParallel set, but failed to find lib.rs or main.rs
proptest: FileFailurePersistence::SourceParallel set, but failed to find lib.rs or main.rs
test proptest_deep::prop_pidff_constant_force_roundtrip ... ok
test proptest_deep::prop_model_from_info_deterministic ... ok
test proptest_deep::prop_hid_steering_roundtrip ... ok
test proptest_deep::prop_hid_steering_signed_range ... ok
test proptest_deep::prop_hid_steering_normalized_range ... ok
test proptest_deep::prop_hid_report_rejects_short ... ok
test proptest_deep::prop_pidff_device_gain_bounded ... ok
test proptest_deep::prop_hid_axes_roundtrip ... ok
test proptest_deep::prop_input_report_rejects_short ... ok
test proptest_deep::prop_output_build_always_succeeds ... ok
test proptest_deep::prop_input_report_parse_never_panics ... ok
test proptest_deep::prop_hid_report_parse_never_panics ... ok

test result: ok. 57 passed; 0 failed; 0 ignored; 0 measured; 0 filtered out; finished in 0.04s

     Running tests\snapshot_encoding.rs (target\debug\deps\snapshot_encoding-8734d61b8944f988.exe)

running 29 tests
test snapshot_product_id_sport ... ok
test snapshot_device_status_all_flag_combos ... ok
test snapshot_vendor_id ... ok
test snapshot_hid_layout_constants ... ok
test snapshot_max_torque_constants ... ok
test snapshot_model_from_info_wrong_vid ... ok
test snapshot_wheel_capabilities_pro ... ok
test snapshot_active_pedal_pid ... ok
test snapshot_simucube_1_pid ... ok
test snapshot_product_id_pro ... ok
test snapshot_bootloader_pids ... ok
test snapshot_is_simucube_device_known_vid ... ok
test snapshot_model_from_unknown_pid ... ok
test snapshot_model_from_all_known_pids ... ok
test snapshot_wheel_capabilities_active_pedal ... ok
test snapshot_product_id_ultimate ... ok
test snapshot_wheel_capabilities_ultimate ... ok
test snapshot_wheel_capabilities_sport ... ok
test snapshot_wheel_capabilities_unknown ... ok
test test_snapshot_output_clamp_below_neg_max ... ok
test test_snapshot_output_clamp_above_max ... ok
test test_snapshot_output_half_negative_torque ... ok
test test_snapshot_output_half_positive_torque ... ok
test test_snapshot_output_max_sequence ... ok
test test_snapshot_output_tiny_positive_torque ... ok
test test_snapshot_output_with_constant_effect ... ok
test test_snapshot_output_with_friction_effect ... ok
test test_snapshot_output_with_sequence_42 ... ok
test test_snapshot_output_with_sine_effect ... ok

test result: ok. 29 passed; 0 failed; 0 ignored; 0 measured; 0 filtered out; finished in 0.18s

     Running tests\snapshot_tests.rs (target\debug\deps\snapshot_tests-735a727199d13973.exe)

running 21 tests
test test_snapshot_model_ultimate ... ok
test test_snapshot_output_full_negative_torque ... ok
test test_snapshot_effect_type_values ... ok
test test_snapshot_output_full_positive_torque ... ok
test test_snapshot_model_unknown ... ok
test test_snapshot_model_sport ... ok
test test_snapshot_model_pro ... ok
test test_snapshot_model_wireless_wheel ... ok
test test_snapshot_hid_report_with_buttons ... ok
test test_snapshot_model_from_info ... ok
test test_snapshot_model_simucube1 ... ok
test test_snapshot_model_active_pedal ... ok
test test_snapshot_hid_report_with_axes ... ok
test test_snapshot_hid_report_full_right ... ok
test test_snapshot_hid_report_center ... ok
test test_snapshot_hid_report_full_left ... ok
test test_snapshot_output_quarter_torque ... ok
test test_snapshot_output_with_damper_effect ... ok
test test_snapshot_output_with_rgb ... ok
test test_snapshot_output_with_spring_effect ... ok
test test_snapshot_output_zero_torque ... ok

test result: ok. 21 passed; 0 failed; 0 ignored; 0 measured; 0 filtered out; finished in 0.18s

     Running unittests src\lib.rs (target\debug\deps\openracing_atomic-baaa1c8b026043ba.exe)

running 36 tests
test counters::tests::test_inc_missed_tick ... ok
test counters::tests::test_inc_tick ... ok
test counters::tests::test_snapshot_and_reset ... ok
test counters::tests::test_torque_saturation_percent ... ok
test counters::tests::test_record_torque_saturation ... ok
test counters::tests::test_inc_tick_by ... ok
test counters::tests::test_telemetry_loss_percent ... ok
test counters::tests::test_new_counters_are_zero ... ok
test counters::tests::test_with_values ... ok
test stats::tests::test_app_thresholds_default_values ... ok
test queues::tests::test_push_and_pop_jitter ... ok
test queues::tests::test_queue_lengths ... ok
test queues::tests::test_queue_overflow ... ok
test queues::tests::test_queue_stats ... ok
test stats::tests::test_app_metrics_has_violations ... ok
test stats::tests::test_app_metrics_telemetry_loss_violation ... ok
test queues::tests::test_drain ... ok
test stats::tests::test_jitter_stats_default ... ok
test stats::tests::test_jitter_stats_does_not_exceed_equal_threshold ... ok
test stats::tests::test_jitter_stats_threshold ... ok
test stats::tests::test_jitter_stats_to_micros ... ok
test stats::tests::test_latency_stats_default ... ok
test stats::tests::test_latency_stats_does_not_exceed_equal_threshold ... ok
test stats::tests::test_latency_stats_from_nanos ... ok
test stats::tests::test_latency_stats_threshold ... ok
test stats::tests::test_rt_metrics_has_violations ... ok
test stats::tests::test_rt_metrics_hid_latency_violation ... ok
test stats::tests::test_rt_metrics_missed_tick_rate ... ok
test stats::tests::test_rt_metrics_processing_time_violation ... ok
test stats::tests::test_rt_thresholds_default_values ... ok
test stats::tests::test_streaming_stats ... ok
test stats::tests::test_streaming_stats_empty_max_is_zero ... ok
test stats::tests::test_streaming_stats_empty_mean_is_zero ... ok
test stats::tests::test_streaming_stats_empty_min_is_max_u64 ... ok
test stats::tests::test_streaming_stats_saturating_add ... ok
test stats::tests::test_streaming_stats_single_sample ... ok

test result: ok. 36 passed; 0 failed; 0 ignored; 0 measured; 0 filtered out; finished in 0.00s

     Running tests\atomic_correctness_tests.rs (target\debug\deps\atomic_correctness_tests-9478ae1681ca996d.exe)

running 47 tests
test latency_from_nanos_rounding ... ok
test jitter_stats_max_values ... ok
test jitter_stats_zero_threshold ... ok
test ordering_quiescent_snapshot_consistency ... ok
test latency_threshold_boundary ... ok
test counter_single_thread_reset_conservation ... ok
test jitter_to_micros_rounding ... ok
test ordering_counter_wrapping_on_overflow ... ok
test ordering_increment_by_zero_is_noop ... ok
test prop_interleaved_inc_reset_conservation ... ok
test prop_torque_saturation_ratio ... ok
test prop_queue_fifo_order ... ok
test prop_with_values_then_reset_roundtrip ... ok
test prop_queue_overflow_preserves_existing ... ok
test prop_snapshot_reset_captures_all ... ok
test counter_barrier_synchronized_increments ... ok
test counter_multi_collector_conservation ... ok
test ordering_stress_percentage_no_nan ... ok
test prop_streaming_stats_mean_bounded ... ok
test queue_correctness::queue_default_capacity ... ok
test queue_correctness::queue_all_lanes_independent_fifo ... ok
test queue_correctness::queue_capacity_one ... ok
test ordering_snapshot_values_bounded_during_writes ... ok
test queue_correctness::queue_concurrent_lane_isolation ... ok
test queue_correctness::queue_drain_fifo_and_empties ... ok
test counter_field_isolation ... ok
test ordering_stress_max_contention ... ok
test queue_correctness::queue_empty_and_length_consistency ... ok
test queue_correctness::queue_fifo_ordering_single_thread ... ok
test queue_correctness::queue_stats_accuracy ... ok
test queue_correctness::queue_push_drop_variants_silent_overflow ... ok
test queue_correctness::queue_overflow_returns_rejected_value ... ok
test queue_correctness::queue_wrap_around_fifo ... ok
test snapshot_telemetry_loss_all_lost ... ok
test queue_correctness::queue_underflow_returns_none ... ok
test snapshot_torque_saturation_percent_all_saturated ... ok
test snapshot_torque_saturation_percent_zero_samples ... ok
test snapshot_telemetry_loss_saturating_total ... ok
test snapshot_telemetry_loss_zero_packets ... ok
test streaming_stats_all_same_values ... ok
test streaming_stats_large_count_saturating ... ok
test streaming_stats_reset_then_reuse ... ok
test streaming_stats_min_then_max ... ok
test streaming_stats_single_element ... ok
test ordering_stress_mixed_read_write ... ok
test queue_correctness::queue_concurrent_producer_consumer_conservation ... ok
test queue_correctness::queue_multi_producer_no_phantom_items ... ok

test result: ok. 47 passed; 0 failed; 0 ignored; 0 measured; 0 filtered out; finished in 0.03s

     Running tests\atomic_deep_tests.rs (target\debug\deps\atomic_deep_tests-524e9734e4aba798.exe)

running 100 tests
test app_metrics_default ... ok
test app_metrics_no_violations_clean ... ok
test app_metrics_new_all_zero ... ok
test atomic_counters_inc_hid_write_error ... ok
test atomic_counters_inc_profile_switch ... ok
test app_metrics_violation_telemetry_loss ... ok
test atomic_counters_inc_telemetry_received ... ok
test atomic_counters_inc_missed_tick ... ok
test atomic_counters_inc_missed_tick_by ... ok
test app_thresholds_defaults ... ok
test atomic_counters_inc_telemetry_lost ... ok
test app_metrics_violation_torque ... ok
test atomic_counters_inc_tick_by_zero ... ok
test atomic_counters_inc_tick ... ok
test atomic_counters_concurrent_mixed_operations ... ok
test atomic_counters_inc_tick_by ... ok
test atomic_counters_inc_safety_event ... ok
test atomic_counters_new_all_zero ... ok
test atomic_counters_record_torque_saturation_mixed ... ok
test atomic_counters_large_increments ... ok
test atomic_counters_record_torque_saturation_true ... ok
test atomic_counters_record_torque_saturation_false ... ok
test atomic_counters_reset ... ok
test atomic_counters_concurrent_snapshot_during_writes ... ok
test atomic_counters_default_matches_new ... ok
test atomic_counters_snapshot_and_reset ... ok
test atomic_counters_snapshot_is_consistent ... ok
test atomic_counters_concurrent_increments ... ok
test atomic_counters_telemetry_loss_percent ... ok
test atomic_counters_torque_saturation_percent ... ok
test atomic_counters_with_values ... ok
test counter_snapshot_debug ... ok
test counter_snapshot_default_all_zero ... ok
test counter_snapshot_eq_and_clone ... ok
test counter_snapshot_telemetry_loss_percent_all_lost ... ok
test counter_snapshot_telemetry_loss_percent_mixed ... ok
test counter_snapshot_telemetry_loss_percent_zero ... ok
test counter_snapshot_torque_saturation_percent_all_saturated ... ok
test counter_snapshot_torque_saturation_percent_half ... ok
test counter_snapshot_torque_saturation_percent_zero_samples ... ok
test counters_to_app_metrics_pipeline ... ok
test jitter_stats_clone_copy ... ok
test jitter_stats_default ... ok
test jitter_stats_exceeds_threshold ... ok
test jitter_stats_exceeds_threshold_checks_p99 ... ok
test jitter_stats_from_values ... ok
test jitter_stats_new_all_zero ... ok
test jitter_stats_to_micros ... ok
test jitter_stats_to_micros_sub_microsecond ... ok
test jitter_stats_zero_threshold ... ok
test latency_stats_default ... ok
test latency_stats_exceeds_threshold ... ok
test latency_stats_from_nanos ... ok
test latency_stats_from_nanos_rounding ... ok
test latency_stats_from_values ... ok
test latency_stats_new_all_zero ... ok
test latency_stats_zero_threshold ... ok
test queue_tests::queues_default_capacity_constant ... ok
test queue_tests::queues_hid_latency_drop_ignores_full ... ok
test queue_tests::queues_processing_time_drop_ignores_full ... ok
test queue_tests::queues_default_empty ... ok
test queue_tests::queues_push_drop_ignores_full ... ok
test queue_tests::queues_drain_empty ... ok
test queue_tests::queues_drain_hid_latency ... ok
test queue_tests::queues_drain_jitter ... ok
test queue_tests::queues_concurrent_multi_producer ... ok
test queue_tests::queues_push_returns_error_when_full ... ok
test queue_tests::queues_drain_processing_time ... ok
test queue_tests::queues_fifo_ordering ... ok
test queue_tests::queues_with_capacity ... ok
test queue_tests::queues_new_empty ... ok
test rt_metrics_has_violations_clean ... ok
test queue_tests::queues_pop_empty_returns_none ... ok
test rt_metrics_default ... ok
test rt_metrics_has_violations_jitter ... ok
test queue_tests::queues_push_pop_jitter ... ok
test rt_metrics_has_violations_processing_time ... ok
test queue_tests::queues_push_pop_processing_time ... ok
test queue_tests::queues_push_pop_hid_latency ... ok
test rt_metrics_missed_tick_rate_normal ... ok
test rt_metrics_missed_tick_rate_zero_ticks ... ok
test rt_metrics_new_all_zero ... ok
test rt_metrics_no_violations_within_thresholds ... ok
test queue_tests::queues_stats ... ok
test rt_thresholds_default_values ... ok
test rt_thresholds_debug ... ok
test streaming_stats_clone_copy ... ok
test streaming_stats_default_matches_new ... ok
test streaming_stats_large_values ... ok
test streaming_stats_mean_empty ... ok
test streaming_stats_min_max_tracking ... ok
test streaming_stats_multiple_records ... ok
test streaming_stats_new_is_empty ... ok
test streaming_stats_record_after_reset ... ok
test streaming_stats_reset ... ok
test streaming_stats_sequential_max_update ... ok
test streaming_stats_sequential_min_update ... ok
test streaming_stats_single_record ... ok
test streaming_stats_zero_values ... ok
test queue_tests::queues_concurrent_push_pop ... ok

test result: ok. 100 passed; 0 failed; 0 ignored; 0 measured; 0 filtered out; finished in 0.02s

     Running tests\concurrency_tests.rs (target\debug\deps\concurrency_tests-66f22fcf974a4feb.exe)

running 10 tests
test queue_tests::test_queue_overflow_drops_samples ... ok
test test_concurrent_snapshot_and_increment ... ok
test test_concurrent_independent_counters ... ok
test test_concurrent_increment_single_counter ... ok
test test_concurrent_increment_all_counters ... ok
test queue_tests::test_concurrent_queue_push_pop ... ok
test test_concurrent_torque_saturation ... ok
test test_concurrent_telemetry_tracking ... ok
test test_concurrent_snapshot_and_reset ... ok
test test_stress_counter_overflow ... ok

test result: ok. 10 passed; 0 failed; 0 ignored; 0 measured; 0 filtered out; finished in 0.01s

     Running tests\concurrent_stress_tests.rs (target\debug\deps\concurrent_stress_tests-b9e60621245cd381.exe)

running 13 tests
test property_reset_yields_zero ... ok
test property_with_values_roundtrip ... ok
test property_streaming_stats_invariants ... ok
test stress_counter_inc_by ... ok
test stress_telemetry_loss_no_torn_reads ... ok
test property_snapshot_consistency ... ok
test stress_snapshot_and_reset_coherence ... ok
test stress_counter_increment_total ... ok
test stress_independent_counters ... ok
test queue_stress::stress_queue_all_lanes_concurrent ... ok
test stress_torque_saturation_no_torn_reads ... ok
test queue_stress::stress_queue_concurrent_push_pop ... ok
test queue_stress::stress_queue_no_lost_items ... ok

test result: ok. 13 passed; 0 failed; 0 ignored; 0 measured; 0 filtered out; finished in 0.02s

     Running tests\property_tests.rs (target\debug\deps\property_tests-ddb538972c7663ed.exe)

running 13 tests
test prop_counter_add_is_monotonic ... ok
test prop_jitter_stats_percentiles_ordered ... ok
test prop_latency_stats_percentiles_ordered ... ok
test prop_snapshot_and_reset_clears_counters ... ok
test prop_counter_increment_is_monotonic ... ok
test prop_rt_metrics_missed_tick_rate ... ok
test prop_threshold_exceeded_consistency ... ok
test prop_torque_saturation_never_exceeds_100 ... ok
test prop_telemetry_loss_never_exceeds_100 ... ok
test prop_counter_operations_are_independent ... ok
test prop_streaming_stats_count ... ok
test prop_streaming_stats_mean ... ok
test prop_streaming_stats_min_max ... ok

test result: ok. 13 passed; 0 failed; 0 ignored; 0 measured; 0 filtered out; finished in 0.00s

     Running tests\stress_tests.rs (target\debug\deps\stress_tests-25fea8f6bc7b49d7.exe)

running 14 tests
test prop_reset_always_zeroes ... ok
test prop_with_values_roundtrips ... ok
test stress_queue_overflow_drops_gracefully ... ok
test prop_concurrent_inc_by_matches_sequential ... ok
test prop_streaming_stats_mean_is_bounded ... ok
test prop_streaming_stats_min_max_consistent ... ok
test ordering_snapshot_fields_are_bounded ... ok
test ordering_relaxed_counter_values_are_non_negative ... ok
test stress_concurrent_mixed_operations ... ok
test stress_torque_saturation_concurrent ... ok
test stress_concurrent_snapshot_during_writes ... ok
test stress_snapshot_and_reset_under_contention ... ok
test stress_queue_multi_producer ... ok
test stress_queue_concurrent_push_pop ... ok

test result: ok. 14 passed; 0 failed; 0 ignored; 0 measured; 0 filtered out; finished in 0.07s

     Running tests\unit_tests.rs (target\debug\deps\unit_tests-d853e7d8936d8d9a.exe)

running 30 tests
test test_app_metrics_has_violations ... ok
test test_atomic_counters_all_operations ... ok
test test_app_metrics_snapshot_default ... ok
test test_atomic_counters_default ... ok
test test_app_thresholds_default ... ok
test test_jitter_stats_exceeds_threshold ... ok
test test_atomic_counters_with_values ... ok
test test_latency_stats_exceeds_threshold ... ok
test test_latency_stats_from_nanos ... ok
test test_counter_snapshot_methods ... ok
test test_atomic_counters_reset ... ok
test test_latency_stats_from_values ... ok
test test_jitter_stats_from_values ... ok
test test_jitter_stats_to_micros ... ok
test test_counter_snapshot_default ... ok
test test_atomic_counters_snapshot_and_reset ... ok
test test_latency_stats_new ... ok
test test_rt_metrics_has_violations ... ok
test test_jitter_stats_new ... ok
test test_rt_metrics_missed_tick_rate ... ok
test test_rt_metrics_snapshot_default ... ok
test test_rt_thresholds_default ... ok
test test_streaming_stats_empty ... ok
test test_streaming_stats_record ... ok
test test_streaming_stats_reset ... ok
test test_streaming_stats_saturating_add ... ok
test test_telemetry_loss_percent_calculated ... ok
test test_telemetry_loss_percent_empty ... ok
test test_torque_saturation_percent_calculated ... ok
test test_torque_saturation_percent_empty ... ok

test result: ok. 30 passed; 0 failed; 0 ignored; 0 measured; 0 filtered out; finished in 0.00s

     Running unittests src\lib.rs (target\debug\deps\openracing_calibration-2be3be555e015c1d.exe)

running 14 tests
test joystick::tests::test_calibrate_joystick_axis ... ok
test joystick::tests::test_reset ... ok
test pedals::tests::test_create_pedal_calibration ... ok
test joystick::tests::test_joystick_calibrator_empty ... ok
test joystick::tests::test_joystick_calibrator_samples ... ok
test tests::test_error_types ... ok
test types::tests::test_axis_calibration_centered ... ok
test pedals::tests::test_pedal_calibrator_full ... ok
test pedals::tests::test_pedal_calibrator_throttle_only ... ok
test pedals::tests::test_reset ... ok
test pedals::tests::test_pedal_calibrator_empty ... ok
test types::tests::test_axis_calibration_with_deadzone ... ok
test types::tests::test_device_calibration ... ok
test types::tests::test_axis_calibration_basic ... ok

test result: ok. 14 passed; 0 failed; 0 ignored; 0 measured; 0 filtered out; finished in 0.00s

     Running tests\calibration_deep_tests.rs (target\debug\deps\calibration_deep_tests-72ef28b0aff6a9a3.exe)

running 84 tests
test additional_edge_cases::axis_apply_at_boundaries ... ok
test additional_edge_cases::calibration_point_above_one_normalized ... ok
test additional_edge_cases::axis_default_matches_full_range ... ok
test additional_edge_cases::device_calibration_empty_name ... ok
test additional_edge_cases::calibration_point_negative_normalized ... ok
test additional_edge_cases::joystick_center_not_detected_outside_threshold ... ok
test additional_edge_cases::device_calibration_large_axis_count ... ok
test additional_edge_cases::pedal_one_sample_per_axis ... ok
test auto_calibration_tests::auto_calibration_noisy_samples ... ok
test auto_calibration_tests::auto_calibration_pedal_sweep ... ok
test additional_edge_cases::joystick_center_detection_threshold ... ok
test additional_edge_cases::calibration_point_extreme_values ... ok
test additional_edge_cases::device_calibration_zero_axes ... ok
test additional_edge_cases::pedal_calibrator_default_same_as_new ... ok
test additional_edge_cases::device_calibration_version_preserved ... ok
test axis_calibration_tests::at_max_returns_one ... ok
test additional_edge_cases::multiple_center_candidates_uses_first ... ok
test auto_calibration_tests::auto_detect_center_from_dense_samples ... ok
test auto_calibration_tests::progressive_sample_collection_narrows_range ... ok
test axis_calibration_tests::at_min_returns_zero ... ok
test axis_calibration_tests::center_point_stored ... ok
test axis_calibration_tests::deadzone_clamps_high_values ... ok
test axis_calibration_tests::deadzone_clamps_low_values ... ok
test axis_calibration_tests::deadzone_remaps_interior ... ok
test axis_calibration_tests::full_range_maps_correctly ... ok
test axis_calibration_tests::partial_range_with_matching_deadzones ... ok
test calibration_workflow_tests::full_axis_workflow_joystick ... ok
test calibration_workflow_tests::full_pedal_workflow ... ok
test calibration_workflow_tests::incremental_sample_collection ... ok
test edge_case_tests::deadzone_wider_than_range ... ok
test edge_case_tests::device_axis_out_of_bounds ... ok
test edge_case_tests::device_default_is_empty ... ok
test edge_case_tests::identical_min_max_any_raw_returns_midpoint ... ok
test edge_case_tests::max_equals_u16_max ... ok
test edge_case_tests::min_equals_max_equals_zero ... ok
test edge_case_tests::zero_range_returns_midpoint ... ok
test error_display_tests::error_device_error_empty_string ... ok
test error_display_tests::error_device_error_message ... ok
test error_display_tests::error_invalid_data_message ... ok
test error_display_tests::error_not_complete_message ... ok
test migration_tests::deserialize_default_axis_round_trip ... ok
test migration_tests::deserialize_full_device_with_multiple_axes ... ok
test migration_tests::deserialize_minimal_device_json ... ok
test migration_tests::deserialize_v1_axis_calibration ... ok
test migration_tests::deserialize_v1_axis_with_center ... ok
test migration_tests::invalid_json_rejected ... ok
test multi_axis_deep_tests::multi_axis_apply_independent ... ok
test multi_axis_deep_tests::six_axis_device_with_mixed_configs ... ok
test multi_axis_deep_tests::multi_axis_json_round_trip_with_deadzones ... ok
test multipoint_tests::calibration_points_store_correctly ... ok
test multipoint_tests::multipoint_linearity ... ok
test multipoint_tests::multipoint_monotonic_output ... ok
test pedal_calibration_tests::pedal_basic_calibration ... ok
test pedal_calibration_tests::pedal_inversion_via_apply ... ok
test pedal_calibration_tests::pedal_deadzone_simulation ... ok
test pedal_calibration_tests::pedal_missing_axis_fails ... ok
test pedal_calibration_tests::pedal_partial_range ... ok
test pedal_calibration_tests::pedal_reset_clears_samples ... ok
test pedal_calibration_tests::pedal_single_sample_min_equals_max ... ok
test pedal_nonlinear_tests::pedal_apply_monotonic_with_deadzone ... ok
test pedal_nonlinear_tests::pedal_narrow_physical_range ... ok
test pedal_nonlinear_tests::pedal_with_deadzone_at_bottom ... ok
test pedal_nonlinear_tests::pedal_with_narrow_deadzone_at_top ... ok
test pedal_nonlinear_tests::three_pedals_different_ranges ... ok
test recalibration_tests::device_calibration_axis_overwrite ... ok
test recalibration_tests::joystick_recalibrate_with_new_range ... ok
test recalibration_tests::pedal_recalibrate_after_reset ... ok
test storage_tests::axis_calibration_json_round_trip ... ok
test storage_tests::calibration_point_json_round_trip ... ok
test storage_tests::device_calibration_json_round_trip ... ok
test storage_tests::device_calibration_preserves_all_axes ... ok
test validation_tests::duplicate_samples_handled ... ok
test validation_tests::joystick_single_sample_succeeds ... ok
test validation_tests::multiple_resets_still_works ... ok
test validation_tests::pedal_throttle_and_brake_only_fails ... ok
test wheel_calibration_tests::joystick_calibrator_reset_works ... ok
test wheel_calibration_tests::wheel_center_detected ... ok
test wheel_calibration_tests::wheel_full_rotation_range ... ok
test wheel_calibration_tests::wheel_no_center_when_no_midpoint_sample ... ok
test wheel_calibration_tests::wheel_partial_rotation_range ... ok

running 1 test
proptest: FileFailurePersistence::SourceParallel set, but failed to find lib.rs or main.rs
proptest: FileFailurePersistence::SourceParallel set, but failed to find lib.rs or main.rs

running 1 test
proptest: FileFailurePersistence::SourceParallel set, but failed to find lib.rs or main.rs
proptest: FileFailurePersistence::SourceParallel set, but failed to find lib.rs or main.rs

running 1 test
proptest: FileFailurePersistence::SourceParallel set, but failed to find lib.rs or main.rs
proptest: FileFailurePersistence::SourceParallel set, but failed to find lib.rs or main.rs

running 1 test
proptest: FileFailurePersistence::SourceParallel set, but failed to find lib.rs or main.rs
proptest: FileFailurePersistence::SourceParallel set, but failed to find lib.rs or main.rs
test prop_tests::calibrated_monotonic_when_min_lt_max ... ok
test prop_tests::calibrated_output_in_range ... ok
test prop_tests::calibrated_output_finite ... ok
test prop_tests::zero_range_always_midpoint ... ok

test result: ok. 84 passed; 0 failed; 0 ignored; 0 measured; 0 filtered out; finished in 0.10s

     Running tests\calibration_tests.rs (target\debug\deps\calibration_tests-10ba14df1daa2e23.exe)

running 41 tests
test axis_calibration::apply_within_range_is_clamped_to_zero_one ... ok
test axis_calibration::center_point_is_stored ... ok
test axis_calibration::deadzone_clamps_above_max ... ok
test axis_calibration::deadzone_clamps_below_min ... ok
test axis_calibration::default_calibration_is_full_range ... ok
test axis_calibration::full_range_maps_correctly ... ok
test axis_calibration::partial_range_min_maps_to_zero ... ok
test device_calibration::axis_access_out_of_bounds_returns_none ... ok
test device_calibration::default_device_has_empty_axes ... ok
test axis_calibration::zero_range_returns_midpoint ... ok
test axis_calibration::serialization_roundtrip ... ok
test calibration_point::new_stores_values ... ok
test device_calibration::axis_access_in_bounds ... ok
test device_calibration::serialization_roundtrip ... ok
test axis_calibration::partial_range_with_matching_deadzone_maps_full_span ... ok
test device_calibration::new_creates_correct_axis_count ... ok
test device_calibration::axis_mutation_persists ... ok
test device_calibration::zero_axes_is_valid ... ok
test calibration_point::serialization_roundtrip ... ok
test error_types::device_error_display ... ok
test error_types::invalid_data_display ... ok
test error_types::not_complete_display ... ok
test joystick_calibrator::empty_calibrator_fails ... ok
test joystick_calibrator::full_range_calibration ... ok
test joystick_calibrator::no_center_when_no_midpoint_sample ... ok
test joystick_calibrator::reset_clears_samples ... ok
test joystick_calibrator::single_sample_calibration ... ok
test joystick_convenience::empty_samples_fail ... ok
test joystick_convenience::from_samples_slice ... ok
test pedal_calibrator::default_creates_empty ... ok
test pedal_calibrator::empty_calibrator_fails ... ok
test pedal_calibrator::full_calibration_succeeds ... ok
test pedal_calibrator::many_samples_uses_min_max ... ok
test pedal_calibrator::missing_one_axis_fails ... ok
test pedal_calibrator::reset_clears_all_samples ... ok
test pedal_calibrator::single_sample_per_axis_succeeds ... ok
test pedal_convenience::create_from_slices ... ok
test pedal_convenience::empty_slices_fail ... ok
proptest: FileFailurePersistence::SourceParallel set, but failed to find lib.rs or main.rs
proptest: FileFailurePersistence::SourceParallel set, but failed to find lib.rs or main.rs
proptest: FileFailurePersistence::SourceParallel set, but failed to find lib.rs or main.rs
test property_tests::apply_output_is_between_zero_and_one ... ok
test property_tests::axis_serialization_roundtrip ... ok
test property_tests::device_calibration_roundtrip ... ok

test result: ok. 41 passed; 0 failed; 0 ignored; 0 measured; 0 filtered out; finished in 0.02s

     Running tests\property_tests.rs (target\debug\deps\property_tests-f0afe5840c6dcefc.exe)

running 30 tests
test interpolation_tests::apply_at_max_returns_one ... ok
test interpolation_tests::apply_below_min_returns_zero ... ok
test interpolation_tests::apply_with_center_retains_center ... ok
test interpolation_tests::deadzone_clips_high_values ... ok
test interpolation_tests::deadzone_clips_low_values ... ok
test interpolation_tests::equal_min_max_returns_half ... ok
test interpolation_tests::midpoint_maps_near_half ... ok
test joystick_tests::convenience_function_calibrates ... ok
test joystick_tests::empty_calibrator_returns_error ... ok
test pedal_tests::create_pedal_calibration_convenience ... ok
test joystick_tests::full_sweep_calibration ... ok
test joystick_tests::reset_clears_samples ... ok
test joystick_tests::single_sample_calibrates ... ok
test pedal_tests::empty_pedal_calibrator_fails ... ok
proptest: FileFailurePersistence::SourceParallel set, but failed to find lib.rs or main.rs
test pedal_tests::partial_pedals_fail ... ok
proptest: FileFailurePersistence::SourceParallel set, but failed to find lib.rs or main.rs
proptest: FileFailurePersistence::SourceParallel set, but failed to find lib.rs or main.rs
test pedal_tests::full_pedal_calibration ... ok
proptest: FileFailurePersistence::SourceParallel set, but failed to find lib.rs or main.rs
proptest: FileFailurePersistence::SourceParallel set, but failed to find lib.rs or main.rs
test pedal_tests::pedal_default_matches_new ... ok
proptest: FileFailurePersistence::SourceParallel set, but failed to find lib.rs or main.rs
proptest: FileFailurePersistence::SourceParallel set, but failed to find lib.rs or main.rs
test pedal_tests::pedal_reset_clears ... ok
test round_trip_tests::axis_calibration_default_full_range ... ok
test round_trip_tests::calibration_point_stores_values ... ok
test round_trip_tests::device_calibration_axis_access ... ok
test round_trip_tests::device_calibration_axis_mutation ... ok
test round_trip_tests::device_calibration_creates_correct_axis_count ... ok
test prop_monotonic_full_range ... ok
test prop_equal_minmax_returns_half ... ok
test prop_apply_subrange_bounded ... ok
test prop_apply_full_range_bounded ... ok
test prop_calibrated_endpoints ... ok
test prop_pedal_min_max ... ok
test prop_joystick_min_max_detected ... ok

test result: ok. 30 passed; 0 failed; 0 ignored; 0 measured; 0 filtered out; finished in 0.02s

     Running tests\proptest_calibration.rs (target\debug\deps\proptest_calibration-e33f44736bb25868.exe)

running 8 tests
proptest: FileFailurePersistence::SourceParallel set, but failed to find lib.rs or main.rs
proptest: FileFailurePersistence::SourceParallel set, but failed to find lib.rs or main.rs
proptest: FileFailurePersistence::SourceParallel set, but failed to find lib.rs or main.rs
proptest: FileFailurePersistence::SourceParallel set, but failed to find lib.rs or main.rs
proptest: FileFailurePersistence::SourceParallel set, but failed to find lib.rs or main.rs
proptest: FileFailurePersistence::SourceParallel set, but failed to find lib.rs or main.rs
proptest: FileFailurePersistence::SourceParallel set, but failed to find lib.rs or main.rs
proptest: FileFailurePersistence::SourceParallel set, but failed to find lib.rs or main.rs
test proptest_calibration::apply_max_maps_to_one ... ok
test proptest_calibration::deadzone_high_maps_to_one ... ok
test proptest_calibration::equal_min_max_returns_half ... ok
test proptest_calibration::deadzone_low_maps_to_zero ... ok
test proptest_calibration::full_range_apply_bounded ... ok
test proptest_calibration::apply_min_maps_to_zero ... ok
test proptest_calibration::apply_in_range_always_within_unit ... ok
test proptest_calibration::apply_monotonic ... ok

test result: ok. 8 passed; 0 failed; 0 ignored; 0 measured; 0 filtered out; finished in 0.01s

     Running tests\snapshot_expansion_tests.rs (target\debug\deps\snapshot_expansion_tests-b33cba8ec971f8cf.exe)

running 4 tests
test snapshot_calibration_error_invalid_data ... ok
test snapshot_calibration_error_not_complete ... ok
test snapshot_calibration_error_device_error ... ok
test snapshot_calibration_error_debug ... ok

test result: ok. 4 passed; 0 failed; 0 ignored; 0 measured; 0 filtered out; finished in 0.18s

     Running unittests src\lib.rs (target\debug\deps\openracing_capture_format-dcfb249861144191.exe)

running 23 tests
test replay::tests::reconstruct_report_prepends_id ... ok
test replay::tests::replay_iterator_report_id_filter ... ok
test replay::tests::replay_iterator_direction_filter ... ok
test replay::tests::replay_parse_basic ... ok
test replay::tests::replay_result_empty ... ok
test replay::tests::replay_result_success_rate ... ok
test replay::tests::replay_iterator_all ... ok
test synthetic::tests::all_vendors_produce_sessions ... ok
test synthetic::tests::synthetic_metadata_flag ... ok
test synthetic::tests::records_have_monotonic_timestamps ... ok
test tests::direction_serde ... ok
test tests::duration_ns_correct ... ok
test tests::empty_session_duration ... ok
test synthetic::tests::unknown_vendor_returns_none ... ok
test tests::filter_direction_works ... ok
test tests::filter_report_id_works ... ok
test tests::json_roundtrip ... ok
test tests::validate_timestamps_bad ... ok
test tests::unsupported_version_rejected ... ok
test tests::validate_timestamps_ok ... ok
test property_tests::prop_record_roundtrip ... ok
test property_tests::prop_duration_never_panics ... ok
test property_tests::prop_json_roundtrip ... ok

test result: ok. 23 passed; 0 failed; 0 ignored; 0 measured; 0 filtered out; finished in 0.27s

     Running tests\fixture_validation.rs (target\debug\deps\fixture_validation-03fd5e1257e9c3cb.exe)

running 1 test
test all_fixtures_load_and_validate ... ok

test result: ok. 1 passed; 0 failed; 0 ignored; 0 measured; 0 filtered out; finished in 0.00s

     Running tests\generate_fixtures.rs (target\debug\deps\generate_fixtures-35a493bd13cd50e8.exe)

running 1 test
test generate_fixture_files ... ignored

test result: ok. 0 passed; 0 failed; 1 ignored; 0 measured; 0 filtered out; finished in 0.00s

     Running tests\replay_integration.rs (target\debug\deps\replay_integration-2f0d75b93ca268b6.exe)

running 6 tests
test replay_cammus_synthetic ... ok
test replay_fanatec_synthetic ... ok
test replay_simagic_synthetic ... ok
test replay_thrustmaster_synthetic ... ok
test replay_vrs_synthetic ... ok
test json_roundtrip_then_replay ... ok

test result: ok. 6 passed; 0 failed; 0 ignored; 0 measured; 0 filtered out; finished in 0.00s

     Running unittests src\lib.rs (target\debug\deps\openracing_capture_ids-371055682cd9eeda.exe)

running 11 tests
test replay::tests::test_decode_hex_basic ... ok
test replay::tests::test_decode_hex_empty ... ok
test replay::tests::test_parse_vid_str_invalid ... ok
test replay::tests::test_parse_vid_str_without_prefix ... ok
test replay::tests::test_parse_capture_line_all_fields ... ok
test replay::tests::test_parse_capture_line_missing_field ... ok
test replay::tests::test_decode_hex_invalid_chars_error ... ok
test replay::tests::test_parse_vid_str_with_prefix ... ok
test replay::tests::test_roundtrip_capture_line ... ok
test replay::tests::test_roundtrip_hex_encode_decode ... ok
test replay::tests::test_decode_hex_odd_length_error ... ok

test result: ok. 11 passed; 0 failed; 0 ignored; 0 measured; 0 filtered out; finished in 0.00s

     Running unittests src\main.rs (target\debug\deps\openracing_capture_ids-4ff411cb95ca625f.exe)

running 16 tests
test tests::given_empty_report_when_decoded_then_returns_none_safely ... ok
test tests::given_captured_report_when_roundtripped_then_fields_preserved ... ok
test tests::given_known_vid_with_wrong_report_id_when_decoded_then_returns_none ... ok
test tests::given_known_vid_with_malformed_report_when_decoded_then_returns_none_gracefully ... ok
test tests::given_hex_vid_pid_when_parsed_then_correct_u16_returned ... ok
test tests::given_logitech_capture_line_when_full_pipeline_executed_then_output_formatted ... ok
test tests::given_logitech_full_left_and_throttle_when_decoded_then_values_correct ... ok
test tests::given_interleaved_multi_device_captures_when_decoded_then_no_conflicts ... ok
test tests::given_moza_capture_line_when_parsed_and_decoded_then_pipeline_produces_output ... ok
test tests::given_moza_full_deflection_when_decoded_then_values_normalised_correctly ... ok
test tests::given_moza_vid_when_valid_report_decoded_then_identified_as_moza_with_axes ... ok
test tests::given_multiple_devices_when_decoded_then_separate_protocol_handlers_used ... ok
test tests::given_sequential_captures_when_parsed_then_timestamps_monotonically_increasing ... ok
test tests::given_u16_value_when_formatted_then_canonical_hex_representation ... ok
test tests::given_logitech_vid_when_valid_report_decoded_then_identified_as_logitech_with_axes ... ok
test tests::given_unknown_vid_when_decode_attempted_then_returns_none ... ok

test result: ok. 16 passed; 0 failed; 0 ignored; 0 measured; 0 filtered out; finished in 0.00s

     Running tests\capture_deep_tests.rs (target\debug\deps\capture_deep_tests-d64a2f76994b78a9.exe)

running 44 tests
test capture_serde::captured_report_large_timestamp ... ok
test capture_serde::captured_report_roundtrip ... ok
test capture_serde::parse_capture_line_missing_field_fails ... ok
test capture_serde::parse_capture_line_all_fields ... ok
test cross_platform_naming::decode_hex_empty ... ok
test cross_platform_naming::decode_hex_odd_length_fails ... ok
test capture_serde::captured_report_zero_timestamp ... ok
test cross_platform_naming::decode_hex_all_ff ... ok
test cross_platform_naming::decode_hex_all_zeros ... ok
test cross_platform_naming::decode_hex_basic ... ok
test capture_serde::parse_capture_line_empty_report ... ok
test cross_platform_naming::decode_hex_invalid_chars_fails ... ok
test cross_platform_naming::parse_vid_str_with_prefix ... ok
test cross_platform_naming::decode_hex_uppercase_chars ... ok
test cross_platform_naming::parse_vid_str_without_prefix ... ok
test cross_platform_naming::parse_vid_str_invalid_fails ... ok
test cross_platform_naming::hex_encode_decode_roundtrip ... ok
test capture_serde::parse_capture_line_invalid_json ... ok
test device_id_deduplication::distinct_captures_have_different_timestamps ... ok
test device_id_deduplication::different_vendors_in_same_capture ... ok
test device_id_deduplication::same_vid_pid_different_reports_are_distinct ... ok
test device_id_deduplication::timestamps_monotonically_increase ... ok
test full_pipeline::captured_report_serde_roundtrip_pipeline ... ok
test full_pipeline::interleaved_multi_vendor_captures ... ok
test full_pipeline::logitech_capture_pipeline ... ok
test full_pipeline::moza_capture_pipeline ... ok
test full_pipeline::unknown_vendor_in_pipeline_returns_none ... ok
test id_format_validation::hex_u16_known_vendors ... ok
test id_format_validation::hex_u16_max ... ok
test id_format_validation::hex_u16_padding_preserved ... ok
test id_format_validation::hex_u16_roundtrip_through_parse ... ok
test id_format_validation::hex_u16_zero ... ok
test id_format_validation::parse_hex_id_invalid_returns_error ... ok
test id_format_validation::parse_hex_id_trims_whitespace ... ok
test id_format_validation::parse_hex_id_with_0x_prefix ... ok
test id_format_validation::parse_hex_id_with_0x_uppercase_prefix ... ok
test id_format_validation::parse_hex_id_without_prefix ... ok
test vendor_decode::empty_report_returns_none ... ok
test vendor_decode::known_vid_short_report_returns_none ... ok
test vendor_decode::logitech_vid_produces_logitech_output ... ok
test vendor_decode::moza_full_deflection_values ... ok
test vendor_decode::moza_vid_produces_moza_output ... ok
test vendor_decode::unknown_vid_returns_none ... ok
test vendor_decode::wrong_report_id_returns_none ... ok

test result: ok. 44 passed; 0 failed; 0 ignored; 0 measured; 0 filtered out; finished in 0.00s

     Running tests\capture_ids_deep_tests.rs (target\debug\deps\capture_ids_deep_tests-c8cd1ebb4afd5640.exe)

running 45 tests
test decode_dispatch::decode_single_byte_report_returns_none_for_known_vids ... ok
test decode_dispatch::all_known_vids_decode_with_valid_reports ... ok
test decode_dispatch::decode_report_returns_none_for_many_unknown_vids ... ok
test decode_dispatch::moza_max_brake_report ... ok
test decode_dispatch::logitech_full_right_steering ... ok
test hex_format::hex_u16_uses_uppercase_hex_digits ... ok
test id_comparison::hex_u16_lexicographic_order_matches_numeric_for_same_length ... ok
test decode_dispatch::moza_zero_position_report ... ok
test hex_format::hex_u16_always_six_chars ... ok
test hex_format::hex_u16_always_starts_with_0x ... ok
test hex_format::hex_encode_decode_roundtrip_all_single_bytes ... ok
test id_comparison::captured_report_timestamp_ordering ... ok
test decode_dispatch::logitech_button_state_encoded ... ok
test id_comparison::parse_hex_id_symmetry_with_hex_u16 ... ok
test id_comparison::vid_numeric_comparison_after_parsing ... ok
test id_parsing::parse_hex_id_all_single_digit_hex ... ok
test id_parsing::parse_hex_id_boundary_values ... ok
test id_parsing::parse_hex_id_decimal_fallback ... ok
test id_parsing::parse_hex_id_error_message_contains_input ... ok
test id_parsing::parse_hex_id_mixed_case_hex_digits ... ok
test id_parsing::parse_vid_str_boundary_values ... ok
test id_parsing::parse_vid_str_mixed_case_prefix ... ok
test id_parsing::parse_vid_str_whitespace_handling ... ok
test id_serde::captured_report_clone_preserves_fields ... ok
test id_serde::captured_report_debug_format_contains_fields ... ok
test id_serde::captured_report_deserialization_ignores_extra_fields ... ok
test id_serde::captured_report_json_field_names ... ok
test id_serde::captured_report_roundtrip_all_boundary_timestamps ... ok
test id_serde::captured_report_with_long_report_hex ... ok
test id_serde::parse_capture_line_rejects_wrong_types ... ok
test id_uniqueness::captured_reports_differ_by_report_content ... ok
test id_uniqueness::captured_reports_with_different_timestamps_are_distinguishable ... ok
test id_validation::decode_hex_mixed_case_valid ... ok
test id_validation::decode_hex_all_256_byte_values ... ok
test id_validation::decode_hex_uppercase_valid ... ok
test id_validation::decode_hex_validates_even_length ... ok
test id_validation::decode_hex_validates_hex_chars ... ok
test id_validation::parse_capture_line_rejects_empty_json ... ok
test id_validation::parse_capture_line_rejects_partial_fields ... ok
test id_validation::parse_capture_line_rejects_plain_text ... ok
test id_validation::parse_hex_id_rejects_bare_prefix ... ok
test id_validation::parse_hex_id_rejects_empty_string ... ok
test id_validation::parse_vid_str_rejects_empty_string ... ok
test id_validation::parse_vid_str_rejects_non_hex_chars ... ok
test id_uniqueness::hex_u16_produces_unique_strings_for_distinct_values ... ok

test result: ok. 45 passed; 0 failed; 0 ignored; 0 measured; 0 filtered out; finished in 0.00s

     Running tests\capture_tooling_tests.rs (target\debug\deps\capture_tooling_tests-e37c73dd3bb45746.exe)

running 83 tests
test capture_file_format::capture_file_empty_devices_array ... ok
test capture_file_format::capture_file_json_roundtrip ... ok
test capture_file_format::capture_file_multiple_devices_roundtrip ... ok
test capture_file_format::capture_file_without_descriptor_hex_skips_field ... ok
test capture_file_format::capture_file_with_descriptor_info ... ok
test capture_file_format::jsonl_capture_format_multiple_lines ... ok
test capture_session_management::empty_session_has_zero_duration ... ok
test device_change_detection::detect_device_disconnected ... ok
test capture_session_management::session_accepts_matching_reports ... ok
test capture_session_management::session_rejects_non_matching_pid ... ok
test capture_session_management::session_rejects_non_matching_vid ... ok
test capture_session_management::session_start_timestamp_set_from_first_report ... ok
test capture_session_management::session_tracks_duration ... ok
test capture_session_management::session_with_limit_stops_accepting ... ok
test capture_session_management::session_without_filter_accepts_all ... ok
test capture_file_format::jsonl_report_hex_field_maps_to_raw_bytes ... ok
test device_change_detection::detect_device_swap ... ok
test device_change_detection::detect_from_empty_to_populated ... ok
test device_change_detection::detect_from_populated_to_empty ... ok
test device_change_detection::detect_multiple_simultaneous_changes ... ok
test device_change_detection::detect_new_device_connected ... ok
test device_change_detection::no_changes_when_same ... ok
test device_fingerprinting::different_interfaces_produce_different_fingerprints ... ok
test device_fingerprinting::different_usage_pages_produce_different_fingerprints ... ok
test device_fingerprinting::different_usages_produce_different_fingerprints ... ok
test device_fingerprinting::fingerprint_canonical_id_format ... ok
test device_fingerprinting::fingerprint_from_capture_line_vid_pid ... ok
test device_fingerprinting::fingerprint_from_vid_pid_strings ... ok
test device_fingerprinting::fingerprint_uniqueness_in_collection ... ok
test device_fingerprinting::moza_wheel_hid_gaming_fingerprint ... ok
test device_fingerprinting::same_fields_produce_equal_fingerprints ... ok
test export_import_captured_data::export_captured_reports_to_jsonl ... ok
test export_import_captured_data::export_import_roundtrip_preserves_all_fields ... ok
test export_import_captured_data::export_preserves_hex_report_encoding ... ok
test export_import_captured_data::import_jsonl_and_decode_all_reports ... ok
test export_import_captured_data::import_rejects_invalid_json_line ... ok
test export_import_captured_data::import_skips_empty_lines ... ok
test hid_descriptor_capture_and_parsing::descriptor_byte_length_matches_hex_length ... ok
test hid_descriptor_capture_and_parsing::descriptor_hex_roundtrip_preserves_data ... ok
test hid_descriptor_capture_and_parsing::descriptor_mixed_case_hex_decodes ... ok
test hid_descriptor_capture_and_parsing::descriptor_report_id_item_parsing ... ok
test hid_descriptor_capture_and_parsing::descriptor_usage_page_item_parsing ... ok
test hid_descriptor_capture_and_parsing::descriptor_with_all_ff_bytes ... ok
test hid_descriptor_capture_and_parsing::descriptor_with_all_zero_bytes ... ok
test export_import_captured_data::export_to_file_and_reimport ... ok
test hid_descriptor_capture_and_parsing::empty_descriptor_is_valid ... ok
test hid_descriptor_capture_and_parsing::invalid_descriptor_hex_rejected ... ok
test hid_descriptor_capture_and_parsing::parse_raw_descriptor_bytes_from_hex ... ok
test multi_device_capture_and_filtering::count_unique_devices_in_capture ... ok
test multi_device_capture_and_filtering::decode_only_known_vendor_reports ... ok
test multi_device_capture_and_filtering::filter_captures_by_pid ... ok
test multi_device_capture_and_filtering::filter_captures_by_vid ... ok
test multi_device_capture_and_filtering::filter_captures_by_vid_and_pid ... ok
test multi_device_capture_and_filtering::group_captures_by_vendor ... ok
test multi_device_capture_and_filtering::interleaved_reports_maintain_order ... ok
test unknown_device_detection_and_classification::classify_empty_report_as_no_data ... ok
test unknown_device_detection_and_classification::classify_known_vid_with_bad_report_as_unknown ... ok
test unknown_device_detection_and_classification::classify_logitech_device ... ok
test unknown_device_detection_and_classification::classify_moza_device ... ok
test unknown_device_detection_and_classification::classify_unknown_vid_as_unknown_hid ... ok
test unknown_device_detection_and_classification::heuristic_all_vid_space_non_matching_returns_unknown ... ok
test unknown_device_detection_and_classification::heuristic_classify_from_capture_pipeline ... ok
test unknown_device_detection_and_classification::heuristic_report_id_zero_may_indicate_no_report_ids ... ok
test unknown_device_detection_and_classification::usage_page_consumer ... ok
test unknown_device_detection_and_classification::usage_page_game_controls ... ok
test unknown_device_detection_and_classification::usage_page_generic_desktop ... ok
test unknown_device_detection_and_classification::usage_page_keyboard ... ok
test unknown_device_detection_and_classification::usage_page_other ... ok
test unknown_device_detection_and_classification::usage_page_simulation_controls ... ok
test unknown_device_detection_and_classification::usage_page_vendor_defined ... ok
test usb_device_enumeration_simulation::enumerate_multiple_devices_serializes_to_json ... ok
test usb_device_enumeration_simulation::enumerate_single_device ... ok
test usb_device_enumeration_simulation::enumeration_empty_device_list ... ok
test usb_device_enumeration_simulation::enumeration_filter_by_vid ... ok
test usb_device_enumeration_simulation::enumeration_missing_optional_fields_serializes ... ok
test usb_device_enumeration_simulation::enumeration_sort_by_pid_then_interface ... ok
test vid_pid_database_lookup::lookup_all_known_vids_have_handlers ... ok
test vid_pid_database_lookup::lookup_known_vid_logitech ... ok
test vid_pid_database_lookup::lookup_known_vid_moza ... ok
test vid_pid_database_lookup::lookup_unknown_vid_returns_none ... ok
test vid_pid_database_lookup::parse_hex_id_accepts_decimal_fallback ... ok
test vid_pid_database_lookup::vid_pid_hex_formatting_consistency ... ok
test vid_pid_database_lookup::vid_str_parse_matches_database_entries ... ok

test result: ok. 83 passed; 0 failed; 0 ignored; 0 measured; 0 filtered out; finished in 0.01s

     Running tests\comprehensive.rs (target\debug\deps\comprehensive-4bf1ca9ed27d2cbd.exe)

running 27 tests
test decode_empty_report_returns_none ... ok
test captured_report_roundtrip ... ok
test decode_hex_basic ... ok
test decode_hex_empty_string ... ok
test decode_moza_full_deflection ... ok
test full_capture_decode_pipeline_moza ... ok
test hex_u16_formats_all_boundaries ... ok
test decode_hex_invalid_chars_fails ... ok
test decode_hex_odd_length_fails ... ok
test decode_moza_report_produces_moza_prefix ... ok
test decode_unknown_vid_returns_none ... ok
test full_capture_decode_pipeline_logitech ... ok
test decode_known_vid_with_short_report_returns_none ... ok
test interleaved_multi_vendor_captures ... ok
test decode_known_vid_with_wrong_report_id_returns_none ... ok
test parse_capture_line_all_fields ... ok
test hex_u16_roundtrip_through_parse ... ok
test hex_roundtrip_encode_decode ... ok
test decode_logitech_report_produces_logitech_prefix ... ok
test parse_capture_line_missing_field_fails ... ok
test parse_hex_id_invalid_returns_error ... ok
test parse_hex_id_trims_whitespace ... ok
test parse_hex_id_with_0x_prefix ... ok
test parse_hex_id_without_prefix ... ok
test parse_vid_str_invalid_fails ... ok
test parse_vid_str_with_and_without_prefix ... ok
test sequential_captures_timestamps_increase ... ok

test result: ok. 27 passed; 0 failed; 0 ignored; 0 measured; 0 filtered out; finished in 0.00s

     Running tests\replay_timing_tests.rs (target\debug\deps\replay_timing_tests-33c7ca16ae8fce9e.exe)

running 30 tests
test capture_error_handling::decode_hex_single_char_fails ... ok
test capture_error_handling::decode_hex_with_spaces_fails ... ok
test capture_error_handling::parse_incomplete_json_object_fails ... ok
test capture_error_handling::parse_line_wrong_field_types ... ok
test capture_error_handling::parse_vid_str_pure_whitespace_fails ... ok
test capture_error_handling::parse_hex_id_garbage_fails ... ok
test capture_error_handling::parse_whitespace_only_fails ... ok
test hex_utility_extended::hex_u16_roundtrip_all_boundary_values ... ok
test capture_error_handling::parse_vid_str_empty_fails ... ok
test protocol_extraction::empty_report_for_known_vendor_returns_none ... ok
test hex_utility_extended::parse_hex_id_decimal_fallback ... ok
test protocol_extraction::extract_from_interleaved_multi_vendor_stream ... ok
test capture_error_handling::parse_empty_line_fails ... ok
test capture_error_handling::parse_line_with_extra_fields_succeeds ... ok
test hex_utility_extended::decode_hex_full_byte_range ... ok
test protocol_extraction::extract_logitech_buttons_from_capture ... ok
test protocol_extraction::extract_moza_steering_from_capture ... ok
test protocol_extraction::extract_protocol_from_stream_of_captures ... ok
test protocol_extraction::short_report_for_known_vendor_returns_none ... ok
test protocol_extraction::unknown_vendor_report_extraction_returns_none ... ok
test replay_timing::large_timestamp_gap_handled ... ok
test replay_timing::replay_at_double_speed_halves_intervals ... ok
test capture_file_io::jsonl_empty_file_produces_no_reports ... ok
test replay_timing::replay_at_half_speed_doubles_intervals ... ok
test capture_file_io::jsonl_with_blank_lines_skipped ... ok
test replay_timing::zero_speed_replay_skips_all_timing ... ok
test replay_timing::timing_deltas_from_first_report ... ok
test capture_file_io::jsonl_write_and_read_roundtrip ... ok
test replay_timing::timing_deltas_preserved_through_parse ... ok
test replay_timing::timestamps_monotonically_increase_in_parsed_capture ... ok

test result: ok. 30 passed; 0 failed; 0 ignored; 0 measured; 0 filtered out; finished in 0.00s

     Running tests\vendor_timing_replay_tests.rs (target\debug\deps\vendor_timing_replay_tests-d9c9ca1cb26a1a23.exe)

running 27 tests
test replay_validation::validate_empty_stream ... ok
test replay_validation::validate_bad_hex_report_counted_as_failure ... ok
test replay_validation::validate_distinct_vids_sorted ... ok
test replay_validation::validate_moza_stream ... ok
test replay_validation::validate_mixed_vendor_stream ... ok
test replay_validation::validate_unknown_vendor_all_fail ... ok
test replay_validation::validate_logitech_stream ... ok
test replay_validation::validate_short_report_for_known_vendor_fails ... ok
test timing_analysis::timing_std_dev_nonzero_for_mixed ... ok
test timing_analysis::timing_two_reports ... ok
test timing_analysis::timing_variable_intervals ... ok
test timing_analysis::timing_returns_none_for_empty ... ok
test timing_analysis::timing_returns_none_for_single ... ok
test timing_analysis::timing_250hz_stream ... ok
test vendor_detection::detect_fanatec ... ok
test vendor_detection::detect_from_vid_str_hex_prefix ... ok
test vendor_detection::detect_from_vid_str_invalid ... ok
test timing_analysis::timing_p99_for_large_uniform_set ... ok
test vendor_detection::detect_from_vid_str_no_prefix ... ok
test vendor_detection::detect_logitech ... ok
test vendor_detection::detect_moza ... ok
test vendor_detection::detect_thrustmaster ... ok
test timing_analysis::timing_1khz_stream ... ok
test vendor_detection::detect_unknown_vid ... ok
test vendor_detection::vendor_label_unknown_is_not_empty ... ok
test vendor_detection::vendor_labels_correct ... ok
test replay_validation::validate_large_moza_stream ... ok

test result: ok. 27 passed; 0 failed; 0 ignored; 0 measured; 0 filtered out; finished in 0.00s

     Running unittests src\lib.rs (target\debug\deps\openracing_crypto-8d860749b2939f1d.exe)

running 45 tests
test ed25519::tests::test_detached_signature_path ... ok
test ed25519::tests::test_invalid_signature_length ... ok
test ed25519::tests::test_invalid_public_key_length ... ok
test ed25519::tests::test_keypair_generation ... ok
test ed25519::tests::test_public_key_fingerprint ... ok
test trust_store::tests::test_add_key_from_hex ... ok
test error::tests::test_error_display ... ok
test error::tests::test_error_from_io ... ok
test error::tests::test_error_from_json ... ok
test trust_store::tests::test_add_key_from_hex_invalid_hex ... ok
test ed25519::tests::test_signature_base64_roundtrip ... ok
test trust_store::tests::test_add_key_from_hex_invalid_length ... ok
test ed25519::tests::test_constant_time_equality ... ok
test trust_store::tests::test_cannot_modify_system_key ... ok
test trust_store::tests::test_cannot_remove_system_key ... ok
test ed25519::tests::test_keypair_from_bytes ... ok
test trust_store::tests::test_fail_closed_rejects_all_lookups ... ok
test trust_store::tests::test_get_stats ... ok
test trust_store::tests::test_fail_closed_store_rejects_real_keypair ... ok
test trust_store::tests::test_in_memory_trust_store ... ok
test trust_store::tests::test_is_key_trusted ... ok
test trust_store::tests::test_list_keys ... ok
test trust_store::tests::test_export_with_system_keys ... ok
test trust_store::tests::test_remove_key ... ok
test trust_store::tests::test_trust_level_update ... ok
test trust_store::tests::test_reject_signature_from_untrusted_key ... ok
test trust_store::tests::test_unknown_key_returns_unknown_trust_level ... ok
test trust_store::tests::test_import_export_keys ... ok
test trust_store::tests::test_open_or_fail_closed_with_corrupt_file ... ok
test trust_store::tests::test_update_nonexistent_key_fails ... ok
test verification::tests::test_content_type_detection ... ok
test trust_store::tests::test_import_with_overwrite ... ok
test verification::tests::test_should_verify_file ... ok
test trust_store::tests::test_open_or_fail_closed_with_missing_file_creates_new ... ok
test trust_store::tests::test_file_backed_store ... ok
test trust_store::tests::test_open_or_fail_closed_with_valid_file ... ok
test verification::tests::test_verification_service_creation ... ok
test ed25519::tests::test_sign_with_metadata ... ok
test trust_store::tests::test_real_keypair_sign_verify_with_trust_store ... ok
test ed25519::tests::test_detached_signature_file_operations ... ok
test ed25519::tests::test_sign_file ... ok
test verification::tests::test_verify_plugin_allows_unknown_signer_when_enabled ... ok
test verification::tests::test_verify_plugin_rejects_unknown_signer_when_disallowed ... ok
test ed25519::tests::test_sign_and_verify ... ok
test trust_store::tests::test_reject_invalid_signature ... ok

test result: ok. 45 passed; 0 failed; 0 ignored; 0 measured; 0 filtered out; finished in 0.02s

     Running tests\crypto_deep_tests.rs (target\debug\deps\crypto_deep_tests-704496cc2a3ace3f.exe)

running 70 tests
test base64_encode_decode_roundtrip ... ok
test base64_decode_invalid_fails ... ok
test crypto_error_display_messages ... ok
test invalid_base64_signature_rejected ... ok
test different_seeds_produce_different_keys ... ok
test key_fingerprint_deterministic_for_same_key ... ok
test key_fingerprint_is_64_hex_chars ... ok
test different_messages_produce_different_signatures ... ok
test key_generation_produces_unique_pairs ... ok
test key_generation_produces_valid_32_byte_keys ... ok
test deterministic_key_from_fixed_seed ... ok
test different_keys_produce_different_fingerprints ... ok
test keypair_from_signing_key_preserves_public_key ... ok
test keypair_from_bytes_roundtrip ... ok
test parse_public_key_wrong_length_fails ... ok
test parse_public_key_from_base64 ... ok
test public_key_ct_eq_reflexive ... ok
test public_key_der_like_raw_extraction ... ok
test public_key_base64_roundtrip ... ok
test public_key_hex_roundtrip ... ok
test public_key_from_bytes ... ok
test appended_data_detected ... ok
test flipped_bit_in_signature_rejected ... ok
test forged_signature_rejected ... ok
test public_key_with_comment ... ok
test public_key_to_verifying_key ... ok
test restored_key_produces_same_signature ... ok
test same_key_same_message_produces_same_signature ... ok
test sha256_hex_deterministic ... ok
test public_key_partial_eq_uses_ct ... ok
test public_key_json_serialization_roundtrip ... ok
test known_seed_signature_is_verifiable ... ok
test key_rotation_trust_store_workflow ... ok
test sign_and_verify_roundtrip ... ok
test signature_is_64_bytes ... ok
test signature_ct_eq_reflexive ... ok
test key_rotation_metadata_resign ... ok
test signature_path_extension ... ok
test signature_base64_roundtrip ... ok
test signature_metadata_json_roundtrip ... ok
test sign_empty_message ... ok
test sign_one_byte_payload ... ok
test signing_key_hex_roundtrip ... ok
test signing_key_raw_bytes_roundtrip ... ok
test trust_store_add_and_retrieve ... ok
test trust_store_export_import ... ok
test trust_store_remove_user_key ... ok
test trust_store_file_backed_persistence ... ok
test trust_store_system_key_protection ... ok
test trust_store_stats ... ok
test trust_store_unknown_key_returns_unknown ... ok
test trust_store_update_trust_level ... ok
test known_seed_different_data_produces_different_signatures ... ok
test verify_with_trust_store_unknown_key_fails ... ok
test signature_metadata_serialization ... ok
test truncated_data_detected ... ok
test wrong_length_signature_rejected ... ok
test multiple_keypairs_sign_same_message ... ok
test batch_verify_detects_single_bad_signature ... ok
test cross_key_verification_fails ... ok
test wrong_key_rejects_signature ... ok
test key_rotation_resign_with_new_key ... ok
test verify_content_with_metadata ... ok
test verify_with_trust_store_trusted_key ... ok
test batch_verify_multiple_keys ... ok
test batch_verify_multiple_messages_same_key ... ok
test all_content_types_signable ... ok
test sign_large_message ... ok
test sign_various_payload_sizes ... ok
test single_byte_change_detected ... ok

test result: ok. 70 passed; 0 failed; 0 ignored; 0 measured; 0 filtered out; finished in 0.19s

     Running tests\crypto_hardening_tests.rs (target\debug\deps\crypto_hardening_tests-289a045c01612f12.exe)

running 52 tests
test base64_empty_data ... ok
test add_key_from_hex_invalid_hex ... ok
test add_key_from_hex_wrong_length ... ok
test base64_invalid_input_fails ... ok
test base64_round_trip ... ok
test ct_eq_public_keys_identical ... ok
test ct_eq_public_keys_differ ... ok
test fail_closed_all_lookups_distrusted ... ok
test add_key_from_hex_valid ... ok
test fail_closed_get_public_key_returns_none ... ok
test fail_closed_verifier_rejects_all ... ok
test ct_eq_signatures_identical ... ok
test ct_eq_signatures_differ ... ok
test kat_fixed_key_public_key_stable ... ok
test key_fingerprint_matches_sha256_of_bytes ... ok
test keygen_fingerprint_deterministic ... ok
test keygen_fingerprint_differs_for_different_keys ... ok
test keygen_produces_valid_keypair ... ok
test keygen_from_bytes_round_trip ... ok
test parse_public_key_invalid_base64 ... ok
test parse_public_key_wrong_length ... ok
test parse_public_key_from_base64_valid ... ok
test public_key_from_bytes_preserves_data ... ok
test keygen_unique_keys ... ok
test public_key_with_comment ... ok
test sha256_deterministic ... ok
test sha256_different_inputs_differ ... ok
test sha256_known_answer ... ok
test signature_from_base64_invalid_encoding ... ok
test signature_from_base64_wrong_length ... ok
test signature_path_appends_sig_extension ... ok
test signature_path_no_extension ... ok
test detached_signature_file_lifecycle ... ok
test signature_from_base64_valid_roundtrip ... ok
test system_key_cannot_be_modified ... ok
test system_key_cannot_be_removed ... ok
test trust_store_in_memory_starts_with_default_key ... ok
test trust_store_add_and_retrieve_key ... ok
test trust_store_list_keys_includes_added ... ok
test trust_store_remove_user_key ... ok
test trust_store_unknown_key_returns_unknown ... ok
test trust_store_stats_accurate ... ok
test trust_store_update_trust_level ... ok
test corrupted_signature_bytes_reject ... ok
test kat_fixed_key_sign_verify ... ok
test sign_verify_basic ... ok
test sign_verify_empty_data ... ok
test sign_with_metadata_round_trip ... ok
test tampered_data_rejects ... ok
test tampered_single_bit_rejects ... ok
test wrong_key_rejects ... ok
test sign_verify_large_data ... ok

test result: ok. 52 passed; 0 failed; 0 ignored; 0 measured; 0 filtered out; finished in 0.34s

     Running tests\integration_test.rs (target\debug\deps\integration_test-7f7ee5e84e1bbb71.exe)

running 13 tests
test verification_service::test_content_type_detection ... ok
test trust_store_operations::test_system_key_protection ... ok
test trust_store_operations::test_import_export ... ok
test verification_service::test_service_initialization ... ok
test trust_store_operations::test_persist_and_reload ... ok
test edge_cases::test_empty_content ... ok
test sign_verify_roundtrip::test_tampered_content_detection ... ok
test sign_verify_roundtrip::test_full_sign_verify_cycle ... ok
test edge_cases::test_distrusted_key_behavior ... ok
test sign_verify_roundtrip::test_detached_signature_file ... ok
test verification_service::test_verify_signed_plugin ... ok
test edge_cases::test_multiple_signatures_same_content ... ok
test edge_cases::test_large_content ... ok

test result: ok. 13 passed; 0 failed; 0 ignored; 0 measured; 0 filtered out; finished in 0.34s

     Running tests\property_tests.rs (target\debug\deps\property_tests-7aafead53fc7b266.exe)

running 23 tests
test test_invalid_base64_signature_rejected ... ok
proptest: FileFailurePersistence::SourceParallel set, but failed to find lib.rs or main.rs
proptest: FileFailurePersistence::SourceParallel set, but failed to find lib.rs or main.rs
test test_invalid_public_key_length_rejected ... ok
test test_corrupted_signature_all_ones ... ok
proptest: FileFailurePersistence::SourceParallel set, but failed to find lib.rs or main.rs
proptest: FileFailurePersistence::SourceParallel set, but failed to find lib.rs or main.rs
proptest: FileFailurePersistence::SourceParallel set, but failed to find lib.rs or main.rs
proptest: FileFailurePersistence::SourceParallel set, but failed to find lib.rs or main.rs
proptest: FileFailurePersistence::SourceParallel set, but failed to find lib.rs or main.rs
proptest: FileFailurePersistence::SourceParallel set, but failed to find lib.rs or main.rs
proptest: FileFailurePersistence::SourceParallel set, but failed to find lib.rs or main.rs
test test_public_key_constant_time_equality ... ok
test prop_generated_keys_have_correct_sizes ... ok
test test_signature_constant_time_equality ... ok
test prop_generated_fingerprints_are_64_hex_chars ... ok
test test_wrong_length_base64_signature_rejected ... ok
test prop_two_generated_keys_differ ... ok
test test_trust_store_add_retrieve_roundtrip ... ok
test test_corrupted_signature_all_zeros ... ok
test test_corrupted_signature_single_bit_flip ... ok
test prop_keypair_from_bytes_roundtrip ... ok
test test_trust_store_unknown_key_returns_unknown ... ok
test test_sign_verify_empty_payload ... ok
test test_sign_verify_single_byte ... ok
test test_sign_with_metadata_roundtrip ... ok
test test_wrong_payload_fails_verify ... ok
test prop_signature_base64_roundtrip ... ok
test prop_deterministic_signatures ... ok
test prop_wrong_key_fails_verify ... ok
test prop_sign_verify_roundtrip ... ok
test prop_sign_verify_large_payload ... ok

test result: ok. 23 passed; 0 failed; 0 ignored; 0 measured; 0 filtered out; finished in 1.00s

     Running tests\signing_property_tests.rs (target\debug\deps\signing_property_tests-6a081cb917f3eb75.exe)

running 10 tests
test key_generation_determinism_with_fixed_seed ... ok
test signature_format_bytes_are_64 ... ok
test key_generation_determinism_signatures_match ... ok
proptest: FileFailurePersistence::SourceParallel set, but failed to find lib.rs or main.rs
test signature_format_stability_snapshot ... ok
proptest: FileFailurePersistence::SourceParallel set, but failed to find lib.rs or main.rs
proptest: FileFailurePersistence::SourceParallel set, but failed to find lib.rs or main.rs
proptest: FileFailurePersistence::SourceParallel set, but failed to find lib.rs or main.rs
test multiple_signatures_same_key_deterministic ... ok
test multiple_signatures_same_key ... ok
test prop_bit_flip_at_any_data_position ... ok
test prop_bit_flip_in_signature_fails ... ok
test prop_bit_flip_in_data_fails ... ok
test prop_sign_then_verify_succeeds ... ok

test result: ok. 10 passed; 0 failed; 0 ignored; 0 measured; 0 filtered out; finished in 0.51s

     Running tests\snapshot_expansion_tests.rs (target\debug\deps\snapshot_expansion_tests-4597e673965f00d9.exe)

running 11 tests
test snapshot_crypto_error_invalid_key_length ... ok
test snapshot_crypto_error_trust_store ... ok
test snapshot_crypto_error_constant_time ... ok
test snapshot_crypto_error_serialization ... ok
test snapshot_crypto_error_invalid_signature_length ... ok
test snapshot_crypto_error_invalid_signature ... ok
test snapshot_crypto_error_untrusted_signer ... ok
test snapshot_crypto_error_key_format ... ok
test snapshot_crypto_error_verification_failed ... ok
test snapshot_crypto_error_key_not_found ... ok
test snapshot_crypto_error_system_key_protected ... ok

test result: ok. 11 passed; 0 failed; 0 ignored; 0 measured; 0 filtered out; finished in 0.19s

     Running unittests src\lib.rs (target\debug\deps\openracing_curves-92daadfbd50d1f25.exe)

running 65 tests
test bezier::tests::test_bezier_creation_infinity ... ok
test bezier::tests::test_bezier_creation_nan ... ok
test bezier::tests::test_bezier_creation_invalid_y ... ok
test bezier::tests::test_bezier_linear_curve ... ok
test bezier::tests::test_bezier_map_endpoints ... ok
test bezier::tests::test_bezier_default ... ok
test bezier::tests::test_bezier_creation_invalid_x ... ok
test bezier::tests::test_bezier_evaluate_endpoints ... ok
test bezier::tests::test_bezier_creation_neg_infinity ... ok
test bezier::tests::test_bezier_map_clamping ... ok
test bezier::tests::test_bezier_creation_valid ... ok
test bezier::tests::test_bezier_presets ... ok
test bezier::tests::test_bezier_s_curve ... ok
test curve_type::tests::test_curve_type_custom_lut ... ok
test curve_type::tests::test_curve_type_bezier_endpoints ... ok
test curve_type::tests::test_curve_type_default ... ok
test curve_type::tests::test_curve_type_clamping ... ok
test bezier::tests::test_bezier_validate ... ok
test bezier::tests::test_bezier_serialization ... ok
test curve_type::tests::test_all_curve_types_endpoint_consistency ... ok
test curve_type::tests::test_curve_type_exponential_creation_invalid_nan ... ok
test curve_type::tests::test_curve_type_exponential_creation_invalid_inf ... ok
test curve_type::tests::test_curve_type_exponential_creation_invalid_negative ... ok
test curve_type::tests::test_curve_type_exponential_creation_invalid_zero ... ok
test curve_type::tests::test_curve_type_exponential_creation_valid ... ok
test curve_type::tests::test_curve_type_exponential_endpoints ... ok
test curve_type::tests::test_curve_type_exponential_evaluate ... ok
test curve_type::tests::test_curve_type_exponential_output_range ... ok
test curve_type::tests::test_curve_type_linear_endpoints ... ok
test curve_type::tests::test_curve_type_linear_evaluate ... ok
test curve_type::tests::test_curve_type_logarithmic_creation_invalid_less_than_one ... ok
test curve_type::tests::test_curve_type_logarithmic_creation_invalid_nan ... ok
test curve_type::tests::test_curve_type_logarithmic_creation_invalid_one ... ok
test curve_type::tests::test_curve_type_logarithmic_creation_valid ... ok
test curve_type::tests::test_curve_type_logarithmic_endpoints ... ok
test curve_type::tests::test_curve_type_logarithmic_evaluate ... ok
test curve_type::tests::test_curve_type_logarithmic_output_range ... ok
test curve_type::tests::test_curve_type_serialization ... ok
test curve_type::tests::test_curve_type_to_lut_bezier ... ok
test curve_type::tests::test_curve_type_to_lut_exponential ... ok
test curve_type::tests::test_curve_type_to_lut_linear ... ok
test curve_type::tests::test_curve_type_to_lut_logarithmic ... ok
test curve_type::tests::test_curve_type_validate_bezier_invalid ... ok
test curve_type::tests::test_curve_type_validate_bezier_valid ... ok
test curve_type::tests::test_curve_type_validate_exponential_invalid ... ok
test curve_type::tests::test_curve_type_validate_exponential_valid ... ok
test curve_type::tests::test_curve_type_validate_linear ... ok
test curve_type::tests::test_curve_type_validate_logarithmic_invalid ... ok
test curve_type::tests::test_curve_type_validate_logarithmic_valid ... ok
test error::tests::test_error_display_control_point ... ok
test error::tests::test_error_display_invalid_config ... ok
test error::tests::test_error_is_std_error ... ok
test lut::tests::test_curve_lut_default ... ok
test lut::tests::test_curve_lut_determinism ... ok
test lut::tests::test_curve_lut_from_fn ... ok
test lut::tests::test_curve_lut_from_linear_bezier ... ok
test lut::tests::test_curve_lut_is_monotonic ... ok
test lut::tests::test_curve_lut_lookup_clamping ... ok
test lut::tests::test_curve_lut_lookup_interpolation ... ok
test lut::tests::test_curve_lut_min_max ... ok
test lut::tests::test_curve_lut_output_range ... ok
test lut::tests::test_curve_lut_s_curve ... ok
test lut::tests::test_curve_lut_no_allocation_in_lookup ... ok
test lut::tests::test_curve_lut_serialization_wrong_size ... ok
test lut::tests::test_curve_lut_serialization ... ok

test result: ok. 65 passed; 0 failed; 0 ignored; 0 measured; 0 filtered out; finished in 0.00s

     Running tests\curves_deep_tests.rs (target\debug\deps\curves_deep_tests-b888ff3f431c64c5.exe)

running 45 tests
test bezier_evaluation_tests::bezier_ease_in_below_linear_at_low_input ... ok
test bezier_evaluation_tests::bezier_ease_out_above_linear_at_low_input ... ok
test bezier_evaluation_tests::bezier_ease_in_out_midpoint_near_half ... ok
test bezier_evaluation_tests::bezier_s_curve_symmetry ... ok
test bezier_evaluation_tests::bezier_evaluate_parametric_is_continuous ... ok
test composition_tests::blending_two_luts_averages ... ok
test composition_tests::chaining_two_linear_luts_is_linear ... ok
test control_point_tests::corner_control_points_produce_step_like_curve ... ok
test boundary_tests::lut_from_fn_matches_at_all_grid_points ... ok
test boundary_tests::lut_lookup_fine_increment_monotonic ... ok
test composition_tests::chaining_exponential_curves ... ok
test composition_tests::chaining_sqrt_then_square_approximates_identity ... ok
test bezier_evaluation_tests::bezier_evaluate_at_t_half_on_linear ... ok
test composition_tests::composed_lut_preserves_endpoints ... ok
test control_point_tests::sliding_control_point_smoothly_changes_output ... ok
test control_point_tests::modifying_control_points_changes_output ... ok
test control_point_tests::p0_and_p3_determine_endpoints ... ok
test boundary_tests::all_curve_types_output_in_range_comprehensive ... ok
test control_point_tests::validate_rejects_nan_after_manual_edit ... ok
test curve_fitting_tests::from_fn_clamps_out_of_range ... ok
test curve_fitting_tests::from_fn_cubic ... ok
test curve_fitting_tests::from_fn_negative_clamped_to_zero ... ok
test curve_fitting_tests::from_fn_quadratic ... ok
test curve_fitting_tests::from_fn_sin_response ... ok
test curve_fitting_tests::from_fn_sqrt ... ok
test linear_interpolation_tests::exponential_lut_interpolation_within_tolerance ... ok
test linear_interpolation_tests::linear_lut_interpolates_midpoints_accurately ... ok
test linear_interpolation_tests::linear_lut_matches_identity_at_grid_points ... ok
test linear_interpolation_tests::logarithmic_lut_interpolation_within_tolerance ... ok
test monotonicity_tests::constant_lut_is_monotonic ... ok
test monotonicity_tests::all_preset_bezier_luts_are_monotonic ... ok
test monotonicity_tests::linear_lut_is_monotonic ... ok
test monotonicity_tests::exponential_curves_are_monotonic ... ok
test monotonicity_tests::logarithmic_curves_are_monotonic ... ok
test monotonicity_tests::non_monotonic_lut_detected ... ok
test numerical_stability_tests::bezier_with_coincident_control_points ... ok
test numerical_stability_tests::f32_max_input_clamped_to_one ... ok
test numerical_stability_tests::f32_min_input_clamped_to_zero ... ok
test numerical_stability_tests::large_exponent_stable ... ok
test numerical_stability_tests::large_log_base_stable ... ok
test numerical_stability_tests::log_base_near_one_stable ... ok
test numerical_stability_tests::near_zero_exponent_stable ... ok
test numerical_stability_tests::subnormal_inputs_produce_finite_output ... ok
test performance_tests::linear_evaluate_under_one_microsecond ... ok
test performance_tests::lut_lookup_under_one_microsecond ... ok

test result: ok. 45 passed; 0 failed; 0 ignored; 0 measured; 0 filtered out; finished in 0.00s

     Running tests\fuzz_tests.rs (target\debug\deps\fuzz_tests-75ce49b3b1816c87.exe)

running 14 tests
test fuzz_bezier_nan_control_points ... ok
test fuzz_denormalized_values ... ok
test fuzz_boundary_values ... ok
test fuzz_infinity_input ... ok
test fuzz_exponential_infinity_exponent ... ok
test fuzz_exponential_nan_exponent ... ok
test fuzz_one_input ... ok
test fuzz_bezier_infinity_control_points ... ok
test fuzz_large_values ... ok
test fuzz_logarithmic_infinity_base ... ok
test fuzz_logarithmic_nan_base ... ok
test fuzz_nan_input ... ok
test fuzz_tiny_values ... ok
test fuzz_zero_input ... ok

test result: ok. 14 passed; 0 failed; 0 ignored; 0 measured; 0 filtered out; finished in 0.00s

     Running tests\property_tests.rs (target\debug\deps\property_tests-5aaaad83ab87e452.exe)

running 11 tests
test prop_linear_maps_to_self ... ok
test prop_all_curves_map_to_unit_range ... ok
test prop_clamping_works ... ok
test prop_endpoints_map_to_zero_and_one ... ok
test prop_bezier_endpoints_valid ... ok
test prop_bezier_map_output_in_range ... ok
test prop_lut_interpolation_is_smooth ... ok
test prop_lut_lookup_clamping ... ok
test prop_logarithmic_is_monotonic ... ok
test prop_exponential_is_monotonic ... ok
test prop_lut_matches_direct_evaluation ... ok

test result: ok. 11 passed; 0 failed; 0 ignored; 0 measured; 0 filtered out; finished in 0.00s

     Running tests\proptest_curves.rs (target\debug\deps\proptest_curves-e1dba7f422de75e9.exe)

running 34 tests
test edge_bezier_nan_rejected ... ok
test edge_default_bezier_is_linear ... ok
test edge_error_display ... ok
test edge_bezier_presets_endpoints ... ok
test edge_default_curvetype_is_linear ... ok
test edge_lut_linear_min_max ... ok
test edge_nan_exponent_rejected ... ok
test edge_extreme_exponent_large ... ok
test edge_extreme_exponent_small ... ok
test edge_inf_log_base_rejected ... ok
test edge_log_base_large ... ok
test edge_log_base_near_one ... ok
proptest: FileFailurePersistence::SourceParallel set, but failed to find lib.rs or main.rs
test edge_nan_log_base_rejected ... ok
proptest: FileFailurePersistence::SourceParallel set, but failed to find lib.rs or main.rs
test edge_inf_exponent_rejected ... ok
test edge_lut_deserialization_wrong_size ... ok
test edge_custom_lut_roundtrip_through_curvetype ... ok
proptest: FileFailurePersistence::SourceParallel set, but failed to find lib.rs or main.rs
proptest: FileFailurePersistence::SourceParallel set, but failed to find lib.rs or main.rs
proptest: FileFailurePersistence::SourceParallel set, but failed to find lib.rs or main.rs
proptest: FileFailurePersistence::SourceParallel set, but failed to find lib.rs or main.rs
proptest: FileFailurePersistence::SourceParallel set, but failed to find lib.rs or main.rs
proptest: FileFailurePersistence::SourceParallel set, but failed to find lib.rs or main.rs
proptest: FileFailurePersistence::SourceParallel set, but failed to find lib.rs or main.rs
proptest: FileFailurePersistence::SourceParallel set, but failed to find lib.rs or main.rs
proptest: FileFailurePersistence::SourceParallel set, but failed to find lib.rs or main.rs
proptest: FileFailurePersistence::SourceParallel set, but failed to find lib.rs or main.rs
proptest: FileFailurePersistence::SourceParallel set, but failed to find lib.rs or main.rs
test prop_logarithmic_serde_roundtrip ... ok
test prop_lut_lookup_deterministic ... ok
proptest: FileFailurePersistence::SourceParallel set, but failed to find lib.rs or main.rs
proptest: FileFailurePersistence::SourceParallel set, but failed to find lib.rs or main.rs
proptest: FileFailurePersistence::SourceParallel set, but failed to find lib.rs or main.rs
proptest: FileFailurePersistence::SourceParallel set, but failed to find lib.rs or main.rs
test prop_linear_serde_roundtrip ... ok
test prop_from_fn_output_bounded ... ok
test prop_bezier_validate_matches_ctor ... ok
test prop_exponential_validate_matches_ctor ... ok
proptest: FileFailurePersistence::SourceParallel set, but failed to find lib.rs or main.rs
test prop_exponential_serde_roundtrip ... ok
test prop_from_fn_monotonic_for_powf ... ok
test prop_evaluate_deterministic ... ok
test prop_bezier_serde_roundtrip ... ok
test prop_lut_fidelity_bezier ... ok
test prop_negative_y_rejected ... ok
test prop_lut_fidelity_exponential ... ok
test prop_lut_fidelity_logarithmic ... ok
test prop_logarithmic_validate_matches_ctor ... ok
test prop_oob_x_rejected ... ok
test prop_lut_serde_roundtrip ... ok
test prop_valid_bezier_accepted ... ok

test result: ok. 34 passed; 0 failed; 0 ignored; 0 measured; 0 filtered out; finished in 0.03s

     Running tests\snapshot_expansion_tests.rs (target\debug\deps\snapshot_expansion_tests-0dfac2fbc3b0208b.exe)

running 4 tests
test snapshot_curve_error_invalid_configuration ... ok
test snapshot_curve_error_control_point_y ... ok
test snapshot_curve_error_control_point_out_of_range ... ok
test snapshot_curve_error_debug ... ok

test result: ok. 4 passed; 0 failed; 0 ignored; 0 measured; 0 filtered out; finished in 0.18s

     Running tests\snapshot_tests.rs (target\debug\deps\snapshot_tests-3c5a99b9e4df6460.exe)

running 11 tests
test snapshot_bezier_s_curve_lut ... ok
test snapshot_bezier_ease_in_lut ... ok
test snapshot_bezier_linear_lut ... ok
test snapshot_bezier_ease_out_lut ... ok
test snapshot_exponential_05_lut ... ok
test snapshot_exponential_2_lut ... ok
test snapshot_logarithmic_e_lut ... ok
test snapshot_linear_lut ... ok
test snapshot_bezier_ease_in_out_lut ... ok
test snapshot_logarithmic_10_lut ... ok
test snapshot_bezier_aggressive_lut ... ok

test result: ok. 11 passed; 0 failed; 0 ignored; 0 measured; 0 filtered out; finished in 0.19s

     Running unittests src\lib.rs (target\debug\deps\openracing_device_types-c413f982a105faaa.exe)

running 7 tests
test tests::test_button_access ... ok
test tests::test_clutch_pedal_separation ... ok
test tests::test_rotary_access ... ok
test tests::test_telemetry_data ... ok
test tests::test_device_inputs_builder ... ok
test tests::test_hat_direction ... ok
test tests::test_device_inputs_default ... ok

test result: ok. 7 passed; 0 failed; 0 ignored; 0 measured; 0 filtered out; finished in 0.00s

     Running tests\comprehensive_tests.rs (target\debug\deps\comprehensive_tests-7b00219844653ec7.exe)

running 30 tests
test builder_tests::chained_builders ... ok
test builder_tests::with_handbrake ... ok
test builder_tests::with_pedals ... ok
test button_tests::button_byte_boundary ... ok
proptest: FileFailurePersistence::SourceParallel set, but failed to find lib.rs or main.rs
proptest: FileFailurePersistence::SourceParallel set, but failed to find lib.rs or main.rs
test button_tests::out_of_range_button_returns_false ... ok
test builder_tests::with_rotaries ... ok
test hat_direction_tests::all_8_directions ... ok
test button_tests::button_independence ... ok
test hat_direction_tests::default_hat_direction ... ok
test button_tests::set_and_get_all_16_buttons ... ok
test button_tests::unset_button ... ok
test clutch_tests::separate_clutch_pedals ... ok
proptest: FileFailurePersistence::SourceParallel set, but failed to find lib.rs or main.rs
test device_inputs_construction::default_all_zeros ... ok
test device_inputs_construction::new_equals_default ... ok
proptest: FileFailurePersistence::SourceParallel set, but failed to find lib.rs or main.rs
test builder_tests::with_steering ... ok
test button_tests::out_of_range_set_is_noop ... ok
test hat_direction_tests::hat_direction_is_copy_and_eq ... ok
test hat_direction_tests::values_above_7_are_neutral ... ok
test rotary_tests::rotary_in_range ... ok
test rotary_tests::rotary_negative_values ... ok
test rotary_tests::rotary_out_of_range_returns_zero ... ok
proptest: FileFailurePersistence::SourceParallel set, but failed to find lib.rs or main.rs
test telemetry_tests::telemetry_data_clone ... ok
test telemetry_tests::telemetry_data_construction ... ok
test trait_tests::device_inputs_is_clone ... ok
test trait_tests::device_inputs_is_copy ... ok
test button_set_get_roundtrip ... ok
test button_out_of_range_always_false ... ok
test hat_direction_valid_or_neutral ... ok
test rotary_in_bounds_correct ... ok
test rotary_out_of_bounds_zero ... ok

test result: ok. 30 passed; 0 failed; 0 ignored; 0 measured; 0 filtered out; finished in 0.01s

     Running tests\device_types_deep_tests.rs (target\debug\deps\device_types_deep_tests-47528059b85e2db8.exe)

running 68 tests
test button_capabilities::button_at_byte_boundary ... ok
test button_capabilities::set_and_get_every_button_independently ... ok
test capability_flags::button_bitmask_all_clear ... ok
test capability_flags::button_bitmask_alternating ... ok
test button_capabilities::button_out_of_range_returns_false ... ok
test clutch_pedals::all_clutch_fields_none_by_default ... ok
test clutch_pedals::clutch_buttons_independent ... ok
test clutch_pedals::separate_left_right_combined ... ok
test combined_states::full_lock_right_with_full_brake ... ok
test button_capabilities::set_all_then_clear_one ... ok
test capability_flags::fault_flags_individual_bits ... ok
test button_capabilities::set_button_out_of_range_is_noop ... ok
test button_capabilities::button_toggle_roundtrip ... ok
test combined_states::full_lock_left_with_full_throttle ... ok
test capability_flags::button_bitmask_all_set ... ok
test capability_flags::fault_flags_no_faults ... ok
test combined_states::simultaneous_buttons_hat_pedals ... ok
test device_builders::chained_builders_all_fields ... ok
test device_builders::with_buttons_sets_array ... ok
test device_builders::with_handbrake_sets_value ... ok
test device_builders::with_hat_sets_value ... ok
test device_builders::with_pedals_sets_all_three ... ok
test device_builders::with_rotaries_sets_all ... ok
test device_builders::with_steering_max ... ok
test device_builders::with_steering_sets_value ... ok
test device_builders::with_steering_zero ... ok
test device_identification::inputs_with_all_fields_populated ... ok
test device_identification::partial_struct_update_preserves_unset_fields ... ok
test device_identification::tick_field_can_be_set ... ok
test device_identification::tick_incrementing ... ok
test device_identification::tick_wraps_at_u32_max ... ok
test display_debug::device_inputs_default_debug ... ok
test display_debug::device_inputs_debug_not_empty ... ok
test display_debug::hat_direction_debug_not_empty ... ok
test display_debug::telemetry_data_debug_not_empty ... ok
test hat_direction_completeness::all_nine_hat_directions_exist ... ok
test hat_direction_completeness::hat_direction_default_is_neutral ... ok
test hat_direction_completeness::hat_direction_mapping_table ... ok
proptest: FileFailurePersistence::SourceParallel set, but failed to find lib.rs or main.rs
test hat_direction_completeness::hat_values_0_through_7_map_to_unique_directions ... ok
proptest: FileFailurePersistence::SourceParallel set, but failed to find lib.rs or main.rs
test hat_direction_completeness::hat_values_8_and_above_are_all_neutral ... ok
proptest: FileFailurePersistence::SourceParallel set, but failed to find lib.rs or main.rs
proptest: FileFailurePersistence::SourceParallel set, but failed to find lib.rs or main.rs
test hat_direction_equality::all_pairs_are_distinct ... ok
proptest: FileFailurePersistence::SourceParallel set, but failed to find lib.rs or main.rs
test hat_direction_equality::clone_preserves_equality ... ok
proptest: FileFailurePersistence::SourceParallel set, but failed to find lib.rs or main.rs
proptest: FileFailurePersistence::SourceParallel set, but failed to find lib.rs or main.rs
test rotary_access::all_8_rotaries_accessible ... ok
proptest: FileFailurePersistence::SourceParallel set, but failed to find lib.rs or main.rs
proptest: FileFailurePersistence::SourceParallel set, but failed to find lib.rs or main.rs
test rotary_access::out_of_range_rotary_returns_zero ... ok
test rotary_access::rotary_negative_and_extreme_values ... ok
test telemetry::all_fault_flags ... ok
test telemetry::clone_produces_equal_values ... ok
test telemetry::construction_and_field_access ... ok
test telemetry::extreme_temperature_values ... ok
test telemetry_extremes::extreme_wheel_angle ... ok
test telemetry_extremes::extreme_wheel_speed ... ok
test telemetry_extremes::hands_on_toggle ... ok
test telemetry_extremes::negative_wheel_speed ... ok
test telemetry_extremes::zero_telemetry ... ok
test trait_tests::device_inputs_default_all_none_or_zero ... ok
test trait_tests::device_inputs_is_clone ... ok
test trait_tests::device_inputs_is_copy ... ok
test trait_tests::hat_direction_is_copy_and_eq ... ok
test trait_tests::new_and_default_are_equivalent ... ok
test prop_handbrake_preserved ... ok
test prop_button_set_get_roundtrip ... ok
test prop_hat_direction_valid_or_neutral ... ok
test prop_button_out_of_range_always_false ... ok
test prop_pedals_preserved ... ok
test prop_steering_preserved ... ok
test prop_rotary_out_of_bounds_zero ... ok
test prop_button_independence ... ok
test prop_rotary_in_bounds_correct ... ok

test result: ok. 68 passed; 0 failed; 0 ignored; 0 measured; 0 filtered out; finished in 0.02s

     Running tests\device_types_hardening_tests.rs (target\debug\deps\device_types_hardening_tests-46b175251ba9e38c.exe)

running 53 tests
test builder_identification::builder_with_handbrake ... ok
test builder_identification::builder_chaining_preserves_all_fields ... ok
test builder_identification::builder_with_buttons ... ok
test builder_identification::builder_last_value_wins ... ok
test capability_queries::button_clear_individual_bits ... ok
test capability_queries::handbrake_accessor ... ok
test capability_queries::rotary_in_range_returns_correct_values ... ok
test capability_queries::steering_pedals_and_clutch_accessors ... ok
test capability_queries::button_byte_boundary_crossing ... ok
test builder_identification::builder_with_hat ... ok
test capability_queries::button_get_individual_bits ... ok
test builder_identification::builder_with_rotaries ... ok
test capability_queries::all_optionals_none_by_default ... ok
test edge_cases::all_buttons_on_via_raw_bytes ... ok
test builder_identification::builder_with_pedals ... ok
test capability_queries::rotary_out_of_range_returns_zero ... ok
test builder_identification::builder_with_steering ... ok
test edge_cases::all_buttons_off_via_raw_bytes ... ok
test edge_cases::i16_extreme_rotary_values ... ok
test edge_cases::telemetry_infinity_speed ... ok
test edge_cases::telemetry_nan_angle ... ok
test edge_cases::telemetry_extreme_values ... ok
test edge_cases::u16_max_pedal_values ... ok
test edge_cases::u16_max_steering_value ... ok
test edge_cases::u16_zero_steering_value ... ok
test hat_direction_completeness::all_eight_directions_map_from_consecutive_values ... ok
test hat_direction_completeness::hat_direction_all_variants_are_distinct ... ok
proptest: FileFailurePersistence::SourceParallel set, but failed to find lib.rs or main.rs
proptest: FileFailurePersistence::SourceParallel set, but failed to find lib.rs or main.rs
proptest: FileFailurePersistence::SourceParallel set, but failed to find lib.rs or main.rs
proptest: FileFailurePersistence::SourceParallel set, but failed to find lib.rs or main.rs
test hat_direction_completeness::hat_direction_debug_format ... ok
test hat_direction_completeness::hat_direction_default_is_neutral ... ok
proptest: FileFailurePersistence::SourceParallel set, but failed to find lib.rs or main.rs
proptest: FileFailurePersistence::SourceParallel set, but failed to find lib.rs or main.rs
proptest: FileFailurePersistence::SourceParallel set, but failed to find lib.rs or main.rs
test hat_direction_completeness::hat_direction_equality_is_symmetric ... ok
proptest: FileFailurePersistence::SourceParallel set, but failed to find lib.rs or main.rs
proptest: FileFailurePersistence::SourceParallel set, but failed to find lib.rs or main.rs
test hat_direction_completeness::hat_direction_is_copy ... ok
test hat_direction_completeness::hat_values_8_through_255_are_neutral ... ok
test serialization_roundtrips::device_inputs_debug_format ... ok
test serialization_roundtrips::device_inputs_is_clone ... ok
test serialization_roundtrips::device_inputs_is_copy ... ok
test serialization_roundtrips::hat_direction_debug_all_variants ... ok
test serialization_roundtrips::telemetry_data_debug_format ... ok
test unknown_handling::out_of_range_rotary_returns_zero ... ok
test serialization_roundtrips::telemetry_data_is_clone ... ok
test unknown_handling::default_tick_is_zero ... ok
test unknown_handling::hat_max_u8_is_neutral ... ok
test unknown_handling::out_of_range_button_read_returns_false ... ok
test unknown_handling::out_of_range_button_set_is_noop ... ok
test unknown_handling::tick_can_be_set_directly ... ok
test prop_out_of_range_button_always_false ... ok
test prop_hat_valid_or_neutral ... ok
test prop_button_set_get_roundtrip ... ok
test prop_with_pedals_sets_all_three ... ok
test prop_rotary_in_bounds ... ok
test prop_with_steering_sets_value ... ok
test prop_button_set_does_not_affect_others ... ok
test prop_rotary_out_of_bounds ... ok
test prop_device_inputs_copy_identity ... ok

test result: ok. 53 passed; 0 failed; 0 ignored; 0 measured; 0 filtered out; finished in 0.02s

     Running tests\snapshot_expansion_tests.rs (target\debug\deps\snapshot_expansion_tests-2c50839f07335d6f.exe)

running 6 tests
test snapshot_device_inputs_with_steering ... ok
test snapshot_telemetry_data_typical ... ok
test snapshot_device_inputs_default ... ok
test snapshot_device_inputs_with_pedals ... ok
test snapshot_telemetry_data_faulted ... ok
test snapshot_device_inputs_full ... ok

test result: ok. 6 passed; 0 failed; 0 ignored; 0 measured; 0 filtered out; finished in 0.18s

     Running unittests src\lib.rs (target\debug\deps\openracing_diagnostic-380eedb7a0584c70.exe)

running 32 tests
test blackbox::tests::test_config_stream_flags ... ok
test format::tests::test_stream_type_flag ... ok
test replay::tests::test_frame_comparison ... ok
test format::tests::test_index_entry ... ok
test format::tests::test_stream_flags ... ok
test format::tests::test_wbb_header_creation ... ok
test format::tests::test_footer_validation ... ok
test format::tests::test_header_validation ... ok
test streams::tests::test_frame_data_default ... ok
test streams::tests::test_safety_state_simple_default ... ok
test streams::tests::test_stream_b_rate_limiting ... ok
test streams::tests::test_stream_a_recording ... ok
test streams::tests::test_stream_c_health_events ... ok
test streams::tests::test_stream_reader_roundtrip ... ok
test support_bundle::tests::test_health_events_addition ... ok
test support_bundle::tests::test_safe_env_var_filtering ... ok
test support_bundle::tests::test_support_bundle_creation ... ok
test blackbox::tests::test_blackbox_creation ... ok
test blackbox::tests::test_frame_recording ... ok
test blackbox::tests::test_health_event_recording ... ok
test blackbox::tests::test_recording_finalization ... ok
test blackbox::tests::test_telemetry_recording ... ok
test support_bundle::tests::test_log_file_discovery ... ok
test tests::test_complete_workflow ... ok
test replay::tests::test_replay_statistics ... ok
test replay::tests::test_deterministic_replay ... ok
test replay::tests::test_replay_execution ... ok
test replay::tests::test_replay_creation ... ok
test support_bundle::tests::test_size_limit_enforcement ... ok
test support_bundle::tests::test_system_info_collection ... ok
test tests::test_support_bundle_workflow ... ok
test support_bundle::tests::test_bundle_generation ... ok

test result: ok. 32 passed; 0 failed; 0 ignored; 0 measured; 0 filtered out; finished in 1.29s

     Running tests\capture_pipeline_tests.rs (target\debug\deps\capture_pipeline_tests-253af550b50dc313.exe)

running 49 tests
test data_defaults::frame_data_default_zeroed ... ok
test data_defaults::replay_config_default_values ... ok
test data_defaults::safety_state_default_is_safe_torque ... ok
test data_defaults::telemetry_data_default ... ok
test error_handling::diagnostic_error_display_variants ... ok
test error_handling::load_nonexistent_file_fails ... ok
test footer_validation::footer_duration_and_frames_stored ... ok
test footer_validation::footer_magic_bytes_correct ... ok
test footer_validation::valid_footer_passes ... ok
test footer_validation::wrong_footer_magic_rejected ... ok
test header_validation::compression_level_nine_valid ... ok
test header_validation::compression_level_zero_valid ... ok
test header_validation::future_version_rejected ... ok
test header_validation::header_device_id_preserved ... ok
test header_validation::header_magic_bytes_correct ... ok
test header_validation::header_start_time_is_reasonable ... ok
test header_validation::header_version_is_current ... ok
test header_validation::invalid_compression_level_rejected ... ok
test header_validation::valid_header_passes_validation ... ok
test header_validation::wrong_magic_rejected ... ok
test index_and_seeking::index_entries_bincode_roundtrip ... ok
test index_and_seeking::index_entry_creation ... ok
test stream_flags::config_stream_flags_match_enables ... ok
test stream_flags::all_streams_enabled ... ok
test stream_flags::no_streams_enabled ... ok
test stream_flags::only_stream_a_enabled ... ok
test error_handling::load_garbage_file_fails ... ok
test stream_flags::stream_type_flag_values ... ok
test stream_serialization::empty_stream_produces_empty_data ... ok
test error_handling::load_file_with_corrupt_magic_fails ... ok
test stream_serialization::stream_c_record_and_serialize ... ok
test error_handling::load_empty_file_fails ... ok
test stream_serialization::stream_reader_on_empty_data ... ok
test error_handling::load_truncated_file_fails ... ok
test stream_serialization::stream_a_write_read_roundtrip ... ok
test stream_serialization::stream_reader_reset_rereads ... ok
test stream_serialization::stream_reader_truncated_length_prefix_fails ... ok
test stream_serialization::stream_reader_truncated_record_data_fails ... ok
test end_to_end_pipeline::replay_footer_valid ... ok
test end_to_end_pipeline::replay_statistics_match_rate_one ... ok
test end_to_end_pipeline::record_and_replay_10_frames ... ok
test end_to_end_pipeline::replay_header_matches_recording ... ok
test end_to_end_pipeline::replay_stream_a_data_accessible ... ok
test error_handling::seek_to_nonexistent_timestamp_fails ... ok
test stream_serialization::stream_b_write_read_roundtrip ... ok
test end_to_end_pipeline::replay_deterministic_across_runs ... ok
test replay_result_serde::replay_result_json_roundtrip ... ok
test end_to_end_pipeline::replay_result_has_zero_deviation_for_identity ... ok
test end_to_end_pipeline::record_and_replay_preserves_frame_count ... ok

test result: ok. 49 passed; 0 failed; 0 ignored; 0 measured; 0 filtered out; finished in 0.02s

     Running tests\diagnostic_deep_tests.rs (target\debug\deps\diagnostic_deep_tests-358f5aa78f67f00d.exe)

running 132 tests
test config_deep::clone_preserves_all_fields ... ok
test config_deep::defaults ... ok
test config_deep::stream_flags_only_b_and_c ... ok
test config_deep::stream_flags_only_a ... ok
test error_exhaustive::compression_error_contains_message ... ok
test error_exhaustive::format_error_contains_message ... ok
test error_exhaustive::clone_preserves_all_variants ... ok
test config_deep::stream_flags_none_enabled ... ok
test error_exhaustive::crc_mismatch_displays_both_values ... ok
test error_exhaustive::deserialization_error_contains_message ... ok
test error_exhaustive::error_is_std_error_and_debug ... ok
test config_deep::stream_flags_all_enabled ... ok
test error_exhaustive::invalid_magic_displays_both_arrays ... ok
test error_exhaustive::size_limit_error_contains_message ... ok
test error_exhaustive::recording_error_contains_message ... ok
test error_exhaustive::unsupported_version_displays_number ... ok
test error_exhaustive::replay_error_contains_message ... ok
test error_exhaustive::serialization_error_contains_message ... ok
test error_exhaustive::configuration_error_contains_message ... ok
test error_exhaustive::validation_error_contains_message ... ok
test error_from_impls::diagnostic_result_type_alias_works ... ok
test error_exhaustive::io_error_contains_message ... ok
test error_from_impls::from_io_error_not_found ... ok
test error_from_impls::from_io_error_preserves_message ... ok
test error_from_impls::from_serde_json_error ... ok
test footer_deep::footer_with_large_values ... ok
test footer_deep::new_footer_defaults ... ok
test footer_deep::footer_serde_roundtrip ... ok
test footer_deep::validate_bad_magic_returns_invalid_magic_error ... ok
test footer_deep::validate_correct_magic ... ok
test format_constants::index_interval_is_100ms ... ok
test format_constants::magic_bytes_are_correct ... ok
test format_constants::stream_ids_are_power_of_two ... ok
test format_constants::timebase_is_one_millisecond ... ok
test format_constants::version_matches_max_supported ... ok
test frame_data_deep::clone_preserves_values ... ok
test frame_data_deep::default_all_zeros ... ok
test frame_data_deep::extreme_float_values ... ok
test frame_data_deep::serde_roundtrip ... ok
test full_workflow::load_nonexistent_file_returns_error ... ok
test header_deep::header_is_serializable_with_serde ... ok
test header_deep::new_header_sets_timebase_and_reserved ... ok
test header_deep::start_time_is_recent ... ok
test header_deep::stream_flags_all_combinations ... ok
test header_deep::validate_compression_0_ok ... ok
test header_deep::validate_compression_boundary_10_err ... ok
test header_deep::validate_compression_boundary_9_ok ... ok
test header_deep::validate_version_0_ok ... ok
test header_deep::validate_version_1_ok ... ok
test header_deep::validate_version_2_err ... ok
test health_event_deep::clone_preserves_context ... ok
test health_event_deep::complex_context ... ok
test health_event_deep::construction_and_fields ... ok
test health_event_deep::null_context ... ok
test index_entry_deep::index_entry_clone ... ok
test index_entry_deep::index_entry_serde_roundtrip ... ok
test index_entry_deep::new_sets_defaults ... ok
test full_workflow::replay_frame_comparisons ... ok
test recorder_deep::finalize_with_no_compression ... ok
test full_workflow::record_and_replay_small ... ok
test full_workflow::replay_with_output_validation_disabled ... ok
test full_workflow::replay_header_and_footer_accessible ... ok
test full_workflow::replay_stream_a_data_accessible ... ok
test full_workflow::replay_validation_errors_empty_on_success ... ok
test recording_stats_deep::default_values ... ok
test full_workflow::replay_generates_statistics ... ok
test recorder_deep::finalize_with_all_streams_recorded ... ok
test replay_config_deep::clone ... ok
test replay_config_deep::custom_config ... ok
test recorder_deep::device_id_with_special_chars_in_filename ... ok
test replay_config_deep::default_values ... ok
test replay_result_deep::serde_roundtrip ... ok
test replay_result_deep::successful_result ... ok
test recorder_deep::new_recorder_is_active_with_zero_frames ... ok
test recorder_deep::finalize_empty_recording ... ok
test replay_statistics_deep::serde_roundtrip ... ok
test safety_state_deep::all_variants_are_serializable ... ok
test safety_state_deep::awaiting_physical_ack_variant ... ok
test safety_state_deep::default_is_safe_torque ... ok
test recorder_deep::output_path_method ... ok
test safety_state_deep::faulted_clone_preserves_fault_type ... ok
test full_workflow::deterministic_replay_consistency ... ok
test safety_state_deep::faulted_variant_with_fault_type ... ok
test safety_state_deep::high_torque_active_variant ... ok
test safety_state_deep::high_torque_challenge_variant ... ok
test stream_a_deep::get_data_clears_records ... ok
test stream_a_deep::get_data_empty_stream_returns_empty ... ok
test recorder_deep::finalize_produces_wbb_file ... ok
test stream_a_deep::new_has_zero_records ... ok
test stream_a_deep::record_all_safety_states ... ok
test full_workflow::record_and_replay_medium ... ok
test recorder_deep::record_frame_increments_count ... ok
test stream_a_deep::record_with_many_node_outputs ... ok
test stream_a_deep::reset_clears_everything ... ok
test stream_a_deep::roundtrip_preserves_processing_time ... ok
test stream_a_deep::with_capacity_has_zero_records ... ok
test stream_c_deep::empty_get_data ... ok
test stream_c_deep::new_is_empty ... ok
test recorder_deep::record_with_disabled_stream_a_skips ... ok
test stream_c_deep::record_multiple_events ... ok
test stream_reader_deep::empty_reader_position_and_end ... ok
test stream_reader_deep::empty_reader_returns_none_for_all_stream_types ... ok
test stream_reader_deep::truncated_length_prefix_errors ... ok
test stream_reader_deep::reset_allows_re_reading ... ok
test stream_reader_deep::truncated_record_body_errors ... ok
test stream_type_deep::all_flags_are_unique ... ok
test recorder_deep::record_health_event_disabled_stream_c_skips ... ok
test stream_type_deep::flag_values_match_constants ... ok
test recorder_deep::record_health_event_increments_count ... ok
test stream_type_deep::stream_type_debug ... ok
test stream_type_deep::stream_type_hash ... ok
test stream_type_deep::stream_type_is_copy ... ok
test recorder_deep::record_telemetry_with_disabled_stream_b_skips ... ok
test support_bundle_config_deep::custom_config ... ok
test recorder_deep::record_multiple_frames ... ok
test support_bundle_config_deep::default_values ... ok
test support_bundle_deep::add_health_events_increases_size ... ok
test support_bundle_deep::add_log_files_from_nonexistent_dir ... ok
test support_bundle_deep::add_system_info_disabled_is_noop ... ok
test support_bundle_deep::new_bundle_is_empty ... ok
test telemetry_deep::default_values ... ok
test telemetry_deep::negative_gear_for_reverse ... ok
test telemetry_deep::serde_roundtrip_with_none_optionals ... ok
test telemetry_deep::with_optional_fields ... ok
test support_bundle_deep::add_log_files_with_disabled_logs_is_noop ... ok
test support_bundle_deep::add_profile_files_with_disabled_profiles_is_noop ... ok
test support_bundle_deep::add_recent_recordings_with_disabled_is_noop ... ok
test support_bundle_deep::generate_minimal_bundle_no_system_info ... ok
test support_bundle_deep::generate_with_health_events ... ok
test support_bundle_deep::add_events_exceeding_size_limit_returns_error ... ok
test support_bundle_deep::add_system_info_increases_size ... ok
test support_bundle_deep::generate_produces_zip_with_manifest ... ok

test result: ok. 132 passed; 0 failed; 0 ignored; 0 measured; 0 filtered out; finished in 1.26s

     Running tests\diagnostic_hardening_tests.rs (target\debug\deps\diagnostic_hardening_tests-3504f906fd4e7d13.exe)

running 47 tests
test test_error_display_invalid_magic ... ok
test test_error_display_crc_mismatch ... ok
test test_error_display_compression ... ok
test test_error_display_serialization ... ok
test test_error_display_deserialization ... ok
test test_error_display_format ... ok
test test_error_display_io ... ok
test test_error_display_recording ... ok
test test_error_display_replay ... ok
test test_error_display_configuration ... ok
test test_error_display_size_limit ... ok
test test_error_display_unsupported_version ... ok
test test_error_from_io ... ok
test test_error_display_validation ... ok
test test_error_from_serde_json ... ok
test test_footer_invalid_magic_detected ... ok
test test_frame_data_default_values ... ok
test test_header_invalid_compression_detected ... ok
test test_header_invalid_magic_detected ... ok
test test_frame_data_serialization_roundtrip ... ok
test test_header_unsupported_version_detected ... ok
test test_health_event_serialization_roundtrip ... ok
test test_health_event_stream_c_serialization ... ok
test test_index_entry_creation ... ok
test test_safety_state_variants_serialize ... ok
test test_stream_a_reset ... ok
test test_stream_a_binary_roundtrip ... ok
test test_stream_reader_empty_data ... ok
test test_stream_b_binary_roundtrip ... ok
test test_stream_reader_reset ... ok
test test_config_selective_streams ... ok
test test_stream_type_flags ... ok
test test_support_bundle_disabled_system_info ... ok
test test_support_bundle_size_limit_enforcement ... ok
test test_telemetry_data_default_values ... ok
test test_telemetry_data_serialization_roundtrip ... ok
test test_recording_stats_initial_state ... ok
test test_health_event_recording_in_blackbox ... ok
test test_diagnostic_report_header_footer_roundtrip ... ok
test test_rt_recording_captures_processing_time ... ok
test test_rt_frame_sequence_preserved ... ok
test test_diagnostic_report_recording_and_replay ... ok
test test_support_bundle_empty_generation ... ok
test test_support_bundle_with_health_events ... ok
test test_diagnostic_report_statistics ... ok
test test_support_bundle_estimated_size_grows ... ok
test test_support_bundle_with_system_info ... ok

test result: ok. 47 passed; 0 failed; 0 ignored; 0 measured; 0 filtered out; finished in 1.28s

     Running tests\diagnostics_endpoint_tests.rs (target\debug\deps\diagnostics_endpoint_tests-2b040d0ee2ddae18.exe)

running 26 tests
test diagnostic_stream::test_frame_data_default_values ... ok
test diagnostic_stream::test_safety_state_faulted_variant ... ok
test diagnostic_stream::test_stream_reader_empty_data ... ok
test diagnostic_stream::test_stream_a_data_roundtrip ... ok
test diagnostic_stream::test_stream_c_records_and_produces_data ... ok
test diagnostic_stream::test_multiple_streams_operate_independently ... ok
test diagnostic_stream::test_stream_b_data_roundtrip ... ok
test diagnostic_stream::test_stream_reader_reset ... ok
test diagnostic_stream::test_stream_reader_truncated_length_prefix ... ok
test health_check::test_hardware_info_cpu_and_memory_in_json ... ok
test health_check::test_process_info_fields_in_json ... ok
test health_check::test_disk_and_network_info_in_json ... ok
test metrics_data::test_health_event_deserializes_from_json ... ok
test health_check::test_system_info_json_roundtrip ... ok
test health_check::test_system_info_serializes_to_json ... ok
test metrics_data::test_health_event_context_complex_json ... ok
test health_check::test_os_info_fields_present_in_json ... ok
test metrics_data::test_health_event_serializes_to_json ... ok
test metrics_data::test_multiple_health_events_serialize_as_array ... ok
test metrics_data::test_telemetry_data_serialization ... ok
test performance_counters::test_stream_a_get_data_clears_records ... ok
test performance_counters::test_stream_a_reset_clears_state ... ok
test performance_counters::test_stream_a_tracks_frame_count ... ok
test performance_counters::test_stream_b_rate_limiting_rejects_fast_records ... ok
test performance_counters::test_stream_b_tracks_telemetry_count ... ok
test performance_counters::test_stream_c_tracks_event_count ... ok

test result: ok. 26 passed; 0 failed; 0 ignored; 0 measured; 0 filtered out; finished in 0.00s

     Running tests\diagnostics_observability_tests.rs (target\debug\deps\diagnostics_observability_tests-a5deceee75cd1ea8.exe)

running 41 tests
test metric_collection::stream_a_counter_increments_per_frame ... ok
test diagnostic_snapshot::snapshot_records_timestamps_monotonically ... ok
test metric_collection::stream_a_with_capacity_preallocates_without_affecting_count ... ok
test metric_collection::stream_a_processing_time_tracked_per_record ... ok
test metric_collection::stream_b_rate_limited_counter_reflects_accepted ... ok
test metric_collection::stream_c_event_counter_tracks_health_events ... ok
test metric_overflow::stream_a_handles_extreme_float_values ... ok
test metric_overflow::stream_a_handles_max_processing_time ... ok
test metric_collection::stream_b_rate_change_takes_effect ... ok
test metric_overflow::stream_a_handles_max_seq_number ... ok
test metric_overflow::stream_a_handles_max_timestamp ... ok
test metric_overflow::stream_c_serializes_null_context ... ok
test metric_overflow::stream_a_large_node_output_vector ... ok
test metric_overflow::stream_reader_handles_empty_data ... ok
test metric_overflow::stream_reader_rejects_truncated_length_prefix ... ok
test metric_overflow::stream_reader_rejects_truncated_record_body ... ok
test metric_overflow::stream_reader_reset_allows_multiple_passes ... ok
test stream_state_management::stream_a_default_equals_new ... ok
test stream_state_management::stream_a_get_data_clears_records ... ok
test stream_state_management::stream_a_reset_clears_all ... ok
test stream_state_management::stream_b_default_equals_new ... ok
test stream_state_management::stream_c_get_data_clears_records ... ok
test stream_state_management::stream_c_default_equals_new ... ok
test trace_event_recording::stream_a_node_outputs_preserved_across_roundtrip ... ok
test trace_event_recording::stream_a_records_all_safety_state_variants ... ok
test bundle_pii_and_integrity::bundle_partial_with_missing_dirs_succeeds ... ok
test stream_state_management::stream_b_get_data_clears_records ... ok
test trace_event_recording::stream_b_telemetry_fields_preserved_roundtrip ... ok
test trace_event_recording::stream_c_records_multiple_event_types ... ok
test diagnostic_snapshot::snapshot_captures_multi_stream_state ... ok
test diagnostic_snapshot::snapshot_frame_data_preserved_through_finalize ... ok
test bundle_pii_and_integrity::bundle_health_events_json_parseable ... ok
test bundle_pii_and_integrity::bundle_partial_when_no_system_info ... ok
test bundle_pii_and_integrity::bundle_manifest_is_valid_json_with_required_keys ... ok
test metric_overflow::bundle_handles_large_json_context_in_health_events ... ok
test bundle_pii_and_integrity::bundle_with_log_and_profile_files_includes_them ... ok
test bundle_pii_and_integrity::bundle_with_recording_files_includes_up_to_five ... ok
test bundle_pii_and_integrity::bundle_size_limit_enforced_on_health_events ... ok
test bundle_pii_and_integrity::bundle_estimated_size_tracks_additions ... ok
test diagnostic_snapshot::snapshot_via_bundle_captures_system_state ... ok
test bundle_pii_and_integrity::bundle_zip_integrity_all_entries_readable ... ok

test result: ok. 41 passed; 0 failed; 0 ignored; 0 measured; 0 filtered out; finished in 1.27s

     Running tests\integration_tests.rs (target\debug\deps\integration_tests-500f7e9c3e0c4b47.exe)

running 8 tests
test test_empty_recording ... ok
test test_recording_and_replay_consistency ... ok
test test_format_validation ... ok
test test_deterministic_replay ... ok
test test_complete_recording_workflow ... ok
test test_compression_effectiveness ... ok
test test_size_limits ... ok
test test_support_bundle_generation ... ok

test result: ok. 8 passed; 0 failed; 0 ignored; 0 measured; 0 filtered out; finished in 1.13s

     Running tests\replay_coverage_tests.rs (target\debug\deps\replay_coverage_tests-e30045700af3763d.exe)

running 75 tests
test diagnostic_blackbox::blackbox_config_stream_flags_all_enabled ... ok
test diagnostic_blackbox::blackbox_config_stream_flags_selective ... ok
test diagnostic_errors::crc_mismatch_error ... ok
test diagnostic_errors::error_variants_display ... ok
test diagnostic_errors::invalid_magic_error ... ok
test diagnostic_errors::unsupported_version_error ... ok
test diagnostic_format::footer_validation_bad_magic ... ok
test diagnostic_format::index_entry_creation ... ok
test diagnostic_format::frame_data_default ... ok
test diagnostic_format::header_stream_flag_combinations ... ok
test diagnostic_format::header_validation_bad_compression ... ok
test diagnostic_format::header_validation_bad_magic ... ok
test diagnostic_format::header_validation_bad_version ... ok
test diagnostic_format::footer_validation_good ... ok
test diagnostic_format::safety_state_default_is_safe_torque ... ok
test diagnostic_format::stream_type_flags_correct ... ok
test diagnostic_format::telemetry_data_default ... ok
test diagnostic_streams::stream_a_batch_recording ... ok
test diagnostic_streams::stream_a_get_data_clears_records ... ok
test diagnostic_streams::stream_a_reset_clears_all ... ok
test diagnostic_streams::stream_b_custom_rate ... ok
test diagnostic_streams::stream_b_get_data_roundtrip ... ok
test diagnostic_streams::stream_b_rate_limiting_rejects_rapid_calls ... ok
test diagnostic_streams::stream_c_multiple_event_types ... ok
test diagnostic_streams::stream_reader_empty_data ... ok
test diagnostic_streams::stream_reader_partial_length_prefix ... ok
test diagnostic_blackbox::blackbox_output_path_has_wbb_extension ... ok
test diagnostic_streams::stream_reader_reset_rereads ... ok
test diagnostic_blackbox::blackbox_skips_disabled_streams ... ok
test diagnostic_streams::stream_reader_roundtrip_multiple_records ... ok
test diagnostic_blackbox::blackbox_recording_stats_initial_state ... ok
test diagnostic_blackbox::blackbox_records_all_three_streams ... ok
test replay_corrupt::load_nonexistent_file_returns_error ... ok
test replay_basic::record_and_replay_basic_ffb_sequence ... ok
test replay_basic::replay_frame_comparisons_within_tolerance ... ok
test replay_corrupt::load_corrupt_magic_returns_error ... ok
test replay_corrupt::load_empty_file_returns_error ... ok
test replay_basic::replay_stream_a_data_nonempty ... ok
test replay_corrupt::load_truncated_file_returns_error ... ok
test replay_basic::replay_with_loose_tolerance ... ok
test replay_basic::replay_with_tight_tolerance ... ok
test support_bundle::bundle_add_health_events ... ok
test replay_basic::replay_determinism_same_seed ... ok
test replay_basic::replay_validation_disabled ... ok
test support_bundle::bundle_config_all_disabled ... ok
test support_bundle::bundle_add_multiple_health_events ... ok
test support_bundle::bundle_config_custom_size_limit ... ok
test support_bundle::bundle_creation_default_config ... ok
test replay_corrupt::seek_to_nonexistent_timestamp_returns_error ... ok
test replay_basic::replay_timestamp_ordering ... ok
test replay_basic::replay_with_different_seeds_still_deterministic ... ok
test replay_basic::replay_preserves_frame_count ... ok
test support_bundle::bundle_log_files_from_nonexistent_dir ... ok
test replay_safety_states::multiple_safety_states_in_recording ... ok
test support_bundle::bundle_profiles_from_nonexistent_dir ... ok
test support_bundle::bundle_recordings_from_nonexistent_dir ... ok
test replay_statistics::replay_result_duration_fields ... ok
test replay_statistics::statistics_empty_when_no_replay ... ok
test support_bundle::bundle_system_info_disabled ... ok
test replay_statistics::replay_result_serializable ... ok
test replay_statistics::statistics_histogram_populated ... ok
test support_bundle::bundle_empty_health_events_no_health_file ... ok
test replay_statistics::statistics_match_rate_is_one_for_identity_replay ... ok
test support_bundle::bundle_log_files_from_real_dir ... ok
test support_bundle::bundle_zip_contains_health_events ... ok
test replay_large::header_and_footer_valid_after_large_recording ... ok
test replay_large::record_and_replay_500_frames ... ok
test replay_large::record_and_replay_1000_frames ... ok
test support_bundle::bundle_size_limit_enforcement ... ok
test support_bundle::bundle_system_info_collection ... ok
test support_bundle::bundle_estimated_size_increases ... ok
test support_bundle::bundle_zip_contains_system_info ... ok
test support_bundle::bundle_zip_contains_manifest ... ok
test support_bundle::bundle_generate_creates_zip ... ok
test support_bundle::bundle_multiple_generates_independent ... ok

test result: ok. 75 passed; 0 failed; 0 ignored; 0 measured; 0 filtered out; finished in 1.74s

     Running tests\snapshot_tests.rs (target\debug\deps\snapshot_tests-fbe8587d379309bf.exe)

running 38 tests
test error_message_snapshots::serialization_error ... ok
test error_message_snapshots::replay_error ... ok
test error_message_snapshots::size_limit_error ... ok
test error_message_snapshots::deserialization_error ... ok
test config_snapshots::default_config ... ok
test error_message_snapshots::crc_mismatch_error ... ok
test error_message_snapshots::compression_error ... ok
test error_message_snapshots::recording_error ... ok
test config_snapshots::stream_flags_partial ... ok
test error_message_snapshots::configuration_error ... ok
test format_snapshots::index_entry_debug ... ok
test error_message_snapshots::format_error ... ok
test error_message_snapshots::validation_error ... ok
test error_message_snapshots::unsupported_version_error ... ok
test error_message_snapshots::invalid_magic_error ... ok
test error_message_snapshots::io_error ... ok
test format_snapshots::stream_type_flags ... ok
test format_snapshots::wbb_footer_debug ... ok
test format_snapshots::wbb_footer_validation_bad_magic ... ok
test format_snapshots::wbb_header_validation_bad_compression ... ok
test format_snapshots::wbb_header_debug ... ok
test format_snapshots::wbb_header_validation_bad_magic ... ok
test frame_data_snapshots::default_frame ... ok
test frame_data_snapshots::hands_off_frame ... ok
test format_snapshots::wbb_header_validation_bad_version ... ok
test frame_data_snapshots::typical_frame ... ok
test health_event_snapshots::device_connected_event ... ok
test health_event_snapshots::fault_event ... ok
test safety_state_snapshots::faulted ... ok
test replay_config_snapshots::custom_replay_config ... ok
test safety_state_snapshots::awaiting_physical_ack ... ok
test safety_state_snapshots::high_torque_active ... ok
test replay_config_snapshots::default_replay_config ... ok
test safety_state_snapshots::high_torque_challenge ... ok
test safety_state_snapshots::safe_torque ... ok
test telemetry_data_snapshots::default_telemetry ... ok
test telemetry_data_snapshots::idle_telemetry ... ok
test telemetry_data_snapshots::race_telemetry ... ok

test result: ok. 38 passed; 0 failed; 0 ignored; 0 measured; 0 filtered out; finished in 0.19s

     Running tests\support_bundle_deep_tests.rs (target\debug\deps\support_bundle_deep_tests-58afb07b0406f74a.exe)

running 37 tests
test bundle_creation::test_default_config_includes_all_sections ... ok
test bundle_creation::test_new_bundle_has_zero_estimated_size ... ok
test bundle_creation::test_bundle_generation_creates_nonempty_file ... ok
test bundle_creation::test_bundle_always_includes_manifest ... ok
test bundle_creation::test_bundle_includes_health_events_when_added ... ok
test partial_generation::test_partial_disabled_system_info_not_collected ... ok
test partial_generation::test_partial_missing_log_dir_succeeds ... ok
test partial_generation::test_partial_disabled_profiles_skipped ... ok
test bundle_creation::test_bundle_includes_profile_files_when_added ... ok
test partial_generation::test_partial_missing_profile_dir_succeeds ... ok
test size_limits::test_estimated_size_increases_with_events ... ok
test partial_generation::test_partial_missing_recording_dir_succeeds ... ok
test partial_generation::test_partial_disabled_logs_skipped ... ok
test partial_generation::test_partial_disabled_recordings_skipped ... ok
test size_limits::test_size_limit_tiny_max_rejects_normal_events ... ok
test pii_redaction::test_health_event_context_preserved_in_bundle ... ok
test bundle_creation::test_bundle_skips_non_matching_extensions ... ok
test bundle_creation::test_bundle_includes_log_files_when_added ... ok
test compression::test_bundle_compressed_smaller_than_raw_json ... ok
test versioning::test_manifest_has_bundle_version ... ok
test versioning::test_health_events_json_array_format ... ok
test versioning::test_manifest_has_config_section ... ok
test versioning::test_manifest_has_contents_counts ... ok
test versioning::test_manifest_has_created_at_timestamp ... ok
test versioning::test_manifest_reflects_custom_config ... ok
test size_limits::test_size_limit_rejects_oversized_events ... ok
test size_limits::test_size_limit_skips_oversized_log_files ... ok
test pii_redaction::test_system_info_preserves_cargo_env_vars ... ok
test size_limits::test_estimated_size_increases_with_system_info ... ok
test compression::test_bundle_all_entries_readable ... ok
test pii_redaction::test_system_info_environment_not_empty ... ok
test bundle_creation::test_bundle_includes_system_info_when_added ... ok
test pii_redaction::test_system_info_os_info_section_present ... ok
test versioning::test_manifest_system_info_json_parseable ... ok
test compression::test_bundle_is_valid_zip_archive ... ok
test compression::test_bundle_zip_has_multiple_entries_with_system_info ... ok
test pii_redaction::test_system_info_environment_excludes_sensitive_vars ... ok

test result: ok. 37 passed; 0 failed; 0 ignored; 0 measured; 0 filtered out; finished in 2.54s

     Running tests\unit_tests.rs (target\debug\deps\unit_tests-625777ce5e9afe93.exe)

running 35 tests
test diagnostic_error_display::all_string_variants_display ... ok
test diagnostic_error_display::crc_mismatch_display ... ok
test diagnostic_error_display::display_contains_inner_message ... ok
test diagnostic_error_display::invalid_magic_display ... ok
test diagnostic_error_display::unsupported_version_display ... ok
test frame_data_tests::default_is_zeroed ... ok
test diagnostic_error_from::diagnostic_error_is_std_error ... ok
test diagnostic_error_from::from_serde_json_error ... ok
test diagnostic_error_from::diagnostic_error_is_clone ... ok
test stream_a_tests::multiple_records_roundtrip ... ok
test stream_c_tests::multiple_health_events ... ok
test safety_state_tests::default_is_safe_torque ... ok
test safety_state_tests::faulted_variant ... ok
test stream_c_tests::record_health_event_and_serialize ... ok
test stream_a_tests::record_and_read_roundtrip ... ok
test stream_a_tests::reset_clears_state ... ok
test index_entry_tests::new_index_entry ... ok
test diagnostic_error_from::from_io_error ... ok
test stream_reader_tests::empty_data_returns_none ... ok
test stream_reader_tests::position_and_reset ... ok
test stream_reader_tests::truncated_length_returns_error ... ok
test stream_reader_tests::truncated_record_returns_error ... ok
test stream_type_tests::flag_values ... ok
test stream_type_tests::stream_type_copy ... ok
test stream_type_tests::stream_type_equality ... ok
test telemetry_data_tests::default_values ... ok
test wbb_footer_tests::new_footer_has_correct_magic ... ok
test wbb_footer_tests::validate_bad_footer_magic ... ok
test wbb_footer_tests::validate_valid_footer ... ok
test wbb_header_tests::new_header_has_correct_magic_and_version ... ok
test wbb_header_tests::stream_flag_checks ... ok
test wbb_header_tests::validate_bad_compression ... ok
test wbb_header_tests::validate_bad_magic ... ok
test wbb_header_tests::validate_unsupported_version ... ok
test wbb_header_tests::validate_valid_header ... ok

test result: ok. 35 passed; 0 failed; 0 ignored; 0 measured; 0 filtered out; finished in 0.00s

     Running unittests src\lib.rs (target\debug\deps\openracing_errors-4772832df3aa713e.exe)

running 36 tests
test common::tests::test_error_category_display ... ok
test common::tests::test_error_context ... ok
test common::tests::test_error_severity_ordering ... ok
test device::tests::test_device_error_constructors ... ok
test device::tests::test_device_error_is_device_unavailable ... ok
test common::tests::test_openracing_error_category ... ok
test device::tests::test_device_error_severity ... ok
test device::tests::test_device_error_display ... ok
test prelude::tests::test_validate_macro ... ok
test profile::tests::test_profile_error_constructors ... ok
test device::tests::test_device_error_is_retryable ... ok
test profile::tests::test_profile_error_display ... ok
test device::tests::test_device_error_is_std_error ... ok
test prelude::tests::test_error_context_macro ... ok
test prelude::tests::test_validate_range_macro ... ok
test common::tests::test_openracing_error_is_std_error ... ok
test common::tests::test_result_ext ... ok
test profile::tests::test_profile_error_is_inheritance_error ... ok
test profile::tests::test_profile_error_is_std_error ... ok
test profile::tests::test_profile_error_is_storage_error ... ok
test profile::tests::test_profile_error_severity ... ok
test rt::tests::test_rt_error_codes ... ok
test rt::tests::test_rt_error_copy ... ok
test rt::tests::test_rt_error_display ... ok
test rt::tests::test_rt_error_from_code ... ok
test rt::tests::test_rt_error_is_recoverable ... ok
test rt::tests::test_rt_error_is_std_error ... ok
test rt::tests::test_rt_error_requires_safety_action ... ok
test rt::tests::test_rt_error_severity ... ok
test validation::tests::test_validation_error_equality ... ok
test validation::tests::test_validation_error_invalid_enum ... ok
test validation::tests::test_validation_error_is_std_error ... ok
test validation::tests::test_validation_error_out_of_range ... ok
test validation::tests::test_validation_error_required ... ok
test validation::tests::test_validation_error_severity ... ok
test validation::tests::test_validation_error_too_long ... ok

test result: ok. 36 passed; 0 failed; 0 ignored; 0 measured; 0 filtered out; finished in 0.00s

     Running tests\category_property_tests.rs (target\debug\deps\category_property_tests-9e853cc1cab00c95.exe)

running 16 tests
proptest: FileFailurePersistence::SourceParallel set, but failed to find lib.rs or main.rs
proptest: FileFailurePersistence::SourceParallel set, but failed to find lib.rs or main.rs
proptest: FileFailurePersistence::SourceParallel set, but failed to find lib.rs or main.rs
proptest: FileFailurePersistence::SourceParallel set, but failed to find lib.rs or main.rs
proptest: FileFailurePersistence::SourceParallel set, but failed to find lib.rs or main.rs
proptest: FileFailurePersistence::SourceParallel set, but failed to find lib.rs or main.rs
proptest: FileFailurePersistence::SourceParallel set, but failed to find lib.rs or main.rs
proptest: FileFailurePersistence::SourceParallel set, but failed to find lib.rs or main.rs
proptest: FileFailurePersistence::SourceParallel set, but failed to find lib.rs or main.rs
proptest: FileFailurePersistence::SourceParallel set, but failed to find lib.rs or main.rs
proptest: FileFailurePersistence::SourceParallel set, but failed to find lib.rs or main.rs
proptest: FileFailurePersistence::SourceParallel set, but failed to find lib.rs or main.rs
proptest: FileFailurePersistence::SourceParallel set, but failed to find lib.rs or main.rs
proptest: FileFailurePersistence::SourceParallel set, but failed to find lib.rs or main.rs
proptest: FileFailurePersistence::SourceParallel set, but failed to find lib.rs or main.rs
proptest: FileFailurePersistence::SourceParallel set, but failed to find lib.rs or main.rs
test rt_code_roundtrip_or_none ... ok
test severity_transitivity ... ok
test rt_error_always_categorised_as_rt ... ok
test rt_error_display_never_empty ... ok
test error_context_preserves_operation ... ok
test other_error_always_other ... ok
test safety_action_implies_critical ... ok
test config_error_always_config ... ok
test recoverability_consistent_with_severity ... ok
test openracing_error_display_never_empty ... ok
test error_context_preserves_kv_pairs ... ok
test device_error_display_never_empty ... ok
test validation_error_always_categorised_as_validation ... ok
test validation_error_display_never_empty ... ok
test device_error_always_categorised_as_device ... ok
test severity_always_in_range ... ok

test result: ok. 16 passed; 0 failed; 0 ignored; 0 measured; 0 filtered out; finished in 0.07s

     Running tests\comprehensive_tests.rs (target\debug\deps\comprehensive_tests-57738508d582a257.exe)

running 60 tests
test category_and_severity::all_severities_display ... ok
test category_and_severity::all_categories_display ... ok
test category_and_severity::severity_repr_values ... ok
test category_and_severity::category_repr_values ... ok
test device_error_display::display_contains_embedded_fields ... ok
test category_and_severity::severity_total_order ... ok
test device_error_display::all_variants_display ... ok
test error_context_tests::context_with_multiple_kvs ... ok
test device_error_display::permission_denied_is_device_unavailable ... ok
test device_error_display::severity_exhaustive ... ok
test error_context_tests::context_is_clonable ... ok
test error_source_chain::error_chain_walkable ... ok
test error_context_tests::context_with_location ... ok
test category_and_severity::category_equality_and_clone ... ok
test error_context_tests::context_without_location_has_no_at ... ok
test error_context_tests::empty_context ... ok
test error_source_chain::device_error_has_no_source ... ok
test error_source_chain::openracing_error_config_has_no_source ... ok
test error_source_chain::openracing_error_device_source_is_device_error ... ok
test error_source_chain::openracing_error_io_source_is_io_error ... ok
test error_source_chain::openracing_error_other_has_no_source ... ok
test error_source_chain::openracing_error_rt_source_is_rt_error ... ok
test error_source_chain::profile_error_has_no_source ... ok
test error_source_chain::rt_error_has_no_source ... ok
test error_source_chain::validation_error_has_no_source ... ok
test from_impls::device_error_into_openracing_error ... ok
test from_impls::io_error_into_openracing_error ... ok
test from_impls::io_error_various_kinds ... ok
test from_impls::profile_error_into_openracing_error ... ok
test from_impls::question_mark_io_propagation ... ok
test from_impls::question_mark_operator_propagation ... ok
test from_impls::rt_error_into_openracing_error ... ok
test from_impls::validation_error_into_openracing_error ... ok
test macro_tests::error_context_macro_empty ... ok
test macro_tests::error_context_macro_with_trailing_comma ... ok
test macro_tests::require_macro_returns_validation_error ... ok
test macro_tests::validate_macro_fails_on_false ... ok
test macro_tests::validate_macro_passes_on_true ... ok
test macro_tests::validate_range_in_bounds ... ok
test macro_tests::validate_range_out_of_bounds ... ok
test profile_error_display::all_variants_display ... ok
test profile_error_display::display_contains_fields ... ok
test profile_error_display::severity_exhaustive ... ok
test recoverability::non_recoverable_errors ... ok
test recoverability::recoverable_errors ... ok
test result_ext_tests::context_wraps_with_full_context ... ok
test result_ext_tests::with_context_on_ok_passes_through ... ok
test result_ext_tests::with_context_wraps_error_message ... ok
test rt_error_codes::all_known_codes_roundtrip ... ok
test rt_error_codes::rt_error_is_copy ... ok
test rt_error_codes::rt_error_recoverability_classification ... ok
test rt_error_codes::rt_error_safety_action_classification ... ok
test rt_error_codes::unknown_codes_return_none ... ok
test rt_error_display::all_variants_have_nonempty_display ... ok
test rt_error_display::specific_display_messages ... ok
test rt_result_tests::rt_result_unit_default ... ok
test rt_result_tests::rt_result_with_value ... ok
test validation_error_display::all_variants_display ... ok
test validation_error_display::all_variants_severity_is_error ... ok
test validation_error_display::display_contains_fields ... ok

test result: ok. 60 passed; 0 failed; 0 ignored; 0 measured; 0 filtered out; finished in 0.00s

     Running tests\error_chain_tests.rs (target\debug\deps\error_chain_tests-0a8c3174fac2eba5.exe)

running 63 tests
test categorization::other_error_categorizes_as_other ... ok
test categorization::config_error_categorizes_as_config ... ok
test categorization::io_error_categorizes_as_io ... ok
test categorization::validation_errors_categorize_as_validation ... ok
test categorization::profile_errors_categorize_as_profile ... ok
test debug_output::openracing_error_debug_contains_wrapper ... ok
test debug_output::rt_error_debug_contains_variant_name ... ok
test debug_output::all_rt_variants_debug_nonempty ... ok
test categorization::rt_errors_categorize_as_rt ... ok
test debug_output::device_error_debug_contains_variant_name ... ok
test debug_output::profile_error_debug_contains_variant_name ... ok
test debug_output::validation_error_debug_contains_variant_name ... ok
test display_output::openracing_error_config_display ... ok
test display_output::openracing_error_io_display ... ok
test display_output::openracing_error_device_display ... ok
test display_output::openracing_error_other_display ... ok
test display_output::all_rt_variants_display_nonempty ... ok
test categorization::device_errors_categorize_as_device ... ok
test display_output::openracing_error_rt_display ... ok
test display_output::openracing_error_profile_display ... ok
test display_output::openracing_error_validation_display ... ok
test error_chain::context_with_location_info ... ok
test error_chain::wrap_device_error_with_context_preserves_message ... ok
test error_chain::wrap_profile_error_with_context ... ok
test error_chain::wrap_rt_error_and_add_context ... ok
test error_chain::wrap_validation_error_with_context ... ok
test from_conversions::from_device_error ... ok
test from_conversions::from_io_error ... ok
test from_conversions::from_profile_error ... ok
test from_conversions::from_rt_error ... ok
proptest: FileFailurePersistence::SourceParallel set, but failed to find lib.rs or main.rs
proptest: FileFailurePersistence::SourceParallel set, but failed to find lib.rs or main.rs
proptest: FileFailurePersistence::SourceParallel set, but failed to find lib.rs or main.rs
test from_conversions::from_validation_error ... ok
proptest: FileFailurePersistence::SourceParallel set, but failed to find lib.rs or main.rs
proptest: FileFailurePersistence::SourceParallel set, but failed to find lib.rs or main.rs
proptest: FileFailurePersistence::SourceParallel set, but failed to find lib.rs or main.rs
test from_conversions::question_mark_propagation_from_io ... ok
test from_conversions::question_mark_propagation_from_rt ... ok
test recoverability::config_errors_are_recoverable ... ok
test recoverability::critical_rt_errors_are_not_recoverable ... ok
test recoverability::device_disconnected_not_recoverable ... ok
test recoverability::device_timeout_is_recoverable ... ok
test recoverability::other_errors_are_recoverable ... ok
test recoverability::rt_error_is_recoverable_method ... ok
test recoverability::rt_requires_safety_action ... ok
test recoverability::warning_and_error_severity_are_recoverable ... ok
test severity::config_error_severity_is_error ... ok
test severity::device_disconnected_is_critical ... ok
test severity::device_feature_not_supported_is_info ... ok
test severity::device_timeout_is_warning ... ok
test severity::io_error_severity_is_error ... ok
test severity::rt_error_severity_errors ... ok
test source_chain::openracing_device_has_device_source ... ok
test severity::severity_display_values ... ok
test source_chain::config_error_has_no_source ... ok
test source_chain::openracing_io_has_io_source ... ok
test severity::rt_warning_errors ... ok
test severity::rt_critical_errors ... ok
test source_chain::source_chain_depth ... ok
test source_chain::openracing_rt_has_rt_source ... ok
test source_chain::rt_error_has_no_source ... ok
test source_chain::other_error_has_no_source ... ok
test property_tests::any_error_has_a_valid_severity ... ok
test property_tests::any_error_can_be_displayed ... ok
test property_tests::recoverability_consistent_with_severity ... ok
test property_tests::category_display_is_nonempty ... ok
test property_tests::any_error_can_be_debug_printed ... ok
test property_tests::any_error_has_a_valid_category ... ok

test result: ok. 63 passed; 0 failed; 0 ignored; 0 measured; 0 filtered out; finished in 0.03s

     Running tests\error_handling_deep_tests.rs (target\debug\deps\error_handling_deep_tests-a785f8e23373eeb5.exe)

running 43 tests
test config_errors_are_recoverable ... ok
test conversion_chain_validation_through_openracing ... ok
test critical_rt_errors_are_not_recoverable ... ok
test display_all_openracing_error_variants ... ok
test device_error_converts_to_openracing_error ... ok
test device_error_unavailable_classification ... ok
test display_all_device_error_variants ... ok
test device_disconnected_is_critical ... ok
test display_all_profile_error_variants ... ok
test display_all_validation_error_variants ... ok
test downcast_openracing_error_to_device_error ... ok
test device_timeout_is_retryable_and_recoverable ... ok
test downcast_openracing_error_to_rt_error ... ok
test error_context_empty_is_valid ... ok
test display_all_rt_error_variants ... ok
test error_category_has_repr_u8_for_wire_format ... ok
test downcast_through_std_error_trait ... ok
test error_category_display_all_variants ... ok
test error_context_preserves_location ... ok
test error_context_macro_creates_context ... ok
test error_context_preserves_operation_name ... ok
test error_context_preserves_key_value_pairs ... ok
test error_display_is_stable_for_ipc_serialization ... ok
test error_severity_display_all_variants ... ok
test error_severity_has_repr_u8_for_wire_format ... ok
test error_severity_ordering_is_total ... ok
test io_error_converts_to_openracing_error ... ok
test openracing_error_implements_std_error ... ok
test openracing_error_is_send_and_sync ... ok
test profile_error_converts_to_openracing_error ... ok
test profile_error_inheritance_classification ... ok
test profile_error_storage_classification ... ok
test result_ext_context_with_full_context_object ... ok
test result_ext_with_context_preserves_original_error ... ok
test rt_error_converts_to_openracing_error ... ok
test rt_error_from_invalid_code_returns_none ... ok
test rt_error_has_no_further_source ... ok
test rt_error_is_copy ... ok
test rt_error_round_trips_via_code ... ok
test rt_error_safety_action_classification ... ok
test validation_error_converts_to_openracing_error ... ok
test validation_error_equality ... ok
test warning_rt_errors_are_recoverable ... ok

test result: ok. 43 passed; 0 failed; 0 ignored; 0 measured; 0 filtered out; finished in 0.00s

     Running tests\error_quality_tests.rs (target\debug\deps\error_quality_tests-9beda4830a64e3b8.exe)

running 38 tests
test critical_errors_are_not_recoverable ... ok
test device_error_variants_have_nonempty_display ... ok
test device_errors_include_device_identity ... ok
test downcast_validation_error_from_openracing_error ... ok
test downcast_profile_error_from_openracing_error ... ok
test error_context_macro_builds_correctly ... ok
test downcast_device_error_from_openracing_error ... ok
test error_context_preserves_source_location ... ok
test error_category_matches_variant ... ok
test error_category_values_are_unique ... ok
test downcast_rt_error_from_openracing_error ... ok
test error_context_preserves_key_value_pairs ... ok
test invalid_response_includes_byte_counts ... ok
test non_safety_errors_do_not_require_action ... ok
test error_context_preserves_operation_name ... ok
test io_error_wraps_correctly ... ok
test openracing_error_device_source_preserves_detail ... ok
test openracing_error_rt_source_is_accessible ... ok
test openracing_error_wrapper_variants_have_nonempty_display ... ok
test profile_error_variants_have_nonempty_display ... ok
test profile_invalid_format_includes_path ... ok
test profile_load_failed_includes_path ... ok
test profile_version_mismatch_includes_versions ... ok
test recoverable_errors_are_not_critical ... ok
test result_ext_context_preserves_kv_pairs ... ok
test result_ext_with_context_wraps_error_message ... ok
test retryable_device_errors_are_classified_correctly ... ok
test rt_error_code_roundtrip ... ok
test rt_error_codes_are_unique ... ok
test rt_error_variants_have_nonempty_display ... ok
test safety_requiring_errors_have_critical_severity ... ok
test severity_ordering_is_monotonic ... ok
test timeout_error_includes_duration ... ok
test unsupported_device_includes_vid_pid ... ok
test validation_error_variants_have_nonempty_display ... ok
test validation_invalid_enum_includes_expected_values ... ok
test validation_out_of_range_includes_field_and_bounds ... ok
test validation_required_includes_field_name ... ok

test result: ok. 38 passed; 0 failed; 0 ignored; 0 measured; 0 filtered out; finished in 0.00s

     Running tests\error_snapshot_tests.rs (target\debug\deps\error_snapshot_tests-f343eb36bcd3f9e9.exe)

running 23 tests
test openracing_error_debug_snapshots::test_other_error_debug ... ok
test profile_error_debug_snapshots::test_inheritance_depth_exceeded_debug ... ok
test profile_error_debug_snapshots::test_not_found_debug ... ok
test error_context_macro_snapshots::test_error_context_macro_simple ... ok
test device_error_debug_snapshots::test_device_communication_error_debug ... ok
test device_error_debug_snapshots::test_device_not_found_debug ... ok
test error_context_macro_snapshots::test_error_context_macro_with_kv ... ok
test error_context_macro_snapshots::test_error_context_with_many_kv ... ok
test openracing_error_debug_snapshots::test_wrapped_device_debug ... ok
test openracing_error_debug_snapshots::test_config_error_debug ... ok
test openracing_error_debug_snapshots::test_wrapped_rt_debug ... ok
test profile_error_debug_snapshots::test_save_failed_debug ... ok
test device_error_debug_snapshots::test_device_invalid_response_debug ... ok
test device_error_debug_snapshots::test_device_timeout_debug ... ok
test category_repr_snapshots::test_category_repr_values ... ok
test profile_error_debug_snapshots::test_invalid_device_mapping_debug ... ok
test recoverability_snapshots::test_all_wrapper_variant_recoverability ... ok
test rt_error_debug_snapshots::test_all_rt_error_debug_formats ... ok
test severity_ordering_snapshots::test_severity_ordering_matrix ... ok
test validation_error_debug_snapshots::test_not_unique_debug ... ok
test validation_error_debug_snapshots::test_invalid_characters_debug ... ok
test validation_error_debug_snapshots::test_required_debug ... ok
test validation_error_debug_snapshots::test_out_of_range_debug ... ok

test result: ok. 23 passed; 0 failed; 0 ignored; 0 measured; 0 filtered out; finished in 0.19s

     Running tests\exhaustiveness.rs (target\debug\deps\exhaustiveness-18278eec5c2f7e3f.exe)

running 24 tests
test category_exhaustiveness::config_has_config_category ... ok
test category_exhaustiveness::device_variants_have_device_category ... ok
test category_exhaustiveness::rt_variants_have_rt_category ... ok
test display_exhaustiveness::profile_all_variants_display_non_empty ... ok
test display_exhaustiveness::rt_all_variants_display_non_empty ... ok
test category_exhaustiveness::io_has_io_category ... ok
test category_exhaustiveness::validation_variants_have_validation_category ... ok
test display_exhaustiveness::device_all_variants_display_non_empty ... ok
test category_exhaustiveness::other_has_other_category ... ok
test category_exhaustiveness::profile_variants_have_profile_category ... ok
test display_exhaustiveness::validation_all_variants_display_non_empty ... ok
test from_impl_exhaustiveness::from_device_error ... ok
test from_impl_exhaustiveness::from_io_error ... ok
test from_impl_exhaustiveness::from_profile_error ... ok
test from_impl_exhaustiveness::from_rt_error ... ok
test display_exhaustiveness::rt_variant_count_matches ... ok
test from_impl_exhaustiveness::from_validation_error ... ok
test severity_exhaustiveness::device_all_variants_have_severity ... ok
test severity_exhaustiveness::openracing_all_variants_have_severity ... ok
test severity_exhaustiveness::profile_all_variants_have_severity ... ok
test severity_exhaustiveness::rt_all_variants_have_severity ... ok
test severity_exhaustiveness::rt_critical_variants_not_recoverable ... ok
test severity_exhaustiveness::rt_non_critical_variants_are_recoverable ... ok
test severity_exhaustiveness::validation_all_variants_have_severity ... ok

test result: ok. 24 passed; 0 failed; 0 ignored; 0 measured; 0 filtered out; finished in 0.00s

     Running tests\macro_tests.rs (target\debug\deps\macro_tests-9f6b334596eac0dc.exe)

running 39 tests
test edge_cases::backslashes_in_paths ... ok
test edge_cases::emoji_in_context ... ok
test edge_cases::quotes_in_strings ... ok
test edge_cases::error_context_no_pairs_no_trailing_comma ... ok
test error_context_macro::multiple_key_value_pairs ... ok
test edge_cases::null_bytes_in_strings ... ok
test edge_cases::special_chars_in_field_names ... ok
test edge_cases::empty_string_in_error_context ... ok
test edge_cases::very_long_field_name ... ok
test error_context_macro::context_with_numeric_values_as_strings ... ok
test error_context_macro::special_characters_in_operation ... ok
test error_context_macro::empty_operation_string ... ok
test edge_cases::newlines_in_context_values ... ok
test error_context_macro::no_key_value_pairs ... ok
test error_context_macro::unicode_in_context ... ok
test error_context_macro::single_key_value_pair ... ok
test edge_cases::validate_range_with_equal_bounds ... ok
test error_context_macro::empty_key_value ... ok
test error_context_macro::trailing_comma ... ok
test require_macro::require_converts_to_openracing_error ... ok
test require_macro::require_creates_required_error ... ok
test require_macro::require_different_field_names ... ok
test require_macro::require_with_string_expression ... ok
test validate_macro::failing_condition ... ok
test validate_macro::passing_condition ... ok
test validate_macro::validate_false_short_circuits_early ... ok
test validate_macro::validate_true_does_not_short_circuit ... ok
test validate_macro::validate_with_constraint_error ... ok
test validate_macro::validate_with_custom_error ... ok
test validate_macro::validate_with_rt_error ... ok
test validate_range_macro::error_message_contains_field_name ... ok
test validate_range_macro::integer_range ... ok
test validate_range_macro::negative_float_range ... ok
test validate_range_macro::signed_integer_range ... ok
test validate_range_macro::value_above_upper_bound ... ok
test validate_range_macro::value_at_lower_bound ... ok
test validate_range_macro::value_at_upper_bound ... ok
test validate_range_macro::value_below_lower_bound ... ok
test validate_range_macro::value_within_range ... ok

test result: ok. 39 passed; 0 failed; 0 ignored; 0 measured; 0 filtered out; finished in 0.00s

     Running tests\property_tests.rs (target\debug\deps\property_tests-08a8c5d955e56a37.exe)

running 10 tests
proptest: FileFailurePersistence::SourceParallel set, but failed to find lib.rs or main.rs
proptest: FileFailurePersistence::SourceParallel set, but failed to find lib.rs or main.rs
proptest: FileFailurePersistence::SourceParallel set, but failed to find lib.rs or main.rs
proptest: FileFailurePersistence::SourceParallel set, but failed to find lib.rs or main.rs
proptest: FileFailurePersistence::SourceParallel set, but failed to find lib.rs or main.rs
proptest: FileFailurePersistence::SourceParallel set, but failed to find lib.rs or main.rs
proptest: FileFailurePersistence::SourceParallel set, but failed to find lib.rs or main.rs
proptest: FileFailurePersistence::SourceParallel set, but failed to find lib.rs or main.rs
proptest: FileFailurePersistence::SourceParallel set, but failed to find lib.rs or main.rs
proptest: FileFailurePersistence::SourceParallel set, but failed to find lib.rs or main.rs
test test_error_category_consistency ... ok
test test_error_severity_ordering ... ok
test test_rt_error_roundtrip ... ok
test result_ext_property_tests::test_result_ext_preserves_error_type ... ok
test test_error_severity_never_empty ... ok
test test_error_context_preserves_operation ... ok
test test_device_error_message_contains_device ... ok
test test_profile_error_message_contains_id ... ok
test test_validation_error_display_not_empty ... ok
test error_chain_tests::test_error_context_chain_preserves_all ... ok

test result: ok. 10 passed; 0 failed; 0 ignored; 0 measured; 0 filtered out; finished in 0.06s

     Running tests\proptest_errors.rs (target\debug\deps\proptest_errors-beec23061aba038c.exe)

running 19 tests
proptest: FileFailurePersistence::SourceParallel set, but failed to find lib.rs or main.rs
proptest: FileFailurePersistence::SourceParallel set, but failed to find lib.rs or main.rs
proptest: FileFailurePersistence::SourceParallel set, but failed to find lib.rs or main.rs
proptest: FileFailurePersistence::SourceParallel set, but failed to find lib.rs or main.rs
proptest: FileFailurePersistence::SourceParallel set, but failed to find lib.rs or main.rs
proptest: FileFailurePersistence::SourceParallel set, but failed to find lib.rs or main.rs
proptest: FileFailurePersistence::SourceParallel set, but failed to find lib.rs or main.rs
proptest: FileFailurePersistence::SourceParallel set, but failed to find lib.rs or main.rs
proptest: FileFailurePersistence::SourceParallel set, but failed to find lib.rs or main.rs
proptest: FileFailurePersistence::SourceParallel set, but failed to find lib.rs or main.rs
proptest: FileFailurePersistence::SourceParallel set, but failed to find lib.rs or main.rs
proptest: FileFailurePersistence::SourceParallel set, but failed to find lib.rs or main.rs
proptest: FileFailurePersistence::SourceParallel set, but failed to find lib.rs or main.rs
proptest: FileFailurePersistence::SourceParallel set, but failed to find lib.rs or main.rs
proptest: FileFailurePersistence::SourceParallel set, but failed to find lib.rs or main.rs
proptest: FileFailurePersistence::SourceParallel set, but failed to find lib.rs or main.rs
test rt_error_from_invalid_code ... ok
proptest: FileFailurePersistence::SourceParallel set, but failed to find lib.rs or main.rs
test openracing_rt_category ... ok
test rt_error_code_roundtrip ... ok
test rt_error_code_in_range ... ok
test openracing_severity_propagates ... ok
proptest: FileFailurePersistence::SourceParallel set, but failed to find lib.rs or main.rs
proptest: FileFailurePersistence::SourceParallel set, but failed to find lib.rs or main.rs
test openracing_source_chain_finite ... ok
test rt_error_display_never_empty ... ok
test openracing_display_never_empty ... ok
test rt_error_severity_always_defined ... ok
test device_error_display_never_empty ... ok
test openracing_device_category ... ok
test device_error_source_chain_finite ... ok
test device_error_severity_valid ... ok
test profile_error_severity_valid ... ok
test profile_error_display_never_empty ... ok
test openracing_validation_category ... ok
test openracing_profile_category ... ok
test validation_error_severity_always_error ... ok
test validation_error_display_never_empty ... ok

test result: ok. 19 passed; 0 failed; 0 ignored; 0 measured; 0 filtered out; finished in 0.11s

     Running tests\snapshot_tests.rs (target\debug\deps\snapshot_tests-ba7f9e59dc06c24b.exe)

running 73 tests
test device_error_snapshots::test_busy ... ok
test device_error_snapshots::test_communication_error ... ok
test device_error_snapshots::test_permission_denied ... ok
test device_error_snapshots::test_invalid_response ... ok
test device_error_snapshots::test_not_found ... ok
test device_error_snapshots::test_connection_failed ... ok
test error_context_snapshots::test_context_with_kv ... ok
test device_error_snapshots::test_timeout ... ok
test error_context_snapshots::test_context_with_location ... ok
test device_error_snapshots::test_initialization_failed ... ok
test device_error_snapshots::test_hid_error ... ok
test device_error_snapshots::test_unsupported_device ... ok
test device_error_snapshots::test_feature_not_supported ... ok
test device_error_snapshots::test_firmware_error ... ok
test device_error_snapshots::test_disconnected ... ok
test category_classification_snapshots::test_all_variant_categories ... ok
test error_context_snapshots::test_simple_context ... ok
test openracing_error_snapshots::test_config_error ... ok
test openracing_error_snapshots::test_io_error ... ok
test openracing_error_snapshots::test_other_error ... ok
test openracing_error_snapshots::test_wrapped_device_error ... ok
test openracing_error_snapshots::test_wrapped_rt_error ... ok
test openracing_error_snapshots::test_wrapped_validation_error ... ok
test openracing_error_snapshots::test_wrapped_profile_error ... ok
test profile_error_snapshots::test_already_exists ... ok
test profile_error_snapshots::test_circular_inheritance ... ok
test profile_error_snapshots::test_conflict ... ok
test profile_error_snapshots::test_inheritance_depth_exceeded ... ok
test profile_error_snapshots::test_invalid_id ... ok
test profile_error_snapshots::test_invalid_device_mapping ... ok
test profile_error_snapshots::test_invalid_format ... ok
test profile_error_snapshots::test_locked ... ok
test profile_error_snapshots::test_load_failed ... ok
test profile_error_snapshots::test_not_found ... ok
test profile_error_snapshots::test_missing_field ... ok
test profile_error_snapshots::test_parent_not_found ... ok
test profile_error_snapshots::test_validation_failed ... ok
test rt_error_snapshots::test_buffer_overflow ... ok
test profile_error_snapshots::test_version_mismatch ... ok
test profile_error_snapshots::test_save_failed ... ok
test rt_error_snapshots::test_device_disconnected ... ok
test rt_error_snapshots::test_invalid_config ... ok
test rt_error_snapshots::test_deadline_missed ... ok
test rt_error_snapshots::test_resource_unavailable ... ok
test rt_error_snapshots::test_pipeline_fault ... ok
test rt_error_snapshots::test_rt_setup_failed ... ok
test rt_error_snapshots::test_safety_interlock ... ok
test rt_error_snapshots::test_timing_violation ... ok
test rt_error_snapshots::test_torque_limit ... ok
test severity_and_category_snapshots::test_all_categories ... ok
test severity_and_category_snapshots::test_all_severities ... ok
test severity_level_snapshots::test_device_variant_severities ... ok
test severity_level_snapshots::test_validation_severity_is_uniform ... ok
test source_chain_snapshots::test_device_error_source_chain ... ok
test severity_level_snapshots::test_rt_variant_severities ... ok
test severity_level_snapshots::test_profile_variant_severities ... ok
test source_chain_snapshots::test_io_error_source_chain ... ok
test source_chain_snapshots::test_rt_error_source_chain ... ok
test source_chain_snapshots::test_profile_error_source_chain ... ok
test validation_error_snapshots::test_constraint_violation ... ok
test source_chain_snapshots::test_validation_error_source_chain ... ok
test validation_error_snapshots::test_custom ... ok
test validation_error_snapshots::test_invalid_characters ... ok
test validation_error_snapshots::test_dependency_not_met ... ok
test validation_error_snapshots::test_invalid_format ... ok
test validation_error_snapshots::test_invalid_enum_value ... ok
test validation_error_snapshots::test_numeric_overflow ... ok
test validation_error_snapshots::test_out_of_range ... ok
test validation_error_snapshots::test_required ... ok
test validation_error_snapshots::test_invalid_type ... ok
test validation_error_snapshots::test_too_long ... ok
test validation_error_snapshots::test_not_unique ... ok
test validation_error_snapshots::test_too_short ... ok

test result: ok. 73 passed; 0 failed; 0 ignored; 0 measured; 0 filtered out; finished in 0.21s

     Running tests\unit_tests.rs (target\debug\deps\unit_tests-2156d1c171bfbbd8.exe)

running 18 tests
test device_error_tests::test_all_variants_display ... ok
test device_error_tests::test_retryable ... ok
test openracing_error_tests::test_config_and_other ... ok
test openracing_error_tests::test_is_recoverable ... ok
test device_error_tests::test_std_error_impl ... ok
test result_ext_tests::test_result_ext_context ... ok
test rt_error_tests::test_error_codes ... ok
test rt_error_tests::test_std_error_impl ... ok
test error_context_tests::test_context_building ... ok
test profile_error_tests::test_all_variants_display ... ok
test profile_error_tests::test_inheritance_errors ... ok
test rt_error_tests::test_all_variants_display ... ok
test openracing_error_tests::test_from_implementations ... ok
test rt_error_tests::test_severity_classification ... ok
test validation_error_tests::test_all_variants_display ... ok
test profile_error_tests::test_std_error_impl ... ok
test validation_error_tests::test_equality ... ok
test validation_error_tests::test_std_error_impl ... ok

test result: ok. 18 passed; 0 failed; 0 ignored; 0 measured; 0 filtered out; finished in 0.00s

     Running unittests src\lib.rs (target\debug\deps\openracing_ffb-b898e7648028f4cd.exe)

running 30 tests
test constants::tests::test_constants ... ok
test effects::property_tests::prop_friction_opposes_velocity ... ok
test effects::property_tests::prop_spring_extreme_inputs ... ok
test effects::property_tests::prop_spring_monotonic_near_center ... ok
test effects::property_tests::prop_damper_extreme_inputs ... ok
test effects::property_tests::prop_friction_output_bounded ... ok
test effects::property_tests::prop_friction_extreme_inputs ... ok
test effects::property_tests::prop_constant_effect_apply_gain_bounded ... ok
test effects::property_tests::prop_damper_output_bounded ... ok
test effects::tests::test_constant_effect ... ok
test effects::tests::test_damper_effect ... ok
test effects::property_tests::prop_damper_proportional_to_velocity ... ok
test effects::tests::test_friction_effect ... ok
test effects::property_tests::prop_sine_extreme_inputs ... ok
test effects::tests::test_sine_effect ... ok
test effects::tests::test_spring_effect ... ok
test effects::tests::test_spring_with_deadband ... ok
test effects::property_tests::prop_constant_extreme_inputs ... ok
test tests::test_ffb_gain_clamping ... ok
test tests::test_ffb_direction_wrapping ... ok
test tests::test_ffb_direction ... ok
test tests::test_ffb_direction_radians ... ok
test tests::test_ffb_gain ... ok
test effects::property_tests::prop_constant_effect_zero_gain ... ok
test effects::property_tests::prop_friction_zero_at_rest ... ok
test effects::property_tests::prop_constant_effect_unity_gain ... ok
test effects::property_tests::prop_sine_output_bounded ... ok
test effects::property_tests::prop_sine_periodic ... ok
test effects::property_tests::prop_spring_zero_at_center ... ok
test effects::property_tests::prop_spring_output_bounded ... ok

test result: ok. 30 passed; 0 failed; 0 ignored; 0 measured; 0 filtered out; finished in 0.03s

     Running tests\comprehensive.rs (target\debug\deps\comprehensive-ea2d03f0354636dd.exe)

running 53 tests
test composition_tests::gain_scales_mixed_effects ... ok
test constant_tests::constant_apply_gain_unity ... ok
test constant_tests::constant_clamps_on_overflow ... ok
test composition_tests::sum_of_effects_clamped_to_i16 ... ok
test damper_tests::damper_negative_velocity ... ok
test damper_tests::damper_proportional_to_velocity ... ok
test direction_tests::direction_360_wraps_to_zero ... ok
test direction_tests::direction_from_radians_pi ... ok
test constant_tests::constant_negative_magnitude ... ok
test constant_tests::constant_new_stores_magnitude ... ok
test damper_tests::damper_extreme_values_no_panic ... ok
test constant_tests::constant_apply_gain_zero ... ok
test constant_tests::constant_apply_gain_half ... ok
test direction_tests::direction_to_radians_round_trip ... ok
test direction_tests::direction_wraps_negative ... ok
test damper_tests::damper_zero_velocity_zero_force ... ok
test direction_tests::direction_wraps_positive ... ok
test direction_tests::direction_zero ... ok
test effect_params_tests::all_effect_types_are_distinct ... ok
test effect_params_tests::effect_params_builder ... ok
test effect_params_tests::effect_params_defaults ... ok
test effect_params_tests::effect_type_default_is_none ... ok
test friction_tests::friction_extreme_values_no_panic ... ok
test friction_tests::friction_opposes_negative_velocity ... ok
test friction_tests::friction_opposes_positive_velocity ... ok
test friction_tests::friction_zero_at_rest ... ok
test gain_tests::gain_combined_multiplies_all_factors ... ok
test gain_tests::gain_combined_zero_when_any_zero ... ok
test gain_tests::gain_defaults_torque_and_effects_to_one ... ok
test gain_tests::gain_new_clamps_above_one ... ok
test gain_tests::gain_new_clamps_below_zero ... ok
test gain_tests::gain_sub_gains_clamp ... ok
test safety_tests::hid_effect_ids_unique ... ok
test safety_tests::max_gain_min_gain_valid ... ok
test safety_tests::safety_constants_are_positive ... ok
test safety_tests::sample_rate_period_consistency ... ok
test safety_tests::torque_consistency ... ok
test serde_tests::constant_effect_round_trip ... ok
test serde_tests::effect_type_round_trip ... ok
test serde_tests::sine_effect_round_trip ... ok
test serde_tests::spring_effect_round_trip ... ok
test sine_tests::sine_at_zero_time_is_zero ... ok
test sine_tests::sine_different_frequencies_differ ... ok
test sine_tests::sine_output_bounded_to_i16 ... ok
test sine_tests::sine_periodic_for_integer_frequency ... ok
test sine_tests::sine_produces_nonzero_at_quarter_period ... ok
test spring_tests::spring_deadband_suppresses_small_displacements ... ok
test spring_tests::spring_extreme_values_no_panic ... ok
test spring_tests::spring_negative_displacement ... ok
test spring_tests::spring_positive_displacement ... ok
test spring_tests::spring_symmetric_around_center ... ok
test spring_tests::spring_with_offset ... ok
test spring_tests::spring_zero_at_center ... ok

test result: ok. 53 passed; 0 failed; 0 ignored; 0 measured; 0 filtered out; finished in 0.00s

     Running tests\ffb_deep_tests.rs (target\debug\deps\ffb_deep_tests-4c37cda01fb6c079.exe)

running 107 tests
test additional_edge_cases::constant_i16_min_with_negative_gain ... ok
test additional_edge_cases::default_constant_effect ... ok
test additional_edge_cases::damper_with_negative_coefficient ... ok
test additional_edge_cases::default_friction_effect ... ok
test additional_edge_cases::default_effect_params ... ok
test additional_edge_cases::default_ffb_gain ... ok
test additional_edge_cases::ffb_gain_all_one ... ok
test additional_edge_cases::ffb_gain_all_zero ... ok
test additional_edge_cases::friction_with_i16_min_velocity ... ok
test additional_edge_cases::ffb_direction_large_negative ... ok
test additional_edge_cases::spring_deadband_equals_position ... ok
test additional_edge_cases::default_damper_effect ... ok
test additional_edge_cases::default_spring_effect ... ok
test additional_edge_cases::friction_with_max_coefficient ... ok
test additional_edge_cases::ffb_direction_360_wraps_to_zero ... ok
test additional_edge_cases::ffb_direction_zero_degrees ... ok
test composition_tests::combine_constant_and_periodic ... ok
test composition_tests::combine_all_condition_effects ... ok
test additional_edge_cases::default_sine_effect ... ok
test composition_tests::combine_spring_and_damper ... ok
test additional_edge_cases::spring_with_negative_coefficient ... ok
test composition_tests::max_concurrent_effects_bounded ... ok
test constant_tests::constant_full_range ... ok
test constant_tests::constant_negative ... ok
test constant_tests::constant_positive ... ok
test constant_tests::constant_zero ... ok
test damper_tests::damper_extreme_values ... ok
test damper_tests::damper_proportional_to_velocity ... ok
test damper_tests::damper_sign_follows_velocity ... ok
test damper_tests::damper_zero_at_rest ... ok
test device_scaling_tests::cascaded_gain_application ... ok
test device_scaling_tests::device_gain_with_torque_and_effects_subgains ... ok
test device_scaling_tests::device_scaling_preserves_sign ... ok
test device_scaling_tests::high_power_device_capped ... ok
test device_scaling_tests::low_power_device_scaling ... ok
test direction_tests::cw_ccw_effects_opposite ... ok
test direction_tests::direction_from_radians ... ok
test direction_tests::direction_to_radians_round_trip ... ok
test direction_tests::direction_wraps_negative ... ok
test direction_tests::direction_wraps_positive ... ok
test effect_params_tests::params_chaining ... ok
test effect_params_tests::params_defaults ... ok
test effect_params_tests::params_direction_full_range ... ok
test effect_params_tests::params_gain_min_max ... ok
test effect_params_tests::params_max_duration ... ok
test effect_params_tests::params_with_zero_duration_means_infinite ... ok
test effect_type_tests::all_effect_types_distinct ... ok
test effect_type_tests::effect_type_clone_eq ... ok
test effect_type_tests::effect_type_default_is_none ... ok
test effect_type_tests::effect_type_equality ... ok
test envelope_tests::envelope_attack_sustain_release ... ok
test friction_tests::friction_force_antisymmetric ... ok
test friction_tests::friction_opposes_negative_velocity ... ok
test friction_tests::friction_opposes_positive_velocity ... ok
test friction_tests::friction_zero_at_rest ... ok
test gain_scaling_tests::ffb_gain_clamps_over_one ... ok
test gain_scaling_tests::ffb_gain_clamps_under_zero ... ok
test gain_scaling_tests::ffb_gain_combined_product ... ok
test gain_scaling_tests::gain_half_halves_output ... ok
test gain_scaling_tests::gain_unity_preserves_magnitude ... ok
test gain_scaling_tests::gain_zero_silences_effect ... ok
test periodic_tests::sine_gain_scales_output ... ok
test periodic_tests::sine_nonzero_at_quarter_period ... ok
test periodic_tests::sine_periodic_at_integer_frequency ... ok
test periodic_tests::sine_zero_at_t0 ... ok
test ramp_tests::ramp_type_exists ... ok
test safety_limits_tests::all_effects_sum_clamped_below_max_torque ... ok
test safety_limits_tests::damper_clamped_to_safety_limit ... ok
test safety_limits_tests::effect_ids_unique ... ok
test safety_limits_tests::ffb_sample_rate_matches_period ... ok
test safety_limits_tests::friction_clamped_to_safety_limit ... ok
test safety_limits_tests::gain_bounds_correct ... ok
test safety_limits_tests::max_concurrent_effects_constant ... ok
test safety_limits_tests::max_torque_cnm_positive ... ok
test safety_limits_tests::max_torque_nm_consistent_with_cnm ... ok
test safety_limits_tests::spring_clamped_to_safety_limit ... ok
test serialization_tests::constant_effect_json_round_trip ... ok
test serialization_tests::damper_effect_json_round_trip ... ok
test serialization_tests::effect_type_json_round_trip ... ok
test serialization_tests::ffb_direction_json_round_trip ... ok
test serialization_tests::ffb_gain_json_round_trip ... ok
test serialization_tests::friction_effect_json_round_trip ... ok
test serialization_tests::sine_effect_json_round_trip ... ok
test serialization_tests::spring_effect_json_round_trip ... ok
test spring_tests::spring_deadband_suppresses_force ... ok
test spring_tests::spring_extreme_coefficient ... ok
test spring_tests::spring_proportional_to_displacement ... ok
test spring_tests::spring_symmetry ... ok
test spring_tests::spring_with_offset ... ok
test spring_tests::spring_zero_at_center ... ok
test timing_tests::constant_effect_duration_stored ... ok
test timing_tests::effect_params_duration_boundary ... ok
test timing_tests::sine_at_half_period_returns_near_zero ... ok
test timing_tests::sine_peak_at_quarter_period ... ok
test timing_tests::sine_trough_at_three_quarter_period ... ok
test timing_tests::sine_very_high_frequency ... ok
test timing_tests::sine_very_low_frequency ... ok
test timing_tests::sine_with_phase_offset ... ok
test timing_tests::sine_zero_gain_always_zero ... ok
test torque_clamping_tests::combined_effects_clamped_to_max_torque_cnm ... ok
test torque_clamping_tests::constant_with_gain_never_exceeds_range ... ok
test torque_clamping_tests::damper_output_never_exceeds_i16_range ... ok
test torque_clamping_tests::spring_output_never_exceeds_i16_range ... ok

running 1 test
proptest: FileFailurePersistence::SourceParallel set, but failed to find lib.rs or main.rs
proptest: FileFailurePersistence::SourceParallel set, but failed to find lib.rs or main.rs

running 1 test
proptest: FileFailurePersistence::SourceParallel set, but failed to find lib.rs or main.rs
proptest: FileFailurePersistence::SourceParallel set, but failed to find lib.rs or main.rs

running 1 test
proptest: FileFailurePersistence::SourceParallel set, but failed to find lib.rs or main.rs
proptest: FileFailurePersistence::SourceParallel set, but failed to find lib.rs or main.rs

running 1 test
proptest: FileFailurePersistence::SourceParallel set, but failed to find lib.rs or main.rs
proptest: FileFailurePersistence::SourceParallel set, but failed to find lib.rs or main.rs
test prop_tests::spring_direction_correct ... ok
test prop_tests::gain_scaling_monotonic ... ok
test prop_tests::torque_always_finite ... ok
test prop_tests::any_effect_any_position_bounded_torque ... ok

test result: ok. 107 passed; 0 failed; 0 ignored; 0 measured; 0 filtered out; finished in 0.10s

     Running tests\ffb_proptest.rs (target\debug\deps\ffb_proptest-19d2a966a1017cf1.exe)

running 17 tests
proptest: FileFailurePersistence::SourceParallel set, but failed to find lib.rs or main.rs
proptest: FileFailurePersistence::SourceParallel set, but failed to find lib.rs or main.rs
proptest: FileFailurePersistence::SourceParallel set, but failed to find lib.rs or main.rs
proptest: FileFailurePersistence::SourceParallel set, but failed to find lib.rs or main.rs
proptest: FileFailurePersistence::SourceParallel set, but failed to find lib.rs or main.rs
proptest: FileFailurePersistence::SourceParallel set, but failed to find lib.rs or main.rs
proptest: FileFailurePersistence::SourceParallel set, but failed to find lib.rs or main.rs
proptest: FileFailurePersistence::SourceParallel set, but failed to find lib.rs or main.rs
proptest: FileFailurePersistence::SourceParallel set, but failed to find lib.rs or main.rs
proptest: FileFailurePersistence::SourceParallel set, but failed to find lib.rs or main.rs
proptest: FileFailurePersistence::SourceParallel set, but failed to find lib.rs or main.rs
proptest: FileFailurePersistence::SourceParallel set, but failed to find lib.rs or main.rs
proptest: FileFailurePersistence::SourceParallel set, but failed to find lib.rs or main.rs
proptest: FileFailurePersistence::SourceParallel set, but failed to find lib.rs or main.rs
proptest: FileFailurePersistence::SourceParallel set, but failed to find lib.rs or main.rs
proptest: FileFailurePersistence::SourceParallel set, but failed to find lib.rs or main.rs
test prop_damper_sign_follows_velocity ... ok
test prop_constant_effect_sign_preserved ... ok
test prop_constant_effect_gain_monotonic ... ok
test prop_gain_combined_le_each_factor ... ok
proptest: FileFailurePersistence::SourceParallel set, but failed to find lib.rs or main.rs
test prop_ffb_direction_serde_roundtrip ... ok
test prop_direction_radians_roundtrip ... ok
test prop_sine_output_always_i16 ... ok
test prop_constant_effect_serde_roundtrip ... ok
test prop_damper_effect_serde_roundtrip ... ok
test prop_ffb_gain_serde_roundtrip ... ok
test prop_friction_effect_serde_roundtrip ... ok
test prop_spring_effect_serde_roundtrip ... ok
test prop_sine_effect_serde_roundtrip ... ok
test prop_spring_sign_agrees_with_position ... ok
test prop_effect_params_default_gain ... ok
test prop_effect_type_serde_roundtrip ... ok
test prop_effect_params_serde_roundtrip ... ok

test result: ok. 17 passed; 0 failed; 0 ignored; 0 measured; 0 filtered out; finished in 0.03s

     Running tests\proptest_ffb.rs (target\debug\deps\proptest_ffb-3d793c51f3deb770.exe)

running 6 tests
proptest: FileFailurePersistence::SourceParallel set, but failed to find lib.rs or main.rs
proptest: FileFailurePersistence::SourceParallel set, but failed to find lib.rs or main.rs
proptest: FileFailurePersistence::SourceParallel set, but failed to find lib.rs or main.rs
proptest: FileFailurePersistence::SourceParallel set, but failed to find lib.rs or main.rs
proptest: FileFailurePersistence::SourceParallel set, but failed to find lib.rs or main.rs
proptest: FileFailurePersistence::SourceParallel set, but failed to find lib.rs or main.rs
test proptest_ffb::constant_effect_apply_gain_within_i16 ... ok
test proptest_ffb::direction_always_normalized ... ok
test proptest_ffb::gain_fields_clamped ... ok
test proptest_ffb::gain_combined_always_bounded ... ok
test proptest_ffb::triple_gain_chain_bounded ... ok
test proptest_ffb::gain_chaining_never_exceeds_bounds ... ok

test result: ok. 6 passed; 0 failed; 0 ignored; 0 measured; 0 filtered out; finished in 0.02s

     Running tests\snapshot_tests.rs (target\debug\deps\snapshot_tests-a337fe7978e37d06.exe)

running 16 tests
test snapshot_effect_type_default ... ok
test snapshot_spring_effect_default ... ok
test snapshot_damper_effect_default ... ok
test snapshot_constant_effect_typical ... ok
test snapshot_friction_effect_typical ... ok
test snapshot_effect_params_configured ... ok
test snapshot_sine_effect_typical ... ok
test snapshot_constant_effect_default ... ok
test snapshot_damper_effect_typical ... ok
test snapshot_effect_params_default ... ok
test snapshot_ffb_gain_default ... ok
test snapshot_friction_effect_default ... ok
test snapshot_spring_effect_typical ... ok
test snapshot_sine_effect_default ... ok
test snapshot_ffb_direction_default ... ok
test snapshot_ffb_gain_typical ... ok

test result: ok. 16 passed; 0 failed; 0 ignored; 0 measured; 0 filtered out; finished in 0.21s

     Running unittests src\lib.rs (target\debug\deps\openracing_filters-77060f07e5985584.exe)

running 90 tests
test bumpstop::tests::test_bumpstop_angle_integration_direction ... ok
test bumpstop::tests::test_bumpstop_at_limit ... ok
test bumpstop::tests::test_bumpstop_disabled ... ok
test bumpstop::tests::test_bumpstop_at_exact_start_angle_no_spring ... ok
test bumpstop::tests::test_bumpstop_quadratic_spring_force ... ok
test bumpstop::tests::test_bumpstop_reset ... ok
test bumpstop::tests::test_bumpstop_opposes_motion ... ok
test bumpstop::tests::test_bumpstop_progressive_resistance ... ok
test curve::tests::test_curve_filter_endpoints ... ok
test bumpstop::tests::test_bumpstop_damping_adds_to_spring ... ok
test bumpstop::tests::test_bumpstop_wide_differs_from_default ... ok
test bumpstop::tests::test_bumpstop_stability ... ok
test bumpstop::tests::test_bumpstop_within_range ... ok
test curve::tests::test_curve_filter_midpoint ... ok
test bumpstop::tests::test_bumpstop_standard_differs_from_default ... ok
test curve::tests::test_curve_filter_extreme_input ... ok
test curve::tests::test_cubic_differs_from_linear ... ok
test curve::tests::test_curve_filter_preserves_sign ... ok
test curve::tests::test_curve_constructors_valid_lut ... ok
test curve::tests::test_curve_state_clamping ... ok
test curve::tests::test_curve_filter_stability ... ok
test curve::tests::test_curve_state_empty_points ... ok
test curve::tests::test_curve_state_linear ... ok
test curve::tests::test_curve_state_quadratic ... ok
test curve::tests::test_curve_state_single_point ... ok
test curve::tests::test_linear_curve_exact_endpoints ... ok
test damper::tests::test_damper_filter_extreme_speed ... ok
test curve::tests::test_scurve_differs_from_linear ... ok
test damper::tests::test_damper_filter_non_adaptive ... ok
test damper::tests::test_damper_filter_opposes_motion ... ok
test damper::tests::test_damper_filter_proportional ... ok
test damper::tests::test_damper_filter_speed_adaptive ... ok
test damper::tests::test_damper_filter_stability ... ok
test damper::tests::test_damper_filter_zero_speed ... ok
test friction::tests::test_friction_filter_extreme_coefficient ... ok
test friction::tests::test_friction_filter_non_adaptive ... ok
test friction::tests::test_friction_filter_opposes_motion ... ok
test friction::tests::test_friction_filter_proportional ... ok
test friction::tests::test_friction_filter_speed_adaptive ... ok
test friction::tests::test_friction_filter_stability ... ok
test friction::tests::test_friction_filter_zero_speed ... ok
test hands_off::tests::test_hands_off_disabled ... ok
test hands_off::tests::test_hands_off_no_resistance ... ok
test hands_off::tests::test_hands_off_reset ... ok
test hands_off::tests::test_hands_off_resets_on_resistance ... ok
test hands_off::tests::test_hands_off_stability ... ok
test hands_off::tests::test_hands_off_timeout_exact ... ok
test hands_off::tests::test_hands_off_torque_change_detection ... ok
test hands_off::tests::test_hands_off_with_resistance ... ok
test inertia::tests::test_inertia_filter_acceleration ... ok
test inertia::tests::test_inertia_filter_constant_speed ... ok
test inertia::tests::test_inertia_filter_deceleration ... ok
test inertia::tests::test_inertia_filter_extreme_acceleration ... ok
test inertia::tests::test_inertia_filter_opposes_acceleration ... ok
test inertia::tests::test_inertia_filter_proportional ... ok
test inertia::tests::test_inertia_filter_stability ... ok
test notch::tests::test_notch_filter_bypass ... ok
test notch::tests::test_notch_filter_dc ... ok
test notch::tests::test_notch_filter_extreme_input ... ok
test notch::tests::test_notch_filter_lowpass ... ok
test notch::tests::test_notch_filter_sinusoidal ... ok
test notch::tests::test_notch_filter_stability_check ... ok
test notch::tests::test_notch_filter_zero_input ... ok
test reconstruction::tests::test_reconstruction_filter_bypass ... ok
test reconstruction::tests::test_reconstruction_filter_convergence ... ok
test reconstruction::tests::test_reconstruction_filter_determinism ... ok
test reconstruction::tests::test_reconstruction_filter_extreme_values ... ok
test reconstruction::tests::test_reconstruction_filter_levels ... ok
test reconstruction::tests::test_reconstruction_filter_preserves_sign ... ok
test reconstruction::tests::test_reconstruction_filter_step_response ... ok
test response_curve::tests::test_response_curve_filter_linear ... ok
test response_curve::tests::test_response_curve_filter_output_bounded ... ok
test reconstruction::tests::test_reconstruction_filter_stability ... ok
test response_curve::tests::test_response_curve_filter_preserves_sign ... ok
test response_curve::tests::test_response_curve_state_clamping ... ok
test response_curve::tests::test_response_curve_state_from_lut ... ok
test response_curve::tests::test_response_curve_state_hard ... ok
test response_curve::tests::test_response_curve_state_linear ... ok
test response_curve::tests::test_response_curve_filter_rt_safe ... ok
test response_curve::tests::test_response_curve_state_soft ... ok
test slew_rate::tests::test_slew_rate_filter_convergence ... ok
test slew_rate::tests::test_slew_rate_filter_direction_change ... ok
test slew_rate::tests::test_slew_rate_filter_negative ... ok
test slew_rate::tests::test_slew_rate_filter_no_change_needed ... ok
test slew_rate::tests::test_slew_rate_filter_stability ... ok
test slew_rate::tests::test_slew_rate_filter_step_response ... ok
test slew_rate::tests::test_slew_rate_filter_symmetry ... ok
test slew_rate::tests::test_slew_rate_filter_unlimited ... ok
test slew_rate::tests::test_slew_rate_filter_zero_rate ... ok
test tests::test_torque_cap_filter ... ok

test result: ok. 90 passed; 0 failed; 0 ignored; 0 measured; 0 filtered out; finished in 0.01s

     Running tests\filter_deep_tests.rs (target\debug\deps\filter_deep_tests-ff0baf5c7517f6e3.exe)

running 101 tests
test bumpstop_reset_clears_angle ... ok
test curve_state_variant_tests::quadratic_lookup_matches_x_squared ... ok
test damper_opposes_negative_motion ... ok
test curve_state_variant_tests::scurve_inflection_at_center ... ok
test damper_adaptive_increases_with_speed ... ok
test damper_coefficient_scales_torque ... ok
test curve_state_variant_tests::curve_lookup_is_monotonic ... ok
test damper_coefficient_zero_no_effect ... ok
test damper_opposes_positive_motion ... ok
test damper_zero_speed_no_effect ... ok
test edge_case_tests::bumpstop_edge_cases ... ok
test edge_case_tests::damper_edge_cases ... ok
test edge_case_tests::friction_edge_cases ... ok
test damper_proportional_to_speed ... ok
test edge_case_tests::inertia_edge_cases ... ok
test edge_case_tests::curve_edge_cases ... ok
test edge_case_tests::hands_off_edge_cases ... ok
test edge_case_tests::lowpass_edge_cases ... ok
test edge_case_tests::notch_edge_cases ... ok
test edge_case_tests::reconstruction_edge_cases ... ok
test edge_case_tests::response_curve_edge_cases ... ok
test edge_case_tests::slew_rate_edge_cases ... ok
test edge_case_tests::torque_cap_negative_infinity ... ok
test edge_case_tests::very_large_torque_values ... ok
test edge_case_tests::zero_coefficient_filters_are_transparent ... ok
test ema_bypass_passes_through ... ok
test ema_attenuates_high_frequency ... ok
test ema_convergence_speed_increases_with_alpha ... ok
test ema_converges_to_constant_input ... ok
test filter_chain_tests::chain_all_filters_produces_finite_output ... ok
test filter_chain_tests::chain_damper_then_friction ... ok
proptest: FileFailurePersistence::SourceParallel set, but failed to find lib.rs or main.rs
test filter_chain_tests::chain_reconstruction_then_slew_rate ... ok
test filter_chain_tests::chain_order_matters ... ok
test filter_chain_tests::chain_repeated_application_converges ... ok
proptest: FileFailurePersistence::SourceParallel set, but failed to find lib.rs or main.rs
proptest: FileFailurePersistence::SourceParallel set, but failed to find lib.rs or main.rs
test filter_state_reset_all::all_resets_allow_clean_reprocessing ... ok
proptest: FileFailurePersistence::SourceParallel set, but failed to find lib.rs or main.rs
proptest: FileFailurePersistence::SourceParallel set, but failed to find lib.rs or main.rs
proptest: FileFailurePersistence::SourceParallel set, but failed to find lib.rs or main.rs
proptest: FileFailurePersistence::SourceParallel set, but failed to find lib.rs or main.rs
test filter_state_reset_all::curve_reset_is_noop ... ok
proptest: FileFailurePersistence::SourceParallel set, but failed to find lib.rs or main.rs
proptest: FileFailurePersistence::SourceParallel set, but failed to find lib.rs or main.rs
proptest: FileFailurePersistence::SourceParallel set, but failed to find lib.rs or main.rs
test filter_state_reset_all::damper_reset_is_noop ... ok
test filter_state_reset_all::friction_reset_is_noop ... ok
test filter_state_reset_all::response_curve_reset_is_noop ... ok
test frame_from_ffb_initializes_correctly ... ok
test frame_from_torque_initializes_correctly ... ok
test frequency_response_tests::ema_attenuation_increases_with_smoothing_level ... ok
test frequency_response_tests::lowpass_gain_decreases_with_frequency ... ok
test friction_coefficient_zero_no_effect ... ok
test frequency_response_tests::notch_deep_null_at_center ... ok
test friction_opposes_motion_direction ... ok
test frequency_response_tests::notch_narrow_q_vs_wide_q ... ok
test friction_zero_speed_no_effect ... ok
test hands_off_detects_after_timeout ... ok
test inertia_reset_clears_prev_speed ... ok
test inertia_constant_speed_no_effect ... ok
test lowpass_attenuates_above_cutoff ... ok
test hands_off_reset_clears_counter ... ok
test inertia_opposes_acceleration ... ok
test lowpass_passband_near_unity ... ok
test hands_off_resets_on_torque_change ... ok
test lowpass_passes_dc ... ok
test notch_attenuates_center_frequency ... ok
test notch_reset_clears_delay_lines ... ok
test notch_bypass_passes_all ... ok
test reconstruction_heavier_smoothing_is_slower ... ok
test notch_q_clamped_to_range ... ok
test notch_passes_frequencies_away_from_center ... ok
test reconstruction_reset_clears_state ... ok
test reconstruction_reduces_noise ... ok
test reconstruction_smooths_step_input ... ok
test response_curve_variant_tests::all_response_curves_endpoints ... ok
test response_curve_variant_tests::hard_curve_boosts_center ... ok
test response_curve_variant_tests::response_curve_filter_symmetry ... ok
test response_curve_variant_tests::response_curve_from_lut_matches_source ... ok
test reconstruction_preserves_steady_state ... ok
test reconstruction_level_above_max_still_works ... ok
test response_curve_variant_tests::soft_curve_reduces_center ... ok
test sample_rate_tests::lowpass_cutoff_scales_with_sample_rate ... ok
test sample_rate_tests::notch_center_frequency_is_sample_rate_dependent ... ok
test slew_rate_limits_downward_step ... ok
test sample_rate_tests::notch_very_low_sample_rate_still_finite ... ok
test slew_rate_limits_upward_step ... ok
test slew_rate_per_tick_change_never_exceeds_limit ... ok
test slew_rate_reset_clears_state ... ok
test sample_rate_tests::slew_rate_per_tick_computation ... ok
test step_response_tests::inertia_impulse_response_single_spike ... ok
test slew_rate_unlimited_passes_through ... ok
test slew_rate_very_small_rate_nearly_freezes ... ok
test step_response_tests::lowpass_step_response_monotonically_rises ... ok
test slew_rate_zero_rate_freezes_output ... ok
test step_response_tests::ema_step_response_is_exponential ... ok
test torque_cap_handles_nan ... ok
test torque_cap_handles_infinity ... ok
test step_response_tests::notch_step_response_settles ... ok
test step_response_tests::slew_rate_step_response_is_linear_ramp ... ok
test filter_property_tests::prop_damper_finite ... ok
test filter_property_tests::prop_torque_cap_bounded ... ok
test filter_property_tests::prop_damper_adaptive_finite ... ok
test filter_property_tests::prop_bumpstop_finite ... ok
test filter_property_tests::prop_friction_finite ... ok
test filter_property_tests::prop_inertia_finite ... ok
test filter_property_tests::prop_slew_rate_bounded ... ok
test filter_property_tests::prop_notch_finite ... ok
test filter_property_tests::prop_lowpass_finite ... ok
test filter_property_tests::prop_reconstruction_bounded ... ok

test result: ok. 101 passed; 0 failed; 0 ignored; 0 measured; 0 filtered out; finished in 0.06s

     Running tests\filter_response_tests.rs (target\debug\deps\filter_response_tests-1fdcdd74a18a8b5d.exe)

running 69 tests
test bumpstop_reset_clears_angle ... ok
test curve_nan_input_does_not_crash ... ok
test curve_quadratic_reduces_midrange ... ok
test damper_nan_speed_does_not_crash ... ok
test ema_gain_at_dc_is_unity ... ok
test inertia_inf_speed_does_not_crash ... ok
test friction_nan_speed_does_not_crash ... ok
test lowpass_bode_gain_below_cutoff_near_0db ... ok
test inertia_reset_clears_prev_speed ... ok
test ema_gain_at_nyquist_is_minimal ... ok
test lowpass_b0_b2_are_equal ... ok
test lowpass_cutoff_gain_about_minus_3db ... ok
test lowpass_b1_equals_2_times_b0 ... ok
test hands_off_reset_clears_counter_and_torque ... ok
test lowpass_coefficients_are_finite ... ok
test lowpass_dc_gain_unity ... ok
test lowpass_nan_input_does_not_crash ... ok
test lowpass_bode_steep_rolloff_above_cutoff ... ok
test lowpass_nyquist_heavily_attenuated ... ok
test notch_b1_equals_a1 ... ok
test notch_bypass_coefficients_are_identity ... ok
test lowpass_monotonic_rolloff ... ok
test lowpass_phase_lag_increases_with_frequency ... ok
test notch_coefficients_b0_equals_b2 ... ok
test notch_deep_null_at_center ... ok
test notch_infinity_input_does_not_crash ... ok
test notch_nan_input_does_not_crash ... ok
test notch_higher_q_narrower_notch ... ok
test notch_passband_gain_near_unity_at_dc ... ok
proptest: FileFailurePersistence::SourceParallel set, but failed to find lib.rs or main.rs
proptest: FileFailurePersistence::SourceParallel set, but failed to find lib.rs or main.rs
test notch_passband_gain_near_unity_far_from_center ... ok
proptest: FileFailurePersistence::SourceParallel set, but failed to find lib.rs or main.rs
proptest: FileFailurePersistence::SourceParallel set, but failed to find lib.rs or main.rs
test notch_reset_clears_delay_line ... ok
proptest: FileFailurePersistence::SourceParallel set, but failed to find lib.rs or main.rs
test notch_phase_is_finite_at_center ... ok
proptest: FileFailurePersistence::SourceParallel set, but failed to find lib.rs or main.rs
proptest: FileFailurePersistence::SourceParallel set, but failed to find lib.rs or main.rs
proptest: FileFailurePersistence::SourceParallel set, but failed to find lib.rs or main.rs
proptest: FileFailurePersistence::SourceParallel set, but failed to find lib.rs or main.rs
proptest: FileFailurePersistence::SourceParallel set, but failed to find lib.rs or main.rs
proptest: FileFailurePersistence::SourceParallel set, but failed to find lib.rs or main.rs
proptest: FileFailurePersistence::SourceParallel set, but failed to find lib.rs or main.rs
proptest: FileFailurePersistence::SourceParallel set, but failed to find lib.rs or main.rs
proptest: FileFailurePersistence::SourceParallel set, but failed to find lib.rs or main.rs
proptest: FileFailurePersistence::SourceParallel set, but failed to find lib.rs or main.rs
proptest: FileFailurePersistence::SourceParallel set, but failed to find lib.rs or main.rs
test prop_damper_zero_speed_no_change ... ok
test prop_friction_opposes_motion ... ok
test prop_notch_bypass_is_identity ... ok
test prop_inertia_output_finite ... ok
test prop_inertia_constant_speed_no_effect ... ok
test prop_damper_opposes_motion ... ok
proptest: FileFailurePersistence::SourceParallel set, but failed to find lib.rs or main.rs
proptest: FileFailurePersistence::SourceParallel set, but failed to find lib.rs or main.rs
proptest: FileFailurePersistence::SourceParallel set, but failed to find lib.rs or main.rs
proptest: FileFailurePersistence::SourceParallel set, but failed to find lib.rs or main.rs
proptest: FileFailurePersistence::SourceParallel set, but failed to find lib.rs or main.rs
test prop_bumpstop_disabled_no_effect ... ok
test prop_curve_output_bounded ... ok
test prop_hands_off_disabled_always_false ... ok
proptest: FileFailurePersistence::SourceParallel set, but failed to find lib.rs or main.rs
proptest: FileFailurePersistence::SourceParallel set, but failed to find lib.rs or main.rs
test prop_curve_linear_preserves_sign ... ok
proptest: FileFailurePersistence::SourceParallel set, but failed to find lib.rs or main.rs
test prop_notch_deterministic ... ok
test prop_lowpass_dc_gain_near_unity ... ok
test prop_notch_output_is_finite ... ok
proptest: FileFailurePersistence::SourceParallel set, but failed to find lib.rs or main.rs
test reconstruction_alpha_decreases_with_level ... ok
test reconstruction_nan_produces_finite_after_recovery ... ok
test reconstruction_reset_clears_prev_output ... ok
test prop_lowpass_output_is_finite ... ok
test response_curve_hard_boosts_midrange ... ok
test response_curve_nan_input_does_not_crash ... ok
test response_curve_soft_attenuates_midrange ... ok
test slew_rate_infinity_input_bounded ... ok
test prop_friction_zero_speed_no_change ... ok
test slew_rate_max_change_per_tick_correct ... ok
test torque_cap_handles_infinity ... ok
test torque_cap_passes_below_max ... ok
test prop_slew_rate_change_bounded ... ok
test slew_rate_reset_clears_prev_output ... ok
test prop_reconstruction_level_valid ... ok
test torque_cap_clamps_above_max ... ok
test prop_reconstruction_output_bounded ... ok
test prop_reconstruction_bypass_is_passthrough ... ok
test prop_slew_rate_positive_rate_nonneg_output_for_pos_target ... ok
test prop_response_curve_output_bounded ... ok
test prop_torque_cap_output_bounded ... ok
test prop_slew_rate_unlimited_is_passthrough ... ok
test prop_response_curve_preserves_sign ... ok
test prop_curve_scurve_endpoints ... ok

test result: ok. 69 passed; 0 failed; 0 ignored; 0 measured; 0 filtered out; finished in 0.02s

     Running tests\fuzz_tests.rs (target\debug\deps\fuzz_tests-6079f6e4f4454902.exe)

running 17 tests
test fuzz_tests::fuzz_bumpstop_extreme_angle ... ok
test fuzz_tests::fuzz_constant_nan_propagation ... ok
test fuzz_tests::fuzz_extreme_negative ... ok
test fuzz_tests::fuzz_hands_off_counter_overflow ... ok
test fuzz_tests::fuzz_extreme_positive ... ok
test fuzz_tests::fuzz_inertia_state_nan_handling ... ok
test fuzz_tests::fuzz_curve_filter_nan_input ... ok
test fuzz_tests::fuzz_filter_state_nan_handling ... ok
test fuzz_tests::fuzz_slew_rate_nan_handling ... ok
test fuzz_tests::fuzz_infinity_input ... ok
test fuzz_tests::fuzz_nan_input ... ok
test fuzz_tests::fuzz_notch_state_nan_handling ... ok
test fuzz_tests::fuzz_response_curve_nan_input ... ok
test fuzz_tests::fuzz_zero_with_sign ... ok
test fuzz_tests::fuzz_subnormal_input ... ok
test fuzz_tests::fuzz_random_extreme ... ok
test fuzz_tests::fuzz_rapid_changes ... ok

test result: ok. 17 passed; 0 failed; 0 ignored; 0 measured; 0 filtered out; finished in 0.01s

     Running tests\mutation_filter_tests.rs (target\debug\deps\mutation_filter_tests-0170026b3b6fd8a4.exe)

running 31 tests
test bumpstop_disabled_has_no_effect ... ok
test bumpstop_reset_clears_angle ... ok
test bumpstop_zero_angle_has_no_spring_force ... ok
test curve_linear_preserves_extremes ... ok
test curve_linear_preserves_midpoint ... ok
test damper_positive_speed_reduces_torque ... ok
test damper_zero_coefficient_no_effect ... ok
test damper_zero_speed_no_effect ... ok
test notch_bypass_passes_through ... ok
test reconstruction_bypass_passes_through ... ok
test friction_positive_speed_opposes ... ok
test friction_zero_coefficient_no_effect ... ok
test reconstruction_heavy_smooths_step ... ok
test response_curve_linear_preserves_sign ... ok
test inertia_zero_coefficient_no_effect ... ok
test slew_rate_converges_to_target_over_multiple_ticks ... ok
test slew_rate_limits_large_negative_step ... ok
test slew_rate_reset_clears_prev_output ... ok
test slew_rate_limits_large_positive_step ... ok
test slew_rate_symmetric ... ok
test slew_rate_tracks_output_for_next_tick ... ok
test slew_rate_unlimited_passes_through ... ok
test torque_cap_at_exact_boundary_passes ... ok
test torque_cap_at_negative_exact_boundary_passes ... ok
test torque_cap_clamps_negative_overflow ... ok
test torque_cap_clamps_positive_overflow ... ok
test torque_cap_handles_nan ... ok
test torque_cap_handles_positive_infinity ... ok
test torque_cap_preserves_within_range ... ok
test torque_cap_symmetric_clamping ... ok
test torque_cap_zero_max_forces_zero ... ok

test result: ok. 31 passed; 0 failed; 0 ignored; 0 measured; 0 filtered out; finished in 0.00s

     Running tests\property_tests.rs (target\debug\deps\property_tests-2e3566a96151772f.exe)

running 49 tests
test edge_case_tests::lowpass_extreme_q_values ... ok
proptest: FileFailurePersistence::SourceParallel set, but failed to find lib.rs or main.rs
test edge_case_tests::damper_zero_coefficient_no_effect ... ok
proptest: FileFailurePersistence::SourceParallel set, but failed to find lib.rs or main.rs
proptest: FileFailurePersistence::SourceParallel set, but failed to find lib.rs or main.rs
test edge_case_tests::curve_extreme_input_clamped ... ok
proptest: FileFailurePersistence::SourceParallel set, but failed to find lib.rs or main.rs
proptest: FileFailurePersistence::SourceParallel set, but failed to find lib.rs or main.rs
test edge_case_tests::friction_zero_coefficient_no_effect ... ok
proptest: FileFailurePersistence::SourceParallel set, but failed to find lib.rs or main.rs
test edge_case_tests::inertia_zero_coefficient_no_effect ... ok
proptest: FileFailurePersistence::SourceParallel set, but failed to find lib.rs or main.rs
test edge_case_tests::bumpstop_disabled_no_effect ... ok
test edge_case_tests::notch_above_nyquist_frequency ... ok
test edge_case_tests::filter_state_reset_clears_state ... ok
test edge_case_tests::hands_off_disabled_never_triggers ... ok
test edge_case_tests::notch_bypass_passes_through ... ok
test edge_case_tests::notch_extreme_q_values ... ok
test edge_case_tests::notch_is_stable_moderate_q ... ok
test edge_case_tests::notch_zero_sample_rate ... ok
test edge_case_tests::notch_near_zero_sample_rate ... ok
test edge_case_tests::reconstruction_bypass_passes_through ... ok
test edge_case_tests::response_curve_clamps_extreme_input ... ok
test edge_case_tests::slew_rate_unlimited_passes_through ... ok
test edge_case_tests::notch_zero_frequency ... ok
test edge_case_tests::slew_rate_zero_change ... ok
test frequency_response_tests::lowpass_attenuates_nyquist_signal ... ok
test frequency_response_tests::notch_at_nyquist_frequency_stable ... ok
proptest: FileFailurePersistence::SourceParallel set, but failed to find lib.rs or main.rs
test frequency_response_tests::notch_attenuates_center_frequency ... ok
test frequency_response_tests::reconstruction_attenuates_high_frequency ... ok
proptest: FileFailurePersistence::SourceParallel set, but failed to find lib.rs or main.rs
proptest: FileFailurePersistence::SourceParallel set, but failed to find lib.rs or main.rs
proptest: FileFailurePersistence::SourceParallel set, but failed to find lib.rs or main.rs
proptest: FileFailurePersistence::SourceParallel set, but failed to find lib.rs or main.rs
proptest: FileFailurePersistence::SourceParallel set, but failed to find lib.rs or main.rs
proptest: FileFailurePersistence::SourceParallel set, but failed to find lib.rs or main.rs
proptest: FileFailurePersistence::SourceParallel set, but failed to find lib.rs or main.rs
test composition_tests::prop_slew_limits_reconstruction_rate ... ok
proptest: FileFailurePersistence::SourceParallel set, but failed to find lib.rs or main.rs
test composition_tests::prop_cap_then_curve_bounded ... ok
test proptest_tests::bumpstop_damping_increases_resistance ... ok
test proptest_tests::damper_linearity_fixed ... ok
test proptest_tests::inertia_filter_finite_with_valid_input ... ok
test proptest_tests::bumpstop_output_always_bounded ... ok
proptest: FileFailurePersistence::SourceParallel set, but failed to find lib.rs or main.rs
proptest: FileFailurePersistence::SourceParallel set, but failed to find lib.rs or main.rs
proptest: FileFailurePersistence::SourceParallel set, but failed to find lib.rs or main.rs
test proptest_tests::damper_filter_finite_with_valid_input ... ok
proptest: FileFailurePersistence::SourceParallel set, but failed to find lib.rs or main.rs
test bounded_output_tests::prop_hands_off_not_triggered_with_torque ... ok
test bounded_output_tests::prop_reconstruction_bounded_output ... ok
test proptest_tests::friction_filter_finite_with_valid_input ... ok
test proptest_tests::notch_filter_stability ... ok
test stability_tests::chain_stable_with_speed_reversals ... ok
test proptest_tests::friction_opposes_motion_direction ... ok
test stability_tests::notch_stable_with_param_changes ... ok
test stability_tests::reconstruction_stable_with_level_changes ... ok
test stability_tests::slew_rate_stable_with_rate_changes ... ok
test bounded_output_tests::prop_bumpstop_bounded ... ok
proptest: FileFailurePersistence::SourceParallel set, but failed to find lib.rs or main.rs
test proptest_tests::reconstruction_filter_always_finite ... ok
test proptest_tests::slew_rate_filter_always_moves_toward_target ... ok
test proptest_tests::reconstruction_filter_deterministic ... ok
test proptest_tests::response_curve_output_bounded ... ok
test proptest_tests::torque_cap_enforces_limit ... ok
test proptest_tests::curve_filter_output_bounded ... ok
test composition_tests::prop_curve_composition_via_frames ... ok
test bounded_output_tests::prop_full_chain_bounded ... ok
test quickcheck_tests::quickcheck_all_filters_finite ... ok

test result: ok. 49 passed; 0 failed; 0 ignored; 0 measured; 0 filtered out; finished in 0.03s

     Running tests\snapshot_filters.rs (target\debug\deps\snapshot_filters-3903e77ec8d22984.exe)

running 21 tests
test inertia_sine_snapshot ... ok
test notch_impulse_response_snapshot ... ok
test hands_off_intermittent_torque_snapshot ... ok
test hands_off_step_on_off_snapshot ... ok
test inertia_ramp_snapshot ... ok
test bumpstop_step_response_snapshot ... ok
test damper_adaptive_step_response_snapshot ... ok
test friction_adaptive_ramp_snapshot ... ok
test friction_fixed_step_snapshot ... ok
test inertia_step_response_snapshot ... ok
test damper_fixed_ramp_snapshot ... ok
test bumpstop_sine_input_snapshot ... ok
test hands_off_low_torque_snapshot ... ok
test damper_adaptive_ramp_snapshot ... ok
test damper_fixed_step_response_snapshot ... ok
test friction_sine_snapshot ... ok
test notch_sine_at_center_frequency_snapshot ... ok
test notch_step_response_snapshot ... ok
test slew_rate_sine_snapshot ... ok
test slew_rate_step_down_snapshot ... ok
test slew_rate_step_up_snapshot ... ok

test result: ok. 21 passed; 0 failed; 0 ignored; 0 measured; 0 filtered out; finished in 0.19s

     Running unittests src\lib.rs (target\debug\deps\openracing_firmware_update-b29b5c4c2f79fbd0.exe)

running 46 tests
test delta::tests::test_simple_patch ... ok
test bundle::tests::test_invalid_magic_rejected ... ok
test bundle::tests::test_hardware_version_numeric_comparison ... ok
test bundle::tests::test_rollback_protection ... ok
test bundle::tests::test_bundle_size ... ok
test delta::tests::test_data_hash ... ok
test bundle::tests::test_hardware_compatibility ... ok
test bundle::tests::test_bundle_roundtrip_no_compression ... ok
test hardware_version::tests::test_comparison_1_2_0_equals_1_2 ... ok
test hardware_version::tests::test_comparison_1_2_vs_1_2_1 ... ok
test hardware_version::tests::test_display ... ok
test hardware_version::tests::test_from_str ... ok
test delta::tests::test_compression_roundtrip ... ok
test hardware_version::tests::test_numeric_comparison_10_vs_2 ... ok
test bundle::tests::test_bundle_roundtrip_gzip ... ok
test hardware_version::tests::test_parse_empty_fails ... ok
test hardware_version::tests::test_parse_invalid_component_fails ... ok
test hardware_version::tests::test_parse_simple_version ... ok
test hardware_version::tests::test_parse_three_component_version ... ok
test hardware_version::tests::test_parse_two_component_version ... ok
test hardware_version::tests::test_parse_whitespace_only_fails ... ok
test hardware_version::tests::test_try_compare_invalid_returns_none ... ok
test hardware_version::tests::test_try_compare_valid ... ok
test health::tests::test_health_check_summary ... ok
test bundle::tests::test_bundle_write_and_load ... ok
test manager::tests::test_ffb_blocker_basic ... ok
test manager::tests::test_partition_other ... ok
test manager::tests::test_staged_rollout_config_default ... ok
test manager::tests::test_ffb_blocker_mutual_exclusion ... ok
test delta::tests::test_file_hash ... ok
test manager::tests::test_update_state_should_block_ffb ... ok
test partition::tests::test_partition_display ... ok
test partition::tests::test_partition_health_needs_repair ... ok
test partition::tests::test_partition_info_can_update ... ok
test partition::tests::test_partition_info_empty ... ok
test partition::tests::test_partition_other ... ok
test partition::tests::test_partition_health_is_usable ... ok
test manager::tests::test_update_state_is_in_progress ... ok
test rollback::tests::test_backup_metadata_serialization ... ok
test staged_rollout::tests::test_staged_rollout_config_default ... ok
test staged_rollout::tests::test_create_stages_multiple_stages ... ok
test health::tests::test_file_check_size_mismatch ... ok
test staged_rollout::tests::test_create_stages_single_stage ... ok
test health::tests::test_file_check_success ... ok
test rollback::tests::test_rollback_manager ... ok
test health::tests::test_command_check ... ok

test result: ok. 46 passed; 0 failed; 0 ignored; 0 measured; 0 filtered out; finished in 0.02s

     Running tests\firmware_deep_tests.rs (target\debug\deps\firmware_deep_tests-5ee12da602efc181.exe)

running 107 tests
test binary_format_tests::bundle_format_version_is_one ... ok
test binary_format_tests::magic_bytes_are_correct ... ok
test binary_format_tests::bundle_header_hash_matches_payload ... ok
test bundle_format::bundle_header_contains_correct_hash ... ok
test binary_format_tests::uncompressed_bundle_sizes_match ... ok
test bundle_format::bundle_metadata_defaults_to_stable_channel ... ok
test bundle_format::bundle_header_contains_correct_sizes ... ok
test bundle_format::compression_type_serde_round_trip ... ok
test bundle_format::bundle_size_matches_serialized_length ... ok
test bundle_format::invalid_magic_bytes_rejected ... ok
test bundle_format::bundle_round_trip_no_compression ... ok
test bundle_format::corrupted_payload_detected_via_hash ... ok
test binary_format_tests::compressed_smaller_than_uncompressed_for_repetitive_data ... ok
test bundle_format::release_channel_serde_round_trip ... ok
test binary_format_tests::bundle_with_single_byte_payload ... ok
test changelog_tests::empty_changelog_is_none ... ok
test bundle_format::truncated_data_rejected ... ok
test changelog_tests::bundle_changelog_preserved_in_metadata ... ok
test changelog_tests::bundle_title_preserved ... ok
test bundle_format::bundle_round_trip_gzip_compression ... ok
test changelog_tests::bundle_custom_metadata_fields_preserved ... ok
test compatibility::compatible_within_range ... ok
test compatibility::incompatible_above_maximum ... ok
test compatibility::incompatible_below_minimum ... ok
test compatibility::invalid_hw_version_fails_closed ... ok
test changelog_tests::release_notes_flow_to_extracted_image ... ok
test compatibility::no_hw_constraints_always_compatible ... ok
test compatibility::no_rollback_version_allows_any_upgrade ... ok
test compatibility::numeric_comparison_10_vs_2 ... ok
test compatibility::only_max_constraint ... ok
test compatibility::only_min_constraint ... ok
test compatibility::rollback_protection_allows_upgrade_from_same_version ... ok
test bundle_format::bundle_file_write_and_load ... ok
test concurrent_update_tests::ffb_blocker_rejects_second_device_update ... ok
test binary_format_tests::large_payload_round_trips ... ok
test concurrent_update_tests::rapid_begin_end_cycles_stable ... ok
test concurrent_update_tests::ffb_blocked_during_update_unblocked_after ... ok
test device_model_compat::different_device_models_produce_different_bundles ... ok
test device_model_compat::bundle_preserves_custom_device_model ... ok
test progress_reporting::partition_display ... ok
test progress_reporting::partition_health_variants ... ok
test device_model_compat::device_model_with_special_chars_round_trips ... ok
test progress_reporting::partition_other_is_involution ... ok
test progress_reporting::partition_info_serde_round_trip ... ok
test progress_reporting::staged_rollout_config_default_values ... ok
test progress_reporting::staged_rollout_config_serde_round_trip ... ok
test progress_reporting::update_progress_serde_round_trip ... ok
test progress_reporting::update_result_failure_serde_round_trip ... ok
test progress_reporting::update_result_success_serde_round_trip ... ok
test progress_reporting_tests::all_update_phases_are_distinct ... ok
proptest: FileFailurePersistence::SourceParallel set, but failed to find lib.rs or main.rs
proptest: FileFailurePersistence::SourceParallel set, but failed to find lib.rs or main.rs
proptest: FileFailurePersistence::SourceParallel set, but failed to find lib.rs or main.rs
test progress_reporting_tests::progress_percentage_at_boundaries ... ok
proptest: FileFailurePersistence::SourceParallel set, but failed to find lib.rs or main.rs
proptest: FileFailurePersistence::SourceParallel set, but failed to find lib.rs or main.rs
test progress_reporting_tests::progress_with_warnings_serializes ... ok
test rollback::backup_metadata_serde_round_trip ... ok
test state_machine::complete_does_not_block_ffb ... ok
test state_machine::default_state_is_idle ... ok
test state_machine::downloading_is_in_progress ... ok
test state_machine::complete_is_not_in_progress ... ok
test state_machine::failed_is_not_in_progress ... ok
test interrupted_update_tests::cleanup_with_no_old_backups_succeeds ... ok
test state_machine::failed_does_not_block_ffb ... ok
test state_machine::ffb_blocker_blocks_during_update ... ok
test state_machine::ffb_blocker_state_transitions ... ok
test state_machine::ffb_blocker_rejects_concurrent_updates ... ok
test state_machine::flashing_is_in_progress ... ok
test state_machine::ffb_blocker_tracks_updating_device ... ok
test state_machine::idle_does_not_block_ffb ... ok
test state_machine::rebooting_is_in_progress ... ok
test state_machine::idle_is_not_in_progress ... ok
test state_machine::in_progress_states_block_ffb ... ok
test state_machine::update_state_serde_round_trip_all_variants ... ok
test state_machine::verifying_is_in_progress ... ok
test rollback::rollback_to_nonexistent_backup_fails ... ok
test version_comparison_tests::downgrade_detected ... ok
test version_comparison_tests::rollback_protection_blocks_downgrade ... ok
test version_comparison_tests::upgrade_path_major_version ... ok
test version_comparison_tests::same_version_detected ... ok
test version_comparison_tests::upgrade_path_minor_version ... ok
test version_comparison_tests::upgrade_path_patch_version ... ok
test version_parsing::display_preserves_original_string ... ok
test version_parsing::equal_versions_with_trailing_zeros ... ok
test version_parsing::from_str_works ... ok
test version_parsing::parse_empty_string_fails ... ok
test version_parsing::numeric_comparison_avoids_lexicographic_bug ... ok
test version_parsing::parse_leading_dot_fails ... ok
test version_parsing::parse_four_components ... ok
test version_parsing::parse_mixed_valid_invalid_fails ... ok
test version_parsing::ordering_respects_minor_component ... ok
test version_parsing::parse_negative_number_fails ... ok
test version_parsing::parse_non_numeric_fails ... ok
test version_parsing::parse_single_component ... ok
test version_parsing::parse_trailing_dot_fails ... ok
test version_parsing::parse_two_components ... ok
test version_parsing::parse_whitespace_only_fails ... ok
test version_parsing::parse_with_leading_whitespace ... ok
test version_parsing::semver_version_comparison ... ok
test version_parsing::try_compare_invalid_returns_none ... ok
test version_parsing::try_compare_valid_returns_some ... ok
test rollback::create_and_verify_backup ... ok
test rollback::rollback_restores_original_file ... ok
test interrupted_update_tests::rollback_with_nested_directories ... ok
test interrupted_update_tests::rollback_with_multiple_files ... ok
test property_tests::semver_ordering_is_total ... ok
test property_tests::version_ordering_is_reflexive ... ok
test property_tests::version_partial_ord_consistent_with_ord ... ok
test property_tests::version_ordering_is_total ... ok
test property_tests::version_ordering_is_transitive ... ok
test rollback::get_latest_backup_returns_most_recent ... ok

test result: ok. 107 passed; 0 failed; 0 ignored; 0 measured; 0 filtered out; finished in 0.07s

     Running tests\firmware_hardening_tests.rs (target\debug\deps\firmware_hardening_tests-168c66a3ba4fe24d.exe)

running 91 tests
test bundle_validation::parse_rejects_too_short_data ... ok
test bundle_validation::parse_rejects_empty_data ... ok
test bundle_validation::parse_rejects_truncated_after_magic ... ok
test bundle_validation::bundle_size_matches_serialized_length ... ok
test firmware_image_tests::firmware_image_size_matches_data_len ... ok
test bundle_validation::bundle_preserves_metadata_fields ... ok
test bundle_validation::bundle_payload_hash_is_verified_on_parse ... ok
test error_tests::firmware_error_display_messages ... ok
test error_tests::firmware_error_from_serde_json ... ok
test firmware_image_tests::firmware_image_hash_matches_data ... ok
test bundle_validation::parse_rejects_wrong_magic ... ok
test firmware_image_tests::firmware_image_serialization_skips_data ... ok
test firmware_image_tests::firmware_image_with_signature ... ok
test bundle_validation::roundtrip_no_compression ... ok
test health_check_tests::health_check_summary_all_passed ... ok
test health_check_tests::health_check_summary_some_failed ... ok
test health_check_tests::health_check_summary_zero_checks ... ok
test bundle_validation::bundle_with_nightly_channel ... ok
test bundle_validation::roundtrip_gzip_compression ... ok
test partial_update_recovery::data_hash_deterministic ... ok
test partial_update_recovery::data_hash_different_for_different_data ... ok
test partial_update_recovery::compression_empty_data ... ok
test partial_update_recovery::data_hash_length_is_64_hex_chars ... ok
test partial_update_recovery::compression_roundtrip ... ok
test partial_update_recovery::delta_patch_completely_different_data ... ok
test partial_update_recovery::delta_patch_empty_new_data ... ok
test partial_update_recovery::decompress_invalid_data_fails ... ok
test partial_update_recovery::delta_patch_empty_old_data ... ok
test partial_update_recovery::delta_patch_growing_data ... ok
test partial_update_recovery::delta_patch_identical_data ... ok
test partial_update_recovery::delta_patch_invalid_magic_rejected ... ok
test bundle_validation::bundle_write_and_load_roundtrip ... ok
test partial_update_recovery::delta_patch_shrinking_data ... ok
test partial_update_recovery::delta_patch_wrong_old_size_rejected ... ok
test partition_tests::active_partition_cannot_update ... ok
test partition_tests::inactive_healthy_partition_can_update ... ok
test partition_tests::partition_display ... ok
test partition_tests::partition_health_default_is_unknown ... ok
test partition_tests::partition_health_needs_repair ... ok
test partition_tests::partition_health_usable_states ... ok
test partition_tests::partition_info_empty_defaults ... ok
test partition_tests::partition_info_serialization_roundtrip ... ok
test partition_tests::partition_other_is_symmetric ... ok
test rollback_handling::backup_metadata_serialization_roundtrip ... ok
test signature_tests::extracted_image_carries_signature ... ok
test staged_rollout_tests::staged_rollout_config_defaults ... ok
test partial_update_recovery::file_hash_matches_data_hash ... ok
test signature_tests::unsigned_bundle_has_no_signature ... ok
test staged_rollout_tests::staged_rollout_config_serialization_roundtrip ... ok
test staged_rollout_tests::update_progress_serialization ... ok
test staged_rollout_tests::update_result_serialization_roundtrip ... ok
test signature_tests::signed_bundle_preserves_signature ... ok
test update_lifecycle::ffb_blocker_blocks_during_update ... ok
test update_lifecycle::ffb_blocker_initially_not_blocked ... ok
test update_lifecycle::cancel_nonexistent_update_returns_error ... ok
test update_lifecycle::ffb_blocker_rejects_concurrent_updates ... ok
test update_lifecycle::ffb_blocker_state_transitions ... ok
test update_lifecycle::ffb_blocker_tracks_updating_device ... ok
test update_lifecycle::update_state_complete_does_not_block ... ok
test update_lifecycle::update_manager_can_be_created ... ok
test update_lifecycle::update_state_downloading_blocks_ffb ... ok
test update_lifecycle::update_state_failed_does_not_block ... ok
test update_lifecycle::update_manager_no_active_updates_initially ... ok
test update_lifecycle::update_state_flashing_blocks_ffb ... ok
test update_lifecycle::update_state_failed_irrecoverable ... ok
test update_lifecycle::update_state_rebooting_blocks_ffb ... ok
test update_lifecycle::update_state_idle_is_default ... ok
test update_lifecycle::update_state_verifying_blocks_ffb ... ok
test version_compatibility::bundle_hardware_compatibility_in_range ... ok
test version_compatibility::bundle_hardware_compatibility_invalid_version ... ok
test version_compatibility::bundle_hardware_compatibility_out_of_range ... ok
test version_compatibility::bundle_no_hw_constraints_always_compatible ... ok
test version_compatibility::hardware_version_display_and_from_str ... ok
test version_compatibility::hardware_version_empty_is_error ... ok
test version_compatibility::hardware_version_equal_with_trailing_zeros ... ok
test version_compatibility::hardware_version_invalid_component ... ok
test version_compatibility::hardware_version_multi_component ... ok
test version_compatibility::hardware_version_negative_component ... ok
test version_compatibility::hardware_version_numeric_ordering ... ok
test rollback_handling::rollback_to_nonexistent_backup_fails ... ok
test version_compatibility::hardware_version_parse_single_component ... ok
test partial_update_recovery::delta_patch_roundtrip_via_files ... ok
test version_compatibility::hardware_version_try_compare_both_valid ... ok
test version_compatibility::hardware_version_try_compare_invalid_returns_none ... ok
test version_compatibility::rollback_protection_allows_upgrade_from_minimum ... ok
test version_compatibility::rollback_protection_none_always_allows ... ok
test version_compatibility::hardware_version_whitespace_only_is_error ... ok
test rollback_handling::rollback_manager_latest_backup ... ok
test rollback_handling::rollback_manager_create_and_list_backup ... ok
test rollback_handling::rollback_manager_restore_from_backup ... ok
test rollback_handling::backup_with_multiple_files ... ok

test result: ok. 91 passed; 0 failed; 0 ignored; 0 measured; 0 filtered out; finished in 0.02s

     Running tests\firmware_process_tests.rs (target\debug\deps\firmware_process_tests-fd8467af7af53b90.exe)

running 48 tests
test checksum_verification::compute_data_hash_matches_crypto_util ... ok
test bundle_parsing::corrupted_header_json_rejected ... ok
test checksum_verification::sha256_different_data_different_hash ... ok
test checksum_verification::crc32_empty_data ... ok
test checksum_verification::sha256_hash_matches_known_value ... ok
test bundle_parsing::parse_empty_payload_succeeds ... ok
test bundle_parsing::parse_bundle_preserves_metadata_fields ... ok
test bundle_parsing::truncated_payload_rejected ... ok
test checksum_verification::bundle_payload_hash_verified_on_parse ... ok
test checksum_verification::crc32_basic_verification ... ok
test compatibility_matrix::multiple_models_independent_compatibility ... ok
test compatibility_matrix::multi_component_versions_compared_numerically ... ok
test compatibility_matrix::exact_boundary_versions_compatible ... ok
test checksum_verification::firmware_image_hash_matches_data ... ok
test concurrent_update_prevention::ffb_operations_blocked_during_active_update ... ok
test concurrent_update_prevention::ffb_blocker_prevents_second_concurrent_update ... ok
test compatibility_matrix::incompatible_hw_version_rejects_update ... ok
test incomplete_download::write_failure_mid_transfer_reports_error ... ok
test power_failure_recovery::partition_state_recoverable_after_failed_update ... ok
test signature_verification::signature_metadata_has_correct_fields ... ok
test rollback_on_failure::validation_failure_returns_error_result ... ok
test signature_verification::signature_metadata_serde_roundtrip ... ok
test power_failure_recovery::backup_integrity_verified_before_rollback ... ok
test power_failure_recovery::backup_survives_interrupted_update ... ok
test bundle_parsing::parse_large_payload_roundtrip ... ok
test rollback_on_failure::rollback_manager_restores_after_failed_update ... ok
test state_machine_lifecycle::failed_state_carries_error_info ... ok
test state_machine_lifecycle::full_lifecycle_idle_to_complete ... ok
test version_comparison::downgrade_detected_when_new_is_lower ... ok
test state_machine_lifecycle::state_machine_set_and_get_transitions ... ok
test version_comparison::patch_increment_is_upgrade ... ok
test version_comparison::pre_release_is_less_than_release ... ok
test version_comparison::upgrade_detected_when_new_is_higher ... ok
test version_comparison::same_version_detected ... ok
test version_comparison::rollback_protection_blocks_downgrade ... ok
test signature_verification::sign_and_verify_firmware_data ... ok
test rollback_on_failure::multiple_backups_independent_rollback ... ok
test signature_verification::signed_bundle_preserves_signature ... ok
test signature_verification::tampered_data_fails_verification ... ok
test signature_verification::wrong_key_fails_verification ... ok
test incomplete_download::retry_after_failure_succeeds ... ok
test progress_reporting::progress_events_emitted_during_update ... ok
test progress_reporting::progress_contains_byte_counts ... ok
test multi_device_coordination::update_result_contains_device_id ... ok
test multi_device_coordination::sequential_updates_to_different_devices ... ok
test multi_device_coordination::different_device_models_get_correct_firmware ... ok
test concurrent_update_prevention::manager_prevents_duplicate_device_update ... ok
test power_failure_recovery::health_check_failure_triggers_rollback_path ... ok

test result: ok. 48 passed; 0 failed; 0 ignored; 0 measured; 0 filtered out; finished in 40.04s

     Running tests\firmware_update_deep_tests.rs (target\debug\deps\firmware_update_deep_tests-2e8aa62eae52f8e6.exe)

running 119 tests
test ab_partition_selection::corrupted_partition_rejects_update ... ok
test ab_partition_selection::active_partition_always_rejects_update ... ok
test binary_validation::corrupted_payload_byte_detected ... ok
test binary_validation::compression_round_trip ... ok
test ab_partition_selection::inactive_degraded_partition_accepts_update ... ok
test ab_partition_selection::inactive_healthy_partition_accepts_update ... ok
test binary_validation::data_hash_is_deterministic ... ok
test binary_validation::different_data_produces_different_hash ... ok
test ab_partition_selection::inactive_unknown_partition_accepts_update ... ok
test ab_partition_selection::partition_with_existing_version_can_update_if_inactive ... ok
test binary_validation::truncated_after_magic_rejected ... ok
test binary_validation::empty_data_compression_round_trip ... ok
test compatibility_extended::bundle_header_fields_from_image ... ok
test binary_validation::empty_data_rejected ... ok
test compatibility_extended::bundle_no_hw_constraints_compatible_with_anything ... ok
test compatibility_extended::bundle_only_max_hw_version ... ok
test concurrent_update_prevention::concurrent_begin_reports_blocking_device ... ok
test binary_validation::large_data_compression_round_trip ... ok
test binary_validation::invalid_magic_rejected ... ok
test ab_partition_selection::active_b_targets_a ... ok
test ab_partition_selection::active_a_targets_b ... ok
test binary_validation::bundle_payload_hash_matches_data ... ok
test concurrent_update_prevention::ffb_operation_blocked_only_during_update ... ok
test error_recovery::delta_patch_round_trip ... ok
test binary_validation::bundle_sizes_match_content ... ok
test error_recovery::delta_patch_completely_different ... ok
test error_recovery::delta_patch_content_to_empty ... ok
test concurrent_update_prevention::ffb_blocker_prevents_concurrent_via_compare_exchange ... ok
test binary_validation::firmware_image_hash_matches_data ... ok
test compatibility_extended::bundle_only_min_hw_version ... ok
test error_recovery::delta_patch_empty_to_content ... ok
test error_recovery::delta_patch_identical_data ... ok
test concurrent_update_prevention::manager_tracks_active_updates_list ... ok
test compatibility_extended::extract_image_preserves_data ... ok
test error_recovery::failed_state_carries_error_info ... ok
test error_recovery::patch_invalid_magic_rejected ... ok
test binary_validation::gzip_compressed_bundle_validates ... ok
test error_recovery::patch_size_mismatch_rejected ... ok
test firmware_version_comparison::semver_ordering ... ok
test firmware_version_comparison::semver_patch_ordering ... ok
test firmware_version_comparison::bundle_upgrade_from_older_allowed ... ok
test firmware_version_comparison::firmware_image_version_comparison ... ok
test progress_reporting::progress_at_completion ... ok
test progress_reporting::progress_fields_round_trip_serde ... ok
test power_failure_recovery::state_resets_to_idle_after_recovery ... ok
test progress_reporting::progress_with_zero_bytes_valid ... ok
test progress_tracking::cancel_nonexistent_update_fails ... ok
test progress_tracking::manager_reports_no_active_updates_initially ... ok
test progress_tracking::health_check_summary_zero_checks ... ok
test error_recovery::ffb_blocker_recovers_after_failed_update ... ok
test error_recovery::firmware_update_error_display ... ok
test firmware_version_comparison::hardware_version_multi_component ... ok
test firmware_version_comparison::hardware_version_single_component ... ok
test progress_reporting::all_phases_serializable ... ok
test error_recovery::recoverable_vs_unrecoverable_failure ... ok
test error_recovery::serde_json_error_converts_to_firmware_error ... ok
test power_failure_recovery::ffb_blocker_survives_rapid_begin_end_cycles ... ok
test progress_reporting::progress_with_multiple_warnings ... ok
test progress_tracking::update_progress_serde_round_trip ... ok
test progress_tracking::update_result_failure_fields ... ok
test progress_tracking::health_check_summary_critical_failures ... ok
test progress_tracking::health_check_summary_success_rate ... ok
test progress_reporting::manager_subscribe_progress_channel ... ok
test progress_tracking::update_result_success_fields ... ok
test rollback_tests::backup_metadata_serde_round_trip ... ok
test rollback_tests::empty_backup_dir_returns_no_backups ... ok
test rollback_operations::empty_backup_dir_returns_no_backups ... ok
test rollback_operations::rollback_to_nonexistent_backup_fails ... ok
test rollback_tests::rollback_to_nonexistent_backup_fails ... ok
test rollback_operations::backup_preserves_version_metadata ... ok
test rollback_operations::create_and_list_backup ... ok
test rollback_tests::create_backup_and_verify ... ok
test state_machine::all_states_in_progress_classification ... ok
test state_machine::all_states_serde_round_trip ... ok
test rollback_tests::multiple_backups_latest_is_first ... ok
test rollback_tests::rollback_restores_original_content ... ok
test power_failure_recovery::resume_after_interrupted_backup ... ok
test rollback_operations::rollback_with_multiple_files ... ok
test rollback_operations::latest_backup_returns_most_recent ... ok
test rollback_operations::rollback_restores_original_content ... ok
test state_machine::ffb_blocker_end_update_resets_completely ... ok
test state_machine::ffb_blocker_lifecycle ... ok
test state_machine_transitions::concurrent_update_prevention ... ok
test state_machine_transitions::downloading_progress_increments ... ok
test state_machine::ffb_blocker_rejects_second_concurrent_update ... ok
test state_machine::ffb_blocking_mirrors_in_progress ... ok
test state_machine::default_state_is_idle ... ok
test rollback_tests::rollback_with_multiple_files ... ok
test state_machine_transitions::flashing_progress_increments ... ok
test state_machine_transitions::ffb_blocked_during_active_states ... ok
test power_failure_recovery::backup_integrity_verified_on_recovery ... ok
test update_cancellation::no_active_updates_initially ... ok
test state_machine_transitions::walk_through_full_lifecycle ... ok
test update_cancellation::cancel_nonexistent_update_fails ... ok
test state_machine_transitions::idle_to_verifying_on_begin_update ... ok
test state_machine_transitions::transition_to_failed_recoverable ... ok
test state_machine_transitions::transition_to_failed_unrecoverable ... ok
test state_machine_transitions::updating_device_tracked ... ok
test update_journal::bundle_file_write_and_reload ... ok
test update_journal::bundle_metadata_defaults ... ok
test update_journal::partition_can_update_inactive_healthy ... ok
test update_journal::partition_cannot_update_active ... ok
test update_journal::bundle_metadata_with_custom_fields ... ok
test update_journal::hardware_compatibility_matrix ... ok
test update_journal::partition_display ... ok
test update_journal::partition_health_default_is_unknown ... ok
test update_journal::hardware_version_comparison_numeric ... ok
test update_journal::hardware_version_parse_errors ... ok
test update_journal::partition_health_usability ... ok
test update_journal::partition_info_empty_defaults ... ok
test update_cancellation::update_result_cancelled_fields ... ok
test update_journal::hardware_version_trailing_zeros_equal ... ok
test update_journal::no_rollback_version_allows_any ... ok
test update_journal::partition_info_serde_round_trip ... ok
test update_journal::release_channel_variants ... ok
test update_journal::rollback_protection ... ok
test update_journal::staged_rollout_config_defaults ... ok
test update_journal::staged_rollout_config_serde_round_trip ... ok
test update_journal::partition_other_is_involution ... ok

test result: ok. 119 passed; 0 failed; 0 ignored; 0 measured; 0 filtered out; finished in 1.27s

     Running tests\firmware_update_flow_tests.rs (target\debug\deps\firmware_update_flow_tests-c465c5f14568776b.exe)

running 60 tests
test concurrent_update_rejection::ffb_blocker_rejects_second_update ... ok
test concurrent_update_rejection::ffb_blocker_tracks_device_id ... ok
test device_compatibility::compatible_hardware_accepted ... ok
test device_compatibility::exact_min_boundary_accepted ... ok
test device_compatibility::exact_max_boundary_accepted ... ok
test end_to_end::update_result_contains_old_version ... ok
test error_handling::hash_mismatch_fails_update ... ok
test device_compatibility::hardware_below_minimum_rejected ... ok
test device_compatibility::bundle_compatibility_check ... ok
test device_compatibility::hardware_above_maximum_rejected ... ok
test end_to_end::full_update_lifecycle ... ok
test device_compatibility::rollback_protection_blocks_downgrade ... ok
test error_handling::prepare_failure_reported ... ok
test end_to_end::manager_active_updates_empty_after_completion ... ok
test error_handling::reboot_failure_reported ... ok
test concurrent_update_rejection::manager_rejects_duplicate_device_update ... ok
proptest: FileFailurePersistence::SourceParallel set, but failed to find lib.rs or main.rs
test error_handling::validation_failure_reported ... ok
test error_handling::write_failure_mid_transfer ... ok
test firmware_image_validation::correct_hash_accepted ... ok
test firmware_image_validation::empty_firmware_data_has_zero_size ... ok
test firmware_image_validation::invalid_bundle_magic_rejected ... ok
test firmware_image_validation::bundle_detects_payload_corruption ... ok
test firmware_image_validation::bundle_roundtrip_preserves_image ... ok
test progress_reporting::receives_initializing_phase ... ok
proptest: FileFailurePersistence::SourceParallel set, but failed to find lib.rs or main.rs
test firmware_image_validation::tampered_hash_detected ... ok
test firmware_image_validation::size_bytes_matches_data_length ... ok
test firmware_cache::cache_remove ... ok
test firmware_cache::cache_miss_returns_none ... ok
test progress_reporting::progress_percent_increases_monotonically ... ok
test firmware_cache::cache_add_and_retrieve ... ok
test resume_capability::partial_write_does_not_corrupt_other_partition ... ok
test property_tests::firmware_hash_deterministic ... ok
test property_tests::hw_version_ordering_consistent ... ok
test resume_capability::successful_update_writes_to_inactive_partition ... ok
test firmware_cache::cache_size_tracking ... ok
proptest: FileFailurePersistence::SourceParallel set, but failed to find lib.rs or main.rs
proptest: FileFailurePersistence::SourceParallel set, but failed to find lib.rs or main.rs
proptest: FileFailurePersistence::SourceParallel set, but failed to find lib.rs or main.rs
proptest: FileFailurePersistence::SourceParallel set, but failed to find lib.rs or main.rs
proptest: FileFailurePersistence::SourceParallel set, but failed to find lib.rs or main.rs
test property_tests::version_ordering_is_total ... ok
test property_tests::version_reflexive ... ok
test property_tests::update_state_ffb_consistent ... ok
test property_tests::hw_version_parse_roundtrip ... ok
test property_tests::partition_other_is_involution ... ok
test rollback_behaviour::health_check_failure_triggers_rollback ... ok
test update_state_machine::ffb_blocker_state_transitions ... ok
test update_state_machine::ffb_not_blocked_in_terminal_states ... ok
test update_state_machine::downloading_is_in_progress ... ok
test update_state_machine::default_state_is_idle ... ok
test update_state_machine::failed_is_not_in_progress ... ok
test update_state_machine::ffb_blocked_during_active_states ... ok
test update_state_machine::complete_is_not_in_progress ... ok
test update_state_machine::flashing_is_in_progress ... ok
test rollback_behaviour::transient_health_check_recovers ... ok
test update_state_machine::verifying_is_in_progress ... ok
test version_comparison::hardware_version_equality_with_trailing_zero ... ok
test version_comparison::patch_bump_detected ... ok
test version_comparison::pre_release_is_less_than_release ... ok
test version_comparison::hardware_version_numeric_comparison ... ok
test version_comparison::newer_version_is_greater ... ok
test update_state_machine::idle_is_not_in_progress ... ok
test update_state_machine::rebooting_is_in_progress ... ok
test version_comparison::same_version_is_equal ... ok
test rollback_behaviour::rollback_manager_create_and_restore ... ok

test result: ok. 60 passed; 0 failed; 0 ignored; 0 measured; 0 filtered out; finished in 0.96s

     Running tests\integration_tests.rs (target\debug\deps\integration_tests-7213621e813323ef.exe)

running 8 tests
test test_partition_operations ... ok
test test_bundle_roundtrip ... ok
test test_firmware_compatibility_check ... ok
test test_ffb_blocker_basic ... ok
test test_ffb_blocker_mutual_exclusion ... ok
test test_firmware_cache_basic ... ok
test test_firmware_update_progress_reporting ... ok
test test_successful_firmware_update ... ok

test result: ok. 8 passed; 0 failed; 0 ignored; 0 measured; 0 filtered out; finished in 10.15s

     Running tests\property_tests.rs (target\debug\deps\property_tests-f28b63f25d21d113.exe)

running 31 tests
proptest: FileFailurePersistence::SourceParallel set, but failed to find lib.rs or main.rs
test edge_cases::test_bundle_error_variants_exist ... ok
test edge_cases::test_compression_empty_data_roundtrip ... ok
test edge_cases::test_release_channel_default_is_stable ... ok
test edge_cases::test_update_error_variants_exist ... ok
test edge_cases::test_hardware_version_invalid_component ... ok
test edge_cases::test_hardware_version_whitespace_is_error ... ok
proptest: FileFailurePersistence::SourceParallel set, but failed to find lib.rs or main.rs
test edge_cases::test_compression_type_default_is_gzip ... ok
test edge_cases::test_version_downgrade_detection ... ok
test edge_cases::test_data_hash_deterministic ... ok
test firmware_image_validation::test_firmware_image_hash_consistency ... ok
test edge_cases::test_data_hash_different_for_different_data ... ok
test edge_cases::test_hardware_version_empty_is_error ... ok
test firmware_image_validation::test_firmware_image_size_mismatch_detectable ... ok
test firmware_image_validation::test_firmware_image_with_mismatched_hash_detectable ... ok
proptest: FileFailurePersistence::SourceParallel set, but failed to find lib.rs or main.rs
proptest: FileFailurePersistence::SourceParallel set, but failed to find lib.rs or main.rs
proptest: FileFailurePersistence::SourceParallel set, but failed to find lib.rs or main.rs
proptest: FileFailurePersistence::SourceParallel set, but failed to find lib.rs or main.rs
proptest: FileFailurePersistence::SourceParallel set, but failed to find lib.rs or main.rs
proptest: FileFailurePersistence::SourceParallel set, but failed to find lib.rs or main.rs
proptest: FileFailurePersistence::SourceParallel set, but failed to find lib.rs or main.rs
proptest: FileFailurePersistence::SourceParallel set, but failed to find lib.rs or main.rs
proptest: FileFailurePersistence::SourceParallel set, but failed to find lib.rs or main.rs
proptest: FileFailurePersistence::SourceParallel set, but failed to find lib.rs or main.rs
test prop_update_state_ffb_blocking ... ok
test prop_hardware_version_parse_roundtrip ... ok
test prop_update_state_failure_is_recoverable ... ok
test update_state_machine::test_all_in_progress_states_block_ffb ... ok
test prop_hardware_version_display_roundtrip ... ok
test update_state_machine::test_idle_state_defaults ... ok
test update_state_machine::test_failed_state_preserves_error_info ... ok
test update_state_machine::test_terminal_states_dont_block_ffb ... ok
test prop_compression_roundtrip ... ok
test prop_hardware_version_ordering_consistent ... ok
test prop_hardware_version_reflexive ... ok
test update_state_machine::test_update_state_serialization_roundtrip ... ok
test prop_delta_patch_roundtrip ... ok
test prop_firmware_cache_remove ... ok
test prop_firmware_cache_add_and_get ... ok
test prop_firmware_update_mutual_exclusion_concurrent ... ok
test prop_firmware_update_blocks_ffb ... ok

test result: ok. 31 passed; 0 failed; 0 ignored; 0 measured; 0 filtered out; finished in 19.44s

     Running tests\snapshot_expansion_tests.rs (target\debug\deps\snapshot_expansion_tests-7010fa1f8251dd8c.exe)

running 18 tests
test snapshot_bundle_error_untrusted_signer ... ok
test snapshot_hw_version_error_empty ... ok
test snapshot_firmware_error_rollback_failed ... ok
test snapshot_firmware_error_invalid_firmware ... ok
test snapshot_firmware_error_ffb_blocked ... ok
test snapshot_firmware_error_transfer_failed ... ok
test snapshot_bundle_error_signature_required ... ok
test snapshot_bundle_error_verification_failed ... ok
test snapshot_firmware_error_cancelled ... ok
test snapshot_firmware_error_compatibility ... ok
test snapshot_firmware_error_device_not_found ... ok
test snapshot_firmware_error_update_in_progress ... ok
test snapshot_firmware_error_health_check_failed ... ok
test snapshot_firmware_error_verification_failed ... ok
test snapshot_bundle_error_invalid_format ... ok
test snapshot_bundle_error_hash_mismatch ... ok
test snapshot_hw_version_error_invalid_character ... ok
test snapshot_hw_version_error_invalid_component ... ok

test result: ok. 18 passed; 0 failed; 0 ignored; 0 measured; 0 filtered out; finished in 0.62s

     Running tests\unit_tests.rs (target\debug\deps\unit_tests-d08a39b1d7cfd6e8.exe)

running 20 tests
test hardware_version_tests::test_parse_simple_version ... ok
test hardware_version_tests::test_parse_three_component_version ... ok
test partition_tests::test_partition_info_can_update ... ok
test partition_tests::test_partition_info_empty ... ok
test delta_tests::test_compression_roundtrip ... ok
test hardware_version_tests::test_parse_two_component_version ... ok
test hardware_version_tests::test_try_compare_invalid_returns_none ... ok
test partition_tests::test_partition_other ... ok
test hardware_version_tests::test_numeric_comparison_10_vs_2 ... ok
test hardware_version_tests::test_parse_empty_fails ... ok
test partition_tests::test_partition_health_is_usable ... ok
test partition_tests::test_partition_health_needs_repair ... ok
test delta_tests::test_data_hash ... ok
test delta_tests::test_simple_patch ... ok
test hardware_version_tests::test_try_compare_valid ... ok
test partition_tests::test_partition_display ... ok
test update_state_tests::test_update_state_is_in_progress ... ok
test update_state_tests::test_update_state_should_block_ffb ... ok
test staged_rollout_config_tests::test_default_config ... ok
test update_state_tests::test_update_state_default ... ok

test result: ok. 20 passed; 0 failed; 0 ignored; 0 measured; 0 filtered out; finished in 0.29s

     Running unittests src\lib.rs (target\debug\deps\openracing_fmea-52a2883dec6435ab.exe)

running 128 tests
test alerts::tests::test_audio_alert_for_fault_type ... ok
test alerts::tests::test_audio_alert_severity ... ok
test alerts::tests::test_audio_alert_system_trigger ... ok
test error::tests::test_fmea_error_display ... ok
test alerts::tests::test_audio_alert_system_fault_trigger ... ok
test alerts::tests::test_audio_alert_system_stop ... ok
test error::tests::test_fmea_error_requires_attention ... ok
test faults::tests::test_fault_action_properties ... ok
test alerts::tests::test_audio_alert_system_disabled ... ok
test alerts::tests::test_audio_alert_system_creation ... ok
test error::tests::test_fmea_error_helpers ... ok
test alerts::tests::test_audio_alert_beep_count ... ok
test alerts::tests::test_audio_alert_continuous ... ok
test alerts::tests::test_audio_alert_system_stop_all ... ok
test alerts::tests::test_audio_alert_system_throttling ... ok
test error::tests::test_fmea_error_recoverable ... ok
test faults::tests::test_fault_thresholds_default ... ok
test faults::tests::test_fault_thresholds_relaxed ... ok
test fmea::tests::test_fmea_encoder_detects_infinity ... ok
test fmea::tests::test_fmea_encoder_detects_neg_infinity ... ok
test faults::tests::test_fault_thresholds_validation ... ok
test faults::tests::test_fault_type_is_recoverable ... ok
test fmea::tests::test_fmea_entry_creation ... ok
test fmea::tests::test_fmea_entry_customization ... ok
test faults::tests::test_fault_detection_state_window ... ok
test faults::tests::test_fault_thresholds_conservative ... ok
test fmea::tests::test_disabled_entry_no_soft_stop ... ok
test fmea::tests::test_fmea_action_consistency_with_severity ... ok
test faults::tests::test_fault_detection_state ... ok
test faults::tests::test_fault_detection_state_quarantine ... ok
test faults::tests::test_fault_type_requires_immediate_response ... ok
test faults::tests::test_fault_type_severity ... ok
test fmea::tests::test_fmea_matrix ... ok
test fmea::tests::test_fmea_matrix_covers_all_fault_types ... ok
test fmea::tests::test_fmea_system_creation ... ok
test fmea::tests::test_fmea_system_encoder_detection ... ok
test fmea::tests::test_fmea_system_usb_detection ... ok
test fmea::tests::test_fmea_system_usb_timeout ... ok
test fmea::tests::test_fmea_matrix_defaults ... ok
test fmea::tests::test_fmea_matrix_update_replaces ... ok
test fmea::tests::test_fmea_system_fault_handling ... ok
test fmea::tests::test_fmea_system_plugin_overrun ... ok
test fmea::tests::test_handle_fault_for_all_types ... ok
test fmea::tests::test_non_recoverable_faults ... ok
test fmea::tests::test_fmea_system_clear_fault ... ok
test fmea::tests::test_fmea_system_clear_no_fault ... ok
test fmea::tests::test_fmea_system_thermal_detection ... ok
test fmea::tests::test_fmea_system_timing_violation ... ok
test fmea::tests::test_fmea_response_time_for_immediate_faults ... ok
test fmea::tests::test_fmea_severity_ordering ... ok
test fmea::tests::test_fmea_system_statistics ... ok
test fmea::tests::test_recovery_procedure_for_recoverable_faults ... ok
test fmea::tests::test_reset_detection_state ... ok
test fmea::tests::test_fmea_system_soft_stop_update ... ok
test fmea::tests::test_soft_stop_from_negative_torque ... ok
test fmea::tests::test_soft_stop_from_zero_torque ... ok
test recovery::tests::test_recovery_procedure_add_step ... ok
test recovery::tests::test_recovery_procedure_creation ... ok
test recovery::tests::test_recovery_context_start ... ok
test recovery::tests::test_recovery_context_timeout ... ok
test recovery::tests::test_recovery_result_timeout ... ok
test recovery::tests::test_recovery_context_creation ... ok
test recovery::tests::test_recovery_context_retry ... ok
test recovery::tests::test_recovery_result_failed ... ok
test recovery::tests::test_recovery_result_success ... ok
test recovery::tests::test_recovery_context_advance_step ... ok
test recovery::tests::test_recovery_context_cancel ... ok
test recovery::tests::test_recovery_procedure_default_for_encoder ... ok
test recovery::tests::test_recovery_procedure_default_for_usb ... ok
test soft_stop::tests::test_soft_stop_cancel ... ok
test soft_stop::tests::test_soft_stop_remaining_time ... ok
test soft_stop::tests::test_soft_stop_reset ... ok
test tests::property_tests::test_plugin_overrun_count ... ok
test tests::property_tests::test_soft_stop_multiplier ... ok
test soft_stop::tests::test_soft_stop_creation ... ok
test soft_stop::tests::test_soft_stop_force_stop ... ok
test soft_stop::tests::test_soft_stop_start ... ok
test soft_stop::tests::test_soft_stop_with_duration ... ok
test soft_stop::tests::test_soft_stop_ramp ... ok
test soft_stop::tests::test_soft_stop_ramp_to ... ok
test soft_stop::tests::test_soft_stop_instant_duration ... ok
test soft_stop::tests::test_soft_stop_multiplier ... ok
test soft_stop::tests::test_soft_stop_zero_start ... ok
test tests::property_tests::test_fault_type_severity_order ... ok
test tests::property_tests::test_audio_alert_severity ... ok
test tests::property_tests::test_encoder_fault_nan_count ... ok
test tests::property_tests::test_threshold_validation_usb ... ok
test tests::state_machine_tests::test_state_machine_initial_state ... ok
test tests::property_tests::test_timing_violation_count ... ok
test tests::state_machine_tests::test_state_machine_multiple_faults ... ok
test tests::state_machine_tests::test_state_machine_audio_alerts ... ok
test tests::property_tests::test_soft_stop_progress_bounded ... ok
test tests::property_tests::test_soft_stop_ramp_produces_valid_torque ... ok
test tests::state_machine_tests::test_state_machine_all_fault_types ... ok
test tests::state_machine_tests::test_state_machine_recoverable_vs_non_recoverable ... ok
test tests::property_tests::test_usb_failure_count ... ok
test tests::state_machine_tests::test_state_machine_recovery_procedure_availability ... ok
test tests::state_machine_tests::test_state_machine_detection_reset_on_clear ... ok
test tests::state_machine_tests::test_state_machine_fault_transition ... ok
test tests::property_tests::test_thermal_fault_threshold ... ok
test tests::property_tests::test_threshold_validation_thermal ... ok
test tests::state_machine_tests::test_state_machine_clear_fault ... ok
test tests::state_machine_tests::test_state_machine_timing_violation_accumulation ... ok
test tests::state_machine_tests::test_state_matrix_modification ... ok
test tests::unit_tests::test_fault_type_properties ... ok
test tests::unit_tests::test_fmea_clear_fault ... ok
test tests::state_machine_tests::test_state_machine_threshold_changes ... ok
test tests::state_machine_tests::test_state_machine_time_updates ... ok
test tests::unit_tests::test_fault_thresholds_validation ... ok
test tests::unit_tests::test_fault_type_display ... ok
test tests::state_machine_tests::test_state_machine_soft_stop_cancellation ... ok
test tests::unit_tests::test_audio_alert_for_fault ... ok
test tests::unit_tests::test_audio_alert_severity ... ok
test tests::unit_tests::test_fmea_entry ... ok
test tests::unit_tests::test_fmea_fault_handling ... ok
test tests::state_machine_tests::test_state_machine_soft_stop_completion ... ok
test tests::unit_tests::test_fault_action_properties ... ok
test tests::unit_tests::test_fault_thresholds_defaults ... ok
test tests::unit_tests::test_recovery_context ... ok
test tests::unit_tests::test_recovery_procedure_defaults ... ok
test tests::unit_tests::test_fmea_matrix ... ok
test tests::unit_tests::test_fmea_system_initialization ... ok
test tests::unit_tests::test_soft_stop_force_stop ... ok
test tests::unit_tests::test_soft_stop_ramp ... ok
test tests::unit_tests::test_recovery_procedure_encoder ... ok
test tests::unit_tests::test_soft_stop_basic ... ok
test tests::unit_tests::test_fmea_thermal_detection ... ok
test tests::unit_tests::test_fmea_usb_detection ... ok

test result: ok. 128 passed; 0 failed; 0 ignored; 0 measured; 0 filtered out; finished in 1.50s

     Running tests\fault_injection_deep_tests.rs (target\debug\deps\fault_injection_deep_tests-f2362ee4b6ed8925.exe)

running 42 tests
test conservative_thresholds_stricter ... ok
test fault_action_affects_torque ... ok
test detect_encoder_nan_fault ... ok
test fault_detection_state_clear_consecutive ... ok
test audio_alert_for_fault_type ... ok
test detect_plugin_overrun_fault ... ok
test fault_statistics_iterator ... ok
test fault_statistics_track_occurrences ... ok
test detect_thermal_limit_fault ... ok
test clear_fault_before_new_fault ... ok
test clear_without_active_fault_returns_error ... ok
test encoder_nan_is_not_auto_recoverable ... ok
test each_fault_type_has_valid_response_time ... ok
test audio_alert_system_trigger ... ok
test detect_timing_violation_fault ... ok
test detect_usb_stall_fault ... ok
test fmea_entry_custom_response_time ... ok
test fmea_matrix_contains_default_entries ... ok
test fmea_matrix_insert_and_retrieve ... ok
test force_stop_soft_stop ... ok
test multiple_detections_track_active ... ok
test no_fault_at_normal_temperature ... ok
test fault_window_counting ... ok
test fmea_entry_creation ... ok
test overcurrent_requires_immediate_response ... ok
test no_fault_below_usb_threshold ... ok
test recovery_result_failure ... ok
test recovery_context_cancel ... ok
test recovery_context_lifecycle ... ok
test recovery_result_success ... ok
test recovery_procedure_with_custom_settings ... ok
test recovery_procedure_default_for_usb ... ok
test usb_stall_severity ... ok
test second_fault_overwrites_active ... ok
test soft_stop_completes_within_budget ... ok
test sequential_fault_handling ... ok
test soft_stop_progress_increases ... ok
test soft_stop_ramps_torque_to_zero ... ok
test quarantine_expires_after_duration ... ok
test quarantine_prevents_repeated_detection ... ok
test reset_all_detection_states_clears_everything ... ok
test reset_detection_state_clears_history ... ok

test result: ok. 42 passed; 0 failed; 0 ignored; 0 measured; 0 filtered out; finished in 0.68s

     Running tests\fault_lifecycle.rs (target\debug\deps\fault_lifecycle-4803732c0033cde6.exe)

running 8 tests
test test_plugin_quarantine_sequence ... ok
test test_thermal_fault_with_hysteresis ... ok
test test_full_usb_fault_lifecycle ... ok
test test_fault_detection_reset ... ok
test test_fault_statistics_tracking ... ok
test test_multiple_fault_priority ... ok
test test_audio_alert_integration ... ok
test test_encoder_nan_windowing ... ok

test result: ok. 8 passed; 0 failed; 0 ignored; 0 measured; 0 filtered out; finished in 0.07s

     Running tests\fault_scenarios.rs (target\debug\deps\fault_scenarios-6de79915613721a0.exe)

running 7 tests
test test_recovery_action_tracking ... ok
test test_soft_stop_75ms_ramp_timing ... ok
test test_fault_escalation ... ok
test test_overcurrent_fault_detection_and_recovery ... ok
test test_communication_loss_fault_and_recovery ... ok
test test_encoder_fault_detection ... ok
test test_alert_deduplication ... ok

test result: ok. 7 passed; 0 failed; 0 ignored; 0 measured; 0 filtered out; finished in 0.08s

     Running tests\fmea_deep_tests.rs (target\debug\deps\fmea_deep_tests-3b1fb56afe947488.exe)

running 50 tests
test fmea_all_fault_types_have_display ... ok
test fmea_all_hazards_have_mitigations ... ok
test fmea_error_display_coverage ... ok
test fmea_error_immediate_attention_classification ... ok
test fmea_all_fault_actions_used ... ok
test fmea_all_fault_types_have_default_response_time ... ok
test fmea_detection_state_quarantine_lifecycle ... ok
test fmea_detection_state_window_resets ... ok
test fmea_all_failure_modes_covered ... ok
test fmea_default_config_snapshot ... ok
test fmea_audio_alert_for_all_fault_types ... ok
test fmea_detect_handle_clear_cycle ... ok
test fmea_audio_alerts_map_to_severity ... ok
test fmea_error_recoverable_classification ... ok
test fmea_fault_action_torque_properties ... ok
test fmea_fault_marker_device_state ... ok
test fmea_fault_marker_plugin_state ... ok
test fmea_fault_marker_recovery_actions ... ok
test fmea_recovery_context_full_lifecycle ... ok
test fmea_recovery_context_timeout ... ok
test fmea_soft_stop_completes_ramp_to_zero ... ok
test fmea_soft_stop_force_stop_emergency ... ok
test fmea_matrix_clear ... ok
test fmea_recovery_procedures_valid ... ok
test fmea_report_covers_all_subsystems ... ok
test fmea_soft_stop_ramp_to_target ... ok
test fmea_system_detect_encoder_nan_with_infinity ... ok
test fmea_immediate_response_faults_cover_critical ... ok
test fmea_threshold_thermal_above_range_invalid ... ok
test fmea_threshold_thermal_below_range_invalid ... ok
test fmea_threshold_zero_handsoff_invalid ... ok
test fmea_threshold_zero_nan_count_invalid ... ok
test fmea_matrix_insert_update_remove ... ok
test fmea_post_mortem_config_defaults ... ok
test fmea_rpn_critical_faults_have_lowest_rpn ... ok
test fmea_system_detect_plugin_under_threshold ... ok
test fmea_system_detect_thermal_below_threshold ... ok
test fmea_threshold_zero_plugin_timeout_invalid ... ok
test fmea_recoverable_vs_nonrecoverable_partitioned ... ok
test fmea_recovery_context_cancellation ... ok
test fmea_severity_scoring_ordering ... ok
test fmea_severity_times_response_time_consistent ... ok
test fmea_threshold_negative_hysteresis_invalid ... ok
test fmea_system_detect_timing_under_threshold ... ok
test fmea_threshold_zero_usb_failures_invalid ... ok
test fmea_threshold_zero_usb_timeout_invalid ... ok
test fmea_rpn_severity_times_response_bounded ... ok
test fmea_threshold_zero_overcurrent_invalid ... ok
proptest: FileFailurePersistence::SourceParallel set, but failed to find lib.rs or main.rs
proptest: FileFailurePersistence::SourceParallel set, but failed to find lib.rs or main.rs
test prop_thresholds_presets_valid ... ok
test prop_rpn_severity_bounded ... ok

test result: ok. 50 passed; 0 failed; 0 ignored; 0 measured; 0 filtered out; finished in 0.17s

     Running tests\fmea_safety_coverage.rs (target\debug\deps\fmea_safety_coverage-45e48e7b89a1d712.exe)

running 25 tests
test communication_timeout_by_stale_timestamp ... ok
test communication_timeout_during_active_force ... ok
test full_fault_lifecycle_usb_stall ... ok
test graceful_degradation_escalation_to_safe_stop ... ok
test double_fault_severity_escalation ... ok
test double_fault_usb_and_thermal ... ok
test graceful_degradation_timing_log_and_continue ... ok
test motor_runaway_detection_and_safe_state ... ok
test recovery_result_captures_diagnostics ... ok
test power_supply_brownout_thermal_path ... ok
test double_fault_critical_overrides_high ... ok
test double_fault_equal_severity ... ok
test graceful_degradation_plugin_quarantine ... ok
test graceful_degradation_pipeline_restart ... ok
test all_fault_types_have_response_time_within_budget ... ok
test watchdog_starvation_no_false_positive_under_threshold ... ok
test sensor_corruption_nan_accumulation ... ok
test fault_type_display_is_non_empty ... ok
test fmea_error_messages_are_descriptive ... ok
test all_soft_stop_faults_within_response_budget ... ok
test sensor_corruption_infinity_triggers_fault ... ok
test motor_runaway_fault_marker_diagnostics ... ok
test sensor_corruption_intermittent_valid_readings_no_fault ... ok
test power_supply_brownout_safe_mode ... ok
test watchdog_starvation_via_timing_violations ... ok

test result: ok. 25 passed; 0 failed; 0 ignored; 0 measured; 0 filtered out; finished in 0.03s

     Running tests\integration_tests.rs (target\debug\deps\integration_tests-dbd7ee61740a4b15.exe)

running 22 tests
test fault_lifecycle::test_multiple_fault_priority ... ok
test fault_lifecycle::test_plugin_quarantine_sequence ... ok
test recovery_integration::test_recovery_procedure_creation ... ok
test recovery_integration::test_recovery_procedure_manual_only ... ok
test fault_lifecycle::test_fault_statistics_tracking ... ok
test fault_lifecycle::test_full_usb_fault_lifecycle ... ok
test recovery_integration::test_recovery_cancellation ... ok
test recovery_integration::test_recovery_context_execution ... ok
test fault_lifecycle::test_audio_alert_integration ... ok
test fault_lifecycle::test_thermal_fault_with_hysteresis ... ok
test recovery_integration::test_all_fault_types_have_recovery ... ok
test recovery_integration::test_recovery_procedure_steps ... ok
test fault_lifecycle::test_encoder_nan_windowing ... ok
test fault_lifecycle::test_fault_detection_reset ... ok
test recovery_integration::test_non_recoverable_fault ... ok
test recovery_integration::test_recoverable_fault ... ok
test recovery_integration::test_recovery_result_success ... ok
test recovery_integration::test_recovery_result_timeout ... ok
test recovery_integration::test_recovery_timeout_detection ... ok
test recovery_integration::test_recovery_result_failure ... ok
test recovery_integration::test_recovery_retry_logic ... ok
test recovery_integration::test_recovery_step_timeout ... ok

test result: ok. 22 passed; 0 failed; 0 ignored; 0 measured; 0 filtered out; finished in 0.58s

     Running tests\property_tests.rs (target\debug\deps\property_tests-567e3bdaf3b3e7fc.exe)

running 81 tests
test edge_detection_state_saturating_count ... ok
test edge_detect_encoder_normal_value ... ok
test edge_detect_thermal_above_threshold ... ok
test edge_all_fault_types_have_severity ... ok
test edge_critical_faults_severity_1 ... ok
test edge_clear_fault_when_none ... ok
test edge_detect_usb_fault_at_threshold ... ok
test edge_detect_usb_fault_no_failures ... ok
test edge_fmea_detect_plugin_overrun_above_threshold_below_max ... ok
test edge_fmea_detect_plugin_overrun_at_threshold ... ok
test edge_detect_encoder_infinity ... ok
test edge_detection_state_clear_quarantine ... ok
test edge_detection_state_default ... ok
test edge_fault_marker_creation ... ok
test edge_fault_marker_capacity_overflow ... ok
test edge_fault_marker_add_plugin_state ... ok
test edge_detect_encoder_nan ... ok
test edge_fault_marker_add_recovery_action ... ok
test edge_matrix_clear ... ok
test edge_handle_fault_soft_stop ... ok
test edge_fmea_entry_with_response_time ... ok
test edge_fmea_system_update_time ... ok
test edge_fmea_system_set_thresholds ... ok
test edge_fmea_system_custom_thresholds ... ok
test edge_recoverable_vs_non_recoverable ... ok
test edge_matrix_update_existing ... ok
test edge_recovery_context_complete ... ok
test edge_recovery_context_cancel ... ok
test edge_matrix_remove_nonexistent ... ok
test edge_matrix_remove ... ok
test edge_audio_alert_for_all_faults ... ok
test edge_clear_fault_after_handle ... ok
test edge_detect_thermal_below_threshold ... ok
test edge_detect_thermal_with_hysteresis ... ok
test edge_fault_action_properties ... ok
test edge_fmea_entry_disabled ... ok
test edge_matrix_empty ... ok
test edge_matrix_defaults_nine_entries ... ok
test edge_recovery_context_retry_limit ... ok
test edge_fault_marker_add_device_state ... ok
test edge_recovery_result_success ... ok
test edge_fmea_detect_timing_violation_below_threshold ... ok
test edge_recovery_result_timeout ... ok
test edge_soft_stop_zero_duration ... ok
test edge_soft_stop_zero_torque_start ... ok
test edge_soft_stop_remaining_time_when_inactive ... ok
test edge_soft_stop_ramp_to_nonzero_target ... ok
test edge_thresholds_negative_hysteresis ... ok
test edge_thresholds_relaxed_valid ... ok
test edge_recovery_result_failed ... ok
test edge_thresholds_thermal_too_high ... ok
test edge_thresholds_thermal_too_low ... ok
test edge_thresholds_zero_plugin_timeout ... ok
test edge_thresholds_zero_usb_failures ... ok
test edge_soft_stop_cancel_preserves_torque ... ok
test edge_soft_stop_force_stop ... ok
test edge_thresholds_default_valid ... ok
test edge_thresholds_zero_hands_off ... ok
test edge_thresholds_conservative_valid ... ok
test edge_thresholds_zero_overcurrent ... ok
proptest: FileFailurePersistence::SourceParallel set, but failed to find lib.rs or main.rs
proptest: FileFailurePersistence::SourceParallel set, but failed to find lib.rs or main.rs
test edge_thresholds_thermal_boundary_120 ... ok
test edge_thresholds_thermal_boundary_40 ... ok
test edge_soft_stop_reset ... ok
proptest: FileFailurePersistence::SourceParallel set, but failed to find lib.rs or main.rs
proptest: FileFailurePersistence::SourceParallel set, but failed to find lib.rs or main.rs
proptest: FileFailurePersistence::SourceParallel set, but failed to find lib.rs or main.rs
proptest: FileFailurePersistence::SourceParallel set, but failed to find lib.rs or main.rs
proptest: FileFailurePersistence::SourceParallel set, but failed to find lib.rs or main.rs
proptest: FileFailurePersistence::SourceParallel set, but failed to find lib.rs or main.rs
proptest: FileFailurePersistence::SourceParallel set, but failed to find lib.rs or main.rs
proptest: FileFailurePersistence::SourceParallel set, but failed to find lib.rs or main.rs
proptest: FileFailurePersistence::SourceParallel set, but failed to find lib.rs or main.rs
test edge_thresholds_zero_usb_timeout ... ok
test edge_soft_stop_set_default_duration ... ok
test prop_consecutive_count_saturating ... ok
test prop_matrix_insert_retrieve_roundtrip ... ok
test prop_critical_faults_require_immediate_response ... ok
test prop_recovery_context_timeout_consistent ... ok
test prop_quarantine_before_expiry ... ok
test prop_recovery_procedure_has_steps ... ok
test prop_severity_in_valid_range ... ok
test prop_max_response_time_positive ... ok
test prop_matrix_defaults_contain_all_fault_types ... ok
test prop_immediate_response_faults_have_short_deadline ... ok
test prop_affects_torque_and_allows_operation_mutually_exclusive ... ok
proptest: FileFailurePersistence::SourceParallel set, but failed to find lib.rs or main.rs
proptest: FileFailurePersistence::SourceParallel set, but failed to find lib.rs or main.rs
proptest: FileFailurePersistence::SourceParallel set, but failed to find lib.rs or main.rs
test prop_soft_stop_multiplier_in_range ... ok
test prop_soft_stop_progress_monotonic ... ok
test prop_soft_stop_ends_at_target ... ok
proptest: FileFailurePersistence::SourceParallel set, but failed to find lib.rs or main.rs
proptest: FileFailurePersistence::SourceParallel set, but failed to find lib.rs or main.rs
test prop_window_resets_after_duration ... ok
test prop_soft_stop_torque_monotonically_decreases ... ok

test result: ok. 81 passed; 0 failed; 0 ignored; 0 measured; 0 filtered out; finished in 0.29s

     Running tests\recovery_integration.rs (target\debug\deps\recovery_integration-4042017d4c7b5567.exe)

running 14 tests
test test_recovery_procedure_manual_only ... ok
test test_recovery_procedure_steps ... ok
test test_recovery_cancellation ... ok
test test_recoverable_fault ... ok
test test_recovery_result_timeout ... ok
test test_recovery_retry_logic ... ok
test test_recovery_procedure_creation ... ok
test test_recovery_step_timeout ... ok
test test_all_fault_types_have_recovery ... ok
test test_recovery_context_execution ... ok
test test_non_recoverable_fault ... ok
test test_recovery_result_failure ... ok
test test_recovery_result_success ... ok
test test_recovery_timeout_detection ... ok

test result: ok. 14 passed; 0 failed; 0 ignored; 0 measured; 0 filtered out; finished in 0.04s

     Running tests\snapshot_expansion_tests.rs (target\debug\deps\snapshot_expansion_tests-b5906bb1cb9d0cef.exe)

running 39 tests
test snapshot_fault_detection_state_with_fault ... ok
test snapshot_fault_type_safety_interlock_display ... ok
test snapshot_fault_type_encoder_nan_display ... ok
test snapshot_fault_marker_basic ... ok
test snapshot_fault_type_timing_violation_display ... ok
test snapshot_fault_type_overcurrent_display ... ok
test snapshot_fault_thresholds_conservative ... ok
test snapshot_fault_type_hands_off_display ... ok
test snapshot_fault_thresholds_relaxed ... ok
test snapshot_fault_type_thermal_limit_display ... ok
test snapshot_fault_type_pipeline_fault_display ... ok
test snapshot_fault_detection_state_default ... ok
test snapshot_fault_thresholds_default ... ok
test snapshot_fault_type_plugin_overrun_display ... ok
test snapshot_fault_marker_with_context ... ok
test snapshot_fault_action_all_variants ... ok
test snapshot_fmea_error_fault_handling_failed ... ok
test snapshot_fmea_error_invalid_threshold ... ok
test snapshot_fmea_error_configuration_error ... ok
test snapshot_fmea_error_fault_already_active ... ok
test snapshot_fmea_entry_plugin_overrun ... ok
test snapshot_fmea_entry_usb_stall ... ok
test snapshot_fault_type_usb_stall_display ... ok
test snapshot_fmea_entry_overcurrent ... ok
test snapshot_fmea_error_no_active_fault ... ok
test snapshot_fmea_error_quarantine_error ... ok
test snapshot_fmea_error_recovery_failed ... ok
test snapshot_fmea_error_soft_stop_failed ... ok
test snapshot_fmea_error_timeout ... ok
test snapshot_fmea_error_unknown_fault_type ... ok
test snapshot_recovery_result_success ... ok
test snapshot_recovery_procedure_usb_stall ... ok
test snapshot_recovery_result_failed ... ok
test snapshot_recovery_result_timeout ... ok
test snapshot_post_mortem_config_default ... ok
test snapshot_recovery_context_new ... ok
test snapshot_recovery_status_all_variants ... ok
test snapshot_recovery_procedure_overcurrent ... ok
test snapshot_recovery_procedure_thermal ... ok

test result: ok. 39 passed; 0 failed; 0 ignored; 0 measured; 0 filtered out; finished in 0.92s

     Running tests\watchdog_interlock_deep_tests.rs (target\debug\deps\watchdog_interlock_deep_tests-867517db9a9c7314.exe)

running 63 tests
test comm_loss_usb_no_last_success ... ok
test corrupted_plugin_overrun_after_threshold ... ok
test comm_loss_no_fault_recent_success ... ok
test corrupted_plugin_under_budget_no_fault ... ok
test classification_immediate_response_high_severity ... ok
test classification_severity_range ... ok
test corrupted_encoder_nan_detected ... ok
test corrupted_encoder_infinity_detected ... ok
test comm_loss_conservative_triggers_sooner ... ok
test comm_loss_no_fault_below_threshold ... ok
test corrupted_encoder_neg_infinity_detected ... ok
test corrupted_normal_encoder_values_pass ... ok
test error_properties ... ok
test multi_fault_all_types_handled ... ok
test multi_fault_clear_no_active_fails ... ok
test multi_fault_clear_then_new ... ok
test pipeline_fault_statistics ... ok
test classification_fault_action_consistency ... ok
test pipeline_fmea_matrix_complete ... ok
test classification_fault_marker_creation ... ok
test comm_loss_usb_stall_consecutive_failures ... ok
test comm_loss_usb_stall_timeout ... ok
test recovery_context_full_lifecycle ... ok
test pipeline_reset_all_detection_states ... ok
test multi_fault_second_overwrites_first ... ok
test pipeline_response_times_valid ... ok
test recovery_auto_vs_manual ... ok
test pipeline_critical_faults_have_fast_response ... ok
test corrupted_timing_violation_after_threshold ... ok
test pipeline_disabled_entry_not_handled ... ok
test pipeline_reset_detection_state ... ok
test multi_fault_detect_handle_sequence ... ok
test corrupted_timing_within_threshold_no_fault ... ok
test recovery_can_recover_reflects_active_fault ... ok
test recovery_cancel ... ok
test recovery_retry_mechanism ... ok
test starvation_fault_triggers_soft_stop ... ok
test starvation_overcurrent_triggers_soft_stop ... ok
test recovery_results_constructors ... ok
test thresholds_thermal_above_120_invalid ... ok
test thresholds_relaxed_valid ... ok
test recovery_default_procedures_for_all_types ... ok
test safe_state_non_torque_faults_no_soft_stop ... ok
test safe_state_zero_torque_after_ramp ... ok
test thresholds_default_valid ... ok
test thresholds_negative_overcurrent_invalid ... ok
test starvation_soft_stop_ramps_to_zero ... ok
test starvation_thermal_triggers_soft_stop ... ok
test safe_state_all_torque_affecting_faults_reach_zero ... ok
test torque_negative_start_ramps_to_zero ... ok
test recovery_timeout_detected ... ok
test torque_new_fault_restarts_ramp ... ok
test torque_soft_stop_starts_at_current ... ok
test thresholds_thermal_below_40_invalid ... ok
test torque_zero_duration_instant_stop ... ok
test torque_zero_start_torque ... ok
test thresholds_zero_usb_timeout_invalid ... ok
test thresholds_conservative_valid ... ok
test safe_state_force_stop_zero_torque ... ok
test thresholds_custom_applied ... ok
test torque_force_stop_immediate_zero ... ok
test torque_monotonic_decrease_during_ramp ... ok
test safe_state_clear_fault_resets_soft_stop ... ok

test result: ok. 63 passed; 0 failed; 0 ignored; 0 measured; 0 filtered out; finished in 0.11s

     Running unittests src\lib.rs (target\debug\deps\openracing_handbrake-12f01d9f15400783.exe)

running 48 tests
test input::tests::test_calibrate_method ... ok
test input::tests::test_calibration ... ok
test input::tests::prop_parse_gamepad_fails_for_short_data ... ok
test input::tests::prop_parse_gamepad_succeeds_for_sufficient_data ... ok
test input::tests::test_disconnected ... ok
test input::tests::test_handbrake_input_default ... ok
test input::tests::prop_calibration_sample_tracks_extremes ... ok
test input::tests::test_calibration_apply ... ok
test input::tests::test_calibration_center_stays_none ... ok
test input::tests::test_normalized_clamped_above_max ... ok
test input::tests::test_normalized_at_calibration_max ... ok
test input::tests::test_normalized_at_calibration_min ... ok
test input::tests::prop_engagement_threshold_consistent ... ok
test input::tests::prop_normalized_within_unit_range ... ok
test input::tests::test_calibration_default ... ok
test input::tests::test_calibration_single_sample ... ok
test input::tests::test_parse_gamepad ... ok
test input::tests::test_parse_gamepad_3_bytes ... ok
test input::tests::test_with_calibration ... ok
test input::tests::test_with_calibration_chain ... ok
test input::tests::test_parse_gamepad_empty_data ... ok
test input::tests::test_parse_gamepad_engagement_threshold ... ok
test tests::test_constants ... ok
test input::tests::test_normalized_with_custom_calibration ... ok
test input::tests::test_normalized_zero_range ... ok
test input::tests::test_parse_gamepad_mid_value ... ok
test input::tests::test_parse_gamepad_zero ... ok
test input::tests::test_normalized_full ... ok
test input::tests::test_normalized_half ... ok
test input::tests::test_parse_gamepad_exactly_4_bytes ... ok
test input::tests::test_parse_gamepad_large_data ... ok
test tests::test_error_debug_format ... ok
test types::tests::test_handbrake_capabilities_clone ... ok
test types::tests::test_handbrake_capabilities_default ... ok
test types::tests::test_handbrake_capabilities_analog ... ok
test tests::test_handbrake_result_err ... ok
test tests::test_handbrake_result_ok ... ok
test types::tests::test_handbrake_capabilities_analog_no_load ... ok
test tests::test_error_display_disconnected ... ok
test tests::test_error_display_invalid_position ... ok
test types::tests::test_handbrake_capabilities_eq ... ok
test types::tests::test_handbrake_capabilities_hall_effect ... ok
test types::tests::test_handbrake_type_clone_copy ... ok
test types::tests::test_handbrake_type_default ... ok
test types::tests::test_handbrake_capabilities_load_cell ... ok
test types::tests::test_handbrake_capabilities_load_cell_zero_load ... ok
test types::tests::test_handbrake_type_variants_distinct ... ok
test types::tests::test_load_cell_capabilities_has_load ... ok

test result: ok. 48 passed; 0 failed; 0 ignored; 0 measured; 0 filtered out; finished in 0.90s

     Running tests\comprehensive.rs (target\debug\deps\comprehensive-f2499a94fdf4e08f.exe)

running 28 tests
test calibration_apply_sets_input_range ... ok
test calibration_default_matches_new ... ok
test handbrake_input_default_values ... ok
test handbrake_type_default_is_analog ... ok
test calibration_tracks_extremes_over_multiple_samples ... ok
test capabilities_analog_properties ... ok
test normalized_at_calibration_min_is_zero ... ok
test normalized_clamps_above_max ... ok
test capabilities_default_matches_analog ... ok
test capabilities_hall_effect_has_sensor_flag ... ok
test normalized_custom_calibration_range ... ok
test normalized_full_range ... ok
test all_handbrake_types_are_distinct ... ok
test calibrate_mutates_range ... ok
test capabilities_load_cell_has_max_load ... ok
test error_display_messages ... ok
test parse_gamepad_engagement_boundary ... ok
test parse_gamepad_ignores_leading_bytes ... ok
test parse_gamepad_little_endian_byte_order ... ok
test parse_gamepad_short_data_returns_error ... ok
test normalized_midpoint ... ok
test normalized_zero_range_returns_zero ... ok
test parse_gamepad_accepts_extra_trailing_bytes ... ok
test parse_gamepad_default_calibration ... ok
test with_calibration_builder_sets_range ... ok
proptest: FileFailurePersistence::SourceParallel set, but failed to find lib.rs or main.rs
proptest: FileFailurePersistence::SourceParallel set, but failed to find lib.rs or main.rs
proptest: FileFailurePersistence::SourceParallel set, but failed to find lib.rs or main.rs
test prop_normalized_always_in_unit_range ... ok
test prop_parse_roundtrip_preserves_raw_value ... ok
test prop_calibration_sample_tracks_min_max ... ok

test result: ok. 28 passed; 0 failed; 0 ignored; 0 measured; 0 filtered out; finished in 0.64s

     Running tests\handbrake_deep_tests.rs (target\debug\deps\handbrake_deep_tests-0a0873426bce4859.exe)

running 65 tests
test calibration_mapping::narrow_calibration_range_still_maps_correctly ... ok
test calibration_workflow::calibration_with_reversed_min_max_order ... ok
test axis_mapping::narrow_range_axis_mapping ... ok
test calibration_mapping::raw_at_quarter_produces_quarter ... ok
test calibration_mapping::calibration_via_builder_and_mutate_give_same_result ... ok
test calibration_workflow::full_calibration_workflow_sample_apply_normalize ... ok
test deadzone_fine::engagement_exactly_at_100_not_engaged ... ok
test deadzone_fine::engagement_at_101_engaged ... ok
test calibration_mapping::raw_at_min_produces_zero ... ok
test calibration_workflow::recalibration_overwrites_previous ... ok
test calibration_mapping::raw_at_three_quarters_produces_three_quarters ... ok
test dead_zone::raw_below_calibration_min_clamps_to_zero ... ok
test dead_zone::zero_range_calibration_returns_zero ... ok
test edge_cases::calibration_center_stays_none_after_sampling ... ok
test dead_zone::raw_above_calibration_max_clamps_to_one ... ok
test deadzone_fine::near_zero_values_produce_near_zero_normalized ... ok
test calibration_mapping::raw_at_max_produces_one ... ok
test edge_cases::calibration_center_is_none_by_default ... ok
test edge_cases::error_types_are_distinct ... ok
test edge_cases::handbrake_type_all_four_variants_exist ... ok
test edge_cases::default_handbrake_input_normalized_is_zero ... ok
test edge_cases::error_invalid_position_carries_value ... ok
test edge_cases::parse_large_buffer ... ok
test handbrake_type_variants::default_capabilities_matches_analog ... ok
test handbrake_type_variants::digital_type_construction ... ok
test handbrake_type_variants::digital_type_serde_roundtrip ... ok
test edge_cases::max_adc_value ... ok
test edge_cases::max_analog_value_constant_is_u16_max ... ok
test handbrake_type_variants::each_constructor_type_matches_enum ... ok
test handbrake_type_variants::hall_effect_sensor_flag_only_on_hall_effect ... ok
test noise_filtering::many_identical_samples_produce_zero_range ... ok
test noise_filtering::calibration_sampling_tracks_extremes_over_noisy_input ... ok
test noise_filtering::single_sample_sets_both_min_and_max ... ok
test position_encoding::leading_bytes_ignored ... ok
test handbrake_type_variants::only_load_cell_has_max_load ... ok
test axis_mapping::normalized_linear_sweep_monotonic ... ok
test noise_filtering::calibration_apply_then_normalize_uses_sampled_range ... ok
test axis_mapping::normalized_quarter_points ... ok
test calibration_mapping::recalibrate_changes_normalized_output ... ok
test calibration_workflow::calibration_center_can_be_set_manually ... ok
test deadzone_fine::calibrated_deadzone_below_min_clamps ... ok
test deadzone_fine::calibrated_deadzone_one_above_min ... ok
proptest: FileFailurePersistence::SourceParallel set, but failed to find lib.rs or main.rs
proptest: FileFailurePersistence::SourceParallel set, but failed to find lib.rs or main.rs
proptest: FileFailurePersistence::SourceParallel set, but failed to find lib.rs or main.rs
test position_encoding::trailing_bytes_ignored ... ok
test prop_normalized_monotonic_with_raw ... ok
test position_encoding::little_endian_combined ... ok
test position_encoding::position_encoding_sweep_powers_of_two ... ok
test edge_cases::capabilities_all_types_have_calibration_support ... ok
proptest: FileFailurePersistence::SourceParallel set, but failed to find lib.rs or main.rs
test edge_cases::capabilities_load_cell_zero_and_large_loads ... ok
test edge_cases::min_adc_value ... ok
test edge_cases::parse_exactly_4_bytes_minimum ... ok
test serde_roundtrip::handbrake_capabilities_serde_roundtrip ... ok
test state_machine::released_state_back_to_idle ... ok
test state_machine::pressed_state_engaged ... ok
test prop_engagement_consistent_with_threshold ... ok
test prop_calibration_tracks_extremes ... ok
test prop_parse_always_succeeds_for_4plus_bytes ... ok
test state_machine::idle_state_not_engaged ... ok
test serde_roundtrip::handbrake_type_serde_roundtrip ... ok
test handbrake_type_variants::handbrake_type_debug_contains_variant_name ... ok
test handbrake_type_variants::load_cell_with_large_load ... ok
test position_encoding::little_endian_byte_order_high_byte_only ... ok
test state_machine::transition_through_threshold ... ok
test position_encoding::little_endian_byte_order_low_byte_only ... ok
proptest: FileFailurePersistence::SourceParallel set, but failed to find lib.rs or main.rs
proptest: FileFailurePersistence::SourceParallel set, but failed to find lib.rs or main.rs
test prop_output_always_in_unit_range ... ok
test prop_parse_always_fails_for_short_data ... ok

test result: ok. 65 passed; 0 failed; 0 ignored; 0 measured; 0 filtered out; finished in 0.13s

     Running unittests src\lib.rs (target\debug\deps\openracing_hardware_watchdog-4a7fe90e75212eb8.exe)

running 25 tests
test config::tests::test_default_config ... ok
test config::tests::test_timeout_us ... ok
test software_impl::tests::test_reset ... ok
test software_impl::tests::test_software_watchdog_creation ... ok
test software_impl::tests::test_arm_disarm ... ok
test software_impl::tests::test_feed_when_armed ... ok
test software_impl::tests::test_trigger_safe_state ... ok
test state::tests::test_arm_from_wrong_state ... ok
test config::tests::test_config_builder ... ok
test config::tests::test_config_validation ... ok
test software_impl::tests::test_feed_when_disarmed ... ok
test software_impl::tests::test_is_healthy ... ok
test error::tests::test_error_display ... ok
test software_impl::tests::test_software_watchdog_default ... ok
test software_impl::tests::test_status ... ok
test error::tests::test_error_constructors ... ok
test state::tests::test_metrics ... ok
test state::tests::test_metrics_reset ... ok
test state::tests::test_reset ... ok
test state::tests::test_status_transitions ... ok
test state::tests::test_timeout_transition ... ok
test state::tests::test_feed_in_armed_state ... ok
test state::tests::test_feed_in_disarmed_state ... ok
test watchdog::tests::test_trait_bounds ... ok
test state::tests::test_safe_state_transition ... ok

test result: ok. 25 passed; 0 failed; 0 ignored; 0 measured; 0 filtered out; finished in 0.36s

     Running tests\bdd_tests.rs (target\debug\deps\bdd_tests-ebced0d46a832a7a.exe)

running 13 tests
test watchdog_safety_scenarios::scenario_watchdog_feeds_successfully_when_armed ... ok
test watchdog_safety_scenarios::scenario_watchdog_refuses_feed_when_disarmed ... ok
test watchdog_safety_scenarios::scenario_safe_state_is_terminal ... ok
test watchdog_safety_scenarios::scenario_timeout_state_prevents_feeding ... ok
test wcet_requirements::scenario_arm_wcet_under_10us ... ok
test wcet_requirements::scenario_feed_wcet_under_1us ... ok
test watchdog_safety_scenarios::scenario_metrics_are_tracked_correctly ... ok
test watchdog_safety_scenarios::scenario_watchdog_reset_clears_all_state ... ok
test watchdog_safety_scenarios::scenario_health_check_works_correctly ... ok
test watchdog_safety_scenarios::scenario_watchdog_arms_successfully ... ok
test watchdog_safety_scenarios::scenario_watchdog_cannot_be_armed_twice ... ok
test watchdog_safety_scenarios::scenario_watchdog_triggers_safe_state_on_demand ... ok
test wcet_requirements::scenario_status_check_wcet_under_500ns ... ok

test result: ok. 13 passed; 0 failed; 0 ignored; 0 measured; 0 filtered out; finished in 0.03s

     Running tests\edge_case_tests.rs (target\debug\deps\edge_case_tests-f5e0ce9dc5c81a9b.exe)

running 43 tests
test edge_config_builder_invalid_health_check_interval ... ok
test edge_config_builder_invalid_response_time ... ok
test edge_config_builder_invalid_timeout ... ok
test edge_config_default_valid ... ok
test edge_config_boundary_5000ms ... ok
test edge_config_builder_health_check_disabled_allows_low_interval ... ok
test edge_software_watchdog_feed_when_disarmed ... ok
test edge_software_watchdog_is_healthy ... ok
test edge_metrics_saturating_operations ... ok
test edge_repeated_trip_reset_cycles ... ok
test edge_software_watchdog_config_access ... ok
test edge_software_watchdog_double_arm ... ok
test edge_concurrent_state_reads ... ok
test edge_config_boundary_10ms ... ok
test edge_metrics_empty ... ok
test edge_metrics_feed_then_failure_resets_consecutive ... ok
test edge_software_watchdog_trigger_safe_state_from_armed ... ok
test edge_software_watchdog_trigger_timeout_then_safe_state ... ok
test edge_software_watchdog_time_since_last_feed_none_before_feed ... ok
test edge_state_disarm_from_disarmed_fails ... ok
test edge_software_watchdog_reset_clears_all ... ok
test edge_state_timeout_from_disarmed_fails ... ok
test edge_status_display_all_variants ... ok
test edge_state_reset_from_safe_state ... ok
test edge_state_safe_state_double_trigger ... ok
test edge_state_double_arm_fails ... ok
test edge_state_feed_in_timed_out_fails ... ok
test edge_state_many_feeds ... ok
proptest: FileFailurePersistence::SourceParallel set, but failed to find lib.rs or main.rs
proptest: FileFailurePersistence::SourceParallel set, but failed to find lib.rs or main.rs
proptest: FileFailurePersistence::SourceParallel set, but failed to find lib.rs or main.rs
proptest: FileFailurePersistence::SourceParallel set, but failed to find lib.rs or main.rs
proptest: FileFailurePersistence::SourceParallel set, but failed to find lib.rs or main.rs
proptest: FileFailurePersistence::SourceParallel set, but failed to find lib.rs or main.rs
proptest: FileFailurePersistence::SourceParallel set, but failed to find lib.rs or main.rs
proptest: FileFailurePersistence::SourceParallel set, but failed to find lib.rs or main.rs
proptest: FileFailurePersistence::SourceParallel set, but failed to find lib.rs or main.rs
proptest: FileFailurePersistence::SourceParallel set, but failed to find lib.rs or main.rs
proptest: FileFailurePersistence::SourceParallel set, but failed to find lib.rs or main.rs
test edge_status_is_active ... ok
test edge_status_is_terminal ... ok
test edge_status_from_raw_all_valid ... ok
test edge_status_from_raw_invalid ... ok
test prop_config_valid_range ... ok
test prop_config_invalid_above_max ... ok
test prop_software_watchdog_timeout_correct ... ok
test prop_metrics_success_rate_in_range ... ok
test prop_state_machine_arm_timeout_reset_cycle ... ok
test prop_safe_state_is_terminal_from_any ... ok
test prop_feed_only_in_armed_state ... ok
test prop_software_watchdog_arm_feed_disarm ... ok
test prop_arm_count_monotonic ... ok
test prop_metrics_max_feed_interval_monotonic ... ok
test prop_config_invalid_below_min ... ok

test result: ok. 43 passed; 0 failed; 0 ignored; 0 measured; 0 filtered out; finished in 0.49s

     Running tests\hw_watchdog_deep_tests.rs (target\debug\deps\hw_watchdog_deep_tests-f203c92c368fdee8.exe)

running 81 tests
test hw_config_builder_validation_rejects_huge_response_time ... ok
test hw_config_builder_full ... ok
test hw_config_builder_validation_rejects_bad_timeout ... ok
test hw_config_builder_validation_rejects_low_health_check_interval ... ok
test hw_config_new_valid_range_boundaries ... ok
test hw_debug_config ... ok
test hw_debug_software_watchdog ... ok
test hw_config_validate_standalone ... ok
test hw_error_feed_safe_state_returns_safe_state ... ok
test hw_error_disarm_when_disarmed_returns_invalid_transition ... ok
test hw_error_feed_disarmed_returns_not_armed ... ok
test hw_error_feed_timed_out_returns_timed_out ... ok
test hw_error_wcet_exceeded ... ok
test hw_error_safe_state_already_triggered ... ok
test hw_error_timed_out ... ok
test hw_escalation_double_safe_state_fails ... ok
test hw_config_copy_clone ... ok
test hw_debug_watchdog_metrics ... ok
test hw_config_default_values ... ok
test hw_config_max_response_time_duration ... ok
test hw_config_builder_disabled_health_check_allows_low_interval ... ok
test hw_config_new_out_of_range ... ok
test hw_error_already_armed ... ok
test hw_error_arm_when_armed_returns_invalid_transition ... ok
test hw_error_invalid_transition ... ok
test hw_error_not_armed ... ok
test hw_error_hardware_error ... ok
test hw_error_invalid_configuration ... ok
test hw_escalation_safe_state_from_armed ... ok
test hw_debug_watchdog_state ... ok
test hw_escalation_safe_state_from_disarmed ... ok
test hw_escalation_is_healthy_check ... ok
test hw_lifecycle_config_accessor ... ok
test hw_lifecycle_default_constructor ... ok
test hw_escalation_timeout_then_safe_state ... ok
test hw_lifecycle_basic_arm_feed_disarm ... ok
test hw_metrics_record_operations ... ok
test hw_metrics_reset ... ok
test hw_lifecycle_default_trait ... ok
test hw_lifecycle_time_since_last_feed_none_initially ... ok
test hw_lifecycle_with_timeout_invalid ... ok
test hw_metrics_initial_values ... ok
test hw_recovery_reset_clears_metrics ... ok
test hw_state_machine_counters_accumulate ... ok
test hw_lifecycle_time_since_last_feed_some_after_feed ... ok
test hw_metrics_success_rate_calculations ... ok
test hw_recovery_after_safe_state ... ok
test hw_recovery_multiple_reset_cycles ... ok
test hw_recovery_reset_clears_feed_timestamp ... ok
test hw_lifecycle_with_timeout_constructor ... ok
test hw_metrics_watchdog_integration ... ok
test hw_recovery_after_timeout_via_reset ... ok
test hw_state_machine_invalid_disarm_from_disarmed ... ok
test hw_state_machine_feed_fails_in_timed_out ... ok
test hw_state_machine_feed_requires_armed ... ok
test hw_state_machine_disarm_only_from_armed ... ok
test hw_state_machine_full_transitions ... ok
test hw_state_machine_invalid_arm_from_armed ... ok
test hw_state_machine_feed_fails_in_safe_state ... ok
test hw_state_machine_timeout_fails_from_timed_out ... ok
test hw_state_machine_timeout_only_from_armed ... ok
proptest: FileFailurePersistence::SourceParallel set, but failed to find lib.rs or main.rs
proptest: FileFailurePersistence::SourceParallel set, but failed to find lib.rs or main.rs
proptest: FileFailurePersistence::SourceParallel set, but failed to find lib.rs or main.rs
test hw_status_is_active ... ok
test hw_status_is_terminal ... ok
test hw_status_as_str ... ok
test prop_arm_disarm_cycles_stable ... ok
test prop_feed_count_matches_calls ... ok
test hw_status_to_raw_roundtrip ... ok
test hw_status_from_raw_invalid ... ok
test hw_status_from_raw_valid ... ok
test prop_invalid_timeout_config_high ... ok
test hw_timeout_trigger_from_disarmed_fails ... ok
test hw_status_default ... ok
test hw_status_display ... ok
test hw_timeout_manual_trigger ... ok
test hw_timeout_precision_immediate_no_timeout ... ok
test hw_timeout_precision_times_out_after_deadline ... ok
proptest: FileFailurePersistence::SourceParallel set, but failed to find lib.rs or main.rs
proptest: FileFailurePersistence::SourceParallel set, but failed to find lib.rs or main.rs
proptest: FileFailurePersistence::SourceParallel set, but failed to find lib.rs or main.rs
proptest: FileFailurePersistence::SourceParallel set, but failed to find lib.rs or main.rs
test prop_status_raw_roundtrip ... ok
test prop_invalid_timeout_config_low ... ok
test prop_valid_timeout_config ... ok
test prop_reset_always_returns_disarmed ... ok
test hw_timeout_feed_prevents_timeout ... ok

test result: ok. 81 passed; 0 failed; 0 ignored; 0 measured; 0 filtered out; finished in 0.95s

     Running tests\hw_watchdog_tests.rs (target\debug\deps\hw_watchdog_tests-0481c12cee1b8403.exe)

running 44 tests
test error_injection::cannot_inject_timeout_twice ... ok
test error_injection::cannot_inject_timeout_when_disarmed ... ok
test error_injection::safe_state_after_injected_timeout ... ok
test metrics_tests::feed_resets_consecutive_failures ... ok
test mock_operations::feed_after_safe_state_is_error ... ok
test mock_operations::feed_after_timeout_is_error ... ok
test error_injection::hardware_error_carries_message ... ok
test error_injection::injected_timeout_detected ... ok
test metrics_tests::metrics_saturating_arithmetic ... ok
test metrics_tests::metrics_success_rate_edge_cases ... ok
test error_injection::error_display_messages ... ok
test metrics_tests::metrics_feed_tracking ... ok
test metrics_tests::metrics_reset_clears_all ... ok
test mock_operations::full_trait_lifecycle ... ok
test error_injection::invalid_transition_error_message ... ok
test mock_operations::arm_after_safe_state_without_reset_is_error ... ok
test state_machine::all_invalid_transitions_are_errors ... ok
test mock_operations::config_accessible_through_trait ... ok
test state_machine::armed_and_timedout_are_active ... ok
test state_machine::atomic_state_all_valid_transitions ... ok
test state_machine::exhaustive_state_lifecycle ... ok
test timeout_config::below_minimum_timeout_rejected ... ok
test timeout_config::default_config_valid ... ok
test state_machine::status_raw_roundtrip ... ok
test state_machine::only_safe_state_is_terminal ... ok
test mock_operations::time_since_last_feed_after_feeding ... ok
test mock_operations::time_since_last_feed_before_feeding_is_none ... ok
test state_machine::repeated_timeout_reset_cycles ... ok
test state_machine::status_from_raw_invalid ... ok
test timeout_config::invalid_max_response_time_rejected ... ok
test timeout_config::health_check_disabled_allows_any_interval ... ok
test timeout_config::max_response_time_duration ... ok
test concurrent::concurrent_feeds_under_mutex ... ok
test state_machine::repeated_arm_disarm_cycles ... ok
test timeout_config::health_check_low_interval_rejected ... ok
test concurrent::atomic_state_concurrent_arm_reset ... ok
test timeout_config::with_timeout_factory ... ok
test timeout_config::with_timeout_rejects_invalid ... ok
test error_injection::real_timeout_via_sleep ... ok
test error_injection::feed_prevents_real_timeout ... ok
test concurrent::concurrent_status_reads_during_transitions ... ok
test timeout_config::maximum_timeout_accepted ... ok
test timeout_config::minimum_timeout_accepted ... ok
test timeout_config::above_maximum_timeout_rejected ... ok

test result: ok. 44 passed; 0 failed; 0 ignored; 0 measured; 0 filtered out; finished in 0.05s

     Running tests\integration_tests.rs (target\debug\deps\integration_tests-32e9e30bac41dc9f.exe)

running 10 tests
test error_handling::test_all_errors_are_recoverable ... ok
test error_handling::test_error_display ... ok
test full_lifecycle::test_complete_lifecycle ... ok
test full_lifecycle::test_multiple_arm_disarm_cycles ... ok
test full_lifecycle::test_safe_state_lifecycle ... ok
test full_lifecycle::test_timeout_lifecycle ... ok
test time_tracking::test_time_since_last_feed ... ok
test time_tracking::test_external_time_source ... ok
test concurrent_access::test_concurrent_status_checks ... ok
test concurrent_access::test_concurrent_feed_operations ... ok

test result: ok. 10 passed; 0 failed; 0 ignored; 0 measured; 0 filtered out; finished in 0.05s

     Running tests\mod.rs (target\debug\deps\mod-ffa5cb9579214e6e.exe)

running 102 tests
test bdd_tests::watchdog_safety_scenarios::scenario_safe_state_is_terminal ... ok
test bdd_tests::watchdog_safety_scenarios::scenario_timeout_state_prevents_feeding ... ok
test bdd_tests::wcet_requirements::scenario_arm_wcet_under_10us ... ok
test bdd_tests::wcet_requirements::scenario_feed_wcet_under_1us ... ok
test bdd_tests::watchdog_safety_scenarios::scenario_watchdog_arms_successfully ... ok
test bdd_tests::watchdog_safety_scenarios::scenario_watchdog_cannot_be_armed_twice ... ok
test bdd_tests::wcet_requirements::scenario_status_check_wcet_under_500ns ... ok
test bdd_tests::watchdog_safety_scenarios::scenario_watchdog_feeds_successfully_when_armed ... ok
test bdd_tests::watchdog_safety_scenarios::scenario_watchdog_refuses_feed_when_disarmed ... ok
test bdd_tests::watchdog_safety_scenarios::scenario_health_check_works_correctly ... ok
test bdd_tests::watchdog_safety_scenarios::scenario_watchdog_reset_clears_all_state ... ok
test bdd_tests::watchdog_safety_scenarios::scenario_watchdog_triggers_safe_state_on_demand ... ok
test bdd_tests::watchdog_safety_scenarios::scenario_metrics_are_tracked_correctly ... ok
test hw_watchdog_tests::concurrent::concurrent_feeds_under_mutex ... ok
test hw_watchdog_tests::concurrent::concurrent_status_reads_during_transitions ... ok
test hw_watchdog_tests::concurrent::atomic_state_concurrent_arm_reset ... ok
test hw_watchdog_tests::error_injection::error_display_messages ... ok
test hw_watchdog_tests::metrics_tests::metrics_feed_tracking ... ok
test hw_watchdog_tests::metrics_tests::metrics_reset_clears_all ... ok
test hw_watchdog_tests::error_injection::invalid_transition_error_message ... ok
test hw_watchdog_tests::mock_operations::arm_after_safe_state_without_reset_is_error ... ok
test hw_watchdog_tests::mock_operations::config_accessible_through_trait ... ok
test hw_watchdog_tests::error_injection::hardware_error_carries_message ... ok
test hw_watchdog_tests::metrics_tests::metrics_saturating_arithmetic ... ok
test hw_watchdog_tests::error_injection::cannot_inject_timeout_twice ... ok
test hw_watchdog_tests::error_injection::cannot_inject_timeout_when_disarmed ... ok
test hw_watchdog_tests::error_injection::safe_state_after_injected_timeout ... ok
test hw_watchdog_tests::metrics_tests::feed_resets_consecutive_failures ... ok
test hw_watchdog_tests::error_injection::injected_timeout_detected ... ok
test hw_watchdog_tests::mock_operations::feed_after_safe_state_is_error ... ok
test hw_watchdog_tests::metrics_tests::metrics_success_rate_edge_cases ... ok
test hw_watchdog_tests::mock_operations::feed_after_timeout_is_error ... ok
test hw_watchdog_tests::state_machine::exhaustive_state_lifecycle ... ok
test hw_watchdog_tests::state_machine::only_safe_state_is_terminal ... ok
test hw_watchdog_tests::state_machine::repeated_arm_disarm_cycles ... ok
test hw_watchdog_tests::mock_operations::full_trait_lifecycle ... ok
test hw_watchdog_tests::state_machine::repeated_timeout_reset_cycles ... ok
test hw_watchdog_tests::mock_operations::time_since_last_feed_after_feeding ... ok
test hw_watchdog_tests::timeout_config::default_config_valid ... ok
test hw_watchdog_tests::timeout_config::health_check_disabled_allows_any_interval ... ok
test hw_watchdog_tests::timeout_config::health_check_low_interval_rejected ... ok
test hw_watchdog_tests::timeout_config::invalid_max_response_time_rejected ... ok
test hw_watchdog_tests::error_injection::real_timeout_via_sleep ... ok
test hw_watchdog_tests::error_injection::feed_prevents_real_timeout ... ok
test hw_watchdog_tests::timeout_config::with_timeout_rejects_invalid ... ok
test hw_watchdog_tests::state_machine::armed_and_timedout_are_active ... ok
test hw_watchdog_tests::timeout_config::above_maximum_timeout_rejected ... ok
test hw_watchdog_tests::timeout_config::below_minimum_timeout_rejected ... ok
test hw_watchdog_tests::timeout_config::minimum_timeout_accepted ... ok
test hw_watchdog_tests::timeout_config::with_timeout_factory ... ok
test hw_watchdog_tests::mock_operations::time_since_last_feed_before_feeding_is_none ... ok
test hw_watchdog_tests::state_machine::all_invalid_transitions_are_errors ... ok
test hw_watchdog_tests::state_machine::status_from_raw_invalid ... ok
test hw_watchdog_tests::state_machine::status_raw_roundtrip ... ok
test hw_watchdog_tests::timeout_config::max_response_time_duration ... ok
test hw_watchdog_tests::timeout_config::maximum_timeout_accepted ... ok
proptest: FileFailurePersistence::SourceParallel set, but failed to find lib.rs or main.rs
proptest: FileFailurePersistence::SourceParallel set, but failed to find lib.rs or main.rs
proptest: FileFailurePersistence::SourceParallel set, but failed to find lib.rs or main.rs
proptest: FileFailurePersistence::SourceParallel set, but failed to find lib.rs or main.rs
test hw_watchdog_tests::state_machine::atomic_state_all_valid_transitions ... ok
test integration_tests::error_handling::test_all_errors_are_recoverable ... ok
test integration_tests::concurrent_access::test_concurrent_status_checks ... ok
test integration_tests::concurrent_access::test_concurrent_feed_operations ... ok
test integration_tests::error_handling::test_error_display ... ok
test integration_tests::full_lifecycle::test_complete_lifecycle ... ok
test integration_tests::full_lifecycle::test_multiple_arm_disarm_cycles ... ok
test integration_tests::full_lifecycle::test_safe_state_lifecycle ... ok
test integration_tests::full_lifecycle::test_timeout_lifecycle ... ok
test integration_tests::time_tracking::test_time_since_last_feed ... ok
test property_tests::prop_feed_increments_count ... ok
test property_tests::prop_metrics_feed_count_monotonic ... ok
test property_tests::prop_cannot_feed_when_disarmed ... ok
test integration_tests::time_tracking::test_external_time_source ... ok
test property_tests::prop_arm_disarm_is_idempotent ... ok
test property_tests::prop_config_timeout_bounds ... ok
test property_tests::prop_safe_state_is_terminal ... ok
proptest: FileFailurePersistence::SourceParallel set, but failed to find lib.rs or main.rs
proptest: FileFailurePersistence::SourceParallel set, but failed to find lib.rs or main.rs
proptest: FileFailurePersistence::SourceParallel set, but failed to find lib.rs or main.rs
test unit_tests::config::test_config_validation ... ok
test unit_tests::config::test_default_timeout_is_100ms ... ok
test property_tests::prop_status_from_raw_roundtrip ... ok
test unit_tests::metrics::test_metrics_record_failure ... ok
test property_tests::prop_timeout_count_never_decreases ... ok
test unit_tests::metrics::test_metrics_record_feed ... ok
test unit_tests::feeding::test_feed_when_disarmed ... ok
test unit_tests::metrics::test_metrics_initial_state ... ok
test property_tests::prop_reset_always_returns_to_disarmed ... ok
test unit_tests::feeding::test_feed_updates_metrics ... ok
test unit_tests::feeding::test_feed_when_armed ... ok
test unit_tests::reset::test_reset_from_armed ... ok
test unit_tests::config::test_timeout_us_conversion ... ok
test unit_tests::feeding::test_feed_count_increments ... ok
test unit_tests::metrics::test_metrics_success_rate ... ok
test unit_tests::reset::test_reset_clears_metrics ... ok
test unit_tests::reset::test_reset_from_timed_out ... ok
test unit_tests::safe_state::test_cannot_trigger_safe_state_twice ... ok
test unit_tests::state_transitions::test_initial_state_is_disarmed ... ok
test unit_tests::timeout::test_cannot_feed_after_timeout ... ok
test unit_tests::safe_state::test_safe_state_is_terminal ... ok
test unit_tests::safe_state::test_trigger_safe_state ... ok
test unit_tests::timeout::test_has_timed_out_when_armed ... ok
test unit_tests::timeout::test_timeout_state_transition ... ok
test unit_tests::state_transitions::test_arm_transition ... ok
test unit_tests::state_transitions::test_cannot_arm_twice ... ok
test unit_tests::reset::test_reset_from_safe_state ... ok
test unit_tests::state_transitions::test_cannot_disarm_when_not_armed ... ok
test unit_tests::state_transitions::test_disarm_transition ... ok

test result: ok. 102 passed; 0 failed; 0 ignored; 0 measured; 0 filtered out; finished in 0.92s

     Running tests\property_tests.rs (target\debug\deps\property_tests-076846a168920e1d.exe)

running 9 tests
proptest: FileFailurePersistence::SourceParallel set, but failed to find lib.rs or main.rs
proptest: FileFailurePersistence::SourceParallel set, but failed to find lib.rs or main.rs
proptest: FileFailurePersistence::SourceParallel set, but failed to find lib.rs or main.rs
test prop_metrics_feed_count_monotonic ... ok
test prop_reset_always_returns_to_disarmed ... ok
test prop_safe_state_is_terminal ... ok
proptest: FileFailurePersistence::SourceParallel set, but failed to find lib.rs or main.rs
proptest: FileFailurePersistence::SourceParallel set, but failed to find lib.rs or main.rs
test prop_feed_increments_count ... ok
test prop_status_from_raw_roundtrip ... ok
test prop_config_timeout_bounds ... ok
test prop_cannot_feed_when_disarmed ... ok
proptest: FileFailurePersistence::SourceParallel set, but failed to find lib.rs or main.rs
proptest: FileFailurePersistence::SourceParallel set, but failed to find lib.rs or main.rs
test prop_timeout_count_never_decreases ... ok
test prop_arm_disarm_is_idempotent ... ok

test result: ok. 9 passed; 0 failed; 0 ignored; 0 measured; 0 filtered out; finished in 0.06s

     Running tests\safety_tests.rs (target\debug\deps\safety_tests-fe5cebfbde1883c9.exe)

running 8 tests
test test_arm_and_feed_lifecycle ... ok
test test_double_arm_is_error ... ok
test test_feed_when_disarmed_is_error ... ok
test test_multiple_feeds_prevent_timeout ... ok
test test_rearm_after_reset ... ok
test test_safe_state_triggered_exactly_once_after_timeout ... ok
test test_reset_restores_initial_state ... ok
test test_watchdog_triggers_after_timeout ... ok

test result: ok. 8 passed; 0 failed; 0 ignored; 0 measured; 0 filtered out; finished in 0.06s

     Running tests\unit_tests.rs (target\debug\deps\unit_tests-c0629465cab09206.exe)

running 26 tests
test feeding::test_feed_updates_metrics ... ok
test reset::test_reset_clears_metrics ... ok
test reset::test_reset_from_armed ... ok
test feeding::test_feed_count_increments ... ok
test state_transitions::test_cannot_arm_twice ... ok
test state_transitions::test_cannot_disarm_when_not_armed ... ok
test feeding::test_feed_when_armed ... ok
test feeding::test_feed_when_disarmed ... ok
test reset::test_reset_from_safe_state ... ok
test state_transitions::test_disarm_transition ... ok
test config::test_config_validation ... ok
test metrics::test_metrics_initial_state ... ok
test metrics::test_metrics_record_failure ... ok
test safe_state::test_cannot_trigger_safe_state_twice ... ok
test reset::test_reset_from_timed_out ... ok
test safe_state::test_safe_state_is_terminal ... ok
test timeout::test_cannot_feed_after_timeout ... ok
test state_transitions::test_initial_state_is_disarmed ... ok
test config::test_default_timeout_is_100ms ... ok
test config::test_timeout_us_conversion ... ok
test metrics::test_metrics_record_feed ... ok
test safe_state::test_trigger_safe_state ... ok
test state_transitions::test_arm_transition ... ok
test timeout::test_has_timed_out_when_armed ... ok
test timeout::test_timeout_state_transition ... ok
test metrics::test_metrics_success_rate ... ok

test result: ok. 26 passed; 0 failed; 0 ignored; 0 measured; 0 filtered out; finished in 0.03s

     Running tests\watchdog_safety_deep_tests.rs (target\debug\deps\watchdog_safety_deep_tests-fefd727b977180bc.exe)

running 54 tests
test config_above_maximum_rejected ... ok
test config_minimum_timeout ... ok
test config_accessible_through_trait ... ok
test config_below_minimum_rejected ... ok
test error_display_all_variants ... ok
test config_builder_full_custom ... ok
test config_builder_health_check_disabled ... ok
test config_builder_rejects_excessive_response_time ... ok
test config_maximum_timeout ... ok
test counters_accumulate_without_reset ... ok
test feed_after_timeout_returns_error ... ok
test feed_just_before_timeout_keeps_armed ... ok
test concurrent_state_reads_are_consistent ... ok
test concurrent_feeds_on_atomic_state ... ok
test concurrent_arm_exactly_one_succeeds ... ok
test feed_resets_timeout_clock ... ok
test invalid_double_arm ... ok
test invalid_double_timeout ... ok
test metrics_max_interval_monotonic ... ok
test full_lifecycle_round_trip ... ok
test invalid_feed_when_disarmed ... ok
test invalid_feed_when_timed_out ... ok
test full_recovery_cycle_after_fault ... ok
test invalid_operations_in_safe_state ... ok
test invalid_timeout_when_disarmed ... ok
test invalid_arm_when_timed_out ... ok
test invalid_disarm_when_disarmed ... ok
test is_healthy_reflects_fault_state ... ok
test metrics_cleared_after_reset ... ok
test metrics_success_rate_bounded ... ok
test invalid_disarm_when_timed_out ... ok
test reset_from_every_state ... ok
test software_watchdog_reset_clears_metrics ... ok
test reset_from_armed_state ... ok
test repeated_fault_recovery_cycles ... ok
test transition_any_to_safe_state ... ok
test status_display_strings ... ok
test status_from_raw_exhaustive ... ok
test transition_armed_feed_stays_armed ... ok
test time_since_last_feed_none_initially ... ok
test time_since_last_feed_some_after_feed ... ok
test transition_armed_to_timed_out ... ok
test trigger_timeout_from_armed ... ok
test watchdog_state_reset_does_not_clear_counters ... ok
test feed_then_starve_causes_timeout ... ok
test timeout_fires_after_period_elapses ... ok
test multiple_watchdogs_different_configs ... ok
test no_feed_after_trigger_timeout ... ok
test status_is_active_for_armed_and_timed_out ... ok
test transition_disarmed_armed_disarmed ... ok
test trigger_timeout_fails_when_disarmed ... ok
test status_is_terminal_only_safe_state ... ok
test near_timeout_rescue_cycle ... ok
test rapid_feed_cycle_never_times_out ... ok

test result: ok. 54 passed; 0 failed; 0 ignored; 0 measured; 0 filtered out; finished in 0.22s

     Running unittests src\lib.rs (target\debug\deps\openracing_hid_common-a3fbd8db065b1202.exe)

running 14 tests
test hid_traits::tests::test_mock_device_basic ... ok
test hid_traits::tests::test_mock_port ... ok
test report_parser::tests::test_report_builder ... ok
test report_parser::tests::test_report_parser_u16_le ... ok
test report_parser::tests::test_report_parser_u32_le ... ok
test hid_traits::tests::test_mock_device_disconnect ... ok
test hid_traits::tests::test_mock_device_read ... ok
test hid_traits::tests::test_mock_device_write ... ok
test report_parser::tests::test_report_parser_u8 ... ok
test tests::test_error_types ... ok
test device_info::tests::test_device_info_creation ... ok
test device_info::tests::test_device_info_display_name ... ok
test report_parser::tests::test_report_parser_bytes ... ok
test report_parser::tests::test_report_parser_f32 ... ok

test result: ok. 14 passed; 0 failed; 0 ignored; 0 measured; 0 filtered out; finished in 0.01s

     Running tests\comprehensive.rs (target\debug\deps\comprehensive-8cefabf779f61211.exe)

running 83 tests
test builder_with_capacity_starts_empty ... ok
test builder_write_f32_le ... ok
test builder_len_tracks_writes ... ok
test builder_new_appends_after_zeros ... ok
test device_info_builder_chain ... ok
test device_info_default_fields ... ok
test builder_new_zero_is_empty ... ok
test device_info_serde_roundtrip ... ok
test device_info_with_serial ... ok
test builder_new_prefills_with_zeros ... ok
test device_info_display_name_precedence ... ok
test device_info_matches_multiple_ids ... ok
test error_disconnected_display ... ok
test error_invalid_report_display ... ok
test mock_device_multiple_reads_fifo ... ok
test mock_device_multiple_writes_tracked ... ok
test builder_as_slice_matches_into_inner ... ok
test builder_default_has_64_zero_bytes ... ok
test builder_write_i16_le ... ok
test builder_write_i8 ... ok
test error_io_error_conversion ... ok
test error_open_error_display ... ok
test mock_device_read_empty_queue_returns_error ... ok
test mock_device_reconnect_after_disconnect ... ok
test error_read_error_display ... ok
test error_write_error_display ... ok
test mock_device_write_returns_length ... ok
test mock_port_default ... ok
test error_debug_formatting ... ok
test error_device_not_found_display ... ok
test mock_device_disconnect_read_fails ... ok
test mock_device_close ... ok
test mock_port_open_device_not_found ... ok
test parser_empty_buffer_read_u8_fails ... ok
test mock_port_refresh_succeeds ... ok
test parser_empty_buffer_remaining_is_zero ... ok
test parser_all_ones_report ... ok
test parser_large_report_256_bytes ... ok
test parser_all_zeros_report ... ok
test parser_large_report_mixed_reads ... ok
test parser_read_bytes_exact_boundary ... ok
test parser_peek_on_empty_fails ... ok
test parser_peek_does_not_advance ... ok
test parser_read_i32_le_min_max ... ok
test mock_port_list_devices ... ok
test parser_read_bytes_past_end ... ok
test parser_read_i16_le_negative ... ok
test parser_read_i32_le_negative ... ok
test mock_port_open_device_found ... ok
test parser_read_i8_positive_and_negative ... ok
test parser_read_u16_be ... ok
test parser_sequential_reads_exhaust_buffer ... ok
test parser_read_u16_be_boundary ... ok
test parser_reset_and_reparse ... ok
test parser_reset_returns_to_start ... ok
test parser_skip_past_end_clamps ... ok
test parser_slice_returns_full_buffer ... ok
test parser_into_inner_returns_full_buffer ... ok
test parser_truncated_u16_single_byte ... ok
test parser_read_f32_le_special_values ... ok
test parser_single_byte_report ... ok
test parser_truncated_u16_be_single_byte ... ok
test parser_remaining_tracks_reads ... ok
test roundtrip_i16_le ... ok
test parser_truncated_u32_three_bytes ... ok
test parser_skip_advances_position ... ok
test parser_read_i16_le_min_max ... ok
test roundtrip_i8 ... ok
test parser_truncated_f32 ... ok
test roundtrip_u32_le ... ok
test parser_from_slice_reads_correctly ... ok
test roundtrip_mixed_types ... ok
test roundtrip_u16_le ... ok
test roundtrip_u8 ... ok
test roundtrip_f32_le ... ok
test parser_truncated_u32_two_bytes ... ok
test simulated_pidff_spring_condition_roundtrip ... ok
test simulated_pidff_periodic_sine_roundtrip ... ok
test simulated_pidff_constant_force_roundtrip ... ok
test simulated_pidff_damper_condition_roundtrip ... ok
test simulated_capability_report_empty ... ok
test simulated_capability_report_parsing ... ok
test simulated_pidff_malformed_truncated ... ok

test result: ok. 83 passed; 0 failed; 0 ignored; 0 measured; 0 filtered out; finished in 0.03s

     Running tests\hid_common_deep_tests.rs (target\debug\deps\hid_common_deep_tests-ff094f6932d98372.exe)

running 72 tests
test builder_default_has_preallocated_buffer ... ok
test builder_large_report ... ok
test device_info_default_is_zeroed ... ok
test device_info_display_name_with_product ... ok
test builder_write_u8_increases_len ... ok
test device_info_new_sets_required_fields ... ok
test error_invalid_report_message ... ok
test device_info_serde_round_trip ... ok
test error_io_error_from_conversion ... ok
test builder_with_capacity_creates_empty ... ok
test builder_write_all_types ... ok
test device_info_matches_exact_ids ... ok
test builder_chaining_returns_same_builder ... ok
test device_info_clone_is_independent ... ok
test builder_write_empty_bytes ... ok
test error_device_not_found_contains_name ... ok
test device_info_display_name_without_product ... ok
test builder_as_slice_matches_into_inner ... ok
test device_info_builder_chain ... ok
test error_disconnected_display ... ok
test mock_device_initial_state ... ok
test error_is_std_error ... ok
test mock_device_multiple_writes ... ok
test error_open_error_message ... ok
test mock_device_queue_and_read ... ok
test mock_device_reconnect_restores_connection ... ok
test error_write_error_display ... ok
test mock_device_close ... ok
test mock_device_write_and_history ... ok
test mock_port_add_devices ... ok
test parser_from_slice_equivalent_to_new ... ok
test mock_device_disconnect_prevents_read ... ok
test parser_interleaved_operations ... ok
test mock_device_disconnect_prevents_write ... ok
test mock_port_default_empty ... ok
test mock_port_refresh ... ok
test mock_port_open_device ... ok
test parser_read_f32_le_known_value ... ok
test parser_into_inner_returns_full_buffer ... ok
test parser_peek_u8_does_not_advance ... ok
test parser_read_bytes_zero_count ... ok
test parser_read_bytes_exceeds_remaining ... ok
test parser_read_i16_le_boundary_values ... ok
test parser_read_i32_le_min_max ... ok
test parser_read_f32_le_zero_and_negative ... ok
test parser_read_u16_be_byte_order ... ok
test parser_read_u16_le_boundary ... ok
test parser_read_u32_le_byte_order ... ok
test parser_read_u32_le_insufficient_bytes ... ok
test parser_read_u16_le_byte_order ... ok
test parser_read_u8_sequential ... ok
test parser_reset_after_partial_read ... ok
test mock_port_list_devices ... ok
test parser_reset_returns_to_start ... ok
test parser_skip_past_end_saturates ... ok
test parser_peek_u8_empty_is_error ... ok
test parser_read_bytes_exact ... ok
test parser_read_i8_boundary_values ... ok
test parser_read_u32_le_max ... ok
test parser_read_i32_le_negative ... ok
test parser_read_u16_le_insufficient_bytes ... ok
test parser_slice_returns_full_buffer ... ok
test parser_skip_advances_position ... ok
test parser_read_u8_past_end_is_error ... ok
test round_trip_i16_le ... ok
test round_trip_i8 ... ok
test round_trip_bytes ... ok
test round_trip_f32_le ... ok
test round_trip_u32_le ... ok
test round_trip_u8 ... ok
test round_trip_mixed_report ... ok
test round_trip_u16_le ... ok

test result: ok. 72 passed; 0 failed; 0 ignored; 0 measured; 0 filtered out; finished in 0.03s

     Running tests\property_tests.rs (target\debug\deps\property_tests-831b069a30540165.exe)

running 25 tests
proptest: FileFailurePersistence::SourceParallel set, but failed to find lib.rs or main.rs
proptest: FileFailurePersistence::SourceParallel set, but failed to find lib.rs or main.rs
proptest: FileFailurePersistence::SourceParallel set, but failed to find lib.rs or main.rs
proptest: FileFailurePersistence::SourceParallel set, but failed to find lib.rs or main.rs
proptest: FileFailurePersistence::SourceParallel set, but failed to find lib.rs or main.rs
test error_all_variants_display_non_empty ... ok
test builder_as_slice_matches_into_inner ... ok
test error_debug_format_non_empty ... ok
test error_io_from_conversion ... ok
test builder_default_capacity_is_64 ... ok
test device_info_builder_chain ... ok
test builder_with_capacity_starts_empty ... ok
test prop_i16_le_roundtrip ... ok
test device_info_display_name_priority ... ok
test device_info_serde_roundtrip ... ok
proptest: FileFailurePersistence::SourceParallel set, but failed to find lib.rs or main.rs
proptest: FileFailurePersistence::SourceParallel set, but failed to find lib.rs or main.rs
proptest: FileFailurePersistence::SourceParallel set, but failed to find lib.rs or main.rs
proptest: FileFailurePersistence::SourceParallel set, but failed to find lib.rs or main.rs
proptest: FileFailurePersistence::SourceParallel set, but failed to find lib.rs or main.rs
proptest: FileFailurePersistence::SourceParallel set, but failed to find lib.rs or main.rs
proptest: FileFailurePersistence::SourceParallel set, but failed to find lib.rs or main.rs
proptest: FileFailurePersistence::SourceParallel set, but failed to find lib.rs or main.rs
proptest: FileFailurePersistence::SourceParallel set, but failed to find lib.rs or main.rs
proptest: FileFailurePersistence::SourceParallel set, but failed to find lib.rs or main.rs
test prop_f32_le_roundtrip ... ok
test prop_builder_len_tracks_writes ... ok
test prop_builder_is_empty_consistent ... ok
test prop_u16_le_roundtrip ... ok
test prop_u32_le_roundtrip ... ok
test prop_bytes_roundtrip ... ok
test prop_i8_roundtrip ... ok
proptest: FileFailurePersistence::SourceParallel set, but failed to find lib.rs or main.rs
test prop_multi_field_roundtrip ... ok
test prop_device_info_matches ... ok
test prop_device_info_display_name_non_empty ... ok
test prop_reset_restores_position ... ok
test prop_peek_does_not_consume ... ok
test prop_remaining_decreases_correctly ... ok
test prop_u8_roundtrip ... ok
test prop_skip_clamps_correctly ... ok

test result: ok. 25 passed; 0 failed; 0 ignored; 0 measured; 0 filtered out; finished in 0.07s

     Running tests\snapshot_expansion_tests.rs (target\debug\deps\snapshot_expansion_tests-4673f7a8a1edf963.exe)

running 7 tests
test snapshot_hid_device_info_minimal ... ok
test snapshot_hid_device_info_display_name_fallback ... ok
test snapshot_hid_device_info_default ... ok
test snapshot_hid_device_info_full ... ok
test snapshot_hid_device_info_json ... ok
test snapshot_hid_device_info_display_name_manufacturer_only ... ok
test snapshot_hid_device_info_display_name_with_product ... ok

test result: ok. 7 passed; 0 failed; 0 ignored; 0 measured; 0 filtered out; finished in 0.41s

     Running unittests src\lib.rs (target\debug\deps\openracing_ipc-60ee6729b2a315b1.exe)

running 45 tests
test error::tests::test_error_helpers ... ok
test error::tests::test_error_is_fatal ... ok
test server::tests::test_server_creation ... ok
test codec::tests::test_message_header_encode_decode ... ok
test codec::tests::test_message_header_flags ... ok
test server::tests::test_health_event_broadcast ... ok
test server::tests::test_ipc_config_builder ... ok
test error::tests::test_error_is_recoverable ... ok
test handlers::tests::test_device_info_creation ... ok
test server::tests::test_version_compatibility ... ok
test transport::tests::test_transport_builder ... ok
test codec::tests::test_message_codec_default ... ok
test codec::tests::test_message_header_decode_insufficient_bytes ... ok
test handlers::tests::test_feature_negotiation_result ... ok
test server::tests::test_feature_negotiation ... ok
test server::tests::test_server_start_stop ... ok
test version::tests::test_feature_flags_from_bytes_too_short ... ok
test version::tests::test_feature_flags_intersection ... ok
test transport::tests::test_transport_type_tcp ... ok
test version::tests::test_feature_flags_basic_ops ... ok
test version::tests::test_negotiate_info_server_below_client_min ... ok
test version::tests::test_negotiation_below_minimum ... ok
test version::tests::test_feature_flags_bytes_roundtrip ... ok
test version::tests::test_feature_flags_display ... ok
test version::tests::test_negotiation_compatible ... ok
test transport::tests::test_transport_config_default ... ok
test transport::tests::test_transport_type_description ... ok
test version::tests::test_feature_flags_names ... ok
test version::tests::test_feature_flags_none ... ok
test version::tests::test_negotiation_feature_intersection ... ok
test version::tests::test_negotiation_major_mismatch ... ok
test version::tests::test_version_compatibility ... ok
test version::tests::test_version_display ... ok
test version::tests::test_negotiation_no_features ... ok
test version::tests::test_negotiation_newer_client_with_older_server ... ok
test version::tests::test_version_from_bytes_too_short ... ok
test version::tests::test_negotiation_same_version ... ok
test version::tests::test_version_can_read_from ... ok
test version::tests::test_version_info_bytes_roundtrip ... ok
test version::tests::test_version_bytes_roundtrip ... ok
test version::tests::test_version_info_from_bytes_too_short ... ok
test version::tests::test_version_new_and_accessors ... ok
test version::tests::test_version_ordering ... ok
test version::tests::test_version_parse ... ok
test version::tests::test_version_parse_invalid ... ok

test result: ok. 45 passed; 0 failed; 0 ignored; 0 measured; 0 filtered out; finished in 0.36s

     Running tests\cross_platform_tests.rs (target\debug\deps\cross_platform_tests-521311e648867f90.exe)

running 50 tests
test health_event_broadcast_and_receive ... ok
test feature_negotiation_with_unknown_features ... ok
test default_tcp_port_is_in_valid_range ... ok
test ipc_config_with_transport_overrides_type ... ok
test feature_negotiation_with_incompatible_version ... ok
test ipc_error_platform_not_supported ... ok
test ipc_error_recoverable_classification ... ok
test feature_negotiation_with_matching_version ... ok
test feature_flags_combine_with_bitor ... ok
test ipc_config_default_health_buffer_size ... ok
test feature_flags_device_management_exists ... ok
test feature_flags_none_has_no_features ... ok
test ipc_config_default_server_name ... ok
test ipc_config_serde_round_trip ... ok
test ipc_error_fatal_classification ... ok
test ipc_config_builder_chain ... ok
test message_codec_custom_limit ... ok
test message_header_round_trip ... ok
test message_codec_default_validates_reasonable_sizes ... ok
test message_header_zero_payload ... ok
test platform_default_transport_is_not_tcp ... ok
test platform_default_transport_serde_round_trip ... ok
test protocol_version_new_and_accessors ... ok
test protocol_version_parse_invalid_format ... ok
test named_pipe_transport_follows_unc_convention ... ok
test server_stop_transitions_to_stopped ... ok
test server_starts_in_stopped_state ... ok
test peer_info_default_compiles_on_all_platforms ... ok
test protocol_version_display ... ok
test protocol_version_parse_valid ... ok
test server_client_count_starts_at_zero ... ok
test tcp_transport_serde_round_trip ... ok
test protocol_version_wire_round_trip ... ok
test server_double_start_returns_error ... ok
test tcp_transport_uses_loopback_and_default_port ... ok
test protocol_constants_are_valid_semver ... ok
test tcp_transport_compiles_on_all_platforms ... ok
test tcp_transport_custom_address_and_port ... ok
test transport_default_impl_matches_platform_default ... ok
test transport_builder_overrides_transport_type ... ok
test transport_config_defaults_are_reasonable ... ok
test transport_builder_overrides_max_connections ... ok
test transport_builder_overrides_timeout ... ok
test server_double_stop_is_idempotent ... ok
test version_compatibility_checks ... ok
test server_start_transitions_to_running ... ok
test transport_builder_default_impl ... ok
test transport_builder_overrides_acl ... ok
test version_negotiator_compatible_client ... ok
test version_negotiator_incompatible_client ... ok

test result: ok. 50 passed; 0 failed; 0 ignored; 0 measured; 0 filtered out; finished in 0.02s

     Running tests\ipc_backward_compat_tests.rs (target\debug\deps\ipc_backward_compat_tests-3a4d8394bb9636a2.exe)

running 65 tests
test backward_compat_legacy_device_info_decoded_by_full_schema ... ok
test codec_roundtrip_feature_response ... ok
test backward_compat_feature_request_without_namespace ... ok
test error_feature_negotiation_is_recoverable ... ok
test error_server_not_running_is_fatal ... ok
test degradation_no_matching_features ... ok
test degradation_streaming_only_client ... ok
test degradation_partial_feature_set ... ok
test backward_compat_op_result_without_metadata ... ok
test codec_rejects_default_proto3_message_with_zero_encoded_len ... ok
test error_decoding_empty_buffer ... ok
test error_decoding_corrupted_protobuf ... ok
test error_version_incompatibility_is_recoverable ... ok
test error_version_incompatibility_contains_both_versions ... ok
test feature_negotiation_all_supported_features ... ok
test error_timeout_during_negotiation ... ok
test feature_negotiation_enables_only_intersection ... ok
test feature_negotiation_incompatible_client_not_registered ... ok
test codec_roundtrip_device_info ... ok
test codec_roundtrip_feature_request ... ok
test error_encoding_large_message_has_context ... ok
test forward_compat_unknown_fields_ignored_on_decode ... ok
test lifecycle_double_start_returns_error ... ok
test lifecycle_double_stop_is_ok ... ok
test forward_compat_extra_bytes_after_valid_header ... ok
test forward_compat_future_feature_request_with_extra_fields ... ok
test feature_negotiation_compatible_client_registered ... ok
test feature_negotiation_empty_client_features ... ok
proptest: FileFailurePersistence::SourceParallel set, but failed to find lib.rs or main.rs
proptest: FileFailurePersistence::SourceParallel set, but failed to find lib.rs or main.rs
test error_feature_negotiation_contains_message ... ok
proptest: FileFailurePersistence::SourceParallel set, but failed to find lib.rs or main.rs
test feature_negotiation_returns_all_server_features ... ok
test feature_negotiation_unknown_features_silently_dropped ... ok
proptest: FileFailurePersistence::SourceParallel set, but failed to find lib.rs or main.rs
proptest: FileFailurePersistence::SourceParallel set, but failed to find lib.rs or main.rs
test lifecycle_multiple_clients_connect ... ok
test lifecycle_register_unregister_client ... ok
test lifecycle_health_event_broadcast_after_negotiation ... ok
test lifecycle_start_stop_restart ... ok
test min_client_version_constant_is_semver ... ok
proptest: FileFailurePersistence::SourceParallel set, but failed to find lib.rs or main.rs
proptest: FileFailurePersistence::SourceParallel set, but failed to find lib.rs or main.rs
proptest: FileFailurePersistence::SourceParallel set, but failed to find lib.rs or main.rs
test lifecycle_connect_negotiate_disconnect ... ok
test protocol_version_constant_is_semver ... ok
test server_negotiate_compatible_sets_flag ... ok
test proptest_compat::prop_message_header_roundtrip_compat ... ok
test server_version_is_at_least_min_client_version ... ok
test version_negotiation_exact_match ... ok
test server_negotiate_incompatible_sets_flag ... ok
test server_negotiate_returns_protocol_version ... ok
test proptest_compat::prop_version_compat_different_major_never_ok ... ok
test proptest_compat::prop_random_bytes_dont_panic_on_header_decode ... ok
test version_negotiation_same_major_higher_patch ... ok
proptest: FileFailurePersistence::SourceParallel set, but failed to find lib.rs or main.rs
test wire_format_feature_request_deterministic ... ok
test version_negotiation_major_mismatch_rejected ... ok
test version_negotiation_malformed_versions ... ok
test version_negotiation_minor_too_low_rejected ... ok
test version_negotiation_malformed_min_version ... ok
test wire_format_message_header_is_12_bytes ... ok
test wire_format_feature_response_deterministic ... ok
test wire_format_header_little_endian ... ok
test proptest_compat::prop_random_bytes_dont_panic_on_decode ... ok
test proptest_compat::prop_version_compat_higher_minor_always_ok ... ok
test version_negotiation_same_major_higher_minor ... ok
test proptest_compat::prop_version_compat_reflexive ... ok
test version_negotiation_patch_too_low_rejected ... ok
test proptest_compat::prop_device_info_roundtrip ... ok
test proptest_compat::prop_feature_request_roundtrip ... ok
test proptest_compat::prop_feature_response_roundtrip ... ok
test wire_format_snapshot_feature_negotiation_header ... ok
test wire_format_snapshot_device_id_proto ... ok

test result: ok. 65 passed; 0 failed; 0 ignored; 0 measured; 0 filtered out; finished in 0.38s

     Running tests\ipc_proptest.rs (target\debug\deps\ipc_proptest-c3f151f78681e181.exe)

running 15 tests
proptest: FileFailurePersistence::SourceParallel set, but failed to find lib.rs or main.rs
proptest: FileFailurePersistence::SourceParallel set, but failed to find lib.rs or main.rs
proptest: FileFailurePersistence::SourceParallel set, but failed to find lib.rs or main.rs
proptest: FileFailurePersistence::SourceParallel set, but failed to find lib.rs or main.rs
proptest: FileFailurePersistence::SourceParallel set, but failed to find lib.rs or main.rs
proptest: FileFailurePersistence::SourceParallel set, but failed to find lib.rs or main.rs
proptest: FileFailurePersistence::SourceParallel set, but failed to find lib.rs or main.rs
proptest: FileFailurePersistence::SourceParallel set, but failed to find lib.rs or main.rs
proptest: FileFailurePersistence::SourceParallel set, but failed to find lib.rs or main.rs
proptest: FileFailurePersistence::SourceParallel set, but failed to find lib.rs or main.rs
proptest: FileFailurePersistence::SourceParallel set, but failed to find lib.rs or main.rs
proptest: FileFailurePersistence::SourceParallel set, but failed to find lib.rs or main.rs
proptest: FileFailurePersistence::SourceParallel set, but failed to find lib.rs or main.rs
proptest: FileFailurePersistence::SourceParallel set, but failed to find lib.rs or main.rs
proptest: FileFailurePersistence::SourceParallel set, but failed to find lib.rs or main.rs
test prop_error_display_non_empty ... ok
test prop_error_connection_limit_preserves_value ... ok
test prop_header_encode_decode_roundtrip ... ok
test prop_header_decode_truncated ... ok
test prop_error_recoverable_fatal_exclusive ... ok
test prop_header_flag_idempotent ... ok
test prop_header_sequence_order_preserved ... ok
test prop_header_flag_preserves_others ... ok
test prop_error_timeout_preserves_value ... ok
test prop_header_encode_always_fixed_size ... ok
test prop_codec_max_size_preserved ... ok
test prop_header_flag_set_check ... ok
test prop_codec_valid_size_boundary ... ok
test prop_header_decode_with_extra_bytes ... ok
test prop_error_version_incompat_preserves ... ok

test result: ok. 15 passed; 0 failed; 0 ignored; 0 measured; 0 filtered out; finished in 0.15s

     Running tests\ipc_protocol_compat_tests.rs (target\debug\deps\ipc_protocol_compat_tests-105b9091ed9cab9a.exe)

running 25 tests
test error_display_contains_context ... ok
test error_fatal_classification ... ok
test message_header_flags_bitmask ... ok
test error_recoverable_classification ... ok
test message_header_roundtrip_all_types ... ok
test codec_rejects_oversized_message ... ok
test feature_discovery_returns_server_features ... ok
test error_convenience_constructors ... ok
test ipc_config_builder_chain ... ok
test message_header_decode_rejects_short_buffer ... ok
test message_header_max_payload_len ... ok
test message_header_zero_payload_len ... ok
test version_higher_minor_is_compatible ... ok
test version_higher_patch_is_compatible ... ok
test version_lower_minor_is_incompatible ... ok
test version_malformed_string_is_incompatible ... ok
test transport_builder_produces_correct_config ... ok
test version_different_major_is_incompatible ... ok
test codec_rejects_empty_decode ... ok
test feature_discovery_unknown_feature_not_enabled ... ok
test version_same_is_compatible ... ok
test feature_negotiation_registers_client ... ok
test codec_encode_decode_proto_message ... ok
test negotiate_features_incompatible_client_version ... ok
test negotiate_features_compatible_client ... ok

test result: ok. 25 passed; 0 failed; 0 ignored; 0 measured; 0 filtered out; finished in 0.03s

     Running tests\ipc_protocol_deep_tests.rs (target\debug\deps\ipc_protocol_deep_tests-b7c9e0d70bd32f44.exe)

running 76 tests
test all_message_types::header_with_max_payload_len ... ok
test all_message_types::header_size_is_12_bytes ... ok
test error_responses::error_header_flags_distinguish_error_from_success ... ok
test error_responses::feature_negotiation_error_is_recoverable ... ok
test all_message_types::message_type_values_are_sequential ... ok
test error_responses::io_error_converts_from_std_io ... ok
test error_responses::server_not_running_is_fatal ... ok
test all_message_types::header_with_max_sequence ... ok
test all_message_types::each_message_type_encodes_to_header ... ok
test error_responses::decoding_failed_is_neither_recoverable_nor_fatal ... ok
test error_responses::encoding_failed_is_neither_recoverable_nor_fatal ... ok
test error_responses::timeout_is_recoverable ... ok
test all_message_types::all_message_types_have_unique_values ... ok
test error_responses::transport_init_is_fatal ... ok
test error_responses::version_incompatibility_is_recoverable ... ok
test keepalive_heartbeat::connected_clients_returns_all ... ok
test keepalive_heartbeat::health_event_metadata_can_carry_diagnostics ... ok
test keepalive_heartbeat::health_event_types_cover_all_variants ... ok
test message_framing::codec_accepts_valid_sizes ... ok
test message_framing::codec_encode_to_buffer_clears_and_fills ... ok
test message_framing::codec_encoded_len_is_accurate ... ok
test message_framing::codec_custom_max_size ... ok
test message_framing::all_flags_have_unique_bit_positions ... ok
test keepalive_heartbeat::server_state_transitions ... ok
test keepalive_heartbeat::server_stop_clears_clients ... ok
test keepalive_heartbeat::server_double_stop_is_ok ... ok
test all_message_types::all_message_types_are_nonzero ... ok
test error_responses::connection_failed_is_recoverable ... ok
test error_responses::shutdown_requested_is_fatal ... ok
test message_framing::codec_rejects_oversized ... ok
test message_framing::codec_rejects_oversized_decode ... ok
test message_framing::codec_rejects_zero_size ... ok
test keepalive_heartbeat::register_and_unregister_client ... ok
test message_framing::codec_default_max_size_is_16mb ... ok
test message_framing::decode_extra_bytes_succeeds ... ok
test error_responses::timeout_error_message_includes_ms ... ok
test message_framing::decode_exact_12_bytes_succeeds ... ok
test message_framing::codec_encode_decode_prost_message ... ok
test error_responses::connection_limit_error ... ok
test keepalive_heartbeat::server_double_start_fails ... ok
test request_response_matching::ack_required_flag_round_trips ... ok
test request_response_matching::multiple_flags_compose_correctly ... ok
test request_response_matching::request_and_response_share_sequence_number ... ok
test request_response_matching::error_response_has_error_and_response_flags ... ok
test streaming_protocol::streaming_with_compression ... ok
test streaming_protocol::streaming_flag_identifies_stream_messages ... ok
test message_framing::decode_insufficient_bytes_fails ... ok
test transport_and_config::transport_type_named_pipe ... ok
test request_response_matching::setting_same_flag_twice_is_idempotent ... ok
test streaming_protocol::health_event_broadcast_stream ... ok
test message_framing::flags_byte_layout_in_header ... ok
test message_framing::header_is_little_endian ... ok
test transport_and_config::ipc_config_serde_roundtrip ... ok
test streaming_protocol::stream_sequence_numbers_are_monotonic ... ok
test streaming_protocol::multiple_health_subscribers ... ok
test transport_and_config::transport_builder_chain ... ok
test transport_and_config::transport_config_defaults ... ok
test transport_and_config::ipc_config_builder_methods ... ok
test transport_and_config::ipc_config_defaults ... ok
test transport_and_config::transport_type_tcp_custom_address ... ok
test transport_and_config::server_config_accessible ... ok
test transport_and_config::transport_type_tcp_defaults ... ok
test version_negotiation::default_tcp_port_is_50051 ... ok
test version_negotiation::higher_patch_is_compatible ... ok
test version_negotiation::lower_minor_is_incompatible ... ok
test version_negotiation::higher_minor_is_compatible ... ok
test version_negotiation::different_major_is_incompatible ... ok
test version_negotiation::lower_patch_same_minor_is_incompatible ... ok
test version_negotiation::malformed_version_is_incompatible ... ok
test version_negotiation::negotiate_compatible_client ... ok
test version_negotiation::negotiate_registers_client ... ok
test version_negotiation::negotiate_incompatible_client ... ok
test version_negotiation::same_version_is_compatible ... ok
test version_negotiation::protocol_version_constant_is_valid ... ok
test version_negotiation::negotiate_empty_features ... ok
test version_negotiation::negotiate_unknown_features_filtered ... ok

test result: ok. 76 passed; 0 failed; 0 ignored; 0 measured; 0 filtered out; finished in 0.03s

     Running tests\ipc_snapshot_tests.rs (target\debug\deps\ipc_snapshot_tests-d4d3c46b8b51b0d7.exe)

running 16 tests
test snapshot_server_state_all_variants ... ok
test snapshot_error_debug_version_incompatibility ... ok
test snapshot_transport_platform_default_description ... ok
test snapshot_error_debug_connection_limit ... ok
test snapshot_error_recoverability_matrix ... ok
test snapshot_transport_named_pipe_description ... ok
test snapshot_transport_tcp_custom_description ... ok
test snapshot_message_type_constants ... ok
test snapshot_header_all_flags_combined ... ok
test snapshot_error_debug_timeout ... ok
test snapshot_transport_tcp_description ... ok
test snapshot_message_flag_constants ... ok
test snapshot_protocol_constants ... ok
test snapshot_error_debug_transport_init ... ok
test snapshot_health_event_type_all_variants ... ok
test snapshot_header_diagnostic_message ... ok

test result: ok. 16 passed; 0 failed; 0 ignored; 0 measured; 0 filtered out; finished in 0.62s

     Running tests\ipc_tests.rs (target\debug\deps\ipc_tests-7657d744d98af96a.exe)

running 77 tests
test codec_validation::codec_rejects_oversized_decode ... ok
test codec_validation::codec_rejects_oversized_encode ... ok
test codec_validation::header_decode_extra_bytes_ignored ... ok
test codec_validation::header_roundtrip_all_flags ... ok
test codec_validation::codec_accepts_exact_max_size ... ok
test codec_validation::header_boundary_values ... ok
test codec_validation::header_combined_flags_roundtrip ... ok
test codec_validation::codec_rejects_zero_size_message ... ok
test codec_validation::codec_with_max_size_one ... ok
test codec_validation::codec_decode_invalid_protobuf ... ok
test codec_validation::codec_encoded_len ... ok
test codec_validation::header_decode_empty_bytes ... ok
test codec_validation::header_decode_exactly_size_bytes ... ok
test codec_validation::prost_encode_decode_roundtrip ... ok
test codec_validation::header_size_constant ... ok
test codec_validation::header_roundtrip_all_message_types ... ok
test connection_state::client_info_construction ... ok
test codec_validation::prost_encode_to_buffer_clears_existing ... ok
test codec_validation::prost_encode_to_buffer_roundtrip ... ok
test connection_state::health_event_clone ... ok
test connection_state::health_event_subscribe_before_broadcast ... ok
test connection_state::health_event_type_copy ... ok
test connection_state::health_event_construction ... ok
test connection_state::health_event_type_equality ... ok
test connection_state::health_event_multiple_subscribers ... ok
test connection_state::health_event_type_values ... ok
test connection_state::peer_info_default ... ok
test connection_state::server_client_lifecycle ... ok
test connection_state::server_state_transitions ... ok
test connection_state::server_stop_clears_clients ... ok
test connection_state::server_config_accessor ... ok
test connection_state::server_state_debug ... ok
test connection_state::server_state_equality ... ok
test connection_state::server_double_start_returns_error ... ok
test connection_state::server_stop_when_stopped_is_ok ... ok
test constants::protocol_version_is_semver ... ok
test connection_state::unregister_nonexistent_client_is_noop ... ok
test constants::min_client_version_is_semver ... ok
test constants::default_tcp_port_is_grpc_convention ... ok
test error_handling::all_error_variants_display ... ok
test error_handling::error_debug_impl ... ok
test error_handling::error_display_contains_context ... ok
test error_handling::error_io_conversion ... ok
test error_handling::error_is_fatal_comprehensive ... ok
test error_handling::error_is_recoverable_comprehensive ... ok
test error_handling::error_recoverable_and_fatal_are_disjoint ... ok
test error_handling::error_version_incompatibility_display ... ok
test error_handling::ipc_result_type_alias_works ... ok
test feature_negotiation::negotiate_all_server_features ... ok
test feature_negotiation::negotiate_empty_features ... ok
test feature_negotiation::protocol_version_constants_valid ... ok
test feature_negotiation::negotiate_incompatible_does_not_register_client ... ok
test feature_negotiation::negotiate_result_contains_server_version ... ok
test feature_negotiation::negotiate_unsupported_features_only ... ok
test feature_negotiation::version_compat_edge_cases ... ok
test feature_negotiation::version_compat_major_zero ... ok
test handler_types::device_capabilities_clone ... ok
test handler_types::device_info_without_capabilities ... ok
test handler_types::device_status_with_faults ... ok
test handler_types::device_info_with_capabilities ... ok
test handler_types::diagnostic_info_empty ... ok
test handler_types::diagnostic_info_with_metrics ... ok
test handler_types::fault_record_active_and_cleared ... ok
test handler_types::feature_negotiation_result_fields ... ok
test handler_types::performance_metrics_within_budget ... ok
test handler_types::profile_info_with_scope ... ok
test handler_types::profile_scope_all_none ... ok
test handler_types::telemetry_data_construction ... ok
test handler_types::telemetry_data_with_faults ... ok
test serde_roundtrip::ipc_config_roundtrip ... ok
test serde_roundtrip::ipc_config_default_roundtrip ... ok
test serde_roundtrip::transport_config_default_roundtrip ... ok
test serde_roundtrip::platform_default_transport_roundtrip ... ok
test serde_roundtrip::transport_config_roundtrip ... ok
test serde_roundtrip::transport_type_named_pipe_roundtrip ... ok
test serde_roundtrip::transport_type_tcp_custom_roundtrip ... ok
test serde_roundtrip::transport_type_tcp_roundtrip ... ok

test result: ok. 77 passed; 0 failed; 0 ignored; 0 measured; 0 filtered out; finished in 0.09s

     Running tests\ipc_transport_deep_tests.rs (target\debug\deps\ipc_transport_deep_tests-2e7a61ba8407fb45.exe)

running 58 tests
test codec_rejects_zero_length_message ... ok
test default_max_message_size_is_16mb ... ok
test double_start_returns_error ... ok
test concurrent_client_registration ... ok
test codec_is_valid_size_boundaries ... ok
test codec_rejects_message_exceeding_max_size ... ok
test connection_timeout_custom_via_builder ... ok
test connection_timeout_default_is_30s ... ok
test ipc_config_builder_chain ... ok
test codec_encode_decode_protobuf_message ... ok
test ipc_config_default_server_name ... ok
test codec_encode_to_buffer_reuses_allocation ... ok
test connection_failed_error_is_recoverable ... ok
test health_event_multiple_subscribers ... ok
test connection_limit_error_display ... ok
test health_event_broadcast_and_receive ... ok
test grpc_default_port_constant ... ok
test feature_negotiation_unknown_features_filtered ... ok
test message_header_max_values ... ok
test message_header_roundtrip_all_types ... ok
test platform_default_returns_correct_variant ... ok
test named_pipe_in_transport_config ... ok
test named_pipe_serde_roundtrip ... ok
test server_can_restart_after_stop ... ok
test message_header_zero_values ... ok
test named_pipe_description_contains_pipe_name ... ok
test shutdown_requested_error_is_fatal ... ok
test tcp_description_contains_address_and_port ... ok
test codec_accepts_message_at_exact_max_size ... ok
test stop_clears_all_clients ... ok
test stop_when_already_stopped_is_ok ... ok
test client_registration_and_unregistration ... ok
test concurrent_register_and_unregister ... ok
test concurrent_feature_negotiation ... ok
test feature_negotiation_compatible_client ... ok
test ipc_config_with_transport_overrides ... ok
test timeout_error_contains_duration ... ok
test message_header_flags_roundtrip ... ok
test feature_negotiation_incompatible_client ... ok
test named_pipe_transport_creation ... ok
test transport_builder_defaults ... ok
test transport_config_serde_roundtrip ... ok
test transport_config_default_uses_platform_transport ... ok
test tcp_transport_custom_address ... ok
test negotiation_timeout_config ... ok
test tcp_transport_default_address_and_port ... ok
test tcp_transport_serde_roundtrip ... ok
test transport_type_default_matches_platform_default ... ok
test transport_init_error_is_fatal ... ok
test version_compat_higher_minor ... ok
test version_incompat_malformed ... ok
test version_incompatibility_error_is_recoverable ... ok
test timeout_error_is_recoverable ... ok
test transport_builder_acl_toggle ... ok
test version_compat_higher_patch ... ok
test version_compat_same_version ... ok
test version_incompat_different_major ... ok
test version_incompat_lower_minor ... ok

test result: ok. 58 passed; 0 failed; 0 ignored; 0 measured; 0 filtered out; finished in 0.03s

     Running tests\ipc_transport_negotiation_tests.rs (target\debug\deps\ipc_transport_negotiation_tests-83371b1e2e1e09ee.exe)

running 80 tests
test error_propagation::error_debug_format_is_non_empty ... ok
test error_propagation::error_is_send_and_sync ... ok
test error_propagation::grpc_error_preserves_message ... ok
test error_propagation::invalid_config_error_preserves_message ... ok
test concurrent_client_handling::unregister_nonexistent_client_is_no_op ... ok
test concurrent_client_handling::double_unregister_same_client ... ok
test concurrent_client_handling::concurrent_register_unregister_interleaved ... ok
test error_propagation::platform_not_supported_error ... ok
test error_propagation::server_start_when_already_running_returns_invalid_config ... ok
test error_propagation::codec_decode_garbage_bytes_returns_error ... ok
test error_propagation::codec_encode_empty_message_returns_error ... ok
test error_propagation::io_error_broken_pipe_converts_to_ipc ... ok
test concurrent_client_handling::many_concurrent_negotiations ... ok
test error_propagation::io_error_connection_refused_converts_to_ipc ... ok
test feature_negotiation_edge_cases::all_seven_server_features_can_be_enabled ... ok
test feature_negotiation_edge_cases::feature_negotiation_with_unicode_feature_names ... ok
test feature_negotiation_edge_cases::duplicate_features_in_request_deduplicated_in_result ... ok
test feature_negotiation_edge_cases::feature_order_does_not_affect_result ... ok
test feature_negotiation_edge_cases::negotiation_result_contains_min_client_version ... ok
test error_propagation::decoding_error_preserves_context_string ... ok
test feature_negotiation_edge_cases::many_unknown_features_do_not_cause_errors ... ok
test error_propagation::encoding_error_preserves_context_string ... ok
test error_propagation::io_error_timed_out_converts_to_ipc ... ok
test error_propagation::io_error_would_block_converts_to_ipc ... ok
test feature_negotiation_edge_cases::incompatible_client_not_registered ... ok
test feature_negotiation_edge_cases::incompatible_client_gets_empty_enabled_but_full_supported ... ok
test large_message_handling::decode_message_over_limit_rejected ... ok
test concurrent_client_handling::concurrent_health_broadcast_with_many_subscribers ... ok
test health_event_edge_cases::subscriber_dropped_does_not_affect_other_subscribers ... ok
test health_event_edge_cases::broadcast_with_no_subscribers_does_not_panic ... ok
test health_event_edge_cases::rapid_broadcast_burst ... ok
test feature_negotiation_edge_cases::negotiation_timeout_config_is_respected ... ok
test concurrent_client_handling::concurrent_negotiate_and_stop ... ok
test feature_negotiation_edge_cases::re_negotiation_adds_second_client ... ok
test large_message_handling::encode_at_exact_limit_succeeds ... ok
test large_message_handling::large_payload_roundtrip_via_frame ... ok
test large_message_handling::encode_message_just_under_limit ... ok
test message_serialization_all_types::error_response_frame ... ok
test health_event_edge_cases::health_event_type_repr_values_are_contiguous ... ok
test message_serialization_all_types::all_flags_combined_in_single_header ... ok
test large_message_handling::encode_message_over_limit_rejected ... ok
test large_message_handling::encode_one_byte_over_limit_fails ... ok
test message_serialization_all_types::frame_roundtrip_diagnostic_message ... ok
test message_serialization_all_types::frame_roundtrip_device_message ... ok
test message_serialization_all_types::frame_roundtrip_feature_negotiation_message ... ok
test health_event_edge_cases::health_event_with_large_metadata ... ok
proptest: FileFailurePersistence::SourceParallel set, but failed to find lib.rs or main.rs
test message_serialization_all_types::frame_roundtrip_profile_message ... ok
test message_serialization_all_types::frame_roundtrip_safety_message ... ok
test server_client_info::client_features_stored_from_negotiation ... ok
test large_message_handling::encode_to_buffer_clears_previous_content ... ok
proptest: FileFailurePersistence::SourceParallel set, but failed to find lib.rs or main.rs
proptest: FileFailurePersistence::SourceParallel set, but failed to find lib.rs or main.rs
proptest: FileFailurePersistence::SourceParallel set, but failed to find lib.rs or main.rs
proptest: FileFailurePersistence::SourceParallel set, but failed to find lib.rs or main.rs
test large_message_handling::header_payload_len_matches_actual_encoded_size ... ok
test message_serialization_all_types::frame_roundtrip_game_message ... ok
test message_serialization_all_types::frame_roundtrip_health_message ... ok
test proptest_framing::prop_version_compat_reflexive ... ok
test message_serialization_all_types::frame_roundtrip_telemetry_message ... ok
test server_client_info::server_state_after_fresh_creation ... ok
test message_serialization_all_types::multiple_frames_in_stream_buffer ... ok
test server_client_info::server_config_server_name_default ... ok
test server_client_info::server_config_negotiation_timeout_default ... ok
test server_client_info::connected_clients_returns_correct_info ... ok
test server_client_info::peer_info_default_on_windows ... ok
test server_client_info::register_client_with_same_id_overwrites ... ok
test transport_layer_behavior::buffer_sizes_can_be_customized_via_direct_field_access ... ok
test transport_layer_behavior::buffer_sizes_have_sane_defaults ... ok
test proptest_framing::prop_version_compat_different_major_never_compatible ... ok
test proptest_framing::prop_version_compat_higher_minor_always_compatible ... ok
test transport_layer_behavior::health_buffer_size_zero_is_accepted_by_config ... ok
test transport_layer_behavior::ipc_config_connection_logging_toggle ... ok
test transport_layer_behavior::transport_type_clone_eq ... ok
test transport_layer_behavior::transport_config_serde_roundtrip_with_tcp ... ok
test transport_layer_behavior::named_pipe_with_long_name ... ok
test transport_layer_behavior::ipc_config_serde_roundtrip ... ok
test transport_layer_behavior::tcp_with_ipv6_address ... ok
test transport_layer_behavior::server_restart_cycle_preserves_config ... ok
test transport_layer_behavior::connection_limit_in_config_matches_builder ... ok
test transport_layer_behavior::connection_timeout_boundary_values ... ok
test transport_layer_behavior::tcp_with_port_zero ... ok
test transport_layer_behavior::transport_config_serde_preserves_buffer_sizes ... ok
test proptest_framing::prop_header_with_arbitrary_payload_len_roundtrips ... ok
test proptest_framing::prop_framed_stream_roundtrip ... ok

test result: ok. 80 passed; 0 failed; 0 ignored; 0 measured; 0 filtered out; finished in 0.03s

     Running tests\ipc_transport_stress_tests.rs (target\debug\deps\ipc_transport_stress_tests-a3dfbc4e676193ea.exe)

running 80 tests
test codec_roundtrip_stress::payload_len_boundaries_roundtrip ... ok
test backpressure_behavior::slow_consumer_drops_oldest_events ... ok
test codec_stress::encode_to_buffer_reuses_buffer ... ok
test concurrent_client_stress::mixed_version_concurrent_negotiation ... ok
test codec_stress::encoded_len_matches_actual ... ok
test codec_roundtrip_stress::all_flag_combinations_roundtrip ... ok
test backpressure_behavior::multiple_consumers_different_speeds ... ok
test codec_roundtrip_stress::all_message_types_roundtrip ... ok
test connection_state_machine::initial_state_is_stopped ... ok
test codec_roundtrip_stress::sequence_number_boundaries_roundtrip ... ok
test codec_stress::encode_decode_many_different_sizes ... ok
test connection_state_machine::stop_from_stopped_is_noop ... ok
test connection_state_machine::cannot_start_already_running ... ok
test codec_roundtrip_stress::bulk_encode_decode_consistency ... ok
test error_propagation::all_error_variants_have_nonempty_display ... ok
test connection_state_machine::full_lifecycle_stopped_running_stopped ... ok
test error_propagation::codec_decode_garbage_bytes_returns_error ... ok
test connection_state_machine::multiple_full_lifecycles ... ok
test error_propagation::connection_limit_is_neither_recoverable_nor_fatal ... ok
test connection_state_machine::stopped_to_running_transition ... ok
test error_propagation::decoding_error_is_not_recoverable_or_fatal ... ok
test concurrent_client_stress::concurrent_health_subscribers_receive_events ... ok
test error_propagation::header_decode_all_zeros ... ok
test concurrent_client_stress::concurrent_register_unregister_interleaved ... ok
test error_propagation::header_decode_all_ones ... ok
test backpressure_behavior::producer_not_blocked_by_no_consumers ... ok
test error_propagation::io_error_converts_to_ipc_error ... ok
test error_propagation::shutdown_requested_is_fatal ... ok
test error_propagation::timeout_error_is_recoverable ... ok
test error_propagation::version_incompatibility_is_recoverable ... ok
test feature_negotiation_stress::version_boundary_values ... ok
test feature_negotiation_stress::version_with_garbage_input ... ok
test feature_negotiation_stress::negotiate_with_empty_features ... ok
test connection_state_machine::state_visible_across_arc_clones ... ok
test error_propagation::encoding_error_is_not_recoverable_or_fatal ... ok
test feature_negotiation_stress::negotiate_with_unknown_features ... ok
test error_propagation::feature_negotiation_error_is_recoverable ... ok
test graceful_shutdown::health_subscriber_after_shutdown ... ok
test feature_negotiation_stress::version_with_extra_components ... ok
test feature_negotiation_stress::negotiate_all_features_at_once ... ok
test concurrent_client_stress::concurrent_negotiation_with_barrier ... ok
test large_message_handling::codec_decode_rejects_empty_input ... ok
test large_message_handling::codec_decode_rejects_oversized_input ... ok
test connection_state_machine::running_to_stopped_transition ... ok
test message_ordering::sequential_headers_preserve_sequence_order ... ok
test large_message_handling::encode_to_buffer_clears_previous_data ... ok
test feature_negotiation_stress::negotiate_incompatible_still_returns_server_info ... ok
test health_event_coverage::all_health_event_types_broadcast ... ok
test large_message_handling::encode_to_buffer_rejects_oversized ... ok
test graceful_shutdown::restart_after_shutdown_works ... ok
proptest: FileFailurePersistence::SourceParallel set, but failed to find lib.rs or main.rs
proptest: FileFailurePersistence::SourceParallel set, but failed to find lib.rs or main.rs
proptest: FileFailurePersistence::SourceParallel set, but failed to find lib.rs or main.rs
proptest: FileFailurePersistence::SourceParallel set, but failed to find lib.rs or main.rs
proptest: FileFailurePersistence::SourceParallel set, but failed to find lib.rs or main.rs
proptest: FileFailurePersistence::SourceParallel set, but failed to find lib.rs or main.rs
test health_event_coverage::health_event_with_metadata ... ok
test large_message_handling::codec_accepts_at_max_boundary ... ok
test large_message_handling::header_with_max_payload_len ... ok
test large_message_handling::codec_rejects_one_over_max ... ok
test graceful_shutdown::shutdown_clears_all_clients ... ok
test large_message_handling::codec_rejects_oversized_encode ... ok
test message_ordering::health_events_received_in_order ... ok
test message_ordering::header_encode_is_deterministic ... ok
proptest: FileFailurePersistence::SourceParallel set, but failed to find lib.rs or main.rs
proptest: FileFailurePersistence::SourceParallel set, but failed to find lib.rs or main.rs
test graceful_shutdown::shutdown_during_concurrent_registrations ... ok
test transport_config_edge_cases::named_pipe_transport_serde_roundtrip ... ok
test prop_version_compatible_reflexive ... ok
test rapid_connect_disconnect::start_while_running_is_error ... ok
test transport_config_edge_cases::ipc_config_custom_transport ... ok
test rapid_connect_disconnect::rapid_start_stop_100_cycles ... ok
test prop_version_incompatible_different_major ... ok
test transport_config_edge_cases::platform_default_transport ... ok
test rapid_connect_disconnect::rapid_register_unregister_same_client ... ok
test prop_codec_size_validation_consistent ... ok
test prop_codec_encode_decode_roundtrip_value ... ok
test transport_config_edge_cases::transport_builder_max_connections ... ok
test transport_config_edge_cases::transport_builder_zero_connections ... ok
test prop_codec_encode_decode_roundtrip_bool ... ok
test rapid_connect_disconnect::double_stop_is_idempotent ... ok
test transport_config_edge_cases::transport_config_default_serde_roundtrip ... ok
test transport_config_edge_cases::transport_builder_all_options ... ok
test transport_config_edge_cases::transport_builder_defaults ... ok
test rapid_connect_disconnect::negotiate_registers_then_stop_clears ... ok
test prop_header_all_fields_roundtrip ... ok
test prop_version_compatible_higher_minor ... ok
test prop_codec_encode_decode_roundtrip_string ... ok

test result: ok. 80 passed; 0 failed; 0 ignored; 0 measured; 0 filtered out; finished in 0.12s

     Running tests\ipc_versioning_compat_tests.rs (target\debug\deps\ipc_versioning_compat_tests-fe6de106d1e3563c.exe)

running 57 tests
test backward_compat::mixed_version_clients_coexist ... ok
test timeout_retry::connection_errors_are_recoverable ... ok
test timeout_retry::connection_limit_error_carries_max ... ok
test backward_compat::older_client_subset_features_honored ... ok
test concurrent_negotiation::concurrent_mixed_version_clients ... ok
test concurrent_negotiation::concurrent_negotiations_all_succeed ... ok
test backward_compat::legacy_device_info_decoded_as_current ... ok
test backward_compat::legacy_request_decoded_as_current ... ok
test feature_lifecycle::health_events_during_active_session ... ok
test feature_lifecycle::manual_client_registration ... ok
test feature_lifecycle::server_stop_clears_clients ... ok
test timeout_retry::default_negotiation_timeout ... ok
test timeout_retry::double_stop_is_idempotent ... ok
test backward_compat::current_device_info_readable_by_legacy_client ... ok
test feature_lifecycle::full_client_lifecycle ... ok
test timeout_retry::fatal_errors_not_recoverable ... ok
test concurrent_negotiation::concurrent_register_unregister ... ok
test transport_fallback::ipc_config_with_tcp_fallback ... ok
test timeout_retry::timeout_error_display_includes_duration ... ok
test timeout_retry::timeout_error_stores_duration ... ok
test feature_lifecycle::degraded_mode_with_no_matching_features ... ok
test transport_fallback::named_pipe_to_tcp_fallback_config ... ok
test transport_fallback::tcp_fallback_with_custom_port ... ok
test timeout_retry::version_incompat_error_structured ... ok
test timeout_retry::double_start_returns_error ... ok
test transport_fallback::builder_switches_to_tcp_fallback ... ok
test transport_fallback::transport_config_serde_roundtrip_for_fallback ... ok
test unknown_field_handling::future_device_info_decoded_as_current ... ok
test unknown_field_handling::future_request_decoded_by_current_server ... ok
test unknown_field_handling::empty_feature_list_valid_negotiation ... ok
test version_mismatch_matrix::large_version_components ... ok
test version_mismatch_matrix::systematic_version_pair_matrix ... ok
test timeout_retry::negotiation_timeout_is_configurable ... ok
test version_mismatch_matrix::old_client_version_rejected_but_gets_upgrade_info ... ok
test version_mismatch_matrix::version_mismatch_returns_incompatible_flag ... ok
test wire_format_evolution::feature_request_v1_v2_v1_roundtrip ... ok
test timeout_retry::rapid_start_stop_no_error ... ok
test wire_format_evolution::future_to_current_device_info ... ok
test wire_format_evolution::legacy_to_future_device_info ... ok
test transport_fallback::tcp_transport_always_available ... ok
test unknown_field_handling::unknown_message_type_in_header_roundtrips ... ok
test version_mismatch_matrix::higher_minor_any_patch_is_compatible ... ok
test wire_format_evolution::codec_rejects_oversized_payload ... ok
test wire_format_evolution::current_to_future_device_info ... ok
test transport_fallback::named_pipe_transport_creation ... ok
test unknown_field_handling::unknown_features_gracefully_ignored ... ok
test version_mismatch_matrix::versions_with_leading_zeros_parse ... ok
test wire_format_evolution::mixed_version_messages_in_stream ... ok
test transport_fallback::platform_default_differs_from_tcp_fallback ... ok
test wire_format_snapshots::feature_request_protobuf_golden_bytes ... ok
test wire_format_snapshots::header_encoding_is_deterministic ... ok
test wire_format_evolution::codec_rejects_empty_payload ... ok
test unknown_field_handling::unknown_flags_preserved_through_roundtrip ... ok
test wire_format_snapshots::device_header_golden_bytes ... ok
test wire_format_snapshots::feature_negotiation_header_golden_bytes ... ok
test wire_format_snapshots::header_max_values_roundtrip ... ok
test wire_format_snapshots::header_zero_values_roundtrip ... ok

test result: ok. 57 passed; 0 failed; 0 ignored; 0 measured; 0 filtered out; finished in 0.02s

     Running tests\ipc_wire_format_tests.rs (target\debug\deps\ipc_wire_format_tests-b577723e370608c6.exe)

running 28 tests
test codec_decode_corrupted_bytes ... ok
test all_known_message_types_are_distinct ... ok
test header_decode_rejects_truncated_input ... ok
test header_encodes_to_fixed_size ... ok
test min_client_version_is_semver ... ok
test current_protocol_is_compatible_with_min ... ok
test decoding_error_display ... ok
test header_little_endian_message_type ... ok
test encoding_error_display ... ok
test flags_are_bitwise_independent ... ok
test header_little_endian_payload_len ... ok
test header_little_endian_sequence ... ok
test header_little_endian_flags ... ok
test protobuf_default_message_encodes_to_empty ... ok
test unknown_message_type_roundtrips ... ok
test version_wire_encoding_stability ... ok
test protobuf_duration_wire_format_is_stable ... ok
test protobuf_field_order_preserved ... ok
test protobuf_timestamp_wire_format_is_stable ... ok
test protocol_version_is_semver ... ok
test all_flags_can_be_set_simultaneously ... ok
test all_known_flags_are_distinct_powers_of_two ... ok
test framing_multiple_messages_in_stream ... ok
test header_payload_len_enables_framing ... ok
test unknown_flags_preserved ... ok
test header_decode_accepts_exact_size ... ok
test unknown_message_type_mid_range ... ok
test header_size_is_exactly_12_bytes ... ok

test result: ok. 28 passed; 0 failed; 0 ignored; 0 measured; 0 filtered out; finished in 0.03s

     Running tests\ipc_wire_format_validation_tests.rs (target\debug\deps\ipc_wire_format_validation_tests-30e0736cc50e35cf.exe)

running 60 tests
test codec_custom_size_limit ... ok
test codec_accepts_max_size_message ... ok
test framing_empty_payload_messages ... ok
test decode_corrupted_protobuf_gives_error ... ok
test current_protocol_compatible_with_min ... ok
test framing_header_only_no_payload_read ... ok
test codec_decode_rejects_message_exceeding_limit ... ok
test codec_default_limit_is_16mb ... ok
test encode_to_buffer_clears_and_fills ... ok
test encoded_len_matches_actual_encoding ... ok
test framing_three_consecutive_messages ... ok
test framing_with_flags_preserved ... ok
test ipc_config_builder_methods ... ok
test interleaved_message_types_with_sequences ... ok
test codec_rejects_oversized_message ... ok
test codec_rejects_zero_length_message ... ok
test flag_response_plus_error_combination ... ok
test flag_streaming_compressed ... ok
test header_wire_bytes_match_known_layout ... ok
test all_error_variants_have_display ... ok
test header_zero_field_values ... ok
test ipc_config_default_values ... ok
test named_pipe_transport_description ... ok
test sequence_numbers_monotonic_in_stream ... ok
test recoverable_errors_classified_correctly ... ok
test sequence_number_wraps_at_u32_max ... ok
test protobuf_encode_deterministic_across_calls ... ok
test protobuf_timestamp_field_values_preserved ... ok
test server_client_count_initially_zero ... ok
test server_feature_negotiation_incompatible_client ... ok
test server_starts_and_stops_cleanly ... ok
test server_stop_clears_clients ... ok
test server_health_event_broadcast_and_receive ... ok
test server_register_and_unregister_client ... ok
test transport_type_tcp_custom_address ... ok
test transport_config_serde_roundtrip ... ok
test transport_builder_overrides_work ... ok
test transport_config_defaults_are_reasonable ... ok
test transport_type_tcp_defaults ... ok
test transport_type_tcp_serde_roundtrip ... ok
test server_feature_negotiation_unsupported_feature_ignored ... ok
test version_compat_lower_patch_rejected ... ok
test codec_encode_rejects_message_exceeding_limit ... ok
test codec_encoding_error_contains_reason ... ok
test error_helpers_produce_correct_variants ... ok
test fatal_errors_classified_correctly ... ok
test header_encode_decode_is_identity_for_all_message_types ... ok
test header_max_field_values ... ok
test platform_default_is_named_pipe ... ok
test version_compat_higher_patch ... ok
test version_compat_lower_minor_rejected ... ok
test server_stop_when_already_stopped_is_ok ... ok
test server_double_start_rejected ... ok
test setting_same_flag_twice_is_idempotent ... ok
test version_compat_different_major_rejected ... ok
test version_compat_malformed_rejected ... ok
test version_compat_higher_minor ... ok
test server_feature_negotiation_compatible_client ... ok
test version_compat_same_version ... ok
test version_incompatibility_error_contains_versions ... ok

test result: ok. 60 passed; 0 failed; 0 ignored; 0 measured; 0 filtered out; finished in 0.03s

     Running tests\message_tests.rs (target\debug\deps\message_tests-03686eefde2fbb45.exe)

running 31 tests
test error_recoverable_classification ... ok
test error_io_conversion ... ok
test codec_decode_malformed_bytes ... ok
test header_decode_exact_size_boundary ... ok
test ipc_config_builder_roundtrip ... ok
test ipc_config_serde_roundtrip ... ok
test codec_rejects_oversized_message ... ok
test codec_rejects_zero_size ... ok
test header_decode_extra_trailing_bytes ... ok
test error_fatal_classification ... ok
test header_decode_empty_bytes ... ok
test message_flags_are_non_overlapping ... ok
test header_decode_partial_bytes ... ok
test message_header_all_types_roundtrip ... ok
test error_display_contains_context ... ok
test header_max_values ... ok
test health_event_all_types_broadcast ... ok
test server_start_after_stop_restart ... ok
test message_header_with_all_flags ... ok
test message_type_constants_are_distinct ... ok
test transport_builder_produces_valid_config ... ok
test transport_config_serde_roundtrip ... ok
test transport_type_named_pipe_serde_roundtrip ... ok
test server_stop_when_already_stopped ... ok
test server_multiple_health_subscribers ... ok
test server_client_registration_and_counting ... ok
test server_double_start_fails ... ok
test transport_type_tcp_serde_roundtrip ... ok
test version_compat_edge_cases ... ok
test server_incompatible_version_rejected ... ok
test server_feature_negotiation_intersection ... ok

test result: ok. 31 passed; 0 failed; 0 ignored; 0 measured; 0 filtered out; finished in 0.02s

     Running tests\property_tests.rs (target\debug\deps\property_tests-3ced7d94681f5cc7.exe)

running 30 tests
test edge_cases::test_header_decode_short_buffer ... ok
test edge_cases::test_message_flag_constants_are_powers_of_two ... ok
test connection_lifecycle::test_feature_negotiation_unknown_features ... ok
test connection_lifecycle::test_feature_negotiation_incompatible_version ... ok
test edge_cases::test_message_type_constants_are_distinct ... ok
test connection_lifecycle::test_health_event_broadcast_and_receive ... ok
test connection_lifecycle::test_server_double_start_returns_error ... ok
test edge_cases::test_transport_config_default_values ... ok
test edge_cases::test_transport_type_tcp_constructors ... ok
test connection_lifecycle::test_server_restart_cycle ... ok
test error_classification::test_fatal_errors ... ok
test connection_lifecycle::test_client_registration_and_count ... ok
test edge_cases::test_codec_zero_max_size ... ok
test error_classification::test_recoverable_errors ... ok
test error_classification::test_non_fatal_non_recoverable_errors ... ok
proptest: FileFailurePersistence::SourceParallel set, but failed to find lib.rs or main.rs
test connection_lifecycle::test_server_start_stop_lifecycle ... ok
test connection_lifecycle::test_concurrent_feature_negotiation ... ok
test connection_lifecycle::test_server_stop_when_already_stopped_is_ok ... ok
proptest: FileFailurePersistence::SourceParallel set, but failed to find lib.rs or main.rs
proptest: FileFailurePersistence::SourceParallel set, but failed to find lib.rs or main.rs
proptest: FileFailurePersistence::SourceParallel set, but failed to find lib.rs or main.rs
proptest: FileFailurePersistence::SourceParallel set, but failed to find lib.rs or main.rs
proptest: FileFailurePersistence::SourceParallel set, but failed to find lib.rs or main.rs
proptest: FileFailurePersistence::SourceParallel set, but failed to find lib.rs or main.rs
proptest: FileFailurePersistence::SourceParallel set, but failed to find lib.rs or main.rs
proptest: FileFailurePersistence::SourceParallel set, but failed to find lib.rs or main.rs
proptest: FileFailurePersistence::SourceParallel set, but failed to find lib.rs or main.rs
test prop_error_display_contains_context ... ok
test prop_error_recoverability_is_consistent ... ok
test prop_message_size_validation ... ok
test prop_version_compatibility_major_match ... ok
test prop_transport_builder_preserves_config ... ok
test prop_message_header_roundtrip ... ok
test prop_oversized_message_rejected ... ok
test prop_version_different_major_always_incompatible ... ok
test prop_ipc_config_builder_preserves_values ... ok
proptest: FileFailurePersistence::SourceParallel set, but failed to find lib.rs or main.rs
proptest: FileFailurePersistence::SourceParallel set, but failed to find lib.rs or main.rs
test prop_header_encode_always_correct_size ... ok
test prop_message_type_flags_combination ... ok
test prop_version_incompatibility_error_preserves_versions ... ok

test result: ok. 30 passed; 0 failed; 0 ignored; 0 measured; 0 filtered out; finished in 0.07s

     Running tests\snapshot_tests.rs (target\debug\deps\snapshot_tests-a4f62dd94d1c52c5.exe)

running 24 tests
test snapshot_error_encoding_failed ... ok
test snapshot_error_decoding_failed ... ok
test snapshot_error_connection_limit ... ok
test snapshot_error_feature_negotiation ... ok
test snapshot_error_version_incompatibility ... ok
test snapshot_error_transport_init ... ok
test snapshot_error_shutdown ... ok
test snapshot_error_timeout ... ok
test snapshot_error_connection_failed ... ok
test snapshot_message_header_device ... ok
test snapshot_error_server_not_running ... ok
test snapshot_error_platform_not_supported ... ok
test snapshot_error_grpc ... ok
test snapshot_ipc_config_custom_json ... ok
test snapshot_ipc_config_default_json ... ok
test snapshot_error_invalid_config ... ok
test snapshot_message_header_zeroed ... ok
test snapshot_message_header_max_values ... ok
test snapshot_message_header_health_with_flags ... ok
test snapshot_transport_builder_config_json ... ok
test snapshot_transport_config_default_json ... ok
test snapshot_transport_type_tcp_custom_json ... ok
test snapshot_transport_type_named_pipe_json ... ok
test snapshot_transport_type_tcp_json ... ok

test result: ok. 24 passed; 0 failed; 0 ignored; 0 measured; 0 filtered out; finished in 0.60s

     Running tests\unit_tests.rs (target\debug\deps\unit_tests-b3209e84fc67714b.exe)

running 25 tests
test codec_tests::test_message_header_decode_insufficient_bytes ... ok
test codec_tests::test_message_header_encode_decode ... ok
test server_tests::test_ipc_config_with_transport ... ok
test server_tests::test_server_creation ... ok
test codec_tests::test_valid_size_check ... ok
test server_tests::test_server_double_start ... ok
test error_tests::test_error_helpers ... ok
test error_tests::test_error_is_fatal ... ok
test server_tests::test_version_compatibility_higher_minor ... ok
test server_tests::test_version_compatibility_higher_patch ... ok
test codec_tests::test_codec_creation ... ok
test codec_tests::test_codec_custom_max_size ... ok
test error_tests::test_error_is_recoverable ... ok
test server_tests::test_ipc_config_default ... ok
test error_tests::test_error_display ... ok
test server_tests::test_server_start_stop ... ok
test transport_tests::test_transport_type_description ... ok
test transport_tests::test_transport_type_tcp ... ok
test server_tests::test_version_incompatibility_major_mismatch ... ok
test server_tests::test_version_incompatibility_lower_minor ... ok
test server_tests::test_version_compatibility_same_version ... ok
test server_tests::test_version_incompatibility_invalid_format ... ok
test transport_tests::test_transport_type_tcp_custom ... ok
test transport_tests::test_transport_builder ... ok
test transport_tests::test_transport_config_default ... ok

test result: ok. 25 passed; 0 failed; 0 ignored; 0 measured; 0 filtered out; finished in 0.15s

     Running tests\version_negotiation_tests.rs (target\debug\deps\version_negotiation_tests-6126cfeeaefd2a37.exe)

running 15 tests
test compatible_result_has_no_rejection_reason ... ok
test error_message_below_minimum_version ... ok
test negotiation_preserves_feature_names ... ok
test negotiation_result_contains_both_versions ... ok
test graceful_degradation_newer_client_with_older_server ... ok
test graceful_degradation_older_client_with_newer_server ... ok
test server_with_no_features_results_in_empty_negotiation ... ok
test client_discovers_server_capabilities_via_negotiation ... ok
test client_with_no_features_gets_empty_negotiation ... ok
test graceful_degradation_partial_feature_support ... ok
test negotiate_info_full_handshake ... ok
test error_message_major_version_mismatch ... ok
test error_message_server_too_old_for_client ... ok
test negotiation_with_zero_version ... ok
test negotiation_result_serializable ... ok

test result: ok. 15 passed; 0 failed; 0 ignored; 0 measured; 0 filtered out; finished in 0.06s

     Running tests\version_proptest.rs (target\debug\deps\version_proptest-e9ea43ca402faebe.exe)

running 13 tests
proptest: FileFailurePersistence::SourceParallel set, but failed to find lib.rs or main.rs
proptest: FileFailurePersistence::SourceParallel set, but failed to find lib.rs or main.rs
proptest: FileFailurePersistence::SourceParallel set, but failed to find lib.rs or main.rs
proptest: FileFailurePersistence::SourceParallel set, but failed to find lib.rs or main.rs
proptest: FileFailurePersistence::SourceParallel set, but failed to find lib.rs or main.rs
proptest: FileFailurePersistence::SourceParallel set, but failed to find lib.rs or main.rs
proptest: FileFailurePersistence::SourceParallel set, but failed to find lib.rs or main.rs
proptest: FileFailurePersistence::SourceParallel set, but failed to find lib.rs or main.rs
proptest: FileFailurePersistence::SourceParallel set, but failed to find lib.rs or main.rs
test prop_negotiation_always_returns_result ... ok
test prop_version_ordering_consistent_with_compatibility ... ok
test prop_feature_flags_contains_is_reflexive ... ok
test prop_version_info_roundtrip ... ok
test prop_negotiation_major_mismatch_always_incompatible ... ok
test prop_feature_flags_none_contained_by_all ... ok
proptest: FileFailurePersistence::SourceParallel set, but failed to find lib.rs or main.rs
proptest: FileFailurePersistence::SourceParallel set, but failed to find lib.rs or main.rs
test prop_version_parse_display_roundtrip ... ok
proptest: FileFailurePersistence::SourceParallel set, but failed to find lib.rs or main.rs
test prop_feature_flags_bitwise_ops_consistent ... ok
proptest: FileFailurePersistence::SourceParallel set, but failed to find lib.rs or main.rs
test prop_feature_flags_roundtrip ... ok
test prop_negotiated_features_are_subset_of_both ... ok
test prop_effective_version_is_minimum_when_compatible ... ok
test prop_same_version_always_compatible ... ok
test prop_protocol_version_roundtrip ... ok

test result: ok. 13 passed; 0 failed; 0 ignored; 0 measured; 0 filtered out; finished in 0.06s

     Running tests\version_wire_format_tests.rs (target\debug\deps\version_wire_format_tests-f0ae5c3bd8085548.exe)

running 18 tests
test cross_version_v1_1_message_readable_by_v1_0 ... ok
test extra_trailing_bytes_do_not_break_decode ... ok
test snapshot_feature_flags_none_bytes ... ok
test roundtrip_protocol_version ... ok
test roundtrip_version_info ... ok
test snapshot_protocol_version_v1_2_3_bytes ... ok
test snapshot_version_info_bytes ... ok
test roundtrip_feature_flags ... ok
test feature_flag_bit_positions_are_stable ... ok
test snapshot_protocol_version_v1_0_0_bytes ... ok
test cross_version_v1_0_message_readable_by_v1_1 ... ok
test cross_version_unknown_feature_flags_preserved ... ok
test snapshot_feature_flags_all_v1_bytes ... ok
test snapshot_feature_flags_device_management_bytes ... ok
test version_wire_sizes_are_stable ... ok
test snapshot_protocol_version_json ... ok
test snapshot_feature_flags_json ... ok
test snapshot_version_info_json ... ok

test result: ok. 18 passed; 0 failed; 0 ignored; 0 measured; 0 filtered out; finished in 0.35s

     Running tests\wire_compat_deep_tests.rs (target\debug\deps\wire_compat_deep_tests-05346de9a092b97b.exe)

running 53 tests
test codec_accepts_exactly_max_size ... ok
test downgrade_older_major_version_rejected ... ok
test downgrade_malformed_version_strings_rejected ... ok
test backward_compat_simple_payload_decoded_as_extended ... ok
test error_feature_negotiation_is_recoverable ... ok
test error_version_incompatibility_is_recoverable ... ok
test codec_rejects_oversized_encode ... ok
test codec_rejects_zero_length_decode ... ok
test error_connection_limit_display_format ... ok
test codec_rejects_oversized_decode ... ok
test downgrade_older_minor_version_rejected ... ok
test downgrade_prevention_via_negotiation ... ok
test downgrade_older_patch_version_rejected ... ok
test feature_negotiation_incompatible_version_not_registered ... ok
test codec_encode_decode_round_trip_large_payload ... ok
test forward_compat_newer_minor_version_client_accepted ... ok
test fragmented_header_reassembly ... ok
test feature_negotiation_no_features_requested ... ok
test backward_compat_empty_payload_decoded_with_defaults ... ok
test backward_compat_old_client_version_exact_minimum ... ok
test concurrent_manual_register_unregister ... ok
test error_decoding_failed_is_not_recoverable ... ok
test forward_compat_extended_payload_decoded_as_simple ... ok
test header_little_endian_encoding_verified ... ok
test concurrent_multiple_clients_registered ... ok
test error_encoding_failed_is_not_recoverable ... ok
test fragmented_payload_reassembly ... ok
test forward_compat_newer_major_version_rejected ... ok
test header_max_values_round_trip ... ok
test header_decode_accepts_extra_trailing_bytes ... ok
test header_round_trip_all_message_types ... ok
test negotiation_timeout_configurable ... ok
test protocol_version_constants_are_valid_semver ... ok
test health_buffer_size_configurable ... ok
test header_zero_values_round_trip ... ok
test feature_negotiation_returns_server_version ... ok
test header_decode_rejects_insufficient_bytes ... ok
test header_flags_combination_round_trip ... ok
test lifecycle_stop_when_already_stopped_is_ok ... ok
test lifecycle_double_start_returns_error ... ok
test lifecycle_negotiate_registers_client ... ok
test feature_negotiation_unknown_features_filtered ... ok
test lifecycle_stopped_starting_running_shutdown ... ok
test health_event_broadcast_round_trip ... ok
test reconnection_after_disconnect_succeeds ... ok
test unknown_fields_silently_ignored_on_decode ... ok
test unknown_flags_in_header_preserved ... ok
test timeout_error_carries_duration ... ok
test timeout_zero_ms_is_valid ... ok
test reserved_message_type_zero_round_trips ... ok
test unknown_message_type_in_header_round_trips ... ok
test transport_config_defaults_are_consistent ... ok
test transport_builder_overrides_all_fields ... ok

test result: ok. 53 passed; 0 failed; 0 ignored; 0 measured; 0 filtered out; finished in 0.06s

     Running tests\wire_format_tests.rs (target\debug\deps\wire_format_tests-19546ab94531fb22.exe)

running 65 tests
test binary_size_header_is_exactly_12_bytes ... ok
test binary_size_prost_timestamp_encoded_len_is_bounded ... ok
test error_codec_encoding_failure_contains_size_info ... ok
test error_codec_decoding_failure_on_oversized_input ... ok
test binary_size_codec_rejects_above_custom_limit ... ok
test default_tcp_port_is_documented_value ... ok
test binary_size_header_independent_of_content ... ok
test concurrent_register_unregister_clients ... ok
test flag_ids_are_all_unique_powers_of_two ... ok
test flag_ids_are_nonzero ... ok
test chunked_message_sequence_numbers_increment ... ok
test error_encoding_preserves_payload_length ... ok
test error_header_flag_encodes_correctly ... ok
test concurrent_feature_negotiations_all_succeed ... ok
test handshake_client_gets_unique_id ... ok
test heartbeat_sequence_numbers_enable_round_trip_timing ... ok
test heartbeat_header_uses_health_type_with_zero_payload ... ok
test heartbeat_events_broadcast_to_subscribers ... ok
test handshake_manual_register_and_unregister ... ok
test interleaved_message_types_decode_independently ... ok
test large_payload_header_supports_up_to_u32_max_length ... ok
test large_payload_segmentation_via_sequence_numbers ... ok
test message_ordering_codec_encode_decode_is_stable ... ok
test message_ordering_health_events_fifo ... ok
test ipc_config_default_values_are_stable ... ok
test large_payload_codec_boundary_at_exact_limit ... ok
test message_ordering_sequence_wraps_at_u32_max ... ok
test handshake_rejects_incompatible_client ... ok
test message_ordering_sequence_numbers_encode_in_order ... ok
test message_type_ids_fit_in_u16_range ... ok
test handshake_registers_client_on_compatible_version ... ok
test min_client_version_is_semver ... ok
test multiple_request_response_pairs_maintain_sequence_isolation ... ok
test protocol_version_is_compatible_with_min_client ... ok
test protocol_version_is_semver ... ok
test request_response_pair_preserves_message_type ... ok
test streaming_chunks_preserve_message_type_across_sequence ... ok
test streaming_flag_coexists_with_compressed_flag ... ok
test streaming_flag_encodes_in_wire_format ... ok
test streaming_health_events_arrive_in_order ... ok
test all_flags_combined_do_not_overflow_u16 ... ok
test binary_size_codec_default_limit_is_16mb ... ok
test error_response_has_both_response_and_error_flags ... ok
test error_variants_all_have_display_messages ... ok
test large_payload_encode_to_buffer_reuses_allocation ... ok
test large_payload_codec_rejects_above_limit ... ok
test handshake_stop_clears_all_clients ... ok
test message_type_ids_are_all_unique ... ok
test version_negotiation_compatible_client_gets_features ... ok
test request_response_pair_shares_sequence_number ... ok
test concurrent_health_broadcasts_no_lost_events ... ok
test heartbeat_ack_uses_response_flag ... ok
test message_type_ids_are_nonzero ... ok
test requires_ack_flag_set_on_request_cleared_on_response ... ok
test wire_format_header_is_little_endian ... ok
test version_negotiation_type_has_dedicated_id ... ok
test wire_format_roundtrip_preserves_all_fields_for_every_type ... ok
test version_negotiation_returns_all_server_features ... ok
test version_negotiation_header_encodes_correctly ... ok
test wire_format_zero_header_is_all_zeroes ... ok
test version_negotiation_incompatible_major_version ... ok
test transport_builder_defaults_match_transport_config_defaults ... ok
test concurrent_header_encoding_is_thread_safe ... ok
test wire_format_each_message_type_encodes_at_correct_offset ... ok
test wire_format_flags_at_correct_byte_offset ... ok

test result: ok. 65 passed; 0 failed; 0 ignored; 0 measured; 0 filtered out; finished in 0.04s

     Running unittests src\lib.rs (target\debug\deps\openracing_native_plugin-7dd06b12aefd6153.exe)

running 36 tests
test abi_check::tests::test_current_abi_version_is_one ... ok
test abi_check::tests::test_incompatible_max_version ... ok
test loader::tests::test_config_development ... ok
test abi_check::tests::test_packed_exact_match_compatible ... ok
test abi_check::tests::test_packed_forward_compatible_older_minor ... ok
test loader::tests::test_config_default_is_strict ... ok
test loader::tests::test_host_new_permissive_for_development ... ok
test loader::tests::test_host_new_with_defaults ... ok
test abi_check::tests::test_incompatible_version_two ... ok
test abi_check::tests::test_incompatible_version_zero ... ok
test loader::tests::test_config_strict ... ok
test loader::tests::test_config_permissive ... ok
test plugin::tests::test_plugin_frame_copy ... ok
test plugin::tests::test_plugin_frame_default ... ok
test signature::tests::test_default_config_is_strict ... ok
test signature::tests::test_allow_unsigned_plugin_in_dev_mode ... ok
test abi_check::tests::test_adjacent_versions_rejected ... ok
test abi_check::tests::test_compatible_version ... ok
test abi_check::tests::test_packed_rejects_different_major ... ok
test abi_check::tests::test_packed_rejects_newer_minor ... ok
test signature::tests::test_strict_config ... ok
test signature::tests::test_development_config ... ok
test loader::tests::test_host_set_config ... ok
test loader::tests::test_loader_with_defaults ... ok
test signature::tests::test_permissive_config ... ok
test signature::tests::test_reject_unsigned_plugin_in_strict_mode ... ok
test signature::tests::test_fail_closed_trust_store_rejects_signed_plugin ... ok
test signature::tests::test_unknown_key_strict_mode_rejects ... ok
test windows::tests::test_is_elevated ... ok
test spsc::tests::test_shutdown_flag ... ok
test spsc::tests::test_spsc_write_read ... ok
test signature::tests::test_reject_plugin_with_tampered_content ... ok
test signature::tests::test_reject_plugin_signed_by_distrusted_key ... ok
test spsc::tests::test_spsc_ring_buffer ... ok
test spsc::tests::test_spsc_channel_creation ... ok
test signature::tests::test_verify_signed_plugin_with_trusted_key ... ok

test result: ok. 36 passed; 0 failed; 0 ignored; 0 measured; 0 filtered out; finished in 0.04s

     Running tests\comprehensive_property_tests.rs (target\debug\deps\comprehensive_property_tests-48c6ef5a3ea16454.exe)

running 35 tests
test config_tests::test_development_config ... ok
test config_tests::test_permissive_config ... ok
test frame_tests::test_plugin_frame_copy ... ok
test error_tests::test_native_plugin_error_display ... ok
proptest: FileFailurePersistence::SourceParallel set, but failed to find lib.rs or main.rs
test host_tests::test_host_default_creation ... ok
test host_tests::test_host_config_update ... ok
test loading_edge_cases::test_load_nonexistent_path_fails ... ok
test config_tests::test_strict_config ... ok
test error_tests::test_load_error_to_plugin_error_conversion ... ok
test host_tests::test_host_development_creation ... ok
test loading_edge_cases::test_load_invalid_file_fails ... ok
test host_tests::test_loader_with_defaults ... ok
proptest: FileFailurePersistence::SourceParallel set, but failed to find lib.rs or main.rs
proptest: FileFailurePersistence::SourceParallel set, but failed to find lib.rs or main.rs
proptest: FileFailurePersistence::SourceParallel set, but failed to find lib.rs or main.rs
test loading_edge_cases::test_unsigned_plugin_rejected_in_strict_mode ... ok
test signature_config_tests::test_strict_sig_config ... ok
test spsc_tests::test_spsc_buffer_full ... ok
test prop_abi_version_boundary_values ... ok
test signature_config_tests::test_default_sig_config_is_strict ... ok
test prop_mismatched_version_always_rejected ... ok
test prop_current_version_always_compatible ... ok
test prop_adjacent_versions_rejected ... ok
test config_tests::test_config_to_signature_config_conversion ... ok
test config_tests::test_default_config_is_strict ... ok
test frame_tests::test_plugin_frame_default ... ok
test frame_tests::test_plugin_frame_repr_c_size ... ok
test signature_config_tests::test_development_sig_config ... ok
test signature_config_tests::test_permissive_sig_config ... ok
test spsc_tests::test_spsc_oversized_rejected ... ok
test loading_edge_cases::test_unsigned_plugin_allowed_in_development_mode ... ok
test loading_edge_cases::test_unsigned_plugin_allowed_in_permissive_mode ... ok
test spsc_tests::test_spsc_read_empty_fails ... ok
test spsc_tests::test_spsc_shutdown_flag ... ok
test spsc_tests::test_spsc_write_read_roundtrip ... ok
test spsc_tests::test_spsc_wrong_frame_size_rejected ... ok
test spsc_tests::test_spsc_has_data ... ok
test spsc_tests::test_spsc_create_and_basic_ops ... ok

test result: ok. 35 passed; 0 failed; 0 ignored; 0 measured; 0 filtered out; finished in 0.05s

     Running tests\integration_tests.rs (target\debug\deps\integration_tests-5397a894c57591cb.exe)

running 11 tests
test test_abi_check_incompatible ... ok
test test_config_default_is_strict ... ok
test test_config_presets ... ok
test test_loader_with_config ... ok
test test_unload_nonexistent_plugin ... ok
test test_host_development_mode ... ok
test test_host_config_update ... ok
test test_host_creation ... ok
test test_loader_creation ... ok
test test_is_loaded ... ok
test test_abi_check_compatible ... ok

test result: ok. 11 passed; 0 failed; 0 ignored; 0 measured; 0 filtered out; finished in 0.02s

     Running tests\native_example_plugin_tests.rs (target\debug\deps\native_example_plugin_tests-248e92e4f6c90e4b.exe)

running 16 tests
test native_example_adjacent_versions_rejected ... ok
test native_example_config_modes ... ok
test native_example_spsc_channel_creation ... ok
test native_example_spsc_oversized_rejected ... ok
test native_example_current_abi_compatible ... ok
test native_example_permissive_allows_unsigned ... ok
test native_example_strict_rejects_unsigned ... ok
test native_example_plugin_frame_clone ... ok
test native_example_plugin_frame_defaults ... ok
test native_example_tampered_content_detected ... ok
test native_example_wrong_abi_mismatch ... ok
test native_example_abi_max_version_rejected ... ok
test native_example_abi_version_zero_rejected ... ok
test native_example_plugin_frame_mutation ... ok
test native_example_sig_config_to_verification_config ... ok
test native_example_strict_host_rejects_unsigned ... ok

test result: ok. 16 passed; 0 failed; 0 ignored; 0 measured; 0 filtered out; finished in 0.57s

     Running tests\native_plugin_deep_tests.rs (target\debug\deps\native_plugin_deep_tests-e66aefd16c7cb54e.exe)

running 90 tests
test abi_check_mismatch_adjacent_below ... ok
test abi_check_mismatch_max ... ok
test abi_check_result_eq ... ok
test config_permissive_allows_unsigned ... ok
test config_strict_matches_default ... ok
test abi_version_is_nonzero ... ok
test abi_check_mismatch_zero ... ok
test abi_check_result_debug_format ... ok
test abi_check_compatible_with_current ... ok
test abi_check_mismatch_adjacent_above ... ok
test error_display_budget_violation ... ok
test config_default_is_strict ... ok
test config_development_disables_signatures ... ok
test error_display_config_error ... ok
test ed25519_wrong_data_fails_verification ... ok
test ed25519_sign_and_verify_roundtrip ... ok
test error_display_abi_mismatch ... ok
test config_to_signature_config_strict ... ok
test error_display_execution_timeout ... ok
test error_display_initialization_failed ... ok
test ed25519_wrong_key_fails_verification ... ok
test host_default_config_is_strict ... ok
test config_to_signature_config_development ... ok
test host_default_has_no_plugins ... ok
test error_display_unsigned_plugin ... ok
test host_load_nonexistent_plugin_fails ... ok
test host_is_loaded_returns_false_for_unknown_id ... ok
test host_development_config ... ok
test error_display_untrusted_signer ... ok
test error_display_crashed ... ok
test host_set_config_changes_mode ... ok
test host_trust_store_accessible ... ok
test error_display_distrusted_signer ... ok
test host_multiple_unload_idempotent ... ok
test load_error_abi_mismatch_converts ... ok
test load_error_clone_works ... ok
test load_error_initialization_failed_converts ... ok
test load_error_library_load_failed_converts ... ok
test host_get_plugin_returns_none_for_unknown_id ... ok
test load_error_invalid_signature_converts ... ok
test load_error_unsigned_plugin_converts ... ok
test loader_custom_config_propagates ... ok
test load_error_untrusted_signer_converts ... ok
test multiple_hosts_are_independent ... ok
test multiple_spsc_channels_independent ... ok
test loader_trust_store_reference ... ok
test loader_with_defaults_uses_strict_config ... ok
test load_nonexistent_library_returns_error ... ok
test plugin_frame_default_values ... ok
test host_unload_nonexistent_plugin_succeeds ... ok
test native_plugin_ref_returns_correct_id ... ok
test plugin_frame_custom_values ... ok
test load_empty_file_as_library_returns_error ... ok
test plugin_frame_is_copy ... ok
test load_invalid_file_as_library_returns_error ... ok
test host_multiple_load_attempts_dont_corrupt_state ... ok
test shared_memory_header_has_atomic_fields ... ok
test sig_config_default_is_strict ... ok
test spsc_channel_excessive_size_rejected ... ok
test spsc_channel_has_data_after_write ... ok
test sig_config_development ... ok
test spsc_channel_has_data_empty ... ok
test spsc_channel_os_id_not_empty ... ok
test plugin_frame_lifecycle_values_progress ... ok
test plugin_frame_repr_c_layout ... ok
test spsc_channel_custom_capacity ... ok
test signature_verifier_creation ... ok
test spsc_channel_read_empty_fails ... ok
test sig_config_permissive ... ok
test sig_config_strict ... ok
test spsc_channel_creation_default_capacity ... ok
test spsc_channel_try_read_returns_false_when_empty ... ok
test spsc_channel_try_write_returns_false_when_full ... ok
test spsc_channel_read_wrong_size_fails ... ok
test spsc_channel_ring_buffer_wraps ... ok
test verify_nonexistent_plugin_file_returns_error ... ok
test spsc_channel_shutdown_flag ... ok
test trust_store_add_and_retrieve_key ... ok
test spsc_lifecycle_write_process_read ... ok
test spsc_channel_write_and_read_single_frame ... ok
test trust_store_no_public_key_for_unknown ... ok
test trust_store_unknown_fingerprint_returns_unknown ... ok
test spsc_channel_write_wrong_size_fails ... ok
test verify_plugin_with_sig_but_untrusted_key_in_permissive_mode ... ok
test verify_with_empty_sig_file_returns_error ... ok
test verify_with_invalid_sig_file_returns_error ... ok
test verify_unsigned_plugin_permissive_allows_with_warning ... ok
test verify_unsigned_plugin_strict_rejects ... ok
test verify_unsigned_plugin_development_allows ... ok
test verify_plugin_with_valid_sig_but_untrusted_key_in_strict_mode ... ok

test result: ok. 90 passed; 0 failed; 0 ignored; 0 measured; 0 filtered out; finished in 0.58s

     Running tests\native_plugin_hardening_tests.rs (target\debug\deps\native_plugin_hardening_tests-df838da2a72bd75c.exe)

running 42 tests
test config_default_is_strict ... ok
test budget_violation_error_includes_timing ... ok
test abi_check_current_version_is_compatible ... ok
test config_strict_matches_default ... ok
test config_to_signature_config_maps_correctly ... ok
test distrusted_signer_error_includes_fingerprint ... ok
test execution_timeout_error_includes_duration ... ok
test abi_check_adjacent_versions_are_incompatible ... ok
test config_development_is_fully_open ... ok
test config_permissive_allows_unsigned_but_requires_sigs ... ok
test host_default_starts_empty ... ok
test abi_check_max_u32_is_incompatible ... ok
test abi_check_future_version_is_incompatible ... ok
test host_get_plugin_returns_none_for_unknown_id ... ok
test host_dev_mode_starts_empty_and_permissive ... ok
test host_is_loaded_returns_false_for_unknown_id ... ok
test native_plugin_load_error_converts_to_native_plugin_error ... ok
test plugin_frame_default_has_sane_values ... ok
test nonexistent_plugin_file_returns_error ... ok
test native_plugin_error_abi_mismatch_formats_correctly ... ok
test host_unload_nonexistent_plugin_is_ok ... ok
test permissive_mode_allows_unsigned_with_warning ... ok
test spsc_channel_full_buffer_returns_error ... ok
test spsc_channel_rejects_wrong_frame_size ... ok
test spsc_channel_empty_read_returns_error ... ok
test spsc_has_data_reflects_state ... ok
test spsc_channel_write_read_roundtrip ... ok
test signed_plugin_with_trusted_key_verifies ... ok
test host_load_nonexistent_library_returns_error ... ok
test plugin_frame_is_copy ... ok
test spsc_try_write_returns_false_when_full ... ok
test abi_check_version_zero_is_incompatible ... ok
test host_set_config_updates_mode ... ok
test unknown_key_strict_mode_rejects_or_marks_unverified ... ok
test shared_memory_header_has_expected_fields ... ok
test spsc_shutdown_flag_propagates ... ok
test dev_mode_allows_unsigned_plugin ... ok
test strict_mode_rejects_unsigned_plugin ... ok
test unsigned_plugin_error_includes_path ... ok
test spsc_try_read_returns_false_when_empty ... ok
test distrusted_key_is_rejected ... ok
test tampered_content_fails_verification ... ok

test result: ok. 42 passed; 0 failed; 0 ignored; 0 measured; 0 filtered out; finished in 0.06s

     Running tests\property_tests.rs (target\debug\deps\property_tests-a2a90a9bf970643a.exe)

running 3 tests
proptest: FileFailurePersistence::SourceParallel set, but failed to find lib.rs or main.rs
test prop_abi_mismatch_rejected ... ok
proptest: FileFailurePersistence::SourceParallel set, but failed to find lib.rs or main.rs
proptest: FileFailurePersistence::SourceParallel set, but failed to find lib.rs or main.rs
test prop_abi_error_contains_versions ... ok
test prop_abi_match_accepted ... ok

test result: ok. 3 passed; 0 failed; 0 ignored; 0 measured; 0 filtered out; finished in 0.06s

     Running tests\protocol_tests.rs (target\debug\deps\protocol_tests-56486b0e15d05761.exe)

running 48 tests
test error_load_error_to_plugin_error_conversion ... ok
test error_native_plugin_error_display_messages ... ok
test error_spsc_write_wrong_frame_size ... ok
test handshake_concurrent_host_queries ... ok
test abi_mismatch_carries_correct_versions ... ok
test abi_version_max_rejected ... ok
test abi_version_zero_rejected ... ok
test error_load_error_display_messages ... ok
test abi_adjacent_versions_rejected ... ok
test abi_current_version_is_compatible ... ok
test error_spsc_oversized_shared_memory_rejected ... ok
test error_spsc_read_wrong_buffer_size ... ok
test error_spsc_ring_buffer_full ... ok
test error_spsc_try_read_empty_returns_false ... ok
test error_spsc_try_write_full_returns_false ... ok
test error_spsc_read_empty_channel ... ok
test handshake_config_transition_strict_to_dev ... ok
test handshake_host_creation_defaults ... ok
test handshake_config_to_signature_config_mapping ... ok
test handshake_config_transition_dev_to_strict ... ok
test handshake_unload_nonexistent_plugin_is_ok ... ok
test plugin_frame_custom_values_round_trip ... ok
test handshake_host_development_mode ... ok
test handshake_loader_custom_config ... ok
test handshake_loader_with_trust_store ... ok
test handshake_is_loaded_returns_false_for_absent ... ok
test handshake_spsc_channel_init ... ok
test handshake_spsc_shutdown_signal ... ok
test security_ed25519_wrong_key_rejects ... ok
test security_permissive_config ... ok
test security_verifier_allows_unsigned_in_permissive_mode ... ok
test security_verifier_rejects_unsigned_in_strict_mode ... ok
test security_default_config_is_strict ... ok
test security_development_config ... ok
test security_trust_store_integration ... ok
test security_verification_result_fields ... ok
test plugin_frame_default_round_trip ... ok
test plugin_frame_is_copy ... ok
test security_signature_metadata_round_trip ... ok
test security_strict_config ... ok
test security_distrusted_key_in_trust_store ... ok
test security_verification_result_with_warnings ... ok
test security_ed25519_sign_verify_round_trip ... ok
test security_verifier_allows_unsigned_in_dev_mode ... ok
test shared_memory_header_has_atomics ... ok
test spsc_multiple_frames_round_trip ... ok
test spsc_wrap_around_ring_buffer ... ok
test spsc_write_read_round_trip ... ok

test result: ok. 48 passed; 0 failed; 0 ignored; 0 measured; 0 filtered out; finished in 1.06s

     Running tests\signing_deep_tests.rs (target\debug\deps\signing_deep_tests-c7a0ce1bbd40bfd8.exe)

running 25 tests
test detached_signature_file_is_valid_json ... ok
test error_distrusted_signer_display ... ok
test error_signature_verification_failed_display ... ok
test error_unsigned_plugin_display ... ok
test revoked_key_entry_is_distrusted ... ok
test config_development_is_permissive ... ok
test config_strict_defaults_are_secure ... ok
test signature_metadata_fields_populated ... ok
test missing_sig_file_with_strict_config ... ok
test revoked_key_prevents_plugin_load ... ok
test unsigned_plugin_strict_mode_rejected ... ok
test signed_plugin_distrusted_key_rejected ... ok
test plugin_signing_workflow_generate_sign_verify ... ok
test appended_bytes_to_plugin_detected ... ok
test tampered_plugin_binary_rejected ... ok
test signed_plugin_trusted_key_passes ... ok
test expired_signature_metadata_timestamp ... ok
test unsigned_plugin_development_mode_allowed ... ok
test key_rotation_resign_plugin ... ok
test unsigned_plugin_permissive_mode_allowed ... ok
test signature_path_follows_convention ... ok
test unknown_key_strict_mode_rejected ... ok
test unknown_key_permissive_mode_warns ... ok
test sign_plugin_with_various_content_types ... ok
test multiple_plugins_same_signing_key ... ok

test result: ok. 25 passed; 0 failed; 0 ignored; 0 measured; 0 filtered out; finished in 0.14s

     Running tests\snapshot_expansion_tests.rs (target\debug\deps\snapshot_expansion_tests-ddd2617739c13bc7.exe)

running 14 tests
test snapshot_native_plugin_error_execution_timeout ... ok
test snapshot_native_plugin_error_crashed ... ok
test snapshot_native_plugin_error_abi_mismatch ... ok
test snapshot_plugin_load_error_abi_mismatch ... ok
test snapshot_plugin_load_error_unsigned ... ok
test snapshot_native_plugin_error_unsigned ... ok
test snapshot_native_plugin_error_loading_failed ... ok
test snapshot_plugin_load_error_library_load_failed ... ok
test snapshot_native_plugin_error_shared_memory ... ok
test snapshot_plugin_load_error_untrusted_signer ... ok
test snapshot_native_plugin_error_budget_violation ... ok
test snapshot_plugin_load_error_init_failed ... ok
test snapshot_plugin_load_error_invalid_signature ... ok
test snapshot_native_plugin_error_config ... ok

test result: ok. 14 passed; 0 failed; 0 ignored; 0 measured; 0 filtered out; finished in 0.51s

     Running tests\stress_tests.rs (target\debug\deps\stress_tests-d7ce4d61d74953b3.exe)

running 5 tests
test test_config_update_stress ... ok
test test_concurrent_host_access ... ok
test test_concurrent_spsc_operations ... ok
test test_spsc_ring_buffer_overflow ... ok
test test_spsc_high_throughput ... ok

test result: ok. 5 passed; 0 failed; 0 ignored; 0 measured; 0 filtered out; finished in 0.27s

     Running unittests src\lib.rs (target\debug\deps\openracing_pidff_common-e39ee12bd851d096.exe)

running 37 tests
test property_tests::prop_constant_force_magnitude_preserved ... ok
test property_tests::prop_device_gain_bounded ... ok
test tests::block_load_invalid_status ... ok
test tests::block_load_success ... ok
test property_tests::prop_ramp_values_preserved ... ok
test tests::create_new_effect_report ... ok
test property_tests::prop_periodic_magnitude_preserved ... ok
test tests::device_control_combined_flags ... ok
test property_tests::prop_effect_operation_report_id ... ok
test property_tests::prop_envelope_values_preserved ... ok
test tests::block_load_wrong_id ... ok
test tests::block_load_too_short ... ok
test property_tests::prop_block_free_report_id ... ok
test tests::block_free_report ... ok
test tests::block_load_full ... ok
test property_tests::prop_condition_center_preserved ... ok
test tests::device_control_reset ... ok
test tests::device_gain_clamps_to_max ... ok
test tests::device_gain_report ... ok
test tests::device_control_enable ... ok
test tests::device_control_flags ... ok
test tests::duration_infinite_value ... ok
test tests::effect_op_values ... ok
test tests::device_gain_zero ... ok
test tests::effect_operation_stop ... ok
test tests::effect_operation_loop_count ... ok
test tests::effect_operation_start ... ok
test tests::effect_operation_start_solo ... ok
test tests::set_envelope_report_layout ... ok
test tests::effect_type_values ... ok
test tests::report_ids_match_pid_spec ... ok
test tests::set_condition_report_layout ... ok
test tests::set_constant_force_report ... ok
test tests::set_effect_direction ... ok
test tests::set_effect_report_layout ... ok
test tests::set_periodic_report_layout ... ok
test tests::set_ramp_force_report ... ok

test result: ok. 37 passed; 0 failed; 0 ignored; 0 measured; 0 filtered out; finished in 0.87s

     Running tests\pidff_common_tests.rs (target\debug\deps\pidff_common_tests-1c11ffb00f9817f2.exe)

running 64 tests
test block_load_error_status ... ok
test block_load_success ... ok
test block_free_encoding ... ok
test condition_all_params_preserved ... ok
test block_load_full_status ... ok
test block_load_ram_pool_le16 ... ok
test create_new_effect_all_types ... ok
test condition_symmetric_coefficients ... ok
test block_load_rejects_invalid_status ... ok
test block_load_rejects_too_short ... ok
test condition_y_axis ... ok
test condition_zero_deadband ... ok
test device_control_all_commands ... ok
test condition_extreme_values ... ok
test device_control_flags_are_single_bit ... ok
test device_control_flags_combinable ... ok
test device_control_flags_match_spec ... ok
test device_gain_clamps_above_10000 ... ok
test duration_infinite_is_max_u16 ... ok
test effect_op_values_match_spec ... ok
test effect_operation_all_ops ... ok
test effect_operation_length ... ok
test effect_operation_loop_count ... ok
test envelope_no_fade ... ok
test envelope_zero_timing_is_instant ... ok
test effect_type_values_match_spec ... ok
proptest: FileFailurePersistence::SourceParallel set, but failed to find lib.rs or main.rs
proptest: FileFailurePersistence::SourceParallel set, but failed to find lib.rs or main.rs
test periodic_all_params_preserved ... ok
test property_tests::prop_block_load_invalid_status_rejected ... ok
test property_tests::prop_block_free_index ... ok
test all_encoders_first_byte_is_report_id ... ok
test periodic_extreme_values ... ok
test all_encoders_return_fixed_size_arrays ... ok
proptest: FileFailurePersistence::SourceParallel set, but failed to find lib.rs or main.rs
proptest: FileFailurePersistence::SourceParallel set, but failed to find lib.rs or main.rs
proptest: FileFailurePersistence::SourceParallel set, but failed to find lib.rs or main.rs
proptest: FileFailurePersistence::SourceParallel set, but failed to find lib.rs or main.rs
proptest: FileFailurePersistence::SourceParallel set, but failed to find lib.rs or main.rs
proptest: FileFailurePersistence::SourceParallel set, but failed to find lib.rs or main.rs
proptest: FileFailurePersistence::SourceParallel set, but failed to find lib.rs or main.rs
proptest: FileFailurePersistence::SourceParallel set, but failed to find lib.rs or main.rs
test block_load_rejects_wrong_report_id ... ok
test block_load_status_values ... ok
test constant_force_block_index_preserved ... ok
test constant_force_magnitude_roundtrip ... ok
proptest: FileFailurePersistence::SourceParallel set, but failed to find lib.rs or main.rs
proptest: FileFailurePersistence::SourceParallel set, but failed to find lib.rs or main.rs
proptest: FileFailurePersistence::SourceParallel set, but failed to find lib.rs or main.rs
proptest: FileFailurePersistence::SourceParallel set, but failed to find lib.rs or main.rs
test device_gain_report_layout ... ok
test device_gain_within_range ... ok
test envelope_all_params_preserved ... ok
test envelope_extreme_timing ... ok
test property_tests::prop_effect_operation_block_index ... ok
test property_tests::prop_condition_center_roundtrip ... ok
test property_tests::prop_envelope_all_params ... ok
test property_tests::prop_condition_coefficients_roundtrip ... ok
test property_tests::prop_condition_saturation_roundtrip ... ok
test property_tests::prop_device_gain_bounded ... ok
test property_tests::prop_constant_force_magnitude_roundtrip ... ok
test property_tests::prop_block_load_valid_status_roundtrip ... ok
test property_tests::prop_ramp_force_roundtrip ... ok
test property_tests::prop_periodic_magnitude_roundtrip ... ok
test property_tests::prop_periodic_offset_roundtrip ... ok
test property_tests::prop_periodic_phase_roundtrip ... ok
proptest: FileFailurePersistence::SourceParallel set, but failed to find lib.rs or main.rs
proptest: FileFailurePersistence::SourceParallel set, but failed to find lib.rs or main.rs
proptest: FileFailurePersistence::SourceParallel set, but failed to find lib.rs or main.rs
test report_ids_match_usb_hid_pid_spec ... ok
test report_sizes_match_pid_spec ... ok
test property_tests::prop_set_effect_direction_preserved ... ok
test set_effect_all_types_report_id ... ok
test set_effect_constant_infinite_layout ... ok
test ramp_force_report_length ... ok
test set_effect_direction_full_range ... ok
test set_effect_duration_boundary_values ... ok
test ramp_force_start_end_preserved ... ok
test report_ids_are_all_unique ... ok
test property_tests::prop_set_effect_gain_preserved ... ok
test property_tests::prop_set_effect_duration_preserved ... ok

test result: ok. 64 passed; 0 failed; 0 ignored; 0 measured; 0 filtered out; finished in 0.64s

     Running unittests src\lib.rs (target\debug\deps\openracing_pipeline-2b395d3601983dfb.exe)

running 35 tests
test compiler::tests::test_pipeline_compilation_empty_config ... ok
test compiler::tests::test_pipeline_compilation_with_response_curve ... ok
test hash::tests::test_config_hash_stable_under_ordering ... ok
test hash::tests::test_config_hash_deterministic ... ok
test executor::tests::test_pipeline_process_bounds_output ... ok
test executor::tests::test_pipeline_process_empty ... ok
test hash::tests::test_config_hash_different_configs ... ok
test executor::tests::test_response_curve_preserves_sign ... ok
test state::tests::test_pipeline_state_size ... ok
test state::tests::test_pipeline_state_snapshot ... ok
test state::tests::test_pipeline_reset_state ... ok
test state::tests::test_pipeline_state_offset ... ok
test types::tests::test_pipeline_with_hash ... ok
test validation::tests::test_is_empty_config ... ok
test compiler::tests::test_pipeline_compilation_basic ... ok
test executor::tests::test_pipeline_process_validates_output ... ok
test executor::tests::test_pipeline_process_with_response_curve_exponential ... ok
test hash::tests::test_config_hash_with_curve_different ... ok
test hash::tests::test_empty_config_hash ... ok
test state::tests::test_snapshot_state_efficiency ... ok
test validation::tests::test_validate_invalid_friction ... ok
test types::tests::test_pipeline_clone ... ok
test validation::tests::test_validate_valid_config ... ok
test validation::tests::test_validate_invalid_notch_frequency ... ok
test validation::tests::test_validate_invalid_reconstruction ... ok
test executor::tests::test_pipeline_process_with_response_curve_linear ... ok
test executor::tests::test_pipeline_swap_atomicity ... ok
test state::tests::test_pipeline_node_state_size ... ok
test compiler::tests::test_pipeline_compilation_different_configs ... ok
test types::tests::test_pipeline_response_curve ... ok
test validation::tests::test_validate_response_curve ... ok
test types::tests::test_pipeline_new ... ok
test state::tests::test_pipeline_is_state_aligned ... ok
test validation::tests::test_validate_non_monotonic_curve ... ok
test compiler::tests::test_pipeline_compilation_deterministic ... ok

test result: ok. 35 passed; 0 failed; 0 ignored; 0 measured; 0 filtered out; finished in 0.05s

     Running tests\integration_tests.rs (target\debug\deps\integration_tests-e26bcf4b5b0758e1.exe)

running 20 tests
test execution_tests::test_empty_pipeline_execution ... ok
test hash_tests::test_hash_determinism ... ok
test hash_tests::test_hash_with_curve_different ... ok
test compilation_tests::test_full_compilation_lifecycle ... ok
test execution_tests::test_pipeline_output_validation ... ok
test execution_tests::test_pipeline_swap_atomicity ... ok
test validation_tests::test_valid_config_passes ... ok
test property_tests::prop_hash_stability ... ok
test property_tests::prop_process_determinism ... ok
test execution_tests::test_pipeline_with_response_curve_exponential ... ok
test execution_tests::test_pipeline_with_response_curve_linear ... ok
test state_tests::test_state_alignment ... ok
test rt_safety_tests::test_many_frames_rt_safe ... ok
test compilation_tests::test_async_compilation ... ok
test hash_tests::test_different_configs_different_hashes ... ok
test execution_tests::test_response_curve_preserves_sign ... ok
test compilation_tests::test_compilation_with_response_curve ... ok
test validation_tests::test_invalid_reconstruction_fails ... ok
test state_tests::test_state_snapshot ... ok
test compilation_tests::test_compilation_determinism ... ok

test result: ok. 20 passed; 0 failed; 0 ignored; 0 measured; 0 filtered out; finished in 0.06s

     Running tests\pipeline_deep_tests.rs (target\debug\deps\pipeline_deep_tests-d2821213ef928f28.exe)

running 62 tests
test clone_tests::clone_preserves_hash ... ok
test construction_tests::empty_pipeline_has_zero_hash ... ok
test construction_tests::empty_config_produces_empty_pipeline ... ok
test clone_tests::clone_preserves_node_count ... ok
test data_flow_tests::compiled_pipeline_deterministic_output ... ok
test data_flow_tests::compiled_pipeline_output_bounded ... ok
test data_flow_tests::minimal_config_is_identity ... ok
test data_flow_tests::compiled_pipeline_produces_finite_output ... ok
test error_propagation_tests::empty_pipeline_nan_passes_through ... ok
test error_propagation_tests::compiled_pipeline_rejects_large_intermediate ... ok
test error_handling_tests::validator_detects_empty_config ... ok
test construction_tests::empty_pipeline_has_zero_nodes ... ok
test error_handling_tests::validator_accepts_valid_config ... ok
test async_tests::async_compilation_returns_result ... ok
test construction_tests::full_config_produces_multi_node_pipeline ... ok
test error_handling_tests::invalid_notch_frequency_rejected ... ok
test error_propagation_tests::invalid_reconstruction_level_error_message ... ok
test error_handling_tests::empty_pipeline_passes_through_valid_frame ... ok
test error_propagation_tests::pipeline_with_curve_handles_nan_input ... ok
test hot_swap_tests::multiple_swaps ... ok
test hot_swap_tests::swap_preserves_process_ability ... ok
test construction_tests::pipeline_with_hash_stores_hash ... ok
test hot_swap_tests::swap_compiled_pipelines ... ok
test async_tests::compile_with_response_curve ... ok
test hot_swap_tests::swap_replaces_pipeline ... ok
test async_tests::compile_without_response_curve ... ok
test metrics_tests::empty_snapshot_efficiency ... ok
test construction_tests::single_filter_produces_single_node ... ok
test metrics_tests::compiled_snapshot_has_correct_node_count ... ok
test response_curve_tests::no_response_curve_by_default ... ok
test ordering_tests::node_count_matches_enabled_filters ... ok
test response_curve_tests::process_with_curve_override ... ok
test performance_tests::empty_pipeline_overhead_minimal ... ok
test response_curve_tests::exponential_curve_attenuates_low_values ... ok
test error_handling_tests::pipeline_with_response_curve_maps_output ... ok
test ordering_tests::different_configs_produce_different_hashes ... ok
test error_handling_tests::invalid_reconstruction_level_rejected ... ok
test ordering_tests::compilation_is_deterministic ... ok
test stage_enable_disable_tests::only_inertia_enabled ... ok
proptest: FileFailurePersistence::SourceParallel set, but failed to find lib.rs or main.rs
test stage_enable_disable_tests::only_notch_enabled ... ok
proptest: FileFailurePersistence::SourceParallel set, but failed to find lib.rs or main.rs
proptest: FileFailurePersistence::SourceParallel set, but failed to find lib.rs or main.rs
proptest: FileFailurePersistence::SourceParallel set, but failed to find lib.rs or main.rs
test prop_tests::swap_always_takes_effect ... ok
test error_propagation_tests::validator_rejects_non_monotonic_curve ... ok
test performance_tests::pipeline_process_completes_quickly ... ok
test response_curve_tests::response_curve_preserves_sign ... ok
test response_curve_tests::set_response_curve_linear ... ok
test stage_enable_disable_tests::only_reconstruction_enabled ... ok
test stage_enable_disable_tests::slew_rate_at_one_is_disabled ... ok
test metrics_tests::reset_state_zeroes_all_bytes ... ok
test metrics_tests::state_size_grows_with_filters ... ok
test stage_enable_disable_tests::only_damper_enabled ... ok
test stage_enable_disable_tests::only_friction_enabled ... ok
test stage_enable_disable_tests::all_filters_enabled_produces_many_nodes ... ok
test stage_enable_disable_tests::multiple_notch_filters ... ok
test prop_tests::empty_pipeline_is_identity ... ok
test prop_tests::pipeline_output_deterministic_for_same_input ... ok
test prop_tests::pipeline_with_linear_curve_is_near_identity ... ok
test state_tests::reset_state_zeros_all ... ok
test state_tests::state_offsets_are_valid ... ok
test state_tests::compiled_pipeline_state_aligned ... ok
test state_tests::empty_pipeline_state_snapshot ... ok
test stage_enable_disable_tests::torque_cap_below_one_adds_node ... ok
test state_tests::compiled_pipeline_has_state ... ok

test result: ok. 62 passed; 0 failed; 0 ignored; 0 measured; 0 filtered out; finished in 0.44s

     Running tests\pipeline_hardening_tests.rs (target\debug\deps\pipeline_hardening_tests-d181ddf03dd4241e.exe)

running 36 tests
test test_pipeline_clone_preserves_empty_state ... ok
test test_empty_pipeline_passthrough ... ok
test test_pipeline_node_state_size_out_of_bounds ... ok
test test_pipeline_reset_state_no_panic ... ok
test test_pipeline_default_is_empty ... ok
test test_pipeline_response_curve_can_be_set_and_read ... ok
test test_pipeline_clone_preserves_hash ... ok
test test_pipeline_response_curve_linear ... ok
test test_pipeline_state_snapshot_with_curve ... ok
test test_pipeline_state_snapshot_with_hash ... ok
test test_pipeline_swap_at_tick_boundary ... ok
test test_pipeline_swap_preserves_curve ... ok
test test_process_with_curve_none_override ... ok
test test_config_hash_deterministic ... ok
test test_process_with_curve_override ... ok
test test_pipeline_empty_process_does_not_fail ... ok
test test_pipeline_error_types ... ok
test test_process_with_response_curve_preserves_sign ... ok
test test_process_zero_torque ... ok
test test_validator_is_empty_config ... ok
test test_validator_linear_response_curve ... ok
test test_pipeline_state_aligned_empty ... ok
test test_pipeline_state_offset_out_of_bounds ... ok
test test_pipeline_with_hash_creation ... ok
test test_snapshot_is_empty ... ok
test test_snapshot_state_efficiency ... ok
test test_config_hash_with_curve_differs ... ok
test test_pipeline_infinity_torque_passthrough_empty ... ok
test test_config_hash_nonzero_for_default ... ok
test test_pipeline_nan_torque_passthrough_empty ... ok
test test_process_boundary_torque_values ... ok
test test_process_multiple_frames_sequentially ... ok
test test_validator_invalid_reconstruction_level ... ok
test test_pipeline_state_snapshot_empty ... ok
test test_pipeline_state_size_empty ... ok
test test_validator_default_config_valid ... ok

test result: ok. 36 passed; 0 failed; 0 ignored; 0 measured; 0 filtered out; finished in 0.03s

     Running tests\pipeline_proptest.rs (target\debug\deps\pipeline_proptest-bc230895edd0903e.exe)

running 11 tests
proptest: FileFailurePersistence::SourceParallel set, but failed to find lib.rs or main.rs
proptest: FileFailurePersistence::SourceParallel set, but failed to find lib.rs or main.rs
proptest: FileFailurePersistence::SourceParallel set, but failed to find lib.rs or main.rs
proptest: FileFailurePersistence::SourceParallel set, but failed to find lib.rs or main.rs
proptest: FileFailurePersistence::SourceParallel set, but failed to find lib.rs or main.rs
test prop_pipeline_clone_preserves_hash ... ok
test prop_empty_pipeline_output_bounded ... ok
test prop_hash_none_curve_equals_base ... ok
test prop_valid_gains_pass_validation ... ok
test prop_empty_pipeline_identity ... ok
proptest: FileFailurePersistence::SourceParallel set, but failed to find lib.rs or main.rs
proptest: FileFailurePersistence::SourceParallel set, but failed to find lib.rs or main.rs
proptest: FileFailurePersistence::SourceParallel set, but failed to find lib.rs or main.rs
proptest: FileFailurePersistence::SourceParallel set, but failed to find lib.rs or main.rs
proptest: FileFailurePersistence::SourceParallel set, but failed to find lib.rs or main.rs
proptest: FileFailurePersistence::SourceParallel set, but failed to find lib.rs or main.rs
test prop_hash_deterministic ... ok
test prop_empty_pipeline_preserves_ffb_in ... ok
test prop_default_config_always_valid ... ok
test prop_different_friction_different_hash ... ok
test prop_pipeline_with_hash ... ok
test prop_pipeline_error_display_contains_message ... ok

test result: ok. 11 passed; 0 failed; 0 ignored; 0 measured; 0 filtered out; finished in 0.12s

     Running tests\property_tests.rs (target\debug\deps\property_tests-9c51c278f419f3f4.exe)

running 36 tests
test construction_tests::new_pipeline_is_empty ... ok
test construction_tests::with_hash_stores_hash ... ok
test execution_tests::response_curve_preserves_sign ... ok
test hash_tests::different_configs_different_hashes ... ok
proptest: FileFailurePersistence::SourceParallel set, but failed to find lib.rs or main.rs
proptest: FileFailurePersistence::SourceParallel set, but failed to find lib.rs or main.rs
proptest: FileFailurePersistence::SourceParallel set, but failed to find lib.rs or main.rs
test execution_tests::linear_response_curve_is_identity ... ok
test execution_tests::process_preserves_frame_metadata ... ok
test hash_tests::hash_with_curve_differs_from_without ... ok
test execution_tests::empty_pipeline_passthrough ... ok
test execution_tests::exponential_curve_reduces_midrange ... ok
test hash_tests::hash_is_deterministic ... ok
test hash_tests::different_curves_different_hashes ... ok
proptest: FileFailurePersistence::SourceParallel set, but failed to find lib.rs or main.rs
proptest: FileFailurePersistence::SourceParallel set, but failed to find lib.rs or main.rs
proptest: FileFailurePersistence::SourceParallel set, but failed to find lib.rs or main.rs
test proptest_invariants::prop_snapshot_matches_pipeline ... ok
test proptest_invariants::prop_process_deterministic ... ok
test rt_safety_tests::swap_during_processing ... ok
test state_tests::empty_pipeline_state ... ok
test state_tests::snapshot_with_response_curve ... ok
test construction_tests::clone_preserves_hash_and_count ... ok
test construction_tests::default_equals_new ... ok
test execution_tests::response_curve_endpoints ... ok
test rt_safety_tests::sustained_processing_stable ... ok
test state_tests::state_efficiency_empty ... ok
test execution_tests::process_with_curve_override ... ok
test validation_tests::response_curve_validation ... ok
test validation_tests::valid_config_passes_validation ... ok
test swap_tests::swap_replaces_pipeline ... ok
test proptest_invariants::prop_empty_pipeline_identity ... ok
test swap_tests::swap_replaces_response_curve ... ok
test validation_tests::default_config_is_valid ... ok
test validation_tests::empty_config_detected ... ok
test proptest_invariants::prop_swap_replaces_hash ... ok
test state_tests::reset_state_zeroes_buffer ... ok
test validation_tests::invalid_reconstruction_level ... ok
test state_tests::snapshot_reflects_empty_pipeline ... ok
test validation_tests::non_empty_config_detected ... ok
test proptest_invariants::prop_hash_stable ... ok
test proptest_invariants::prop_linear_curve_identity ... ok

test result: ok. 36 passed; 0 failed; 0 ignored; 0 measured; 0 filtered out; finished in 0.06s

     Running tests\snapshot_tests.rs (target\debug\deps\snapshot_tests-85d18b250d499336.exe)

running 4 tests
test snapshot_filter_config_with_custom_bumpstop ... ok
test snapshot_hands_off_config_default ... ok
test snapshot_bumpstop_config_default ... ok
test snapshot_filter_config_default ... ok

test result: ok. 4 passed; 0 failed; 0 ignored; 0 measured; 0 filtered out; finished in 0.37s

     Running unittests src\lib.rs (target\debug\deps\openracing_plugin_abi-6f104fcddada11d2.exe)

running 32 tests
test constants::tests::test_capability_strings ... ok
test constants::tests::test_log_level_ordering ... ok
test constants::tests::test_abi_version_pack_roundtrip ... ok
test constants::tests::test_return_code_values ... ok
test constants::tests::test_host_function_names ... ok
test constants::tests::test_host_module_name ... ok
test constants::tests::test_wasm_export_names ... ok
test host_functions::tests::test_host_function_names ... ok
test telemetry_frame::tests::test_telemetry_frame_validation ... ok
test tests::test_endianness_documentation ... ok
test constants::tests::test_is_abi_compatible_older_minor ... ok
test telemetry_frame::tests::test_telemetry_frame_byte_serialization ... ok
test telemetry_frame::tests::test_telemetry_frame_default ... ok
test types::tests::test_plugin_capabilities_bitflags ... ok
test types::tests::test_plugin_header_byte_serialization ... ok
test constants::tests::test_is_abi_compatible_rejects_different_major ... ok
test types::tests::test_capability_flags_reserved_bits ... ok
test tests::test_re_exports ... ok
test types::tests::test_wasm_export_validation_missing_both ... ok
test types::tests::test_wasm_export_validation_missing_process ... ok
test types::tests::test_wasm_plugin_info_default ... ok
test types::tests::test_wasm_export_validation_valid ... ok
test constants::tests::test_abi_constants ... ok
test constants::tests::test_abi_version_major_minor_extraction ... ok
test constants::tests::test_is_abi_compatible_rejects_newer_minor ... ok
test constants::tests::test_is_abi_compatible_same_version ... ok
test telemetry_frame::tests::test_telemetry_frame_new ... ok
test telemetry_frame::tests::test_telemetry_frame_size_and_alignment ... ok
test types::tests::test_plugin_header_validation ... ok
test types::tests::test_plugin_init_status_default ... ok
test types::tests::test_plugin_header_capability_check ... ok
test types::tests::test_plugin_header_size_and_alignment ... ok

test result: ok. 32 passed; 0 failed; 0 ignored; 0 measured; 0 filtered out; finished in 0.03s

     Running tests\abi_compat_tests.rs (target\debug\deps\abi_compat_tests-8e9a60b9ce059a90.exe)

running 43 tests
test header_has_capability_returns_correct_results ... ok
test header_with_higher_major_version_is_invalid ... ok
test individual_capabilities_are_distinct_bits ... ok
test log_levels_are_ordered ... ok
test empty_capabilities_header_has_no_caps ... ok
test combined_capabilities_contain_each_constituent ... ok
test host_function_names_are_non_empty_and_distinct ... ok
test host_module_is_env ... ok
test plugin_header_field_offsets_are_stable ... ok
test plugin_init_status_transitions ... ok
test reserved_field_nonzero_does_not_break_deserialization ... ok
test plugin_header_is_16_bytes ... ok
test abi_version_format_encodes_major_minor ... ok
test header_with_lower_major_version_is_invalid ... ok
test header_with_matching_version_is_valid ... ok
test plugin_capabilities_is_4_bytes ... ok
test plugin_header_alignment_is_4 ... ok
test return_codes_are_all_distinct ... ok
test return_codes_success_is_zero_errors_negative ... ok
test telemetry_frame_zero_bytes_produce_default_like_frame ... ok
test telemetry_frame_is_32_bytes ... ok
test telemetry_frame_field_offsets_are_stable ... ok
test validate_string_params_rejects_negative_ptr ... ok
test validate_string_params_accepts_valid_input ... ok
test validate_string_params_rejects_negative_len ... ok
test valid_and_reserved_cover_full_u32 ... ok
test truncation_strips_reserved_bits ... ok
test wasm_plugin_info_default_has_current_abi_version ... ok
test validate_string_params_rejects_oversized_len ... ok
test wasm_abi_version_is_positive ... ok
test wasm_export_names_are_non_empty ... ok
test capability_strings_are_non_empty_and_distinct ... ok
test header_with_unknown_capability_bits_still_deserializes ... ok
test plugin_header_byte_roundtrip_identity ... ok
test telemetry_frame_alignment_is_8 ... ok
test validate_output_buffer_accepts_exact_size ... ok
test wasm_export_validation_minimal_required ... ok
test header_with_wrong_magic_is_invalid ... ok
test telemetry_frame_byte_roundtrip_identity ... ok
test wasm_export_validation_reports_all_missing ... ok
test all_valid_caps_do_not_overlap_reserved ... ok
test validate_output_buffer_rejects_too_small ... ok
test plugin_header_bytes_are_little_endian ... ok

test result: ok. 43 passed; 0 failed; 0 ignored; 0 measured; 0 filtered out; finished in 0.04s

     Running tests\comprehensive.rs (target\debug\deps\comprehensive-e1fcd1e6f17409d2.exe)

running 59 tests
test capability_tests::test_known_plus_reserved_covers_all_bits ... ok
test export_validation_tests::test_missing_both_required ... ok
test capability_tests::test_known_capability_bits ... ok
test export_validation_tests::test_missing_memory ... ok
test host_function_tests::test_wasm_export_names ... ok
test capability_tests::test_all_capabilities ... ok
test error_code_tests::test_error_codes_are_unique ... ok
test error_code_tests::test_log_levels_are_ordered ... ok
test export_validation_tests::test_valid_exports ... ok
test host_function_tests::test_host_function_names_exist ... ok
test capability_tests::test_reserved_bits_do_not_overlap_known ... ok
test error_code_tests::test_all_error_codes_are_negative ... ok
test export_validation_tests::test_missing_process ... ok
test export_validation_tests::test_optional_exports_dont_affect_validity ... ok
test init_status_tests::test_default_is_uninitialized ... ok
test layout_tests::test_plugin_capabilities_size_is_4 ... ok
test plugin_info_tests::test_default_info ... ok
proptest: FileFailurePersistence::SourceParallel set, but failed to find lib.rs or main.rs
test layout_tests::test_plugin_header_size_is_16 ... ok
test layout_tests::test_telemetry_frame_alignment_is_8 ... ok
test capability_tests::test_capability_strings_match_expected ... ok
test capability_tests::test_empty_capabilities ... ok
test error_code_tests::test_log_levels_are_unique ... ok
test error_code_tests::test_success_is_zero ... ok
test host_function_tests::test_host_function_names_module_matches_constants ... ok
test host_function_tests::test_host_module_name ... ok
test host_function_tests::test_wasm_optional_export_names ... ok
test init_status_tests::test_all_variants_are_distinct ... ok
test layout_tests::test_telemetry_frame_field_offsets ... ok
test layout_tests::test_telemetry_frame_size_is_32 ... ok
test telemetry_tests::test_telemetry_with_values ... ok
test telemetry_tests::test_temperature_boundaries ... ok
test telemetry_tests::test_angle_boundaries ... ok
test telemetry_tests::test_default_temperature_is_normal ... ok
proptest: FileFailurePersistence::SourceParallel set, but failed to find lib.rs or main.rs
test prop_capability_roundtrip_through_header ... ok
test validation_tests::test_validate_output_buffer_valid ... ok
test validation_tests::test_validate_string_params_negative_len ... ok
test prop_header_little_endian_magic ... ok
proptest: FileFailurePersistence::SourceParallel set, but failed to find lib.rs or main.rs
test layout_tests::test_plugin_header_alignment_is_4 ... ok
proptest: FileFailurePersistence::SourceParallel set, but failed to find lib.rs or main.rs
proptest: FileFailurePersistence::SourceParallel set, but failed to find lib.rs or main.rs
proptest: FileFailurePersistence::SourceParallel set, but failed to find lib.rs or main.rs
test layout_tests::test_plugin_header_field_offsets ... ok
proptest: FileFailurePersistence::SourceParallel set, but failed to find lib.rs or main.rs
test validation_tests::test_validate_string_params_valid ... ok
test version_tests::test_default_header_is_valid ... ok
test telemetry_tests::test_faults_detected ... ok
test telemetry_tests::test_no_faults_by_default ... ok
test validation_tests::test_validate_string_params_negative_ptr ... ok
test validation_tests::test_validate_output_buffer_negative_ptr ... ok
test validation_tests::test_validate_string_params_too_long ... ok
test version_tests::test_wasm_abi_version_is_1 ... ok
test prop_header_has_capability_consistent ... ok
test prop_header_bytes_are_16 ... ok
test prop_header_byte_roundtrip ... ok
test prop_telemetry_bytes_are_32 ... ok
test validation_tests::test_validate_output_buffer_too_small ... ok
test version_tests::test_header_with_capabilities_is_valid ... ok
test version_tests::test_invalid_magic_makes_header_invalid ... ok
test version_tests::test_plug_abi_version_is_1_0 ... ok
test prop_telemetry_byte_roundtrip ... ok
test version_tests::test_telemetry_frame_abi_version ... ok
test version_tests::test_invalid_version_makes_header_invalid ... ok
test version_tests::test_plug_abi_magic_is_wwl1 ... ok

test result: ok. 59 passed; 0 failed; 0 ignored; 0 measured; 0 filtered out; finished in 0.07s

     Running tests\fuzz_tests.rs (target\debug\deps\fuzz_tests-a665e666b81fdd89.exe)

running 20 tests
test byte_pattern_fuzz::fuzz_header_alternating_bytes ... ok
test plugin_header_fuzz::fuzz_all_zeros ... ok
test plugin_header_fuzz::fuzz_boundary_capability_bits ... ok
test telemetry_frame_fuzz::fuzz_max_values ... ok
test capability_fuzz::fuzz_reserved_bits_stripped ... ok
test telemetry_frame_fuzz::fuzz_all_byte_patterns ... ok
test byte_pattern_fuzz::fuzz_telemetry_counting_bytes ... ok
test capability_fuzz::fuzz_all_bits ... ok
test serde_fuzz::fuzz_telemetry_serde_edge_cases ... ok
test serde_fuzz::fuzz_telemetry_serde_roundtrip_finite ... ok
test byte_pattern_fuzz::fuzz_header_counting_bytes ... ok
test byte_pattern_fuzz::fuzz_telemetry_alternating_bytes ... ok
test plugin_header_fuzz::fuzz_partial_magic ... ok
test plugin_header_fuzz::fuzz_random_bytes ... ok
test plugin_header_fuzz::fuzz_all_ones ... ok
test telemetry_frame_fuzz::fuzz_infinity_values ... ok
test telemetry_frame_fuzz::fuzz_nan_values ... ok
test telemetry_frame_fuzz::fuzz_negative_zero ... ok
test telemetry_frame_fuzz::fuzz_subnormal_values ... ok
test telemetry_frame_fuzz::fuzz_zero_values ... ok

test result: ok. 20 passed; 0 failed; 0 ignored; 0 measured; 0 filtered out; finished in 0.27s

     Running tests\plugin_abi_deep_tests.rs (target\debug\deps\plugin_abi_deep_tests-913d0b1a0f1d7093.exe)

running 81 tests
test capability_from_bits_truncate_drops_reserved ... ok
test capability_individual_bit_positions ... ok
test header_roundtrip_with_all_capabilities ... ok
test header_with_all_zero_capabilities_is_valid ... ok
test all_error_return_codes_are_negative ... ok
test capability_all_defined_flags_combine_correctly ... ok
test check_capability_fn_signature_size ... ok
test error_return_codes_are_unique ... ok
test abi_magic_matches_expected_ascii ... ok
test abi_version_format_major_minor ... ok
test capability_reserved_covers_remaining_bits ... ok
test capability_strings_are_snake_case ... ok
test capability_empty_has_no_bits_set ... ok
test capability_flags_no_overlap_with_reserved ... ok
test get_telemetry_fn_signature_size ... ok
test get_timestamp_fn_signature_size ... ok
test header_with_zero_version_is_invalid ... ok
test host_function_names_are_nonempty_ascii ... ok
test plugin_capabilities_alignment_is_4 ... ok
test plugin_capabilities_size_is_4 ... ok
test header_with_max_u32_magic_is_invalid ... ok
test header_with_zero_magic_is_invalid ... ok
test log_levels_are_ordered ... ok
test plug_abi_version_and_magic_are_distinct ... ok
test plugin_header_from_bytes_all_ones ... ok
test plugin_header_from_bytes_all_zeros ... ok
test plugin_header_size_is_16 ... ok
test plugin_header_zero_reserved_field ... ok
test plugin_header_has_capability_with_empty_header ... ok
test plugin_init_status_all_variants_are_distinct ... ok
test plugin_header_get_capabilities_returns_correct_flags ... ok
test plugin_init_status_clone_eq ... ok
test host_function_names_module_re_exports_match ... ok
test host_module_is_env ... ok
test plugin_header_alignment_is_4 ... ok
test plugin_header_bytes_are_little_endian ... ok
test log_fn_signature_size ... ok
test log_levels_are_contiguous ... ok
test plugin_header_default_is_valid ... ok
test plugin_header_field_offsets_match_documented_layout ... ok
test plugin_header_new_with_capabilities ... ok
test plugin_header_roundtrip_bytes ... ok
test plugin_log_fn_signature_size ... ok
test return_code_success_is_zero ... ok
test plugin_header_invalid_magic_rejected ... ok
test plugin_header_invalid_version_rejected ... ok
test plugin_init_status_default_is_uninitialized ... ok
test plugin_init_status_serde_roundtrip ... ok
test telemetry_frame_abi_version_matches ... ok
test telemetry_frame_alignment_is_8 ... ok
test telemetry_frame_from_bytes_all_zeros ... ok
test telemetry_frame_max_timestamp ... ok
test telemetry_frame_boundary_angles ... ok
test telemetry_frame_boundary_temperatures ... ok
test telemetry_frame_new_sets_timestamp ... ok
test validate_output_buffer_too_small ... ok
test validate_output_buffer_valid ... ok
test wasm_export_validation_all_required_makes_valid ... ok
test wasm_export_validation_default_is_invalid ... ok
test telemetry_frame_serde_roundtrip ... ok
test validate_string_params_negative_len ... ok
test validate_string_params_negative_ptr ... ok
test wasm_export_validation_missing_both_required ... ok
test wasm_export_validation_missing_memory_only ... ok
test telemetry_frame_fault_flags ... ok
test telemetry_frame_field_offsets_match_documented_layout ... ok
test validate_output_buffer_exact_size ... ok
test validate_output_buffer_negative_ptr ... ok
test wasm_abi_version_is_positive_nonzero ... ok
test wasm_export_names_are_valid_identifiers ... ok
test telemetry_frame_bytes_zero_pad ... ok
test telemetry_frame_default_temperature_is_20 ... ok
test telemetry_frame_size_is_32 ... ok
test telemetry_frame_with_values_roundtrip ... ok
test wasm_optional_export_names_are_valid_identifiers ... ok
test validate_string_params_too_long ... ok
test validate_string_params_valid ... ok
test wasm_plugin_info_custom_construction ... ok
test wasm_plugin_info_default_fields ... ok
test wasm_export_validation_missing_process_only ... ok
test wasm_export_validation_optional_exports_dont_affect_validity ... ok

test result: ok. 81 passed; 0 failed; 0 ignored; 0 measured; 0 filtered out; finished in 0.06s

     Running tests\property_tests.rs (target\debug\deps\property_tests-923837940ac6d151.exe)

running 15 tests
proptest: FileFailurePersistence::SourceParallel set, but failed to find lib.rs or main.rs
proptest: FileFailurePersistence::SourceParallel set, but failed to find lib.rs or main.rs
proptest: FileFailurePersistence::SourceParallel set, but failed to find lib.rs or main.rs
proptest: FileFailurePersistence::SourceParallel set, but failed to find lib.rs or main.rs
proptest: FileFailurePersistence::SourceParallel set, but failed to find lib.rs or main.rs
proptest: FileFailurePersistence::SourceParallel set, but failed to find lib.rs or main.rs
test test_capability_bits_valid ... ok
test test_header_byte_array_size ... ok
test telemetry_property_tests::test_temperature_range ... ok
test test_header_capability_preserved ... ok
proptest: FileFailurePersistence::SourceParallel set, but failed to find lib.rs or main.rs
proptest: FileFailurePersistence::SourceParallel set, but failed to find lib.rs or main.rs
proptest: FileFailurePersistence::SourceParallel set, but failed to find lib.rs or main.rs
proptest: FileFailurePersistence::SourceParallel set, but failed to find lib.rs or main.rs
proptest: FileFailurePersistence::SourceParallel set, but failed to find lib.rs or main.rs
test test_telemetry_frame_roundtrip ... ok
proptest: FileFailurePersistence::SourceParallel set, but failed to find lib.rs or main.rs
proptest: FileFailurePersistence::SourceParallel set, but failed to find lib.rs or main.rs
test serde_property_tests::test_telemetry_frame_serde_roundtrip ... ok
test serde_property_tests::test_plugin_init_status_serde_roundtrip ... ok
test header_property_tests::test_header_validation ... ok
proptest: FileFailurePersistence::SourceParallel set, but failed to find lib.rs or main.rs
proptest: FileFailurePersistence::SourceParallel set, but failed to find lib.rs or main.rs
test test_plugin_header_roundtrip ... ok
test telemetry_property_tests::test_fault_flags ... ok
test header_property_tests::test_capability_has_capability_consistent ... ok
test test_capability_union ... ok
test test_telemetry_byte_array_size ... ok
test test_capability_intersection ... ok
test telemetry_property_tests::test_angle_range ... ok

test result: ok. 15 passed; 0 failed; 0 ignored; 0 measured; 0 filtered out; finished in 0.05s

     Running tests\snapshot_tests.rs (target\debug\deps\snapshot_tests-b938c470e5d5bbb5.exe)

running 25 tests
test plugin_header_snapshots::test_header_bytes ... ok
test capabilities_snapshots::test_leds_capability ... ok
test plugin_info_snapshots::test_populated_info ... ok
test capabilities_snapshots::test_haptics_capability ... ok
test capabilities_snapshots::test_all_valid_capabilities ... ok
test constants_snapshots::test_log_levels ... ok
test plugin_info_snapshots::test_default_info ... ok
test constants_snapshots::test_return_codes ... ok
test init_status_snapshots::test_all_statuses ... ok
test constants_snapshots::test_capability_strings ... ok
test capabilities_snapshots::test_telemetry_capability ... ok
test plugin_header_snapshots::test_default_header ... ok
test capabilities_snapshots::test_combined_capabilities ... ok
test plugin_header_snapshots::test_header_with_telemetry ... ok
test constants_snapshots::test_all_constants ... ok
test plugin_header_snapshots::test_header_with_all_capabilities ... ok
test telemetry_frame_snapshots::test_default_frame ... ok
test serde_snapshots::test_init_status_json ... ok
test serde_snapshots::test_plugin_info_json ... ok
test serde_snapshots::test_telemetry_frame_json ... ok
test telemetry_frame_snapshots::test_frame_with_values ... ok
test wasm_validation_snapshots::test_valid_minimal_exports ... ok
test telemetry_frame_snapshots::test_frame_bytes ... ok
test wasm_validation_snapshots::test_missing_required_exports ... ok
test wasm_validation_snapshots::test_valid_all_exports ... ok

test result: ok. 25 passed; 0 failed; 0 ignored; 0 measured; 0 filtered out; finished in 0.33s

     Running tests\unit_tests.rs (target\debug\deps\unit_tests-303ffdba524c81f2.exe)

running 37 tests
test capabilities::test_single_capabilities ... ok
test plugin_header::test_default_header ... ok
test constants::test_abi_version_format ... ok
test plugin_header::test_capability_query ... ok
test constants::test_log_level_values ... ok
test plugin_header::test_invalid_magic ... ok
test plugin_header::test_invalid_version ... ok
test capabilities::test_from_bits_truncate_preserves_valid ... ok
test capabilities::test_combined_capabilities ... ok
test constants::test_return_code_values ... ok
test init_status::test_default_status ... ok
test capabilities::test_reserved_bits ... ok
test plugin_header::test_new_header_with_capabilities ... ok
test init_status::test_status_transitions ... ok
test plugin_header::test_byte_roundtrip ... ok
test constants::test_magic_value ... ok
test plugin_info::test_default_info ... ok
test plugin_info::test_info_with_values ... ok
test size_and_alignment::test_plugin_capabilities_size ... ok
test size_and_alignment::test_plugin_header_alignment ... ok
test size_and_alignment::test_plugin_header_size ... ok
test size_and_alignment::test_telemetry_frame_alignment ... ok
test size_and_alignment::test_plugin_header_field_offsets ... ok
test size_and_alignment::test_telemetry_frame_field_offsets ... ok
test size_and_alignment::test_telemetry_frame_size ... ok
test telemetry_frame::test_angle_validation ... ok
test telemetry_frame::test_byte_roundtrip ... ok
test wasm_exports::test_export_validation_minimal ... ok
test telemetry_frame::test_default_frame ... ok
test wasm_exports::test_export_validation_missing_all ... ok
test telemetry_frame::test_frame_with_all_values ... ok
test telemetry_frame::test_new_frame_with_timestamp ... ok
test telemetry_frame::test_temperature_validation ... ok
test wasm_exports::test_export_validation_all_present ... ok
test telemetry_frame::test_fault_detection ... ok
test wasm_exports::test_export_validation_missing_memory ... ok
test wasm_exports::test_export_validation_missing_process ... ok

test result: ok. 37 passed; 0 failed; 0 ignored; 0 measured; 0 filtered out; finished in 0.01s

     Running unittests src\lib.rs (target\debug\deps\openracing_plugin_examples-117f7e5397956c9a.exe)

running 27 tests
test dashboard_overlay::tests::fault_active_from_telemetry ... ok
test dashboard_overlay::tests::flag_priority ... ok
test dashboard_overlay::tests::rpm_bar_boundaries ... ok
test dashboard_overlay::tests::gear_display_values ... ok
test dashboard_overlay::tests::rpm_bar_clamps_overflow ... ok
test dashboard_overlay::tests::full_compute_smoke_test ... ok
test dashboard_overlay::tests::rpm_bar_zero_max ... ok
test road_surface::tests::roughness_varies_with_position ... ok
test dashboard_overlay::tests::speed_conversion_negative_speed ... ok
test dashboard_overlay::tests::speed_conversion_positive ... ok
test road_surface::tests::deterministic_for_same_position ... ok
test road_surface::tests::full_speed_zero_does_not_panic ... ok
test road_surface::tests::output_is_clamped ... ok
test road_surface::tests::reset_clears_position ... ok
test dashboard_overlay::tests::shift_light_activates_at_threshold ... ok
test dashboard_overlay::tests::speed_clamped_to_max ... ok
test road_surface::tests::simple_hash_is_deterministic ... ok
test telemetry_logger::tests::capacity_clamped_to_at_least_one ... ok
test road_surface::tests::zero_intensity_passes_through ... ok
test road_surface::tests::zero_speed_produces_no_effect ... ok
test telemetry_logger::tests::decimation_zero_never_stores ... ok
test telemetry_logger::tests::drain_empty_returns_empty_vec ... ok
test telemetry_logger::tests::drain_returns_chronological_order ... ok
test telemetry_logger::tests::empty_on_creation ... ok
test telemetry_logger::tests::last_entry_returns_most_recent ... ok
test telemetry_logger::tests::records_at_decimation_interval ... ok
test telemetry_logger::tests::ring_buffer_wraps ... ok

test result: ok. 27 passed; 0 failed; 0 ignored; 0 measured; 0 filtered out; finished in 0.00s

     Running tests\plugin_integration.rs (target\debug\deps\plugin_integration-7ce5ecbed24f54a1.exe)

running 3 tests
test road_surface_speed_sensitivity ... ok
test dashboard_all_gears ... ok
test combined_session_simulation ... ok

test result: ok. 3 passed; 0 failed; 0 ignored; 0 measured; 0 filtered out; finished in 0.00s

     Running unittests src\lib.rs (target\debug\deps\openracing_profile-52955252ec06e0e3.exe)

running 16 tests
test tests::test_migrate_profile_invalid_version_returns_error ... ok
test validation::tests::test_validate_profile_valid ... ok
test tests::test_migrate_profile_idempotent ... ok
test validation::tests::test_validate_settings_invalid_gain ... ok
test tests::test_new_profile_has_current_schema_version ... ok
test types::tests::test_default_settings ... ok
test validation::tests::test_validate_settings_invalid_range ... ok
test tests::test_migrate_profile_from_v0 ... ok
test tests::test_migrate_profile_already_current ... ok
test validation::tests::test_validate_profile_empty_name ... ok
test validation::tests::test_merge_profiles ... ok
test tests::test_backup_and_then_migrate ... ok
test tests::test_generate_profile_id ... ok
test types::tests::test_wheel_profile_creation ... ok
test types::tests::test_wheel_profile_with_settings ... ok
test tests::test_backup_profile_creates_file ... ok

test result: ok. 16 passed; 0 failed; 0 ignored; 0 measured; 0 filtered out; finished in 0.00s

     Running tests\comprehensive.rs (target\debug\deps\comprehensive-3c1a48691a34287b.exe)

running 38 tests
test creation_tests::generate_profile_id_returns_valid_uuid ... ok
test creation_tests::new_profile_has_current_schema_version ... ok
test creation_tests::new_profile_has_unique_id ... ok
test creation_tests::new_profile_stores_name_and_device ... ok
test creation_tests::new_profile_timestamps_are_nonzero ... ok
test default_value_tests::limit_settings_defaults ... ok
test creation_tests::with_settings_replaces_defaults ... ok
test default_value_tests::advanced_settings_defaults ... ok
test merge_tests::merge_preserves_base_id ... ok
test default_value_tests::ffb_settings_defaults ... ok
test merge_tests::merge_overlay_gain_overrides_base ... ok
test merge_tests::merge_overlay_steering_range_overrides_base ... ok
test merge_tests::merge_overlay_torque_limit_overrides_base ... ok
test merge_tests::merge_same_profiles_keeps_base_values ... ok
test default_value_tests::input_settings_defaults ... ok
test creation_tests::new_profile_version_is_one ... ok
test merge_tests::merge_updates_modified_at ... ok
test migration_tests::migrate_current_is_noop ... ok
test migration_tests::migrate_future_version_errors ... ok
test migration_tests::migrate_is_idempotent ... ok
test migration_tests::migrate_v0_to_current ... ok
test serde_tests::missing_schema_version_defaults_to_zero ... ok
test serde_tests::settings_json_round_trip ... ok
test serde_tests::profile_json_round_trip ... ok
test serde_tests::profile_with_custom_settings_round_trip ... ok
test validation_tests::empty_device_id_fails_validation ... ok
test validation_tests::gain_above_one_fails ... ok
test validation_tests::empty_name_fails_validation ... ok
test validation_tests::filter_strength_at_boundaries_passes ... ok
test validation_tests::gain_at_boundaries_passes ... ok
test validation_tests::filter_strength_out_of_range_fails ... ok
test validation_tests::gain_below_zero_fails ... ok
test validation_tests::steering_range_above_max_fails ... ok
test validation_tests::steering_range_at_boundaries_passes ... ok
test validation_tests::steering_range_below_min_fails ... ok
test validation_tests::torque_limit_at_boundaries_passes ... ok
test validation_tests::torque_limit_out_of_range_fails ... ok
test validation_tests::valid_default_profile_passes ... ok

test result: ok. 38 passed; 0 failed; 0 ignored; 0 measured; 0 filtered out; finished in 0.00s

     Running tests\profile_deep_tests.rs (target\debug\deps\profile_deep_tests-9cd323253fdc21ac.exe)

running 97 tests
test additional_field_validation::damper_strength_boundary_values ... ok
test additional_field_validation::max_speed_positive_value ... ok
test additional_field_validation::friction_strength_boundary_values ... ok
test additional_field_validation::settings_clone_matches_original ... ok
test additional_field_validation::steering_deadzone_max_value ... ok
test additional_inheritance::overlay_only_changes_specified_fields ... ok
test additional_inheritance::four_layer_hierarchy ... ok
test comparison_and_diff::identical_profiles_have_no_diffs ... ok
test comparison_and_diff::profile_ids_always_unique ... ok
test additional_inheritance::merge_with_self_is_identity ... ok
test comparison_and_diff::merge_then_diff_shows_overlay_changes ... ok
test additional_field_validation::max_temp_boundary_values ... ok
test additional_field_validation::profile_error_variants_display ... ok
test comparison_and_diff::all_fields_changed_gives_max_diffs ... ok
test comparison_and_diff::multiple_field_changes_detected ... ok
test additional_field_validation::spring_strength_boundary_values ... ok
test comparison_and_diff::single_field_change_detected ... ok
test creation_all_fields::create_profile_with_all_advanced_fields ... ok
test creation_all_fields::create_profile_with_all_ffb_fields ... ok
test creation_all_fields::create_profile_with_all_input_fields ... ok
test creation_all_fields::create_profile_with_all_limit_fields ... ok
test creation_all_fields::create_profile_with_every_curve_type ... ok
test creation_all_fields::create_profile_with_none_limits ... ok
test creation_all_fields::create_profile_with_every_led_mode ... ok
test default_profiles_per_device::belt_drive_profile_validates ... ok
test default_profiles_per_device::dd_and_belt_profiles_differ ... ok
test default_profiles_per_device::dd_pro_profile_validates ... ok
test default_profiles_per_device::default_input_settings_values ... ok
test default_profiles_per_device::default_profile_has_current_schema ... ok
test default_profiles_per_device::default_settings_validate ... ok
test default_profiles_per_device::default_limit_settings_values ... ok
test default_profiles_per_device::default_advanced_settings_values ... ok
test default_profiles_per_device::default_ffb_settings_values ... ok
test device_bindings::device_id_preserved_through_migration ... ok
test device_bindings::profile_bound_to_specific_device ... ok
test device_bindings::same_settings_different_devices ... ok
test device_bindings::device_id_preserved_through_serialization ... ok
test ffb_per_game_device::ffb_boundary_values_all_at_min ... ok
test ffb_per_game_device::ffb_boundary_values_all_at_max ... ok
test ffb_per_game_device::acc_gt3_ffb_validates ... ok
test ffb_per_game_device::game_profile_serializes_ffb ... ok
test ffb_per_game_device::game_specific_profiles_have_different_ffb ... ok
test ffb_per_game_device::iracing_gt3_ffb_validates ... ok
test ffb_per_game_device::merge_game_ffb_over_default ... ok
test ffb_per_game_device::rally_ffb_validates ... ok
test import_export_round_trip::json_round_trip_preserves_all_fields ... ok
test import_export_round_trip::missing_schema_version_deserializes_as_zero ... ok
test inheritance::global_base_then_game_overlay ... ok
test import_export_round_trip::pretty_json_round_trip ... ok
test inheritance::merge_validated_result_is_valid ... ok
test merge_conflict::merge_identical_profiles_preserves_values ... ok
test inheritance::three_layer_hierarchy ... ok
test merge_conflict::merge_overlay_gain_takes_precedence ... ok
test merge_conflict::merge_overlay_steering_range_takes_precedence ... ok
test merge_conflict::merge_chain_applies_sequentially ... ok
test merge_conflict::merge_overlay_torque_limit_takes_precedence ... ok
test merge_conflict::merge_preserves_base_identity ... ok
test merge_conflict::merge_updates_modified_at ... ok
test migration_additional::migrate_preserves_name_and_id ... ok
test migration_additional::migrate_idempotent ... ok
test migration_deep::migrate_future_version_error_message ... ok
test migration_deep::migrate_preserves_all_settings ... ok
test migration_additional::migrate_returns_false_for_current ... ok
proptest: FileFailurePersistence::SourceParallel set, but failed to find lib.rs or main.rs
proptest: FileFailurePersistence::SourceParallel set, but failed to find lib.rs or main.rs
test migration_additional::migrate_returns_true_for_v0 ... ok
test validation_rules::empty_device_id_rejected ... ok
test validation_rules::filter_strength_above_one ... ok
test validation_rules::filter_strength_negative ... ok
test import_export_round_trip::backup_and_restore_round_trip ... ok
test validation_rules::empty_name_rejected ... ok
test migration_additional::migrate_future_version_returns_unsupported ... ok
test migration_deep::profile_id_is_always_unique ... ok
test migration_additional::backup_then_restore_after_migration ... ok
test validation_rules::filter_strength_zero ... ok
test validation_rules::gain_nan_passes_validation ... ok
test validation_rules::gain_slightly_above_one ... ok
test validation_rules::filter_strength_one ... ok
test validation_rules::gain_slightly_negative ... ok
test validation_rules::long_name_accepted ... ok
test validation_rules::torque_limit_above_hundred ... ok
test validation_rules::torque_limit_hundred ... ok
proptest: FileFailurePersistence::SourceParallel set, but failed to find lib.rs or main.rs
test validation_rules::single_char_name_accepted ... ok
test validation_rules::name_with_special_chars_accepted ... ok
test validation_rules::torque_limit_negative ... ok
test validation_rules::gain_exact_one ... ok
test validation_rules::gain_exact_zero ... ok
test validation_rules::torque_limit_zero ... ok
test validation_rules::steering_range_above_max ... ok
test validation_rules::steering_range_below_min ... ok
test validation_rules::validation_error_message_mentions_field ... ok
test validation_rules::unicode_name_accepted ... ok
test validation_rules::steering_range_max ... ok
test validation_rules::steering_range_min ... ok
test validation_rules::validation_error_type_is_correct ... ok
test validation_rules::whitespace_only_name_rejected ... ok
test proptest_validation::serialization_round_trip_is_lossless ... ok
test proptest_validation::random_settings_validate_or_error ... ok
test proptest_validation::random_profile_name_validates_or_error ... ok

test result: ok. 97 passed; 0 failed; 0 ignored; 0 measured; 0 filtered out; finished in 0.05s

     Running tests\profile_edge_case_tests.rs (target\debug\deps\profile_edge_case_tests-c8109915387243c3.exe)

running 37 tests
test boundary_values::all_fields_at_maximum_values ... ok
test boundary_values::all_fields_at_minimum_values ... ok
test boundary_values::gain_just_above_max_rejected ... ok
test boundary_values::gain_neg_infinity_rejected ... ok
test boundary_values::filter_strength_nan_rejected ... ok
test boundary_values::gain_just_below_min_rejected ... ok
test boundary_values::gain_infinity_rejected ... ok
test boundary_values::steering_range_at_exact_boundaries ... ok
test corruption_recovery::migrate_preserves_all_settings ... ok
test boundary_values::steering_range_one_above_max_rejected ... ok
test boundary_values::steering_range_one_below_min_rejected ... ok
test corruption_recovery::truncated_json_fails_gracefully ... ok
test corruption_recovery::corrupt_json_fails_gracefully ... ok
test corruption_recovery::migrate_corrupt_schema_version_returns_error ... ok
test corruption_recovery::backup_to_nonexistent_dir_fails ... ok
test corruption_recovery::deserialize_profile_with_extra_fields_ignored ... ok
test corruption_recovery::deserialize_profile_missing_optional_schema_version ... ok
test corruption_recovery::wrong_type_for_name_field_fails ... ok
test duplicate_profiles::many_profiles_all_unique_ids ... ok
test duplicate_profiles::two_profiles_same_name_get_distinct_ids ... ok
test enum_edge_cases::all_curve_types_roundtrip ... ok
test enum_edge_cases::all_led_modes_roundtrip ... ok
test enum_edge_cases::unknown_enum_variant_fails_deserialization ... ok
test merge_edge_cases::merge_different_devices_keeps_base_id ... ok
test merge_edge_cases::merge_with_self_preserves_values ... ok
test name_edge_cases::empty_name_rejected ... ok
test name_edge_cases::extremely_long_name_accepted ... ok
test name_edge_cases::name_with_newlines_and_tabs ... ok
test name_edge_cases::name_with_null_byte_survives_serde ... ok
test name_edge_cases::special_chars_quotes_and_escapes ... ok
test name_edge_cases::special_chars_slashes_dots ... ok
test duplicate_profiles::maximum_profiles_in_vec ... ok
test name_edge_cases::unicode_name_cjk ... ok
test name_edge_cases::unicode_name_emoji ... ok
test name_edge_cases::unicode_name_latin_extended ... ok
test name_edge_cases::whitespace_only_name_accepted_by_validator ... ok
test name_edge_cases::very_long_name_survives_roundtrip ... ok

test result: ok. 37 passed; 0 failed; 0 ignored; 0 measured; 0 filtered out; finished in 0.01s

     Running tests\profile_hardening_tests.rs (target\debug\deps\profile_hardening_tests-e7edf52efa506945.exe)

running 34 tests
test merge::merge_inherits_changed_gain ... ok
test merge::merge_inherits_changed_steering_range ... ok
test merge::merge_preserves_base_id ... ok
test backup::backup_to_nonexistent_dir_fails ... ok
test id_generation::generated_ids_are_valid_uuid_v4 ... ok
test migration::migrate_from_v0_bumps_to_current ... ok
test id_generation::generated_ids_are_unique ... ok
test merge::merge_inherits_changed_torque_limit ... ok
test migration::migrate_future_version_returns_error ... ok
test migration::migrate_preserves_profile_data ... ok
test merge::merge_unchanged_fields_stay_as_base ... ok
test migration::migrate_is_idempotent ... ok
proptest: FileFailurePersistence::SourceParallel set, but failed to find lib.rs or main.rs
proptest: FileFailurePersistence::SourceParallel set, but failed to find lib.rs or main.rs
test migration::migrate_current_is_noop ... ok
test schema_validation::empty_device_id_fails_validation ... ok
test schema_validation::empty_name_fails_validation ... ok
test schema_validation::steering_range_below_minimum_fails ... ok
proptest: FileFailurePersistence::SourceParallel set, but failed to find lib.rs or main.rs
test schema_validation::steering_range_boundaries_pass ... ok
test schema_validation::gain_above_one_fails ... ok
test schema_validation::filter_strength_out_of_range_fails ... ok
test schema_validation::gain_below_zero_fails ... ok
test schema_validation::torque_limit_out_of_range_fails ... ok
test schema_validation::valid_default_profile_passes_validation ... ok
test schema_validation::gain_boundary_one_passes ... ok
test backup::backup_creates_file_with_content ... ok
test schema_validation::gain_boundary_zero_passes ... ok
test serialization_roundtrip::schema_version_zero_deserializes_via_serde_default ... ok
test serialization_roundtrip::all_curve_types_roundtrip ... ok
test schema_validation::steering_range_above_maximum_fails ... ok
test serialization_roundtrip::all_led_modes_roundtrip ... ok
test serialization_roundtrip::default_profile_survives_json_roundtrip ... ok
test serialization_roundtrip::custom_settings_survive_json_roundtrip ... ok
test property_tests::valid_settings_always_pass_validation ... ok
test property_tests::out_of_range_gain_always_fails ... ok
test property_tests::profile_roundtrip_preserves_name ... ok

test result: ok. 34 passed; 0 failed; 0 ignored; 0 measured; 0 filtered out; finished in 0.07s

     Running tests\profile_system_tests.rs (target\debug\deps\profile_system_tests-7f6c6f0045762e92.exe)

running 64 tests
test conflict_resolution::conflict_overlay_wins_strategy ... ok
test conflict_resolution::conflict_resolution_result_validates ... ok
test conflict_resolution::merge_then_migrate_then_validate ... ok
test device_specific_parameters::device_profile_merge_preserves_device_id ... ok
test conflict_resolution::conflict_base_wins_strategy ... ok
test game_specific_overrides::switching_games_reapplies_from_base ... ok
test conflict_resolution::conflict_both_change_same_field_last_wins ... ok
test device_specific_parameters::device_profile_survives_migration ... ok
test conflict_resolution::conflict_non_overlapping_changes_coexist ... ok
test device_specific_parameters::different_devices_different_torque_limits ... ok
test import_export_stability::extra_json_fields_are_ignored ... ok
test import_export_stability::deserialize_from_known_stable_json ... ok
test import_export_stability::enum_serializes_as_string_variant_name ... ok
test game_specific_overrides::game_overlay_produces_distinct_profiles ... ok
test game_specific_overrides::game_overlay_then_serialize_restore ... ok
test device_specific_parameters::device_profile_serialization_preserves_device_type ... ok
test import_export_stability::json_field_names_are_snake_case ... ok
test import_export_stability::json_structure_has_nested_settings ... ok
test import_export_stability::null_optional_fields_serialize_correctly ... ok
test import_export_stability::some_optional_fields_serialize_as_value ... ok
test inheritance_chains::identity_merge_preserves_all_values ... ok
test inheritance_chains::four_layer_override_chain ... ok
test merge_behavior::merge_chain_is_associative_for_settings ... ok
test inheritance_chains::later_override_replaces_earlier ... ok
test merge_behavior::merge_only_overrides_changed_fields ... ok
test merge_behavior::merge_is_not_commutative_for_identity ... ok
test merge_behavior::merge_preserves_base_identity_fields ... ok
test merge_behavior::merge_result_passes_validation ... ok
test merge_behavior::merge_with_extreme_valid_values ... ok
test migration_system::migrate_far_future_version_gives_informative_error ... ok
test profile_comparison::all_fields_different_produces_complete_diff ... ok
test migration_system::migrate_then_serialize_produces_current_version ... ok
test profile_comparison::identical_profiles_have_no_diffs ... ok
test migration_system::migrate_does_not_alter_user_version ... ok
test profile_comparison::json_diff_between_profiles ... ok
test profile_creation_system::profile_id_is_valid_uuid ... ok
test profile_creation_system::created_profile_timestamps_are_plausible ... ok
test profile_creation_system::multiple_profiles_have_distinct_ids ... ok
test migration_system::full_migration_workflow_backup_migrate_validate ... ok
test search_and_filtering::filter_by_device_id ... ok
test profile_comparison::multiple_field_changes_tracked ... ok
test profile_comparison::single_field_change_produces_one_diff ... ok
test profile_creation_system::create_validate_serialize_full_lifecycle ... ok
test search_and_filtering::filter_by_gain_threshold ... ok
test search_and_filtering::filter_by_name_substring ... ok
test search_and_filtering::filter_by_steering_range ... ok
test search_and_filtering::search_no_matches_returns_empty ... ok
test tags_and_categorization::profile_can_have_multiple_categories ... ok
test tags_and_categorization::profiles_can_be_categorized_by_name ... ok
test search_and_filtering::sort_profiles_by_gain ... ok
test tags_and_categorization::uncategorized_profile_gets_no_tags ... ok
test validation_system::all_boundary_settings_pass_validation ... ok
test templates_and_defaults::template_overridden_by_user_preference ... ok
test templates_and_defaults::template_round_trip_through_json ... ok
test validation_system::max_boundary_settings_pass_validation ... ok
test validation_system::validate_profile_after_mutation ... ok
test validation_system::validation_error_is_descriptive ... ok
test versioning_and_history::rollback_to_earlier_version ... ok
test templates_and_defaults::default_profile_matches_default_settings ... ok
test versioning_and_history::schema_version_distinct_from_user_version ... ok
test validation_system::validation_rejects_multiple_invalid_fields_first_hit ... ok
test templates_and_defaults::template_applied_to_profile_validates ... ok
test versioning_and_history::profile_version_increments_on_edit ... ok
test versioning_and_history::version_history_via_serialized_snapshots ... ok

test result: ok. 64 passed; 0 failed; 0 ignored; 0 measured; 0 filtered out; finished in 0.01s

     Running tests\snapshot_tests.rs (target\debug\deps\snapshot_tests-11d921b3c0a81220.exe)

running 8 tests
test snapshot_advanced_settings_default ... ok
test snapshot_wheel_settings_default ... ok
test snapshot_profile_all_fields_populated ... ok
test snapshot_input_settings_default ... ok
test snapshot_ffb_settings_default ... ok
test snapshot_default_profile_serialization ... ok
test snapshot_wheel_settings_fully_populated ... ok
test snapshot_limit_settings_default ... ok

test result: ok. 8 passed; 0 failed; 0 ignored; 0 measured; 0 filtered out; finished in 0.25s

     Running unittests src\lib.rs (target\debug\deps\openracing_profile_repository-17e5d2457d3f643b.exe)

running 33 tests
test signature::tests::test_signer_creation ... ok
test signature::tests::test_profile_signature_validity ... ok
test signature::tests::test_hash_json ... ok
test signature::tests::test_trust_state_display ... ok
test signature::tests::test_signer_with_trusted_keys ... ok
test signature::tests::test_sign_and_verify ... ok
test migration::tests::test_detect_current_version ... ok
test migration::tests::test_detect_legacy_version ... ok
test migration::tests::test_migrate_legacy ... ok
test storage::tests::test_profile_file_from_path ... ok
test migration::tests::test_needs_migration ... ok
test migration::tests::test_adapter_creation ... ok
test storage::tests::test_delete_nonexistent_file ... ok
test storage::tests::test_storage_creation ... ok
test storage::tests::test_read_nonexistent_file ... ok
test storage::tests::test_atomic_write ... ok
test storage::tests::test_delete_file ... ok
test validation::tests::test_validate_rpm_bands_sorted ... ok
test validation::tests::test_validate_invalid_json ... ok
test validation::tests::test_validate_non_monotonic_curve ... ok
test validation::tests::test_validate_valid_json ... ok
test repository::tests::test_repository_creation ... ok
test storage::tests::test_list_profile_files ... ok
test repository::tests::test_profile_deletion ... ok
test validation::tests::test_validate_rpm_bands_unsorted ... ok
test repository::tests::test_deterministic_merge ... ok
test validation::tests::test_validation_context ... ok
test repository::tests::test_cache_operations ... ok
test storage::tests::test_create_backup ... ok
test repository::tests::test_profile_hierarchy_resolution ... ok
test repository::tests::test_save_and_load_profile ... ok
test validation::tests::test_validator_creation ... ok
test repository::tests::test_list_profiles ... ok

test result: ok. 33 passed; 0 failed; 0 ignored; 0 measured; 0 filtered out; finished in 0.03s

     Running tests\integration_tests.rs (target\debug\deps\integration_tests-c092b100ce828d0d.exe)

running 8 tests
test profile_hierarchy::test_global_fallback ... ok
test profile_signing::test_unsigned_profile ... ok
test profile_hierarchy::test_car_specific_override ... ok
test profile_signing::test_signed_profile ... ok
test migration_integration::test_legacy_profile_migration ... ok
test profile_hierarchy::test_game_specific_override ... ok
test repository_lifecycle::test_full_lifecycle ... ok
test repository_lifecycle::test_multiple_profiles ... ok

test result: ok. 8 passed; 0 failed; 0 ignored; 0 measured; 0 filtered out; finished in 0.03s

     Running tests\profile_management_deep_tests.rs (target\debug\deps\profile_management_deep_tests-bbb900d321893268.exe)

running 37 tests
test inheritance::child_with_parent_has_parent_set ... ok
test inheritance::merge_with_overwrites_base_settings ... ok
test inheritance::merge_with_parent_keeps_child_scope ... ok
test inheritance::merge_with_parent_preserves_child_identity ... ok
test inheritance::set_parent_updates_modified_at ... ok
test crud_lifecycle::save_preserves_scope_game ... ok
test hierarchy::resolve_empty_repo_returns_default_global ... ok
test crud_lifecycle::save_preserves_metadata_name ... ok
test export_import::json_round_trip_preserves_game_scope ... ok
test signing::signer_hash_is_deterministic ... ok
test validation_rules::empty_profile_id_rejected ... ok
test validation_rules::gain_above_one_is_invalid ... ok
test concurrent_access::concurrent_reads_return_same_data ... ok
test validation_rules::gain_boundary_zero_is_valid ... ok
test export_import::json_round_trip_preserves_ffb_gain ... ok
test export_import::json_round_trip_via_save_reload ... ok
test validation_rules::gain_negative_is_invalid ... ok
test validation_rules::torque_negative_is_invalid ... ok
test validation_rules::gain_boundary_one_is_valid ... ok
test validation_rules::torque_zero_is_valid ... ok
test validation_rules::valid_profile_id_with_alphanumeric ... ok
test validation_rules::whitespace_only_profile_id_rejected ... ok
test crud_lifecycle::delete_then_recreate_same_id ... ok
test crud_lifecycle::full_lifecycle_create_read_update_delete ... ok
test hierarchy::resolve_game_overrides_global ... ok
test search_and_filtering::filter_profiles_by_game_scope ... ok
test search_and_filtering::filter_by_car_scope ... ok
test versioning::migration_adapter_detect_and_migrate ... ok
test versioning::current_schema_not_flagged_for_migration ... ok
test concurrent_access::concurrent_saves_no_data_loss ... ok
test signing::unsigned_profile_has_no_signature ... ok
test concurrent_access::concurrent_save_and_delete_different_ids ... ok
test search_and_filtering::filter_profiles_global_only ... ok
test search_and_filtering::list_after_deleting_subset ... ok
test crud_lifecycle::list_returns_all_saved_profiles ... ok
test signing::signed_profile_has_trusted_signature ... ok
test versioning::legacy_json_auto_migrated_on_load ... ok

test result: ok. 37 passed; 0 failed; 0 ignored; 0 measured; 0 filtered out; finished in 0.04s

     Running tests\property_tests.rs (target\debug\deps\property_tests-1224065bf0c7447f.exe)

running 31 tests
test edge_cases::empty_string_profile_id_is_rejected ... ok
test edge_cases::profile_id_with_spaces_is_rejected ... ok
test edge_cases::profile_signature_validity_checks ... ok
test edge_cases::error_recoverability ... ok
test edge_cases::profile_signer_hash_deterministic ... ok
test edge_cases::profile_signer_trusted_key_management ... ok
test edge_cases::special_chars_profile_id_is_rejected ... ok
test edge_cases::storage_error_constructors ... ok
test edge_cases::trust_state_display ... ok
test edge_cases::validation_error_constructors ... ok
test edge_cases::whitespace_only_profile_id_is_rejected ... ok
test edge_cases::very_long_profile_id_is_accepted ... ok
proptest: FileFailurePersistence::SourceParallel set, but failed to find lib.rs or main.rs
proptest: FileFailurePersistence::SourceParallel set, but failed to find lib.rs or main.rs
proptest: FileFailurePersistence::SourceParallel set, but failed to find lib.rs or main.rs
test edge_cases::config_builder_methods ... ok
test crud::load_nonexistent_returns_none ... ok
test crud::list_on_empty_repo ... ok
test edge_cases::empty_repo_list_returns_empty_vec ... ok
test crud::save_then_load_returns_same_id ... ok
test crud::delete_is_idempotent ... ok
test concurrent::concurrent_reads_are_safe ... ok
test crud::cache_clear_and_reload ... ok
test search_and_filter::filter_by_car_scope ... ok
test crud::save_overwrites_existing ... ok
test search_and_filter::hierarchy_resolution_with_no_profiles ... ok
test concurrent::concurrent_writes_dont_lose_data ... ok
test concurrent::concurrent_read_write_is_safe ... ok
test search_and_filter::filter_by_game_scope ... ok
test edge_cases::duplicate_save_keeps_single_entry ... ok
test edge_cases::save_and_delete_many_profiles ... ok
test property_tests::delete_then_load_is_none ... ok
test property_tests::round_trip_preserves_scope ... ok
test property_tests::save_is_idempotent ... ok

test result: ok. 31 passed; 0 failed; 0 ignored; 0 measured; 0 filtered out; finished in 0.22s

     Running tests\repo_deep_tests.rs (target\debug\deps\repo_deep_tests-35ff56c083d3f0b2.exe)

running 94 tests
test config::default_config ... ok
test config::config_builder_methods ... ok
test crud::load_nonexistent_returns_none ... ok
test crud::delete_nonexistent_is_ok ... ok
test deterministic_merge::merge_other_takes_precedence ... ok
test crud::update_overwrites_existing ... ok
test crud::list_on_empty_repo ... ok
test concurrent_access::concurrent_reads_safe ... ok
test crud::delete_is_idempotent ... ok
test crud::create_and_read ... ok
test crud::save_delete_interleaved ... ok
test error_coverage::atomic_write_failed_is_recoverable ... ok
test error_coverage::scope_mismatch_not_recoverable ... ok
test error_coverage::storage_error_converts_to_repo_error ... ok
test error_coverage::storage_error_write_failed ... ok
test error_coverage::all_error_variants_display_non_empty ... ok
test error_coverage::io_error_is_recoverable ... ok
test concurrent_access::concurrent_list_is_consistent ... ok
test error_coverage::validation_error_converts_to_repo_error ... ok
test error_coverage::validation_error_unsorted_rpm ... ok
test crud::save_multiple_then_list ... ok
test error_coverage::validation_error_non_monotonic ... ok
test crud::delete_removes_profile ... ok
test error_coverage::file_path_error_not_recoverable ... ok
test error_coverage::validation_error_schema_mismatch ... ok
test deterministic_merge::merge_with_self_is_identity ... ok
test concurrent_access::concurrent_read_write_safe ... ok
test error_handling::empty_profile_id_rejected ... ok
test error_handling::migration_failed_is_recoverable ... ok
test concurrent_access::concurrent_writes_no_data_loss ... ok
test error_handling::profile_not_found_is_recoverable ... ok
test error_handling::invalid_profile_id_not_recoverable ... ok
test error_handling::special_char_profile_id_rejected ... ok
test error_coverage::validation_failed_with_context ... ok
test concurrent_advanced::concurrent_reload_safe ... ok
test error_handling::cache_error_is_recoverable ... ok
test error_handling::storage_error_constructors ... ok
test error_handling::valid_profile_id_with_dots_dashes_underscores ... ok
test error_handling::whitespace_profile_id_rejected ... ok
test error_handling::validation_error_constructors ... ok
test error_handling::validation_failed_is_not_recoverable ... ok
test migration::migration_adapter_detects_legacy ... ok
test hierarchy::empty_repo_returns_default ... ok
test profile_file_tests::from_path_extracts_id ... ok
test hierarchy::global_fallback_when_no_game_match ... ok
test concurrent_advanced::concurrent_save_and_delete_different_profiles ... ok
test profile_file_tests::from_path_no_extension ... ok
test profile_file_tests::new_profile_file ... ok
proptest: FileFailurePersistence::SourceParallel set, but failed to find lib.rs or main.rs
test listing_filters::list_after_delete_does_not_include_removed ... ok
test persistence::save_clear_cache_reload ... ok
test hierarchy::car_overrides_game ... ok
test listing_filters::filter_global_profiles ... ok
proptest: FileFailurePersistence::SourceParallel set, but failed to find lib.rs or main.rs
proptest: FileFailurePersistence::SourceParallel set, but failed to find lib.rs or main.rs
test migration::legacy_profile_auto_migrated_on_load ... ok
test listing_filters::filter_by_game_scope ... ok
test migration::current_schema_not_migrated ... ok
test hierarchy::game_overrides_global ... ok
test migration::migration_preserves_ffb_gain ... ok
test persistence::save_reload_identical_data ... ok
test signatures::signer_different_input_different_hash ... ok
test listing_filters::filter_by_car_scope ... ok
test signatures::signer_hash_is_deterministic ... ok
test signer_edge_cases::hash_whitespace_differences ... ok
test signer_edge_cases::profile_signature_invalid_not_valid ... ok
test signer_edge_cases::profile_signature_unsigned_not_valid ... ok
test signer_edge_cases::profile_signature_valid_unknown_is_valid_not_trusted ... ok
test signatures::trust_state_display_values ... ok
test signer_edge_cases::unsigned_trust_state_display ... ok
test signer_edge_cases::sign_produces_valid_signature ... ok
test signer_edge_cases::hash_empty_json ... ok
test signer_edge_cases::signer_default_has_no_trusted_keys ... ok
test persistence::save_with_game_scope_persists ... ok
test signer_edge_cases::two_different_keys_produce_different_signatures ... ok
test signer_edge_cases::add_trusted_key_then_check ... ok
test validation_context::minimal_context_only_schema ... ok
test validation_context::new_context_has_all_checks_enabled ... ok
test validation_context::without_curves_disables_curve_check ... ok
test signatures::signed_profile_has_valid_signature ... ok
test search_and_filter::filter_car_profiles_for_specific_game ... ok
test validation_context::without_rpm_bands_disables_rpm_check ... ok
test storage_limits::file_storage_backup_creation ... ok
test signatures::unsigned_profile_has_no_signature ... ok
test search_and_filter::list_after_clear_cache_and_reload ... ok
test storage_limits::disk_files_cleaned_after_delete ... ok
test search_and_filter::filter_by_multiple_game_scopes ... ok
test persistence::multiple_saves_then_reload ... ok
test versioning::save_preserves_scope_after_update ... ok
test storage_limits::duplicate_saves_dont_leave_artifacts ... ok
test versioning::reload_recovers_all_profiles ... ok
test versioning::save_update_save_preserves_latest ... ok
test storage_limits::rapid_create_delete_cycles ... ok
test storage_limits::save_and_delete_many ... ok
test property_tests::delete_then_load_returns_none ... ok
test property_tests::save_load_round_trip ... ok
test property_tests::save_is_idempotent ... ok

test result: ok. 94 passed; 0 failed; 0 ignored; 0 measured; 0 filtered out; finished in 0.32s

     Running tests\repository_hardening_tests.rs (target\debug\deps\repository_hardening_tests-a1e57869c3291263.exe)

running 46 tests
test config::config_builder_chains ... ok
test error_types::atomic_write_failed_factory ... ok
test error_types::file_path_error_factory ... ok
test error_types::io_error_is_recoverable ... ok
test error_types::profile_not_found_is_recoverable ... ok
test error_types::scope_mismatch_error_display ... ok
test error_types::storage_error_converts_to_repo_error ... ok
test error_types::validation_error_converts_to_repo_error ... ok
test error_types::validation_failed_factory ... ok
test error_types::validation_failed_is_not_recoverable ... ok
test crud::delete_nonexistent_is_idempotent ... ok
test hierarchy::resolve_with_no_profiles_returns_default ... ok
test crud::load_nonexistent_profile_returns_none ... ok
test config::config_with_auto_migrate_disabled ... ok
test config::default_config_creates_repository ... ok
test crud::save_and_load_profile ... ok
test cache::reload_repopulates_cache ... ok
test crud::save_then_delete_removes_profile ... ok
test migration_adapter::adapter_without_backups ... ok
test migration_adapter::detect_current_schema_version ... ok
test listing::list_after_delete_reflects_removal ... ok
test migration_adapter::legacy_profile_needs_migration ... ok
test cache::clear_cache_forces_disk_reload ... ok
test migration_adapter::migrate_legacy_produces_current_schema ... ok
test cache::load_profile_uses_cache ... ok
test hierarchy::resolve_game_scoped_overrides_global ... ok
test signatures::different_json_produces_different_hash ... ok
test signatures::hash_json_is_deterministic ... ok
test signatures::signer_tracks_trusted_keys ... ok
test signatures::trust_state_default_is_unsigned ... ok
test signatures::trust_state_display_values ... ok
test hierarchy::resolve_returns_global_profile ... ok
test validation_context::minimal_context_only_validates_schema ... ok
test validation_context::context_builder_disables_checks ... ok
test validation_context::new_context_has_all_checks_enabled ... ok
test concurrent::concurrent_reads_are_safe ... ok
test migration_adapter::adapter_with_backup_dir ... ok
test crud::overwrite_profile_updates_on_disk ... ok
test listing::list_empty_repository ... ok
test merge::merge_other_overrides_base_settings ... ok
test concurrent::concurrent_saves_do_not_lose_profiles ... ok
test persistence::profile_file_path_uses_id ... ok
test merge::merge_creates_descriptive_name ... ok
test merge::merge_preserves_base_id ... ok
test listing::list_multiple_profiles ... ok
test persistence::profiles_survive_repository_recreation ... ok

test result: ok. 46 passed; 0 failed; 0 ignored; 0 measured; 0 filtered out; finished in 0.05s

     Running unittests src\lib.rs (target\debug\deps\openracing_scheduler-cb3100d7febdb815.exe)

running 45 tests
test adaptive::tests::test_builder_pattern ... ok
test adaptive::tests::test_default_config ... ok
test adaptive::tests::test_normalize_ema_alpha ... ok
test adaptive::tests::test_enabled_config ... ok
test jitter::tests::test_jitter_metrics_creation ... ok
test adaptive::tests::test_state_at_bounds ... ok
test adaptive::tests::test_normalize_swaps_min_max ... ok
test adaptive::tests::test_state_default ... ok
test adaptive::tests::test_is_valid ... ok
test adaptive::tests::test_normalize_clamps_thresholds ... ok
test adaptive::tests::test_state_period_fraction ... ok
test jitter::tests::test_p99_calculation ... ok
test jitter::tests::test_custom_capacity ... ok
test jitter::tests::test_percentile_bounds ... ok
test jitter::tests::test_record_tick ... ok
test jitter::tests::test_missed_tick_rate ... ok
test jitter::tests::test_reset ... ok
test jitter::tests::test_meets_requirements ... ok
test jitter::tests::test_variance_calculation ... ok
test jitter::tests::test_ring_buffer_behavior ... ok
test jitter::tests::test_zero_capacity ... ok
test pll::tests::test_average_phase_error ... ok
test pll::tests::test_pll_clamp_to_bounds ... ok
test pll::tests::test_pll_creation ... ok
test pll::tests::test_pll_custom_gains ... ok
test pll::tests::test_pll_reset ... ok
test pll::tests::test_pll_set_target_period ... ok
test pll::tests::test_pll_stability_check ... ok
test pll::tests::test_pll_zero_target_handled ... ignored, only valid in release mode where debug_assert is absent
test pll::tests::test_pll_update_within_bounds ... ok
test rt_setup::tests::test_builder_pattern ... ok
test rt_setup::tests::test_default ... ok
test rt_setup::tests::test_has_rt_features ... ok
test rt_setup::tests::test_minimal ... ok
test rt_setup::tests::test_testing ... ok
test scheduler::tests::test_adaptive_scheduling_defaults_disabled ... ok
test scheduler::tests::test_default_impl ... ok
test scheduler::tests::test_record_processing_time ... ok
test scheduler::tests::test_reset ... ok
test scheduler::tests::test_rt_setup_default ... ok
test scheduler::tests::test_scheduler_creation ... ok
test scheduler::tests::test_scheduler_with_custom_period ... ok
test scheduler::tests::test_scheduler_zero_period_handled ... ok
test windows::tests::test_platform_sleep_creation ... ok
test windows::tests::test_relative_due_time ... ok

test result: ok. 44 passed; 0 failed; 1 ignored; 0 measured; 0 filtered out; finished in 0.00s

     Running tests\adaptive_scheduling_tests.rs (target\debug\deps\adaptive_scheduling_tests-bfd75ccfe13f4cb1.exe)

running 37 tests
test config_is_valid_for_default ... ok
test builder_chain_all_options ... ok
test config_is_invalid_for_bad_values ... ok
test ema_initial_sample_is_exact ... ok
test config_normalize_clamps_inverted_thresholds ... ok
test config_normalize_enforces_nonzero_min ... ok
test config_normalize_swaps_inverted_bounds ... ok
test config_normalize_then_valid ... ok
test disabled_adaptive_uses_fixed_period ... ok
test ema_alpha_one_tracks_instantly ... ok
test ema_converges_toward_recent_values ... ok
test config_normalize_clamps_ema_alpha_extremes ... ok
test ema_three_samples_progressive ... ok
test enabled_factory_creates_enabled_config ... ok
test ema_very_low_alpha_is_slow ... ok
test multiple_processing_samples_ema_monotonic_approach ... ok
test period_increases_under_high_processing_load ... ok
test processing_time_records_last_value ... ok
test repeated_set_adaptive_scheduling_does_not_corrupt ... ok
test reconfigure_from_enabled_to_disabled ... ok
test set_adaptive_scheduling_clamps_high_period ... ok
test reset_clears_adaptive_state ... ok
test set_adaptive_scheduling_clamps_initial_period ... ok
test state_equal_min_max_fraction_is_half ... ok
test state_is_at_min_and_is_at_max ... ok
test state_reflects_config ... ok
test state_period_fraction_bounds ... ok
test moderate_load_does_not_change_period ... ok
test adaptive_with_equal_min_max_period ... ok
test processing_time_zero_does_not_trigger_adaptation ... ok
test narrow_device_range_constrains_adaptation ... ok
test hysteresis_prevents_oscillation ... ok
test period_decreases_when_system_is_healthy ... ok
test adaptive_period_never_goes_below_min_bound ... ok
test adaptive_period_never_exceeds_max_bound ... ok
test device_max_rate_respected_via_min_period ... ok
test full_recovery_to_min_period_after_load_spike ... ok

test result: ok. 37 passed; 0 failed; 0 ignored; 0 measured; 0 filtered out; finished in 0.22s

     Running tests\cross_platform_tests.rs (target\debug\deps\cross_platform_tests-d407ac436fe1b02d.exe)

running 36 tests
test adaptive_config_default_is_disabled ... ok
test adaptive_config_inverted_bounds_are_normalized ... ok
test adaptive_scheduling_state_reflects_config ... ok
test apply_rt_setup_with_high_priority_does_not_panic ... ok
test apply_rt_setup_is_idempotent ... ok
test apply_rt_setup_with_cpu_affinity_does_not_panic ... ok
test apply_minimal_rt_setup_succeeds ... ok
test apply_rt_setup_with_memory_lock_does_not_panic ... ok
test jitter_metrics_max_jitter_tracks_worst_case ... ok
test instant_monotonicity ... ok
test jitter_metrics_missed_tick_rate_is_correct ... ok
test jitter_metrics_initial_state ... ok
test apply_testing_rt_setup_succeeds ... ok
test jitter_metrics_records_normal_ticks ... ok
test jitter_metrics_records_missed_ticks ... ok
test exactly_one_platform_module_selected ... ok
test max_jitter_is_250_microseconds ... ok
test period_1khz_is_one_millisecond ... ok
test platform_family_is_consistent ... ok
test instant_duration_since_is_non_negative ... ok
test pll_initial_state ... ok
test pll_reset_clears_accumulated_error ... ok
test pll_target_period_can_be_changed ... ok
test pll_update_produces_correction ... ok
test rt_error_display_is_non_empty ... ok
test rt_setup_builder_all_fields ... ok
test rt_setup_clone_preserves_fields ... ok
test rt_setup_debug_output_is_non_empty ... ok
test rt_setup_minimal_has_no_features ... ok
test scheduler_construction_succeeds_on_all_platforms ... ok
test scheduler_custom_period_accepted ... ok
test scheduler_minimum_period_clamped ... ok
test scheduler_phase_error_starts_near_zero ... ok
test scheduler_wait_for_tick_advances_count ... ok
test thread_sleep_respects_minimum_duration ... ok
test scheduler_wait_for_tick_measures_jitter ... ok

test result: ok. 36 passed; 0 failed; 0 ignored; 0 measured; 0 filtered out; finished in 0.01s

     Running tests\integration.rs (target\debug\deps\integration-e3d095a46fdb6a6f.exe)

running 13 tests
test test_adaptive_config_validation ... ok
test test_jitter_ring_buffer_overflow ... ok
test test_jitter_metrics_accumulation ... ok
test test_adaptive_scheduling_increases_under_load ... ok
test test_pll_correction_converges ... ok
test test_pll_custom_gains ... ok
test test_scheduler_with_custom_period ... ok
test test_pll_phase_error_tracking ... ok
test test_jitter_meets_requirements ... ok
test test_scheduler_reset_clears_state ... ok
test test_rt_setup_builder ... ok
test test_scheduler_async_context ... ok
test test_scheduler_basic_timing ... ok

test result: ok. 13 passed; 0 failed; 0 ignored; 0 measured; 0 filtered out; finished in 0.00s

     Running tests\mutation_timing_tests.rs (target\debug\deps\mutation_timing_tests-333fd2c72f151e85.exe)

running 28 tests
test adaptive_config_default_is_valid ... ok
test adaptive_config_inverted_bounds_is_invalid ... ok
test adaptive_config_normalize_fixes_inverted_thresholds ... ok
test jitter_max_tracks_worst_case ... ok
test jitter_metrics_half_missed ... ok
test jitter_empty_metrics_do_not_panic ... ok
test jitter_last_jitter_is_most_recent ... ok
test adaptive_state_period_fraction_boundaries ... ok
test jitter_metrics_all_missed_yields_one ... ok
test jitter_meets_requirements_with_low_jitter ... ok
test jitter_constant_samples_have_lower_variance_than_varied ... ok
test jitter_metrics_no_misses_yields_zero_rate ... ok
test jitter_reset_clears_all_state ... ok
test jitter_varied_samples_have_positive_variance ... ok
test period_1khz_ns_is_one_millisecond ... ok
test jitter_fails_requirements_with_high_jitter ... ok
test jitter_custom_requirements_strict ... ok
test pll_estimated_period_starts_at_target ... ok
test pll_negative_drift_moves_estimate_up ... ok
test pll_exact_intervals_reach_stable ... ok
test pll_new_has_correct_target ... ok
test jitter_percentiles_are_monotonic ... ok
test pll_opposite_drift_directions_produce_opposite_estimates ... ok
test pll_positive_drift_moves_estimate_down ... ok
test pll_reset_clears_error ... ok
test scheduler_1khz_has_correct_period ... ok
test scheduler_custom_period_preserved ... ok
test scheduler_tick_count_starts_at_zero ... ok

test result: ok. 28 passed; 0 failed; 0 ignored; 0 measured; 0 filtered out; finished in 0.00s

     Running tests\property_tests.rs (target\debug\deps\property_tests-8bfd9218b8e37a4e.exe)

running 7 tests
test rt_setup_has_rt_features_consistent ... ok
test adaptive_state_period_fraction_in_range ... ok
test adaptive_config_normalize_is_idempotent ... ok
test pll_period_never_exceeds_10_percent_bounds ... ok
test jitter_max_is_upper_bound ... ok
test jitter_percentile_is_monotonic ... ok
test jitter_missed_rate_in_bounds ... ok

test result: ok. 7 passed; 0 failed; 0 ignored; 0 measured; 0 filtered out; finished in 3.89s

     Running tests\proptest_edge_cases.rs (target\debug\deps\proptest_edge_cases-f7cbf984a0413250.exe)

running 33 tests
test edge_adaptive_config_all_zeros ... ok
test edge_adaptive_state_period_fraction_at_boundaries ... ok
test edge_adaptive_config_inverted_bounds ... ok
test edge_jitter_empty_metrics ... ok
test edge_jitter_custom_requirements ... ok
test edge_jitter_reset_clears_everything ... ok
test edge_jitter_all_missed_ticks ... ok
test edge_jitter_max_value_samples ... ok
test edge_jitter_percentile_boundary_values ... ok
test edge_pll_with_custom_gains ... ok
test edge_jitter_single_sample ... ok
test edge_pll_zero_target_period ... ok
test edge_pll_extreme_drift ... ok
test edge_pll_maximum_target_period ... ok
proptest: FileFailurePersistence::SourceParallel set, but failed to find lib.rs or main.rs
proptest: FileFailurePersistence::SourceParallel set, but failed to find lib.rs or main.rs
proptest: FileFailurePersistence::SourceParallel set, but failed to find lib.rs or main.rs
test edge_rt_setup_testing_profile ... ok
proptest: FileFailurePersistence::SourceParallel set, but failed to find lib.rs or main.rs
test edge_pll_reset_clears_state ... ok
proptest: FileFailurePersistence::SourceParallel set, but failed to find lib.rs or main.rs
test edge_pll_set_target_period ... ok
test edge_rt_setup_all_features ... ok
test edge_jitter_zero_jitter_meets_requirements ... ok
proptest: FileFailurePersistence::SourceParallel set, but failed to find lib.rs or main.rs
test edge_rt_setup_windows_policy ... ok
proptest: FileFailurePersistence::SourceParallel set, but failed to find lib.rs or main.rs
proptest: FileFailurePersistence::SourceParallel set, but failed to find lib.rs or main.rs
proptest: FileFailurePersistence::SourceParallel set, but failed to find lib.rs or main.rs
proptest: FileFailurePersistence::SourceParallel set, but failed to find lib.rs or main.rs
proptest: FileFailurePersistence::SourceParallel set, but failed to find lib.rs or main.rs
proptest: FileFailurePersistence::SourceParallel set, but failed to find lib.rs or main.rs
proptest: FileFailurePersistence::SourceParallel set, but failed to find lib.rs or main.rs
test prop_adaptive_config_valid_after_normalize ... ok
test prop_pll_converges_towards_target ... ok
test prop_adaptive_state_boundary_detection ... ok
test prop_pll_correction_always_positive_duration ... ok
test prop_pll_stability_flag_consistent ... ok
test prop_jitter_total_ticks_equals_input ... ok
test prop_rt_setup_minimal_has_no_features ... ok
test prop_jitter_sample_count_matches ... ok
test prop_rt_setup_builder_roundtrip ... ok
test prop_pll_estimated_period_within_range ... ok
test prop_jitter_variance_non_negative ... ok
test prop_jitter_std_dev_is_sqrt_variance ... ok
test prop_jitter_average_between_min_max ... ok

test result: ok. 33 passed; 0 failed; 0 ignored; 0 measured; 0 filtered out; finished in 0.04s

     Running tests\proptest_scheduler.rs (target\debug\deps\proptest_scheduler-cedb7f3e77a89d9c.exe)

running 24 tests
proptest: FileFailurePersistence::SourceParallel set, but failed to find lib.rs or main.rs
proptest: FileFailurePersistence::SourceParallel set, but failed to find lib.rs or main.rs
proptest: FileFailurePersistence::SourceParallel set, but failed to find lib.rs or main.rs
proptest: FileFailurePersistence::SourceParallel set, but failed to find lib.rs or main.rs
proptest: FileFailurePersistence::SourceParallel set, but failed to find lib.rs or main.rs
proptest: FileFailurePersistence::SourceParallel set, but failed to find lib.rs or main.rs
proptest: FileFailurePersistence::SourceParallel set, but failed to find lib.rs or main.rs
proptest: FileFailurePersistence::SourceParallel set, but failed to find lib.rs or main.rs
proptest: FileFailurePersistence::SourceParallel set, but failed to find lib.rs or main.rs
proptest: FileFailurePersistence::SourceParallel set, but failed to find lib.rs or main.rs
proptest: FileFailurePersistence::SourceParallel set, but failed to find lib.rs or main.rs
proptest: FileFailurePersistence::SourceParallel set, but failed to find lib.rs or main.rs
proptest: FileFailurePersistence::SourceParallel set, but failed to find lib.rs or main.rs
proptest: FileFailurePersistence::SourceParallel set, but failed to find lib.rs or main.rs
proptest: FileFailurePersistence::SourceParallel set, but failed to find lib.rs or main.rs
proptest: FileFailurePersistence::SourceParallel set, but failed to find lib.rs or main.rs
test adaptive_ema_alpha_clamped ... ok
test adaptive_normalize_min_le_max ... ok
test pll_custom_gains_clamped ... ok
proptest: FileFailurePersistence::SourceParallel set, but failed to find lib.rs or main.rs
proptest: FileFailurePersistence::SourceParallel set, but failed to find lib.rs or main.rs
test pll_correction_is_bounded ... ok
proptest: FileFailurePersistence::SourceParallel set, but failed to find lib.rs or main.rs
test pll_average_phase_error_zero_samples ... ok
proptest: FileFailurePersistence::SourceParallel set, but failed to find lib.rs or main.rs
test adaptive_normalize_always_valid ... ok
proptest: FileFailurePersistence::SourceParallel set, but failed to find lib.rs or main.rs
test jitter_ring_buffer_bounded ... ok
proptest: FileFailurePersistence::SourceParallel set, but failed to find lib.rs or main.rs
proptest: FileFailurePersistence::SourceParallel set, but failed to find lib.rs or main.rs
proptest: FileFailurePersistence::SourceParallel set, but failed to find lib.rs or main.rs
test pll_exact_ticks_stay_stable ... ok
test pll_reset_restores_target ... ok
test pll_set_target_keeps_bounds ... ok
test pll_update_never_zero ... ok
test adaptive_target_within_bounds ... ok
test jitter_total_ticks_count ... ok
test scheduler_initial_tick_count_zero ... ok
test scheduler_period_always_positive ... ok
test scheduler_reset_zeroes_ticks ... ok
test jitter_reset_clears ... ok
test jitter_percentile_ordering ... ok
test jitter_max_monotonic ... ok
test processing_ema_non_negative ... ok
test jitter_std_dev_non_negative ... ok
test jitter_variance_non_negative ... ok
test jitter_missed_never_exceeds_total ... ok
test jitter_missed_rate_bounded ... ok

test result: ok. 24 passed; 0 failed; 0 ignored; 0 measured; 0 filtered out; finished in 0.06s

     Running tests\scheduler_deep_tests.rs (target\debug\deps\scheduler_deep_tests-6ee82d8b3b7b3ead.exe)

running 19 tests
test creation_1khz ... ok
test creation_custom_period ... ok
test creation_default_is_1khz ... ok
test creation_with_adaptive_config ... ok
test creation_zero_period_is_clamped ... ok
test pll_converges_with_consistent_timing ... ok
test property_adaptive_target_stays_bounded ... ok
test metrics_jitter_percentiles ... ok
test pll_stays_bounded_under_drift ... ok
test property_normalized_config_is_valid ... ok
test property_percentile_ordering ... ok
test property_period_always_positive_and_bounded ... ok
test metrics_missed_tick_rate_accuracy ... ok
test property_reset_clears_all_state ... ok
test metrics_tick_count_increments ... ok
test deadline_detection_slow_tick ... ok
test graceful_shutdown_within_timeout ... ok
test multiple_schedulers_independent ... ok
test tick_timing_accuracy_statistical ... ok

test result: ok. 19 passed; 0 failed; 0 ignored; 0 measured; 0 filtered out; finished in 0.99s

     Running tests\scheduler_metrics_tests.rs (target\debug\deps\scheduler_metrics_tests-00773dd8891222d9.exe)

running 23 tests
test histogram_bimodal_distribution ... ok
test histogram_capacity_limits_samples ... ok
test histogram_single_outlier ... ok
test histogram_zero_capacity_no_percentiles ... ok
test metrics_custom_requirements_strict ... ok
test metrics_fails_requirements_high_p99 ... ok
test metrics_missed_ticks_accurate ... ok
test histogram_uniform_distribution_percentiles ... ok
test metrics_missed_rate_one_when_all_missed ... ok
test metrics_last_jitter_is_most_recent ... ok
test metrics_max_jitter_tracks_maximum ... ok
test metrics_reset_clears_all_counters ... ok
test metrics_missed_rate_zero_when_all_on_time ... ok
test histogram_empty_percentile_returns_zero ... ok
test metrics_meets_requirements_with_low_jitter ... ok
test metrics_fails_requirements_high_missed_rate ... ok
test metrics_std_dev_is_sqrt_of_variance ... ok
test metrics_total_ticks_accurate ... ok
test metrics_variance_increases_with_spread ... ok
test metrics_usable_after_reset ... ok
test processing_time_ema_initial_seed ... ok
test scheduler_reset_clears_metrics_and_ticks ... ok
test scheduler_metrics_via_accessor ... ok

test result: ok. 23 passed; 0 failed; 0 ignored; 0 measured; 0 filtered out; finished in 0.10s

     Running tests\scheduler_platform_tests.rs (target\debug\deps\scheduler_platform_tests-dc028fa7c4defc44.exe)

running 89 tests
test adaptive_builder_full_chain ... ok
test adaptive_default_disabled ... ok
test adaptive_enabled_constructor ... ok
test adaptive_invalid_ema_alpha_too_large ... ok
test adaptive_normalize_fixes_tighten_greater_than_relax ... ok
test adaptive_invalid_min_greater_than_max ... ok
test adaptive_invalid_zero_min_period ... ok
test adaptive_state_fraction_at_midpoint ... ok
test adaptive_normalize_clamps_ema_high ... ok
test adaptive_normalize_clamps_ema_low ... ok
test adaptive_normalize_swaps_min_max ... ok
test adaptive_normalize_zero_min_period_becomes_one ... ok
test adaptive_normalize_zero_steps_become_one ... ok
test adaptive_invalid_ema_alpha_too_small ... ok
test adaptive_state_at_max ... ok
test adaptive_state_at_min ... ok
test adaptive_state_fraction_equal_bounds ... ok
test constant_max_jitter ... ok
test constant_period_1khz ... ok
test error_all_variants_distinct ... ok
test error_clone_and_eq ... ok
test error_debug_representation ... ok
test error_display_device_disconnected ... ok
test error_display_invalid_config ... ok
test error_display_pipeline_fault ... ok
test error_display_rt_setup_failed ... ok
test error_display_timing_violation ... ok
test error_display_torque_limit ... ok
test error_implements_std_error ... ok
test jitter_all_same_value ... ok
test jitter_average_jitter_empty ... ok
test jitter_meets_custom_requirements ... ok
test jitter_meets_requirements_all_missed ... ok
test jitter_meets_requirements_good ... ok
test jitter_meets_requirements_high_jitter ... ok
test jitter_new_empty ... ok
test jitter_p50_median ... ok
test jitter_missed_rate_calculation ... ok
test jitter_missed_rate_zero_when_empty ... ok
test jitter_p95_between_p50_and_p99 ... ok
test jitter_p99_empty_returns_zero ... ok
test jitter_p99_uniform_samples ... ok
test jitter_record_basic ... ok
test jitter_reset_clears_all ... ok
test jitter_ring_buffer_overwrites ... ok
test jitter_std_dev_consistent_with_variance ... ok
test jitter_variance_empty ... ok
test jitter_variance_positive ... ok
test jitter_zero_capacity_still_counts ... ok
test platform_detection_exactly_one_active ... ok
test platform_sleep_new_does_not_panic ... ok
test pll_average_phase_error_empty ... ok
test pll_average_phase_error_symmetric ... ok
test pll_custom_gains_clamped ... ok
test pll_extreme_fast_clamped ... ok
test pll_extreme_slow_clamped ... ok
test pll_initial_state ... ok
test pll_reset_restores_initial ... ok
test pll_set_target_period_updates_bounds ... ok
test pll_set_target_zero_clamped ... ok
test pll_stability_after_small_correction ... ok
test pll_update_corrects_fast_tick ... ok
test pll_update_corrects_slow_tick ... ok
test rtsetup_affinity_all_cores_mask ... ok
test prelude_reexports_scheduler ... ok
test rtsetup_affinity_single_core ... ok
test rtsetup_affinity_zero_mask_still_set ... ok
test rtsetup_builder_chain ... ok
test rtsetup_clone_is_independent ... ok
test rtsetup_default_enables_all_features ... ok
test rtsetup_minimal_disables_everything ... ok
test rtsetup_new_equals_default ... ok
test rtsetup_testing_preset ... ok
test scheduler_1khz_period ... ok
test scheduler_adaptive_clamps_period ... ok
test scheduler_adaptive_defaults_disabled ... ok
test scheduler_apply_rt_idempotent ... ok
test scheduler_apply_rt_minimal_succeeds ... ok
test scheduler_custom_period ... ok
test scheduler_default_is_1khz ... ok
test scheduler_phase_error_starts_zero ... ok
test scheduler_record_processing_time_ema_converges ... ok
test scheduler_record_processing_time_ema_initial ... ok
test scheduler_reset_clears_state ... ok
test scheduler_set_adaptive_enabled ... ok
test scheduler_very_large_period ... ok
test scheduler_zero_period_clamped_to_one ... ok
test timing_instant_monotonic ... ok
test timing_scheduler_single_tick ... ok

test result: ok. 89 passed; 0 failed; 0 ignored; 0 measured; 0 filtered out; finished in 0.01s

     Running tests\scheduler_system_tests.rs (target\debug\deps\scheduler_system_tests-104ef2fafd52c91e.exe)

running 79 tests
test adaptive_config_builder_chain ... ok
test adaptive_config_default_matches_new ... ok
test adaptive_config_enabled_constructor ... ok
test adaptive_config_normalize_fixes_inverted ... ok
test adaptive_config_is_valid_inverted_bounds ... ok
test adaptive_config_new_is_disabled ... ok
test adaptive_state_period_fraction_at_boundaries ... ok
test adaptive_state_at_min_max ... ok
test adaptive_state_is_copy ... ok
test adaptive_state_new_defaults ... ok
test adaptive_config_is_valid_default ... ok
test jitter_metrics_all_same_values ... ok
test adaptive_state_default_matches_new ... ok
test jitter_metrics_arbitrary_percentile ... ok
test jitter_metrics_average ... ok
test jitter_metrics_custom_requirements ... ok
test jitter_metrics_fails_requirements_high_miss_rate ... ok
test jitter_metrics_fails_requirements_high_jitter ... ok
test jitter_metrics_last_jitter ... ok
test jitter_metrics_meets_requirements_good ... ok
test jitter_metrics_missed_tick_rate ... ok
test jitter_metrics_missed_tick_rate_zero_ticks ... ok
test jitter_metrics_new_is_empty ... ok
test jitter_metrics_percentile_p50 ... ok
test jitter_metrics_percentile_p95 ... ok
test jitter_metrics_percentile_p99 ... ok
test jitter_metrics_record_increments_total ... ok
test jitter_metrics_reset_clears_all ... ok
test jitter_metrics_sample_count_capped ... ok
test jitter_metrics_single_sample_percentile ... ok
test jitter_metrics_tracks_max ... ok
test jitter_metrics_variance_and_stddev ... ok
test jitter_metrics_with_capacity ... ok
test max_jitter_is_250_microseconds ... ok
test period_1khz_is_one_millisecond_in_nanos ... ok
test pll_average_phase_error ... ok
test pll_consistently_fast_corrects ... ok
test pll_consistently_slow_corrects ... ok
test pll_estimated_period_near_target ... ok
test pll_feeds_jitter_metrics ... ok
test pll_high_frequency_period ... ok
test pll_large_jitter_does_not_panic ... ok
test pll_low_frequency_period ... ok
test pll_new_initial_state ... ok
test pll_perfect_timing_stays_stable ... ok
test pll_reset_clears_state ... ok
test pll_set_target_period ... ok
test pll_update_returns_positive_duration ... ok
test pll_with_gains ... ok
test rt_error_all_variants_distinct ... ok
test rt_error_clone_and_eq ... ok
test rt_error_display_all_variants ... ok
test rt_error_is_std_error ... ok
test rt_result_type_alias_works ... ok
test rt_setup_builder_chain ... ok
test rt_setup_cpu_affinity_all_cores ... ok
test rt_setup_cpu_affinity_single_core ... ok
test rt_setup_default_matches_new ... ok
test rt_setup_has_features_any_enabled ... ok
test rt_setup_minimal_disables_all ... ok
test rt_setup_new_enables_all_features ... ok
test rt_setup_testing_config ... ok
test scheduler_adaptive_period_bounded ... ok
test scheduler_adaptive_state_disabled_by_default ... ok
test scheduler_apply_rt_setup_minimal ... ok
test scheduler_apply_rt_setup_testing ... ok
test scheduler_default_is_1khz ... ok
test scheduler_metrics_access ... ok
test scheduler_metrics_mut_access ... ok
test scheduler_multiple_resets ... ok
test scheduler_new_1khz_defaults ... ok
test scheduler_phase_error_initially_zero ... ok
test scheduler_record_processing_time ... ok
test scheduler_set_adaptive_scheduling ... ok
test scheduler_with_period ... ok
test scheduler_with_period_various_frequencies ... ok
test scheduler_tick_count_matches_wait_result ... ok
test scheduler_wait_for_tick_returns_incrementing_count ... ok
test scheduler_reset_clears_state ... ok

test result: ok. 79 passed; 0 failed; 0 ignored; 0 measured; 0 filtered out; finished in 0.01s

     Running tests\scheduler_timing_deep_tests.rs (target\debug\deps\scheduler_timing_deep_tests-83b62e5d5bcf24ff.exe)

running 46 tests
test adaptive_disabled_keeps_base_period ... ok
test adaptive_stays_bounded_with_extreme_load ... ok
test jitter_ring_buffer_overwrites_oldest ... ok
test jitter_variance_with_constant_samples ... ok
test jitter_percentiles_monotonic ... ok
test pll_converges_with_small_positive_drift ... ok
test jitter_std_dev_consistent_with_variance ... ok
test missed_ticks_counted_in_metrics ... ok
test pll_bounded_under_alternating_load ... ok
test pll_converges_with_exact_target ... ok
test pll_converges_with_small_negative_drift ... ok
test pll_custom_gains_converge ... ok
proptest: FileFailurePersistence::SourceParallel set, but failed to find lib.rs or main.rs
proptest: FileFailurePersistence::SourceParallel set, but failed to find lib.rs or main.rs
test independent_schedulers_do_not_share_state ... ok
proptest: FileFailurePersistence::SourceParallel set, but failed to find lib.rs or main.rs
proptest: FileFailurePersistence::SourceParallel set, but failed to find lib.rs or main.rs
proptest: FileFailurePersistence::SourceParallel set, but failed to find lib.rs or main.rs
proptest: FileFailurePersistence::SourceParallel set, but failed to find lib.rs or main.rs
proptest: FileFailurePersistence::SourceParallel set, but failed to find lib.rs or main.rs
proptest: FileFailurePersistence::SourceParallel set, but failed to find lib.rs or main.rs
proptest: FileFailurePersistence::SourceParallel set, but failed to find lib.rs or main.rs
proptest: FileFailurePersistence::SourceParallel set, but failed to find lib.rs or main.rs
proptest: FileFailurePersistence::SourceParallel set, but failed to find lib.rs or main.rs
proptest: FileFailurePersistence::SourceParallel set, but failed to find lib.rs or main.rs
test prop_adaptive_config_normalize_yields_valid ... ok
proptest: FileFailurePersistence::SourceParallel set, but failed to find lib.rs or main.rs
test prop_adaptive_state_fraction_in_range ... ok
proptest: FileFailurePersistence::SourceParallel set, but failed to find lib.rs or main.rs
test prop_pll_custom_gains_clamped ... ok
test prop_pll_converges_on_exact_input ... ok
proptest: FileFailurePersistence::SourceParallel set, but failed to find lib.rs or main.rs
proptest: FileFailurePersistence::SourceParallel set, but failed to find lib.rs or main.rs
test prop_jitter_missed_rate_in_range ... ok
proptest: FileFailurePersistence::SourceParallel set, but failed to find lib.rs or main.rs
test prop_jitter_total_ticks_correct ... ok
test prop_pll_average_error_finite ... ok
test prop_jitter_reset_clears ... ok
proptest: FileFailurePersistence::SourceParallel set, but failed to find lib.rs or main.rs
proptest: FileFailurePersistence::SourceParallel set, but failed to find lib.rs or main.rs
proptest: FileFailurePersistence::SourceParallel set, but failed to find lib.rs or main.rs
test prop_jitter_sample_count_bounded ... ok
test prop_pll_phase_error_accumulated ... ok
test prop_pll_set_target_updates_target ... ok
test prop_pll_estimated_within_10pct_of_target ... ok
test prop_pll_reset_zeroes_error ... ok
test adaptive_relaxes_under_high_jitter ... ok
test prop_pll_update_always_returns_positive_duration ... ok
test prop_jitter_max_is_greatest_sample ... ok
test prop_jitter_variance_nonneg ... ok
test prop_scheduler_reset_zeroes_counters ... ok
test prop_scheduler_period_always_at_least_1 ... ok
test prop_processing_ema_bounded ... ok
test missed_tick_detected_after_deliberate_sleep ... ok
test prop_jitter_percentile_between_min_max ... ok
test timing_precision_2khz ... ok
test scheduler_recovers_after_missed_deadline ... ok
test timing_precision_1khz ... ok
test scheduler_warmup_first_tick_jitter ... ok
test independent_schedulers_different_rates ... ok
test scheduler_metrics_reflect_simulated_load ... ok
test timing_precision_500hz ... ok
test adaptive_tightens_when_healthy ... ok
test scheduler_under_cpu_busy_loop ... ok
test scheduler_warmup_pll_stabilises ... ok
test timing_precision_100hz ... ok

test result: ok. 46 passed; 0 failed; 0 ignored; 0 measured; 0 filtered out; finished in 0.31s

     Running unittests src\lib.rs (target\debug\deps\openracing_shifter-98e428ac263091a6.exe)

running 59 tests
test input::tests::test_gear_accessor ... ok
test input::tests::test_invalid_report ... ok
test input::tests::test_parse_gamepad_0xff_gear ... ok
test input::tests::test_parse_gamepad_exactly_4_bytes ... ok
test input::tests::test_is_shifting ... ok
test input::tests::test_parse_gamepad ... ok
test input::tests::test_invalid_report_3_bytes ... ok
test input::tests::test_parse_gamepad_5_bytes_no_clutch ... ok
test input::tests::test_invalid_report_empty ... ok
test input::tests::test_parse_gamepad_neutral_gear ... ok
test input::tests::test_parse_gamepad_no_clutch_short_data ... ok
test input::tests::test_parse_gamepad_paddle_down_only ... ok
test input::tests::test_parse_gamepad_with_paddles ... ok
test input::tests::test_sequential_at_max_gear_up ... ok
test input::tests::test_sequential_at_min_gear_down ... ok
test input::tests::test_sequential_both_paddles ... ok
test input::tests::test_parse_gamepad_paddle_up_only ... ok
test input::tests::test_shifter_input_default ... ok
test input::tests::test_parse_gamepad_with_clutch ... ok
test input::tests::test_sequential_shifter_bounds ... ok
test tests::test_constants ... ok
test tests::test_error_debug_format ... ok
test input::tests::test_sequential_shifter_down ... ok
test tests::test_error_display_disconnected ... ok
test tests::test_shifter_result_ok ... ok
test types::tests::test_constants ... ok
test types::tests::test_gear_position_clone_copy ... ok
test types::tests::test_gear_position_default ... ok
test tests::test_error_invalid_report_matches ... ok
test tests::test_shifter_result_err ... ok
test types::tests::test_gear_position_from_raw_all_valid_gears ... ok
test types::tests::test_gear_position_from_raw_boundary ... ok
test input::tests::test_sequential_no_shift ... ok
test types::tests::test_gear_position_from_raw_out_of_range ... ok
test input::tests::test_sequential_shifter ... ok
test tests::test_error_display_invalid_gear ... ok
test tests::test_error_display_invalid_report ... ok
test types::tests::test_gear_position_eq ... ok
test types::tests::test_gear_position_from_raw ... ok
test types::tests::test_gear_position_neutral ... ok
test types::tests::test_gear_position_new_negative ... ok
test types::tests::test_gear_position_new_positive ... ok
test types::tests::test_gear_position_reverse ... ok
test types::tests::test_shifter_capabilities_clone_copy ... ok
test types::tests::test_shifter_capabilities_h_pattern_details ... ok
test types::tests::test_shifter_capabilities_default ... ok
test types::tests::test_shifter_capabilities_sequential_details ... ok
test types::tests::test_shifter_capabilities_h_pattern ... ok
test types::tests::test_shifter_capabilities_sequential ... ok
test types::tests::test_shifter_type_clone_copy ... ok
test types::tests::test_shifter_type_default ... ok
test types::tests::test_shifter_type_variants_distinct ... ok
test input::tests::prop_no_shift_preserves_gear ... ok
test input::tests::prop_sequential_upshift_increases_gear ... ok
test input::tests::prop_sequential_gear_never_exceeds_max ... ok
test input::tests::prop_sequential_gear_never_below_min ... ok
test input::tests::prop_parse_gamepad_fails_for_short_data ... ok
test input::tests::prop_sequential_downshift_decreases_gear ... ok
test input::tests::prop_parse_gamepad_succeeds_for_sufficient_data ... ok

test result: ok. 59 passed; 0 failed; 0 ignored; 0 measured; 0 filtered out; finished in 0.01s

     Running tests\comprehensive.rs (target\debug\deps\comprehensive-0b45e695188bd80c.exe)

running 35 tests
test all_shifter_types_distinct ... ok
test downshift_through_all_gears ... ok
test default_capabilities_are_sequential ... ok
test error_display_messages ... ok
test gear_position_from_raw_all_valid_gears ... ok
test neutral_gear_properties ... ok
test gear_position_from_raw_invalid_values_map_to_neutral ... ok
test gear_position_from_raw_zero_is_neutral ... ok
test gear_position_from_raw_0xff_is_neutral ... ok
test h_pattern_capabilities ... ok
test negative_gear_values_are_reverse ... ok
test default_gear_position_is_neutral ... ok
proptest: FileFailurePersistence::SourceParallel set, but failed to find lib.rs or main.rs
test parse_gamepad_no_clutch_when_short ... ok
test parse_gamepad_both_paddles ... ok
proptest: FileFailurePersistence::SourceParallel set, but failed to find lib.rs or main.rs
proptest: FileFailurePersistence::SourceParallel set, but failed to find lib.rs or main.rs
proptest: FileFailurePersistence::SourceParallel set, but failed to find lib.rs or main.rs
test parse_gamepad_too_short_gives_invalid_report ... ok
test parse_gamepad_neutral_gear ... ok
test parse_gamepad_5_bytes_no_clutch ... ok
test parse_gamepad_gear_and_paddles ... ok
test parse_gamepad_with_clutch_data ... ok
test rapid_up_down_returns_to_original ... ok
test reverse_gear_properties ... ok
test sequential_both_paddles_up_takes_priority ... ok
test sequential_capabilities ... ok
test sequential_downshift_clamped_at_one ... ok
test sequential_downshift_decrements ... ok
test sequential_no_shift_preserves_gear ... ok
test sequential_upshift_clamped_at_max ... ok
test sequential_upshift_increments ... ok
test shifter_input_default ... ok
test upshift_through_all_gears ... ok
test zero_gear_is_neutral_not_reverse ... ok
test prop_sequential_gear_always_bounded ... ok
test prop_from_raw_never_panics ... ok
test prop_parse_gamepad_fails_for_short_data ... ok
test prop_parse_gamepad_succeeds_for_valid_length ... ok

test result: ok. 35 passed; 0 failed; 0 ignored; 0 measured; 0 filtered out; finished in 0.01s

     Running tests\shifter_deep_tests.rs (target\debug\deps\shifter_deep_tests-55e77e813d4b5312.exe)

running 80 tests
test clutch_parsing::clutch_little_endian_encoding ... ok
test clutch_parsing::clutch_mid_value ... ok
test clutch_parsing::combined_gear_paddles_clutch ... ok
test debounce::alternating_shifts_stay_bounded ... ok
test debounce::rapid_upshifts_clamped_at_max ... ok
test debounce::rapid_downshifts_clamped_at_one ... ok
test edge_cases::capabilities_default_matches_sequential ... ok
test debounce::up_then_down_returns_to_original ... ok
test edge_cases::capabilities_h_pattern_details ... ok
test edge_cases::capabilities_sequential_details ... ok
test clutch_parsing::clutch_min_value ... ok
test clutch_parsing::clutch_max_value ... ok
test edge_cases::error_display_invalid_gear ... ok
test edge_cases::error_display_invalid_report ... ok
test edge_cases::error_debug_format_not_empty ... ok
test edge_cases::error_display_disconnected ... ok
test edge_cases::gear_position_clone_copy ... ok
test edge_cases::gear_position_default_is_neutral ... ok
test edge_cases::max_gears_constant ... ok
test edge_cases::neutral_gear_constant ... ok
test edge_cases::parse_gamepad_invalid_report_for_short_data ... ok
test edge_cases::raw_values_above_7_map_to_neutral ... ok
test edge_cases::shifter_type_all_variants_distinct ... ok
test edge_cases::shifter_type_default_is_sequential ... ok
test gear_position_encoding::from_raw_8_through_254_all_neutral ... ok
test gear_position_encoding::from_raw_all_256_values_never_panic ... ok
test gear_position_encoding::from_raw_valid_range_1_to_7_are_forward_gears ... ok
test gear_position_encoding::gear_position_new_encodes_flags_correctly ... ok
test h_pattern::all_forward_gears_recognized ... ok
test gear_position_encoding::gear_position_serde_all_special_values ... ok
test h_pattern::gear_position_equality ... ok
test h_pattern::negative_gear_values_are_reverse ... ok
test h_pattern::neutral_from_raw_0xff ... ok
test h_pattern::neutral_from_raw_zero ... ok
test h_pattern::parse_gamepad_neutral_gear ... ok
test h_pattern::parse_gamepad_recognizes_all_h_pattern_gears ... ok
test h_pattern::reverse_gear_from_new ... ok
test multi_gate_patterns::five_speed_pattern ... ok
test multi_gate_patterns::four_speed_plus_reverse_pattern ... ok
test multi_gate_patterns::gate_transitions_neutral_to_gear_to_neutral ... ok
test multi_gate_patterns::h_pattern_caps_reflect_6_gears ... ok
test multi_gate_patterns::sequential_caps_reflect_8_gears ... ok
test multi_gate_patterns::seven_speed_pattern ... ok
test multi_gate_patterns::six_speed_pattern ... ok
proptest: FileFailurePersistence::SourceParallel set, but failed to find lib.rs or main.rs
proptest: FileFailurePersistence::SourceParallel set, but failed to find lib.rs or main.rs
test neutral_detection::default_shifter_input_is_neutral ... ok
proptest: FileFailurePersistence::SourceParallel set, but failed to find lib.rs or main.rs
test neutral_detection::neutral_from_multiple_raw_sources ... ok
proptest: FileFailurePersistence::SourceParallel set, but failed to find lib.rs or main.rs
proptest: FileFailurePersistence::SourceParallel set, but failed to find lib.rs or main.rs
test neutral_detection::neutral_gear_constant_is_zero ... ok
test neutral_detection::neutral_is_not_reverse ... ok
test neutral_detection::parse_gamepad_0xff_gives_neutral ... ok
proptest: FileFailurePersistence::SourceParallel set, but failed to find lib.rs or main.rs
proptest: FileFailurePersistence::SourceParallel set, but failed to find lib.rs or main.rs
proptest: FileFailurePersistence::SourceParallel set, but failed to find lib.rs or main.rs
test sequential_mode::clutch_data_parsed_when_6_bytes ... ok
test sequential_mode::downshift_decrements_gear ... ok
test sequential_mode::no_shift_preserves_gear ... ok
test sequential_mode::both_paddles_up_takes_priority ... ok
proptest: FileFailurePersistence::SourceParallel set, but failed to find lib.rs or main.rs
test sequential_mode::no_clutch_when_4_bytes ... ok
test sequential_mode::paddle_buttons_from_gamepad ... ok
test sequential_mode::no_clutch_when_5_bytes ... ok
test sequential_with_reverse::type_variant_exists_and_distinct ... ok
test sequential_with_reverse::serde_roundtrip ... ok
test sequential_with_reverse::capabilities_serde_roundtrip ... ok
test serde_roundtrip::gear_position_serde_roundtrip ... ok
test sequential_mode::upshift_increments_gear ... ok
test sequential_with_reverse::capabilities_can_be_built_with_reverse ... ok
test serde_roundtrip::shifter_capabilities_serde_roundtrip ... ok
test serde_roundtrip::shifter_type_serde_roundtrip ... ok
test state_transitions::upshift_through_all_gears_sequentially ... ok
test state_transitions::downshift_from_negative_clamps_to_one ... ok
test state_transitions::downshift_through_all_gears_sequentially ... ok
test state_transitions::no_shift_with_negative_gear_preserves_it ... ok
test state_transitions::no_shift_with_zero_gear_preserves_it ... ok
test state_transitions::shifter_input_default_is_neutral ... ok
test state_transitions::upshift_from_beyond_max_stays_clamped ... ok
test prop_downshift_never_below_one ... ok
test prop_no_shift_preserves_gear_exactly ... ok
test prop_upshift_never_exceeds_max ... ok
test prop_parse_gamepad_short_data_always_err ... ok
test prop_gear_output_always_valid_for_sequential_down ... ok
test prop_from_raw_never_panics_and_gear_is_bounded ... ok
test prop_gear_output_always_valid_for_sequential_up ... ok
test prop_parsed_gear_from_raw_matches_direct ... ok
test prop_parse_gamepad_valid_length_always_ok ... ok

test result: ok. 80 passed; 0 failed; 0 ignored; 0 measured; 0 filtered out; finished in 0.04s

     Running unittests src\lib.rs (target\debug\deps\openracing_telemetry_streams-f2f294b5459f66e7.exe)

running 8 tests
test buffer::tests::test_ring_buffer ... ok
test buffer::tests::test_telemetry_buffer_basic ... ok
test buffer::tests::test_ring_buffer_overflow ... ok
test buffer::tests::test_telemetry_buffer_latest ... ok
test processing::tests::test_moving_average ... ok
test tests::test_error_types ... ok
test processing::tests::test_rate_limiter ... ok
test processing::tests::test_rate_counter ... ok

test result: ok. 8 passed; 0 failed; 0 ignored; 0 measured; 0 filtered out; finished in 0.10s

     Running tests\comprehensive.rs (target\debug\deps\comprehensive-f3e582cc54f46988.exe)

running 35 tests
test moving_average_empty_returns_zero ... ok
test moving_average_full_window ... ok
test moving_average_reset_clears ... ok
test rate_counter_initial_rate_zero ... ok
test moving_average_single_value ... ok
test ring_buffer_clear_resets ... ok
test moving_average_window_slides ... ok
test rate_counter_reset_clears ... ok
test rate_limiter_first_call_allowed ... ok
test rate_limiter_immediate_second_call_blocked ... ok
test rate_limiter_reset_allows_immediate_update ... ok
test ring_buffer_full_state ... ok
test ring_buffer_initial_state ... ok
test ring_buffer_interleaved_read_write ... ok
test ring_buffer_overflow_evicts_oldest ... ok
test ring_buffer_wrap_around_multiple_cycles ... ok
test ring_buffer_read_empty_returns_none ... ok
test ring_buffer_write_and_read ... ok
test stream_error_display_buffer_overflow ... ok
test stream_error_display_processing_error ... ok
test stream_error_display_stream_closed ... ok
test stream_result_err ... ok
test stream_result_ok ... ok
test telemetry_buffer_clear_empties_buffer ... ok
test telemetry_buffer_continuous_eviction ... ok
test telemetry_buffer_default_is_empty ... ok
test telemetry_buffer_evicts_oldest_when_full ... ok
test telemetry_buffer_iter_collects_all ... ok
test telemetry_buffer_latest_and_oldest ... ok
test telemetry_buffer_latest_oldest_on_empty ... ok
test telemetry_buffer_new_is_empty ... ok
test telemetry_buffer_push_pop_fifo ... ok
test telemetry_buffer_size_one_always_has_latest ... ok
test rate_limiter_allows_after_interval ... ok
test rate_counter_increments_tracked ... ok

test result: ok. 35 passed; 0 failed; 0 ignored; 0 measured; 0 filtered out; finished in 0.05s

     Running tests\extended_coverage.rs (target\debug\deps\extended_coverage-eaaec8200c802afe.exe)

running 15 tests
test moving_average_large_window_partially_filled ... ok
test moving_average_window_size_one ... ok
test moving_average_negative_values ... ok
test ring_buffer_struct_overflow_evicts_oldest ... ok
test ring_buffer_overwrite_cycle ... ok
test ring_buffer_large_capacity_fill_drain ... ok
test ring_buffer_capacity_one ... ok
test ring_buffer_struct_payload_write_read ... ok
test telemetry_buffer_string_payloads ... ok
test stream_error_debug_format ... ok
test stream_error_processing_error_message ... ok
test telemetry_buffer_iter_empty ... ok
test telemetry_buffer_pop_from_empty_returns_none ... ok
test telemetry_buffer_push_and_clear_cycle ... ok
test telemetry_buffer_single_element ... ok

test result: ok. 15 passed; 0 failed; 0 ignored; 0 measured; 0 filtered out; finished in 0.00s

     Running tests\stream_hardening_tests.rs (target\debug\deps\stream_hardening_tests-3aecdf1b4f19b3fe.exe)

running 40 tests
test test_moving_average_empty ... ok
test test_moving_average_single_value ... ok
test test_moving_average_reset ... ok
test test_multiple_independent_buffers ... ok
test test_moving_average_window_slide ... ok
test test_moving_average_window_size_1 ... ok
test test_rate_limiter_lifecycle ... ok
test test_rate_counter_reset_zeroes_count ... ok
test test_rate_limiter_first_update_allowed ... ok
test test_moving_average_window_full ... ok
test test_rate_limiter_immediate_second_rejected ... ok
test test_rate_limiter_reset_allows_update ... ok
test test_ring_buffer_creation ... ok
test test_ring_buffer_clear ... ok
test test_ring_buffer_lifecycle_start_use_clear_reuse ... ok
test test_ring_buffer_capacity_1 ... ok
test test_ring_buffer_overflow_evicts_oldest ... ok
test test_ring_buffer_read_empty ... ok
test test_ring_buffer_stress ... ok
test test_ring_buffer_wrap_around ... ok
test test_ring_buffer_write_read ... ok
test test_stream_error_buffer_overflow_display ... ok
test test_stream_error_processing_display ... ok
test test_stream_error_stream_closed_display ... ok
test test_telemetry_buffer_capacity_1 ... ok
test test_telemetry_buffer_clear ... ok
test test_telemetry_buffer_creation_custom_capacity ... ok
test test_telemetry_buffer_creation_default ... ok
test test_telemetry_buffer_evicts_oldest_at_capacity ... ok
test test_telemetry_buffer_evicts_correctly_with_many_pushes ... ok
test test_telemetry_buffer_concurrent_push ... ok
test test_telemetry_buffer_iter ... ok
test test_telemetry_buffer_latest_oldest ... ok
test test_telemetry_buffer_latest_oldest_empty ... ok
test test_telemetry_buffer_lifecycle ... ok
test test_telemetry_buffer_push_pop_fifo ... ok
test test_rate_limiter_allows_after_interval ... ok
test test_rate_counter_increments ... ok
test test_rate_counter_lifecycle ... ok
test test_telemetry_buffer_concurrent_push_pop ... ok

test result: ok. 40 passed; 0 failed; 0 ignored; 0 measured; 0 filtered out; finished in 0.16s

     Running tests\streams_deep_tests.rs (target\debug\deps\streams_deep_tests-33adcf12aff9d9e7.exe)

running 52 tests
test moving_average_empty_returns_zero ... ok
test moving_average_large_window_partially_filled ... ok
test moving_average_negative_values ... ok
test moving_average_reset ... ok
test moving_average_window_size_one ... ok
test moving_average_single_value ... ok
test moving_average_slides_window ... ok
test moving_average_within_window ... ok
test rate_counter_starts_at_zero ... ok
test rate_limiter_immediate_second_call_rejected ... ok
test rate_limiter_low_rate_long_interval ... ok
test rate_limiter_first_update_always_passes ... ok
test rate_limiter_multiple_resets ... ok
test rate_limiter_reset_allows_immediate_update ... ok
test ring_buffer_clear_resets_state ... ok
test ring_buffer_capacity_one ... ok
test ring_buffer_creation_empty ... ok
test ring_buffer_interleaved_write_read ... ok
test ring_buffer_overflow_evicts_oldest ... ok
test ring_buffer_read_from_empty_returns_none ... ok
test ring_buffer_wraparound_correctness ... ok
test ring_buffer_write_read_fifo ... ok
test stream_error_debug_contains_variant_name ... ok
test stream_error_display ... ok
test stream_error_is_std_error ... ok
test moving_average_high_throughput ... ok
test telemetry_buffer_capacity_one ... ok
test ring_buffer_rapid_write_read_cycles ... ok
test telemetry_buffer_clear ... ok
test telemetry_buffer_creation_empty ... ok
test telemetry_buffer_continuous_eviction_stress ... ok
test telemetry_buffer_default_capacity ... ok
test ring_buffer_high_throughput_write ... ok
test telemetry_buffer_broadcast_snapshot_consistency ... ok
test telemetry_buffer_latest_oldest_single_element ... ok
test telemetry_buffer_latest_and_oldest ... ok
test telemetry_buffer_iter_clones_contents ... ok
test telemetry_buffer_concurrent_writers_and_readers ... ok
test telemetry_buffer_evicts_oldest_on_overflow ... ok
test telemetry_buffer_push_after_pop_and_clear_cycle ... ok
test telemetry_buffer_multiple_readers_via_iter ... ok
test telemetry_buffer_push_pop_fifo_order ... ok
test telemetry_buffer_writer_during_reader_iter ... ok
test telemetry_buffer_multiple_writers ... ok
test rate_counter_increment_and_rate ... ok
test rate_counter_reset_clears_count ... ok
test telemetry_buffer_high_throughput_single_thread ... ok
test rate_counter_high_frequency_increments ... ok
test telemetry_buffer_thread_safe_push_pop ... ok
test telemetry_buffer_concurrent_load_stress ... ok
test rate_limiter_after_delay_passes ... ok
test rate_counter_multiple_resets ... ok

test result: ok. 52 passed; 0 failed; 0 ignored; 0 measured; 0 filtered out; finished in 0.03s

     Running unittests src\lib.rs (target\debug\deps\openracing_test_helpers-bea84be2803e2f94.exe)

running 69 tests

thread 'assertions::tests::test_assert_approx_eq_fail' (1010228) panicked at crates\openracing-test-helpers\src\assertions.rs:406:9:
assertion failed: `(left Γëê right)`
  left: `1.0`,
 right: `1.1`,
  diff: `0.10000000000000009`,
  tolerance: `0.001`
note: run with `RUST_BACKTRACE=1` environment variable to display a backtrace

thread 'assertions::tests::test_assert_contains_fail' (1019736) panicked at crates\openracing-test-helpers\src\assertions.rs:473:9:
assertion failed: string does not contain substring
  haystack: `"hello"`
  needle: `"world"`
test assertions::tests::test_assert_contains_pass ... ok

thread 'assertions::tests::test_assert_empty_fail' (1011300) panicked at crates\openracing-test-helpers\src\assertions.rs:541:9:
assertion failed: collection is not empty (len = 3)

thread 'assertions::tests::test_assert_monotonic_desc_fail' (1001076) panicked at crates\openracing-test-helpers\src\assertions.rs:462:9:
assertion failed: sequence is not strictly monotonic decreasing
  violation at index 0: 1 <= 2
test assertions::tests::test_assert_err_pass ... ok

thread 'assertions::tests::test_assert_monotonic_fail_decreasing' (1019608) panicked at crates\openracing-test-helpers\src\assertions.rs:451:9:
test assertions::tests::test_assert_in_range_pass ... ok
assertion failed: sequence is not strictly monotonic
  violation at index 0: 3 >= 2

thread 'assertions::tests::test_assert_err_fail' (33716) panicked at crates\openracing-test-helpers\src\assertions.rs:501:9:
assertion failed: expected Err, got Ok(42)

thread 'assertions::tests::test_assert_in_range_fail' (1017240) panicked at crates\openracing-test-helpers\src\assertions.rs:565:9:
assertion failed: value 11 is not in range 0..=10
test assertions::tests::test_assert_contains_fail - should panic ... ok

thread 'assertions::tests::test_assert_none_fail' (1006004) panicked at crates\openracing-test-helpers\src\assertions.rs:528:9:
assertion failed: expected None, got Some(42)
test assertions::tests::test_assert_monotonic_desc_pass ... ok

thread 'assertions::tests::test_assert_ok_fail' (1016032) panicked at crates\openracing-test-helpers\src\assertions.rs:487:9:
assertion failed: expected Ok, got Err("error")

thread 'assertions::tests::test_assert_not_empty_fail' (1018112) panicked at crates\openracing-test-helpers\src\assertions.rs:552:9:
assertion failed: collection is empty
test assertions::tests::test_assert_approx_eq_fail - should panic ... ok
test assertions::tests::test_assert_approx_eq_pass ... ok

thread 'assertions::tests::test_assert_monotonic_fail_duplicates' (1012144) panicked at crates\openracing-test-helpers\src\assertions.rs:445:9:
assertion failed: sequence is not strictly monotonic
  violation at index 1: 2 >= 2
test assertions::tests::test_assert_empty_fail - should panic ... ok

thread 'assertions::tests::test_assert_some_fail' (1017708) panicked at crates\openracing-test-helpers\src\assertions.rs:515:9:
assertion failed: expected Some, got None
test assertions::tests::test_assert_empty_pass ... ok

thread 'assertions::tests::test_assert_sorted_desc_fail' (1014796) panicked at crates\openracing-test-helpers\src\assertions.rs:432:9:
assertion failed: collection is not sorted in descending order
  first unsorted pair at index 0: 1 < 2
test assertions::tests::test_assert_monotonic_desc_fail - should panic ... ok
test assertions::tests::test_assert_monotonic_fail_decreasing - should panic ... ok

thread 'assertions::tests::test_assert_sorted_fail' (1010604) panicked at crates\openracing-test-helpers\src\assertions.rs:420:9:
assertion failed: collection is not sorted
  first unsorted pair at index 0: 3 > 2
test assertions::tests::test_assert_err_fail - should panic ... ok
test assertions::tests::test_assert_not_empty_pass ... ok
test assertions::tests::test_assert_in_range_fail - should panic ... ok
test assertions::tests::test_assert_ok_fail - should panic ... ok
test assertions::tests::test_assert_none_fail - should panic ... ok
test assertions::tests::test_assert_ok_pass ... ok
test assertions::tests::test_assert_not_empty_fail - should panic ... ok
test assertions::tests::test_assert_monotonic_pass ... ok
test assertions::tests::test_assert_monotonic_fail_duplicates - should panic ... ok
test assertions::tests::test_assert_none_pass ... ok
test assertions::tests::test_assert_some_pass ... ok
test assertions::tests::test_assert_some_fail - should panic ... ok
test assertions::tests::test_assert_sorted_desc_fail - should panic ... ok
test assertions::tests::test_assert_sorted_desc_pass ... ok
test assertions::tests::test_assert_sorted_fail - should panic ... ok
test assertions::tests::test_assert_sorted_pass ... ok
test fixtures::tests::test_device_capabilities_builder ... ok
test fixtures::tests::test_device_capabilities_fixtures ... ok
test fixtures::tests::test_get_fixtures ... ok
test fixtures::tests::test_performance_fixtures ... ok
test fixtures::tests::test_profile_fixture_builder ... ok

thread 'must::tests::async_tests::test_must_async_err' (1019852) panicked at crates\openracing-test-helpers\src\must.rs:175:23:
must_async: unexpected Err: "error"
test fixtures::tests::test_profile_fixtures ... ok
test fixtures::tests::test_telemetry_fixtures ... ok

thread 'must::tests::async_tests::test_must_some_async_none' (991620) panicked at crates\openracing-test-helpers\src\must.rs:188:21:
must_some_async: expected

thread 'must::tests::test_must_err' (1015624) panicked at crates\openracing-test-helpers\src\must.rs:210:17:
must: unexpected Err: "test error"
test fixtures::tests::test_telemetry_total_samples ... ok
test mock::tests::test_mock_hid_device ... ok
test mock::tests::test_mock_hid_device_clear ... ok
test mock::tests::test_mock_hid_device_failure ... ok
test mock::tests::test_mock_profile ... ok

thread 'must::tests::test_must_parse_failure' (1011108) panicked at crates\openracing-test-helpers\src\must.rs:85:29:
must_parse: failed to parse "not a number": ParseIntError { kind: InvalidDigit }
test mock::tests::test_mock_telemetry_data ... ok

thread 'must::tests::test_must_some_none' (1005016) panicked at crates\openracing-test-helpers\src\must.rs:223:17:
must_some: expected value
test mock::tests::test_mock_telemetry_port ... ok
test mock::tests::test_mock_telemetry_data_racing_sample ... ok
test mock::tests::test_mock_telemetry_port_empty ... ok
test mock::tests::test_mock_telemetry_port_generate ... ok

thread 'must::tests::test_must_with_err' (1012000) panicked at crates\openracing-test-helpers\src\must.rs:248:17:
must_with: context: "error"
test must::tests::async_tests::test_must_async_ok ... ok
test must::tests::async_tests::test_must_async_err - should panic ... ok

thread 'must::tests::test_track_caller_points_to_call_site' (982152) panicked at crates\openracing-test-helpers\src\must.rs:85:29:
must_parse: failed to parse "bad": ParseIntError { kind: InvalidDigit }
test must::tests::test_must_err - should panic ... ok
test must::tests::async_tests::test_must_some_async_none - should panic ... ok

thread 'tracking::tests::test_allocation_report_assert' (1013600) panicked at crates\openracing-test-helpers\src\tracking.rs:170:13:
Allocation violation in 'test': 1 allocations (100 bytes)
test must::tests::test_must_ok ... ok
test must::tests::async_tests::test_must_some_async_some ... ok
test must::tests::test_must_or_else_err ... ok
test must::tests::test_must_or_else_ok ... ok
test must::tests::test_must_parse_failure - should panic ... ok

thread 'tracking::tests::test_guard_with_allocations' (999700) panicked at crates\openracing-test-helpers\src\tracking.rs:214:9:
RT path allocation violation: 1 allocations (12 bytes)
This violates the zero-allocation requirement for real-time code.
Location: crates\openracing-test-helpers\src\tracking.rs:214
test must::tests::test_must_parse_success ... ok
test must::tests::test_must_some_none - should panic ... ok
test must::tests::test_must_some_or_none ... ok
test must::tests::test_must_some_or_some ... ok
test must::tests::test_must_some_present ... ok
test must::tests::test_must_with_err - should panic ... ok
test must::tests::test_must_with_ok ... ok
test must::tests::test_track_caller_points_to_call_site ... ok
test tracking::tests::test_allocation_report ... ok
test tracking::tests::test_allocation_report_assert - should panic ... ok
test tracking::tests::test_allocation_report_display ... ok
test tracking::tests::test_guard_allocations_count ... ok
test tracking::tests::test_guard_has_allocations ... ok
test tracking::tests::test_guard_no_allocations ... ok
test tracking::tests::test_guard_with_allocations - should panic ... ok
test tracking::tests::test_nested_guards ... ok

test result: ok. 69 passed; 0 failed; 0 ignored; 0 measured; 0 filtered out; finished in 0.01s

     Running tests\test_helpers_tests.rs (target\debug\deps\test_helpers_tests-517e397ad615a5a1.exe)

running 149 tests

thread 'assertion_macros::approx_eq_fails_outside_tolerance' (1015412) panicked at crates\openracing-test-helpers\tests\test_helpers_tests.rs:45:9:
assertion failed: `(left Γëê right)`
  left: `1.0`,
 right: `2.0`,
  diff: `1.0`,
  tolerance: `0.001`
note: run with `RUST_BACKTRACE=1` environment variable to display a backtrace
test assertion_macros::approx_eq_exact_values ... ok
test assertion_macros::approx_eq_f32_within_tolerance ... ok

thread 'assertion_macros::assert_err_fails_on_ok' (1018864) panicked at crates\openracing-test-helpers\tests\test_helpers_tests.rs:227:9:
assertion failed: expected Err, got Ok(1)

thread 'assertion_macros::assert_none_fails_on_some' (244228) panicked at crates\openracing-test-helpers\tests\test_helpers_tests.rs:263:9:
assertion failed: expected None, got Some(42)
test assertion_macros::approx_eq_f64_within_tolerance ... ok
test assertion_macros::approx_eq_negative_values ... ok

thread 'assertion_macros::assert_empty_fails_on_nonempty' (1011016) panicked at crates\openracing-test-helpers\tests\test_helpers_tests.rs:291:9:
assertion failed: collection is not empty (len = 2)
test assertion_macros::assert_empty_vec ... ok

thread 'assertion_macros::assert_not_empty_fails_on_empty' (1018652) panicked at crates\openracing-test-helpers\tests\test_helpers_tests.rs:312:9:
assertion failed: collection is empty
test assertion_macros::assert_err_with_message ... ok
test assertion_macros::assert_empty_string ... ok
test assertion_macros::approx_eq_fails_outside_tolerance - should panic ... ok
test assertion_macros::assert_empty_slice ... ok

thread 'assertion_macros::assert_ok_fails_on_err' (1018680) panicked at crates\openracing-test-helpers\tests\test_helpers_tests.rs:206:9:
assertion failed: expected Ok, got Err("fail")
test assertion_macros::assert_none_with_message ... ok

thread 'assertion_macros::assert_some_fails_on_none' (1017092) panicked at crates\openracing-test-helpers\tests\test_helpers_tests.rs:247:9:
assertion failed: expected Some, got None
test assertion_macros::assert_err_extracts_error ... ok
test assertion_macros::assert_err_fails_on_ok - should panic ... ok
test assertion_macros::assert_none_passes_on_none ... ok
test assertion_macros::assert_none_fails_on_some - should panic ... ok

thread 'assertion_macros::contains_fails_when_missing' (984564) panicked at crates\openracing-test-helpers\tests\test_helpers_tests.rs:183:9:
assertion failed: string does not contain substring
  haystack: `"hello"`
  needle: `"xyz"`
test assertion_macros::approx_eq_with_custom_message ... ok
test assertion_macros::assert_empty_with_message ... ok
test assertion_macros::assert_empty_fails_on_nonempty - should panic ... ok
test assertion_macros::assert_not_empty_string ... ok
test assertion_macros::assert_not_empty_vec ... ok
test assertion_macros::assert_not_empty_fails_on_empty - should panic ... ok

thread 'assertion_macros::in_range_fails_outside' (1018544) panicked at crates\openracing-test-helpers\tests\test_helpers_tests.rs:338:9:
assertion failed: value 11 is not in range 0..=10
test assertion_macros::assert_not_empty_with_message ... ok
test assertion_macros::assert_ok_extracts_value ... ok
test assertion_macros::assert_ok_with_message ... ok
test assertion_macros::assert_ok_fails_on_err - should panic ... ok

thread 'assertion_macros::monotonic_desc_fails_with_duplicates' (1018812) panicked at crates\openracing-test-helpers\tests\test_helpers_tests.rs:155:9:
assertion failed: sequence is not strictly monotonic decreasing
  violation at index 1: 4 <= 4
test assertion_macros::assert_some_extracts_value ... ok
test assertion_macros::assert_some_fails_on_none - should panic ... ok
test assertion_macros::assert_some_with_message ... ok

thread 'assertion_macros::monotonic_fails_with_decrease' (1013920) panicked at crates\openracing-test-helpers\tests\test_helpers_tests.rs:136:9:
assertion failed: sequence is not strictly monotonic
  violation at index 1: 3 >= 2
test assertion_macros::contains_empty_needle ... ok

thread 'assertion_macros::monotonic_fails_with_duplicates' (1017500) panicked at crates\openracing-test-helpers\tests\test_helpers_tests.rs:130:9:
assertion failed: sequence is not strictly monotonic
  violation at index 1: 2 >= 2
test assertion_macros::contains_fails_when_missing - should panic ... ok
test assertion_macros::contains_full_string ... ok
test assertion_macros::contains_substring ... ok
test assertion_macros::contains_with_custom_message ... ok
test assertion_macros::in_range_exclusive_end ... ok

thread 'assertion_macros::sorted_desc_fails_for_ascending' (991412) panicked at crates\openracing-test-helpers\tests\test_helpers_tests.rs:106:9:
assertion failed: collection is not sorted in descending order
  first unsorted pair at index 0: 1 < 2
test assertion_macros::in_range_f64_values ... ok
test assertion_macros::in_range_fails_outside - should panic ... ok
test assertion_macros::in_range_inclusive ... ok
test assertion_macros::in_range_with_message ... ok

thread 'assertion_macros::sorted_fails_for_unsorted' (1015992) panicked at crates\openracing-test-helpers\tests\test_helpers_tests.rs:83:9:
assertion failed: collection is not sorted
  first unsorted pair at index 0: 3 > 1
test assertion_macros::monotonic_desc_empty_and_single ... ok
test assertion_macros::monotonic_desc_strictly_decreasing ... ok
test assertion_macros::monotonic_desc_fails_with_duplicates - should panic ... ok
test assertion_macros::monotonic_empty_and_single ... ok
test assertion_macros::monotonic_fails_with_decrease - should panic ... ok
test assertion_macros::monotonic_fails_with_duplicates - should panic ... ok
test assertion_macros::monotonic_strictly_increasing ... ok
test assertion_macros::monotonic_with_custom_message ... ok
test assertion_macros::sorted_ascending_integers ... ok

thread 'async_must::must_some_async_panics_on_none' (1012352) panicked at crates\openracing-test-helpers\src\must.rs:188:21:
must_some_async: no value

thread 'async_must::must_async_panics_on_err' (1014992) panicked at crates\openracing-test-helpers\src\must.rs:175:23:
must_async: unexpected Err: "async error"
test assertion_macros::sorted_desc_empty ... ok
test assertion_macros::sorted_desc_fails_for_ascending - should panic ... ok
test assertion_macros::sorted_desc_integers ... ok
test assertion_macros::sorted_desc_with_duplicates ... ok
test assertion_macros::sorted_empty_collection ... ok
test assertion_macros::sorted_fails_for_unsorted - should panic ... ok
test assertion_macros::sorted_single_element ... ok
test assertion_macros::sorted_strings ... ok
test assertion_macros::sorted_with_custom_message ... ok
test assertion_macros::sorted_with_duplicates ... ok
test fixture_generation::all_load_levels_represented ... ok
test fixture_generation::basic_wheel_fixture_values ... ok
test async_must::must_some_async_unwraps_some ... ok
test async_must::must_async_panics_on_err - should panic ... ok
test async_must::must_async_unwraps_ok ... ok
test async_must::must_some_async_panics_on_none - should panic ... ok
test fixture_generation::dd_wheel_fixture_values ... ok
test fixture_generation::device_builder_with_encoder_cpr ... ok
test fixture_generation::device_builder_with_max_torque ... ok
test fixture_generation::device_builder_with_raw_torque ... ok
test fixture_generation::device_default_is_basic_wheel ... ok
test fixture_generation::device_new_is_default ... ok
test fixture_generation::get_device_fixtures_returns_three ... ok
test fixture_generation::get_performance_fixtures_returns_five ... ok
test fixture_generation::get_profile_fixtures_returns_four ... ok
test fixture_generation::get_telemetry_fixtures_returns_three ... ok
test fixture_generation::high_end_dd_fixture_values ... ok
test fixture_generation::invalid_dor_profile_fixture ... ok
test fixture_generation::invalid_gain_profile_fixture ... ok
test fixture_generation::invalid_torque_cap_profile_fixture ... ok
test fixture_generation::performance_builder_with_duration ... ok
test fixture_generation::performance_builder_with_load_level ... ok
test fixture_generation::performance_default_is_normal_load ... ok
test fixture_generation::performance_fixture_durations_increase_with_load ... ok
test fixture_generation::performance_fixture_jitter_increases_with_load ... ok
test fixture_generation::performance_fixture_load_levels ... ok
test fixture_generation::profile_builder_chain ... ok
test fixture_generation::profile_default_is_valid ... ok
test fixture_generation::telemetry_basic_fixture ... ok
test fixture_generation::telemetry_default_is_basic ... ok
test fixture_generation::telemetry_high_performance_fixture ... ok
test fixture_generation::telemetry_racing_fixture ... ok
test fixture_generation::telemetry_total_samples_calculation ... ok
test fixture_generation::telemetry_total_samples_default_basic ... ok
test fixture_generation::valid_profile_fixture ... ok
test mock_device::clear_removes_all_reports ... ok
test mock_device::default_device_is_same_as_new ... ok
test mock_device::empty_data_write ... ok
test mock_device::fail_on_write_mode ... ok
test mock_device::last_report_accessors ... ok
test mock_device::multiple_writes_accumulate ... ok
test mock_device::new_device_has_no_reports ... ok
test mock_device::with_delay_configures_delay ... ok
test mock_device::write_feature_report_records_data ... ok
test mock_device::write_output_report_records_data ... ok
test mock_profile::profile_clone_preserves_all_fields ... ok
test mock_profile::profile_debug_format ... ok
test mock_profile::profile_default_values ... ok
test mock_profile::profile_full_builder ... ok
test mock_profile::profile_id_creation ... ok
test mock_profile::profile_id_equality ... ok
test mock_profile::profile_id_default ... ok
test mock_telemetry::default_port_is_empty ... ok
test mock_profile::profile_id_hash_consistency ... ok

thread 'must_helpers::must_panics_on_err' (1008008) panicked at crates\openracing-test-helpers\tests\test_helpers_tests.rs:364:17:
must: unexpected Err: "boom"

thread 'must_helpers::must_parse_fails_on_invalid' (992348) panicked at crates\openracing-test-helpers\src\must.rs:85:29:
must_parse: failed to parse "abc": ParseIntError { kind: InvalidDigit }
test mock_telemetry::default_telemetry_data_is_zeroed ... ok
test mock_telemetry::empty_port_returns_none ... ok
test mock_telemetry::generate_racing_sequence_all_valid ... ok
test mock_telemetry::generate_racing_sequence_correct_count ... ok
test mock_telemetry::port_iterates_in_order ... ok
test mock_telemetry::racing_samples_at_different_progress_differ ... ok
test mock_telemetry::racing_sample_produces_valid_ranges ... ok

thread 'must_helpers::must_some_panics_on_none' (1009956) panicked at crates\openracing-test-helpers\tests\test_helpers_tests.rs:375:17:
must_some: missing
test mock_telemetry::port_reset_restarts_iteration ... ok

thread 'must_helpers::must_with_includes_context_in_panic' (1019652) panicked at crates\openracing-test-helpers\tests\test_helpers_tests.rs:412:17:
must_with: loading config: "not found"
test mock_telemetry::telemetry_builder_chain ... ok
test mock_telemetry::telemetry_data_clone_and_debug ... ok
test mock_telemetry::with_data_constructor ... ok
test must_helpers::must_or_else_computes_from_error ... ok
test must_helpers::must_or_else_returns_ok_value ... ok
test must_helpers::must_parse_bool ... ok
test must_helpers::must_panics_on_err - should panic ... ok
test must_helpers::must_parse_fails_on_invalid - should panic ... ok
test must_helpers::must_parse_float ... ok

thread 'tracking_api::allocation_report_assert_zero_panics_for_nonzero' (1012664) panicked at crates\openracing-test-helpers\src\tracking.rs:170:13:
Allocation violation in 'rt_path': 5 allocations (1024 bytes)
test must_helpers::must_parse_integer ... ok
test must_helpers::must_some_or_returns_default_when_none ... ok
test must_helpers::must_some_or_returns_value_when_some ... ok
test must_helpers::must_some_panics_on_none - should panic ... ok
test must_helpers::must_with_includes_context_in_panic - should panic ... ok
test must_helpers::must_some_unwraps_some ... ok
test must_helpers::must_unwraps_ok ... ok
test must_helpers::must_with_unwraps_ok_with_context ... ok
test prelude_exports::prelude_must_available ... ok
test prelude_exports::prelude_must_or_else_available ... ok
test prelude_exports::prelude_must_parse_available ... ok
test prelude_exports::prelude_must_some_available ... ok
test prelude_exports::prelude_must_some_or_available ... ok
test prelude_exports::test_result_type_alias_works ... ok
test prelude_exports::prelude_must_with_available ... ok
test tracking_api::allocation_report_assert_zero_panics_for_nonzero - should panic ... ok
test tracking_api::allocation_report_assert_zero_passes_for_zero ... ok
test tracking_api::allocation_report_assert_zero_returns_self ... ok
test tracking_api::allocation_report_display_nonzero ... ok
test tracking_api::allocation_report_display_zero ... ok
test tracking_api::allocation_report_is_zero_check ... ok
test tracking_api::allocation_report_new_is_zero ... ok

test result: ok. 149 passed; 0 failed; 0 ignored; 0 measured; 0 filtered out; finished in 0.02s

     Running tests\test_helpers_validation.rs (target\debug\deps\test_helpers_validation-91144db1346a1751.exe)

running 117 tests

thread 'assertion_edge_cases::approx_eq_just_over_tolerance' (1006372) panicked at crates\openracing-test-helpers\tests\test_helpers_validation.rs:45:9:
assertion failed: `(left Γëê right)`
  left: `1.0`,
 right: `1.6`,
  diff: `0.6000000000000001`,
  tolerance: `0.5`
note: run with `RUST_BACKTRACE=1` environment variable to display a backtrace

thread 'assertion_edge_cases::contains_case_sensitive' (994476) panicked at crates\openracing-test-helpers\tests\test_helpers_validation.rs:130:9:
assertion failed: string does not contain substring
  haystack: `"Hello World"`
  needle: `"hello"`
test assertion_edge_cases::approx_eq_boundary_tolerance ... ok
test assertion_edge_cases::approx_eq_very_large_values ... ok
test assertion_edge_cases::approx_eq_very_small_values ... ok

thread 'assertion_edge_cases::in_range_fails_at_exclusive_end' (1018888) panicked at crates\openracing-test-helpers\tests\test_helpers_validation.rs:199:9:
assertion failed: value 10 is not in range 0..10
test assertion_edge_cases::approx_eq_zero_tolerance_exact_match ... ok
test assertion_edge_cases::approx_eq_just_over_tolerance - should panic ... ok
test assertion_edge_cases::contains_empty_needle ... ok

thread 'assertion_edge_cases::monotonic_desc_fails_on_equal' (1019544) panicked at crates\openracing-test-helpers\tests\test_helpers_validation.rs:112:9:
assertion failed: sequence is not strictly monotonic decreasing
  violation at index 0: 5 <= 5

thread 'assertion_edge_cases::monotonic_fails_on_equal_adjacent' (1008200) panicked at crates\openracing-test-helpers\tests\test_helpers_validation.rs:94:9:
assertion failed: sequence is not strictly monotonic
  violation at index 2: 3 >= 3
test assertion_edge_cases::contains_case_sensitive - should panic ... ok
test assertion_edge_cases::contains_full_string_match ... ok
test assertion_edge_cases::custom_message_variants_compile ... ok
test assertion_edge_cases::in_range_negative_values ... ok
test assertion_edge_cases::empty_vec ... ok
test assertion_edge_cases::err_returns_inner_error ... ok
test assertion_edge_cases::in_range_exclusive_end ... ok
test assertion_edge_cases::in_range_inclusive_boundaries ... ok
test assertion_edge_cases::in_range_fails_at_exclusive_end - should panic ... ok
test assertion_edge_cases::monotonic_desc_single_element ... ok
test assertion_edge_cases::monotonic_desc_empty ... ok
test assertion_edge_cases::monotonic_empty ... ok
test assertion_edge_cases::empty_string ... ok
test assertion_edge_cases::monotonic_desc_fails_on_equal - should panic ... ok
test assertion_edge_cases::monotonic_fails_on_equal_adjacent - should panic ... ok
test assertion_edge_cases::monotonic_negative_values ... ok
test assertion_edge_cases::monotonic_single_element ... ok
test assertion_edge_cases::none_accepts_none ... ok
test assertion_edge_cases::not_empty_single_element ... ok
test assertion_edge_cases::ok_returns_inner_value ... ok
test assertion_edge_cases::some_returns_inner_value ... ok
test assertion_edge_cases::sorted_desc_empty ... ok
test assertion_edge_cases::sorted_desc_single_element ... ok
test assertion_edge_cases::sorted_large_collection ... ok
test assertion_edge_cases::sorted_two_equal_elements ... ok
test fixture_validation::device_capabilities_basic_wheel_constraints ... ok
test fixture_validation::device_capabilities_builder_override ... ok
test fixture_validation::device_capabilities_dd_more_capable_than_basic ... ok
test fixture_validation::device_capabilities_high_end_more_than_dd ... ok
test fixture_validation::device_capabilities_new_equals_default ... ok
test fixture_validation::get_device_fixtures_all_unique_torque ... ok
test fixture_validation::get_performance_fixtures_all_load_levels ... ok
test fixture_validation::get_profile_fixtures_includes_valid_and_invalid ... ok
test fixture_validation::get_telemetry_fixtures_all_positive_rates ... ok
test fixture_validation::performance_fixture_builder ... ok
test fixture_validation::performance_fixture_increasing_severity ... ok
test fixture_validation::performance_fixture_jitter_within_rt_budget ... ok
test fixture_validation::profile_fixture_builder_chain ... ok
test fixture_validation::profile_fixture_invalid_variants_have_errors ... ok
test fixture_validation::profile_fixture_valid_has_no_errors ... ok
test fixture_validation::telemetry_fixture_builder ... ok
test fixture_validation::telemetry_fixture_high_performance_higher_rate ... ok
test fixture_validation::telemetry_fixture_total_samples_calculation ... ok
test mock_device_validation::mock_hid_clear_resets_all ... ok
test mock_device_validation::mock_hid_default_same_as_new ... ok
test mock_device_validation::mock_hid_empty_write ... ok
test mock_device_validation::mock_hid_error_message_readable ... ok
test mock_device_validation::mock_hid_failure_mode_all_writes_fail ... ok
test mock_device_validation::mock_hid_last_report_returns_most_recent ... ok
test mock_device_validation::mock_hid_multiple_writes_tracked ... ok
test mock_device_validation::mock_hid_new_starts_empty ... ok
test mock_device_validation::mock_hid_with_delay_stores_delay ... ok
test mock_device_validation::mock_hid_write_returns_correct_length ... ok
test mock_profile_validation::profile_accepts_string_types ... ok
test mock_profile_validation::profile_default_values ... ok
test mock_profile_validation::profile_full_builder ... ok
test mock_profile_validation::profile_id_default ... ok
test mock_profile_validation::profile_id_equality ... ok
test mock_profile_validation::profile_id_hash_consistency ... ok
test mock_telemetry_port_validation::port_add_appends ... ok
test mock_telemetry_port_validation::port_default_is_new ... ok
test mock_telemetry_port_validation::port_generate_racing_sequence_correct_count ... ok
test mock_telemetry_port_validation::port_generate_racing_sequence_data_valid ... ok
test mock_telemetry_port_validation::port_new_is_empty ... ok

thread 'must_helpers_validation::must_panics_with_debug_representation' (1019084) panicked at crates\openracing-test-helpers\tests\test_helpers_validation.rs:248:9:
must: unexpected Err: ["err1", "err2"]
test mock_telemetry_port_validation::port_next_returns_none_when_exhausted ... ok
test mock_telemetry_port_validation::port_reset_allows_replay ... ok

thread 'must_helpers_validation::must_parse_empty_string_panics' (1019200) panicked at crates\openracing-test-helpers\src\must.rs:85:29:
must_parse: failed to parse "": ParseIntError { kind: Empty }
test mock_telemetry_port_validation::port_with_data_preserves_order ... ok
test mock_telemetry_validation::racing_sample_ffb_within_bounds ... ok

test mock_telemetry_validation::racing_sample_full_progress ... ok
thread 'must_helpers_validation::must_parse_overflow_panics' (1003556) panicked at crates\openracing-test-helpers\src\must.rs:85:29:
must_parse: failed to parse "256": ParseIntError { kind: PosOverflow }
test mock_telemetry_validation::racing_sample_gear_valid ... ok
test mock_telemetry_validation::racing_sample_produces_valid_rpm_range ... ok
test mock_telemetry_validation::racing_sample_produces_valid_speed ... ok
test mock_telemetry_validation::racing_sample_slip_ratio_non_negative ... ok

thread 'must_helpers_validation::must_with_preserves_context_string' (1018484) panicked at crates\openracing-test-helpers\tests\test_helpers_validation.rs:290:13:
must_with: my context: "inner"
test mock_telemetry_validation::racing_sample_zero_progress ... ok
test mock_telemetry_validation::telemetry_builder_chain ... ok
test mock_telemetry_validation::telemetry_default_is_zero ... ok
test must_helpers_validation::must_or_else_ignores_closure_on_ok ... ok
test must_helpers_validation::must_or_else_transforms_error ... ok
test must_helpers_validation::must_panics_with_debug_representation - should panic ... ok
test must_helpers_validation::must_parse_bool ... ok
test must_helpers_validation::must_parse_empty_string_panics - should panic ... ok
test must_helpers_validation::must_parse_integer_types ... ok
test must_helpers_validation::must_some_or_returns_default_on_none ... ok
test must_helpers_validation::must_parse_overflow_panics - should panic ... ok

thread 'tracking_validation::allocation_report_assert_zero_panics_for_nonzero' (981152) panicked at crates\openracing-test-helpers\src\tracking.rs:170:13:
Allocation violation in 'test': 5 allocations (512 bytes)
test must_helpers_validation::must_some_or_returns_value_on_some ... ok
test must_helpers_validation::must_some_returns_complex_type ... ok
test must_helpers_validation::must_with_complex_error_type ... ok
test must_helpers_validation::must_with_preserves_context_string ... ok
test must_helpers_validation::test_result_type_alias ... ok

thread 'tracking_validation::assert_rt_safe_macro_fails_on_alloc' (1017012) panicked at crates\openracing-test-helpers\tests\test_helpers_validation.rs:1108:9:
RT path allocation violation: 1 allocations (20 bytes)
This violates the zero-allocation requirement for real-time code.
Location: crates\openracing-test-helpers\tests\test_helpers_validation.rs:1108
test prelude_validation::prelude_fixtures_available ... ok
test prelude_validation::prelude_mock_types_available ... ok
test prelude_validation::prelude_must_available ... ok

thread 'tracking_validation::assert_rt_safe_macro_with_context' (1011904) panicked at crates\openracing-test-helpers\tests\test_helpers_validation.rs:1116:9:
RT path allocation violation in 'test context': 1 allocations (12 bytes)
This violates the zero-allocation requirement for real-time code.
Location: crates\openracing-test-helpers\tests\test_helpers_validation.rs:1116
test prelude_validation::prelude_must_or_else_available ... ok
test prelude_validation::prelude_must_parse_available ... ok
test prelude_validation::prelude_must_some_available ... ok
test prelude_validation::prelude_must_some_or_available ... ok
test prelude_validation::prelude_must_with_available ... ok
test prelude_validation::prelude_tracking_available ... ok
test tracking_validation::allocation_report_assert_zero_panics_for_nonzero - should panic ... ok
test tracking_validation::allocation_report_assert_zero_passes_for_zero ... ok
test tracking_validation::allocation_report_display_nonzero ... ok
test tracking_validation::allocation_report_display_zero ... ok
test tracking_validation::allocation_report_new_is_zero ... ok
test tracking_validation::assert_rt_safe_macro_fails_on_alloc - should panic ... ok
test tracking_validation::assert_rt_safe_macro_passes_no_alloc ... ok
test tracking_validation::guard_default_same_as_new ... ok
test tracking_validation::assert_rt_safe_macro_with_context - should panic ... ok
test tracking_validation::guard_detects_heap_allocation ... ok
test tracking_validation::guard_reset_clears_counts ... ok
test tracking_validation::guard_stack_only_no_allocations ... ok
test tracking_validation::track_returns_guard ... ok

test result: ok. 117 passed; 0 failed; 0 ignored; 0 measured; 0 filtered out; finished in 0.01s

     Running unittests src\lib.rs (target\debug\deps\openracing_tracing-5cc324afe3fa1d42.exe)

running 25 tests
test error::tests::test_error_constructors ... ok
test error::tests::test_error_display ... ok
test error::tests::test_error_is_recoverable ... ok
test error::tests::test_error_platform_missing ... ok
test events::tests::test_app_event_category ... ok
test events::tests::test_event_display ... ok
test events::tests::test_rt_event_accessors ... ok
test events::tests::test_rt_event_category ... ok
test manager::tests::test_tracing_manager_enable_disable ... ok
test manager::tests::test_tracing_manager_with_provider ... ok
test manager::tests::test_tracing_manager_lifecycle ... ok
test metrics::tests::test_metrics_merge ... ok
test metrics::tests::test_metrics_default ... ok
test macros::tests::test_trace_macros ... ok
test metrics::tests::test_metrics_drop_rate ... ok
test metrics::tests::test_metrics_health ... ok
test metrics::tests::test_metrics_saturating_add ... ok
test platform::fallback::tests::test_fallback_provider_app_events ... ok
test metrics::tests::test_metrics_average_processing_time ... ok
test metrics::tests::test_metrics_recording ... ok
test platform::fallback::tests::test_fallback_provider_initialization ... ok
test platform::fallback::tests::test_fallback_provider_rt_events ... ok
test platform::windows::tests::test_etw_provider_creation ... ok
test platform::windows::tests::test_etw_provider_lifecycle ... ok
test provider::tests::test_create_platform_provider ... ok

test result: ok. 25 passed; 0 failed; 0 ignored; 0 measured; 0 filtered out; finished in 0.00s

     Running tests\integration_tests.rs (target\debug\deps\integration_tests-9b1a3d84470304ff.exe)

running 7 tests
test test_all_rt_event_types ... ok
test test_all_app_event_types ... ok
test test_event_accessors ... ok
test test_tracing_manager_disabled_drops_events ... ok
test test_platform_provider_creation ... ok
test test_event_display ... ok
test test_tracing_manager_full_lifecycle ... ok

test result: ok. 7 passed; 0 failed; 0 ignored; 0 measured; 0 filtered out; finished in 0.00s

     Running tests\property_tests.rs (target\debug\deps\property_tests-f4711c0466a0be6e.exe)

running 29 tests
test span_lifecycle::test_tracing_manager_debug_format ... ok
test span_lifecycle::test_tracing_manager_can_be_created ... ok
test span_lifecycle::test_tracing_manager_default_is_usable ... ok
test span_lifecycle::test_tracing_manager_enable_disable_cycle ... ok
proptest: FileFailurePersistence::SourceParallel set, but failed to find lib.rs or main.rs
proptest: FileFailurePersistence::SourceParallel set, but failed to find lib.rs or main.rs
proptest: FileFailurePersistence::SourceParallel set, but failed to find lib.rs or main.rs
proptest: FileFailurePersistence::SourceParallel set, but failed to find lib.rs or main.rs
proptest: FileFailurePersistence::SourceParallel set, but failed to find lib.rs or main.rs
proptest: FileFailurePersistence::SourceParallel set, but failed to find lib.rs or main.rs
proptest: FileFailurePersistence::SourceParallel set, but failed to find lib.rs or main.rs
proptest: FileFailurePersistence::SourceParallel set, but failed to find lib.rs or main.rs
proptest: FileFailurePersistence::SourceParallel set, but failed to find lib.rs or main.rs
proptest: FileFailurePersistence::SourceParallel set, but failed to find lib.rs or main.rs
proptest: FileFailurePersistence::SourceParallel set, but failed to find lib.rs or main.rs
proptest: FileFailurePersistence::SourceParallel set, but failed to find lib.rs or main.rs
proptest: FileFailurePersistence::SourceParallel set, but failed to find lib.rs or main.rs
proptest: FileFailurePersistence::SourceParallel set, but failed to find lib.rs or main.rs
proptest: FileFailurePersistence::SourceParallel set, but failed to find lib.rs or main.rs
test prop_metrics_reset_zeros_all ... ok
test prop_metrics_unhealthy_with_pipeline_faults ... ok
test prop_metrics_display_contains_numbers ... ok
test prop_metrics_drop_rate_bounded ... ok
test prop_metrics_record_rt_event_increments ... ok
proptest: FileFailurePersistence::SourceParallel set, but failed to find lib.rs or main.rs
test prop_metrics_healthy_when_no_faults_low_drops ... ok
test prop_metrics_record_app_event_increments ... ok
test prop_metrics_merge_is_additive ... ok
proptest: FileFailurePersistence::SourceParallel set, but failed to find lib.rs or main.rs
proptest: FileFailurePersistence::SourceParallel set, but failed to find lib.rs or main.rs
proptest: FileFailurePersistence::SourceParallel set, but failed to find lib.rs or main.rs
proptest: FileFailurePersistence::SourceParallel set, but failed to find lib.rs or main.rs
proptest: FileFailurePersistence::SourceParallel set, but failed to find lib.rs or main.rs
proptest: FileFailurePersistence::SourceParallel set, but failed to find lib.rs or main.rs
proptest: FileFailurePersistence::SourceParallel set, but failed to find lib.rs or main.rs
proptest: FileFailurePersistence::SourceParallel set, but failed to find lib.rs or main.rs
test test_severity_ordering_deadline_miss_is_error ... ok
test test_error_events_have_error_category ... ok
test test_severity_ordering_pipeline_fault_is_error ... ok
test test_event_copy_clone ... ok
test test_severity_ordering_hid_not_error ... ok
test test_rt_event_category_consistency ... ok
proptest: FileFailurePersistence::SourceParallel set, but failed to find lib.rs or main.rs
test test_rt_event_timestamp_consistency ... ok
test test_rt_event_display_nonempty ... ok
test test_rt_event_tick_count_consistency ... ok
test test_rt_event_display_contains_type ... ok
test test_severity_ordering_timing_not_error ... ok
test test_rt_event_error_flag ... ok
test test_app_event_device_id ... ok
test test_app_event_category_consistency ... ok
test test_app_event_category_full ... ok
test test_app_event_device_id_full ... ok
test test_app_event_display_nonempty ... ok

test result: ok. 29 passed; 0 failed; 0 ignored; 0 measured; 0 filtered out; finished in 0.06s

     Running tests\snapshot_tests.rs (target\debug\deps\snapshot_tests-86d6f9e9a6286a8b.exe)

running 10 tests
test test_rt_tick_end_snapshot ... ok
test test_rt_hid_write_snapshot ... ok
test test_app_telemetry_started_snapshot ... ok
test test_rt_tick_start_snapshot ... ok
test test_app_safety_state_changed_snapshot ... ok
test test_rt_deadline_miss_snapshot ... ok
test test_app_profile_applied_snapshot ... ok
test test_app_device_disconnected_snapshot ... ok
test test_rt_pipeline_fault_snapshot ... ok
test test_app_device_connected_snapshot ... ok

test result: ok. 10 passed; 0 failed; 0 ignored; 0 measured; 0 filtered out; finished in 0.22s

     Running tests\tracing_coverage_tests.rs (target\debug\deps\tracing_coverage_tests-d26661db1cba76eb.exe)

running 48 tests
test app_events::app_event_display_all_variants ... ok
test app_events::device_disconnected_category ... ok
test app_events::profile_applied_category ... ok
test app_events::safety_state_changed_category ... ok
test errors::invalid_configuration_not_recoverable ... ok
test errors::buffer_overflow_is_recoverable ... ok
test errors::emission_failed_is_recoverable ... ok
test errors::error_display_all_variants ... ok
test app_events::device_connected_category ... ok
test errors::init_failed_constructor ... ok
test errors::platform_error_is_recoverable ... ok
test manager::manager_default_creation ... ok
test errors::platform_not_supported_not_recoverable ... ok
test errors::emit_failed_constructor ... ok
test manager::manager_disable_drops_events ... ok
test app_events::telemetry_started_no_device_id ... ok
test errors::not_initialized_is_recoverable ... ok
test manager::manager_debug_format ... ok
test errors::initialization_failed_not_recoverable ... ok
test manager::manager_new_succeeds ... ok
test metrics::average_processing_time_correct ... ok
test manager::manager_metrics_accessible ... ok
test manager::manager_with_custom_provider ... ok
test metrics::average_processing_time_zero_events ... ok
test metrics::display_format_contains_key_fields ... ok
test metrics::drop_rate_correct ... ok
test metrics::drop_rate_zero_when_no_events ... ok
test metrics::healthy_when_clean ... ok
test metrics::merge_combines_metrics ... ok
test metrics::metrics_default_all_zero ... ok
test metrics::record_deadline_miss_increments ... ok
test metrics::record_app_event_increments ... ok
test metrics::record_dropped_event_increments ... ok
test metrics::record_pipeline_fault_increments ... ok
test metrics::record_processing_time_accumulates ... ok
test metrics::record_reinitialization_increments ... ok
test metrics::record_rt_event_increments ... ok
test metrics::reset_clears_all ... ok
test metrics::saturating_add_at_max ... ok
test metrics::unhealthy_with_high_drop_rate ... ok
test metrics::unhealthy_with_pipeline_faults ... ok
test rt_events::deadline_miss_is_error ... ok
test rt_events::hid_write_accessors ... ok
test rt_events::pipeline_fault_is_error ... ok
test rt_events::rt_event_display_contains_type ... ok
test rt_events::rt_event_equality ... ok
test rt_events::tick_end_accessors ... ok
test rt_events::tick_start_accessors ... ok

test result: ok. 48 passed; 0 failed; 0 ignored; 0 measured; 0 filtered out; finished in 0.00s

     Running tests\tracing_deep_tests.rs (target\debug\deps\tracing_deep_tests-87a58adcd824cc7c.exe)

running 43 tests
test app_event_categories_and_device_id ... ok
test error_platform_missing_flag ... ok
test error_display_contains_context ... ok
test manager_re_enable_resumes_emission ... ok
test metric_reset_restores_healthy_state ... ok
test metric_snapshot_captures_all_fields ... ok
test manager_disabled_does_not_emit ... ok
test error_recoverability_classification ... ok
test metric_reset_clears_all_fields ... ok
test metrics_merge_combines_all_fields ... ok
test custom_field_serialization_to_json ... ok
test custom_field_types_display_and_debug ... ok
test metric_snapshot_via_manager_metrics ... ok
test async_nested_spans_propagation ... ok
test async_context_propagation ... ok
test metrics_display_contains_key_info ... ok
test event_emission_all_log_levels ... ok
test output_format_compact ... ok
test output_format_full ... ok
test output_format_json ... ok
test property_drop_rate_always_bounded ... ok
test property_merge_preserves_non_negative ... ok
test property_drop_rate_high_drops ... ok
test property_metrics_always_non_negative_after_operations ... ok
test performance_rt_event_emission_throughput ... ok
test rate_limiting_drops_excess_events ... ok
test rt_event_accessors_return_correct_values ... ok
test rt_event_categories_are_correct ... ok
test rt_event_is_error_classification ... ok
test rt_metrics_jitter_tracked_via_deadline_miss ... ok
test rt_metrics_missed_ticks_counted ... ok
test rt_metrics_tick_count_increments ... ok
test sampling_reduces_event_volume ... ok
test streaming_metrics_drop_rate_calculation ... ok
test span_creation_and_lifecycle ... ok
test streaming_metrics_latency_via_processing_time ... ok
test span_nesting_and_context_propagation ... ok
test structured_field_encoding ... ok
test telemetry_metrics_packet_counts ... ok
test telemetry_metrics_parse_errors_via_pipeline_fault ... ok
test subscriber_filtering_by_level ... ok
test thread_local_span_enter_exit ... ok
test performance_tracing_event_emission_overhead ... ok

test result: ok. 43 passed; 0 failed; 0 ignored; 0 measured; 0 filtered out; finished in 0.00s

     Running tests\tracing_observability_tests.rs (target\debug\deps\tracing_observability_tests-5ef1aa5ca79d722c.exe)

running 46 tests
test event_filtering::app_event_categories_correctly_classified ... ok
test event_filtering::app_event_device_id_returns_correct_values ... ok
test event_filtering::rt_error_events_have_error_category ... ok
test event_filtering::filter_rt_events_by_category ... ok
test event_filtering::rt_hid_events_have_hid_category ... ok
test event_filtering::rt_timing_events_have_timing_category ... ok
test event_recording::disabled_manager_drops_events ... ok
test event_recording::manager_records_all_app_event_types ... ok
test event_recording::manager_records_all_rt_event_types ... ok
test event_recording::re_enable_resumes_recording ... ok
test health_checks::default_manager_creation ... ok
test health_checks::drop_rate_zero_when_no_events ... ok
test health_checks::health_degradation_detected_via_manager ... ok
test health_checks::healthy_with_low_drop_rate ... ok
test health_checks::manager_debug_format_includes_type ... ok
test health_checks::health_restored_after_reset ... ok
test health_checks::healthy_when_no_events ... ok
test health_checks::drop_rate_includes_both_rt_and_app_events ... ok
test health_checks::manager_lifecycle_initialize_and_shutdown ... ok
test health_checks::unhealthy_with_high_drop_rate ... ok
test health_checks::merge_preserves_health_state ... ok
test metrics_collection::average_processing_time_zero_when_no_events ... ok
test health_checks::unhealthy_with_pipeline_faults ... ok
test metrics_collection::counter_app_events_increments ... ok
test metrics_collection::counter_dropped_events_tracks_losses ... ok
test metrics_collection::counter_rt_events_increments ... ok
test metrics_collection::gauge_deadline_misses_accumulated ... ok
test metrics_collection::gauge_pipeline_faults_accumulated ... ok
test metrics_collection::histogram_processing_time_accumulated ... ok
test metrics_collection::reinitialization_counter_tracks_restarts ... ok
test metrics_overflow::app_event_counter_saturates_at_max ... ok
test metrics_overflow::deadline_miss_counter_saturates_at_max ... ok
test metrics_overflow::dropped_counter_saturates_at_max ... ok
test metrics_overflow::merge_saturates_instead_of_overflowing ... ok
test metrics_overflow::pipeline_fault_counter_saturates_at_max ... ok
test metrics_overflow::processing_time_saturates_at_max ... ok
test metrics_overflow::reinitialization_counter_saturates_at_max ... ok
test metrics_overflow::rt_event_counter_saturates_at_max ... ok
test output_formatting::app_event_display_all_variants ... ok
test output_formatting::metrics_display_includes_key_counters ... ok
test output_formatting::rt_deadline_miss_display_format ... ok
test output_formatting::rt_event_type_strings_are_stable ... ok
test output_formatting::rt_hid_write_display_format ... ok
test output_formatting::rt_pipeline_fault_display_format ... ok
test output_formatting::rt_tick_end_display_format ... ok
test output_formatting::rt_tick_start_display_format ... ok

test result: ok. 46 passed; 0 failed; 0 ignored; 0 measured; 0 filtered out; finished in 0.00s

     Running tests\tracing_snapshot_tests.rs (target\debug\deps\tracing_snapshot_tests-3ec8014783cfa356.exe)

running 4 tests
test snapshot_default_span_format ... ok
test snapshot_structured_event_all_field_types ... ok
test snapshot_warning_event_format ... ok
test snapshot_error_event_format ... ok

test result: ok. 4 passed; 0 failed; 0 ignored; 0 measured; 0 filtered out; finished in 0.23s

     Running unittests src\lib.rs (target\debug\deps\openracing_wasm_runtime-320969e5cc9be15b.exe)

running 39 tests
test error::tests::test_error_display ... ok
test host_functions::capabilities::tests::test_capability_strings ... ok
test error::tests::test_error_is_budget_violation ... ok
test host_functions::capabilities::tests::test_return_code_constants ... ok
test error::tests::test_error_is_capability_violation ... ok
test host_functions::logging::tests::test_log_level_constants ... ok
test host_functions::timestamp::tests::test_host_function_names ... ok
test hot_reload::tests::test_hot_reloader_stats ... ok
test host_functions::telemetry::tests::test_telemetry_size ... ok
test instance::tests::test_plugin_disabled_info_creation ... ok
test error::tests::test_error_is_crash ... ok
test resource_limits::tests::test_builder_pattern ... ok
test hot_reload::tests::test_preserved_plugin_state_new ... ok
test hot_reload::tests::test_preserved_plugin_state_with_data ... ok
test resource_limits::tests::test_conservative_limits ... ok
test resource_limits::tests::test_default_limits ... ok
test error::tests::test_error_is_timeout ... ok
test resource_limits::tests::test_generous_limits ... ok
test resource_limits::tests::test_validate_fuel_too_small ... ok
test resource_limits::tests::test_validate_memory_too_small ... ok
test resource_limits::tests::test_validate_valid_limits ... ok
test resource_limits::tests::test_validate_zero_instances ... ok
test state::tests::test_capability_checker ... ok
test state::tests::test_wasm_plugin_abi_state_failure ... ok
test tests::test_resource_limits_default ... ok
test tests::test_resource_limits_builder ... ok
test state::tests::test_wasm_plugin_abi_state ... ok
test state::tests::test_wasm_plugin_abi_state_shutdown ... ok
test runtime::tests::test_runtime_creation ... ok
test runtime::tests::test_runtime_with_custom_limits ... ok
test runtime::tests::test_has_plugin ... ok
test runtime::tests::test_unload_nonexistent_plugin ... ok
test tests::test_runtime_creation ... ok
test runtime::tests::test_process_nonexistent_plugin ... ok
test runtime::tests::test_load_and_process_plugin ... ok
test runtime::tests::test_plugin_trap_disables_plugin ... ok
test runtime::tests::test_re_enable_plugin ... ok
test runtime::tests::test_hot_reload_preserves_data ... ok
test runtime::tests::test_hot_reload_failure_keeps_old_plugin ... ok

test result: ok. 39 passed; 0 failed; 0 ignored; 0 measured; 0 filtered out; finished in 0.02s

     Running tests\comprehensive_property_tests.rs (target\debug\deps\comprehensive_property_tests-009e3d5eb4298a63.exe)

running 42 tests
test abi_state_tests::test_abi_state_failure ... ok
test abi_state_tests::test_abi_state_lifecycle ... ok
test abi_state_tests::test_abi_state_stats ... ok
test abi_state_tests::test_abi_state_data_storage ... ok
test capability_tests::test_capability_violation_error_type ... ok
test capability_tests::test_empty_capabilities_deny_everything ... ok
test capability_tests::test_multiple_capabilities ... ok
test capability_tests::test_telemetry_read_only ... ok
test capability_tests::test_has_capability_check ... ok
test hot_reload_tests::test_hot_reloader_stats ... ok
test hot_reload_tests::test_preserved_state_empty ... ok
test edge_cases::test_process_nonexistent_plugin ... ok
test edge_cases::test_empty_wasm_bytes_rejected ... ok
test edge_cases::test_runtime_creation_default ... ok
test edge_cases::test_unload_nonexistent_plugin ... ok
test error_tests::test_error_classification ... ok
test error_tests::test_error_display ... ok
test edge_cases::test_invalid_wasm_bytes_rejected ... ok
test hot_reload_tests::test_preserved_state_with_data ... ok
test edge_cases::test_runtime_creation_custom_limits ... ok
proptest: FileFailurePersistence::SourceParallel set, but failed to find lib.rs or main.rs
proptest: FileFailurePersistence::SourceParallel set, but failed to find lib.rs or main.rs
test prop_conservative_limits_always_valid ... ok
test prop_builder_preserves_values ... ok
test edge_cases::test_trap_disables_plugin ... ok
test edge_cases::test_re_enable_disabled_plugin ... ok
proptest: FileFailurePersistence::SourceParallel set, but failed to find lib.rs or main.rs
proptest: FileFailurePersistence::SourceParallel set, but failed to find lib.rs or main.rs
test lifecycle_tests::test_load_minimal_plugin ... ok
test lifecycle_tests::test_process_adding_plugin ... ok
test edge_cases::test_wasm_missing_process_export_rejected ... ok
test edge_cases::test_wasm_missing_memory_export_rejected ... ok
test lifecycle_tests::test_plugin_stats_increment ... ok
test edge_cases::test_fuel_exhaustion_detected ... ok
test lifecycle_tests::test_unload_plugin ... ok
test prop_valid_fuel_limits_pass_validation ... ok
proptest: FileFailurePersistence::SourceParallel set, but failed to find lib.rs or main.rs
proptest: FileFailurePersistence::SourceParallel set, but failed to find lib.rs or main.rs
proptest: FileFailurePersistence::SourceParallel set, but failed to find lib.rs or main.rs
proptest: FileFailurePersistence::SourceParallel set, but failed to find lib.rs or main.rs
test lifecycle_tests::test_load_plugin_with_init ... ok
test lifecycle_tests::test_process_passthrough ... ok
test prop_too_small_memory_fails_validation ... ok
test prop_too_small_fuel_fails_validation ... ok
test prop_valid_instance_limits_pass_validation ... ok
test prop_valid_memory_limits_pass_validation ... ok
test prop_generous_limits_always_valid ... ok
test lifecycle_tests::test_full_lifecycle_with_shutdown ... ok
test lifecycle_tests::test_init_failure_rejects_plugin ... ok
test edge_cases::test_max_instances_enforced ... ok

test result: ok. 42 passed; 0 failed; 0 ignored; 0 measured; 0 filtered out; finished in 0.03s

     Running tests\hardening_tests.rs (target\debug\deps\hardening_tests-f29cfe8c2968e368.exe)

running 57 tests
test capability_checker_denies_all_when_empty ... ok
test capability_checker_grants_correct_perms ... ok
test abi_state_lifecycle ... ok
test capability_violation_error_classification ... ok
test conservative_limits_are_valid ... ok
test capability_checker_has_capability_query ... ok
test error_type_classification ... ok
test error_display_messages ... ok
test compile_invalid_bytes_fails ... ok
test compile_empty_bytes_fails ... ok
test generous_limits_are_valid ... ok
test compile_missing_process_export_fails ... ok
test hot_reloader_stats ... ok
test fuel_exhaustion_stops_execution ... ok
test is_disabled_nonexistent_plugin_errors ... ok
test compile_missing_memory_export_fails ... ok
test compile_valid_minimal_module ... ok
test div_zero_trap_disables_plugin ... ok
test disabled_plugin_has_info ... ok
test compile_wrong_process_signature_fails ... ok
test hot_reload_preserves_statistics ... ok
test compile_module_with_all_exports ... ok
test hot_reload_recovers_crashed_plugin ... ok
test init_returning_error_rejects_plugin ... ok
test disabled_plugin_returns_error_on_process ... ok
test hot_reload_failure_preserves_old_plugin ... ok
test is_initialized_nonexistent_plugin_errors ... ok
test preserved_state_helpers ... ok
test crash_in_one_plugin_does_not_affect_another ... ok
test process_nonexistent_plugin_returns_not_found ... ok
test re_enable_nonexistent_plugin_errors ... ok
test init_trap_rejects_plugin ... ok
test plugin_stats_track_calls ... ok
test plugin_loaded_with_no_capabilities ... ok
test memory_growth_limited_by_resource_limits ... ok
test plugin_loaded_with_capabilities ... ok
test process_constant_zero_plugin ... ok
test instantiate_same_id_twice_replaces ... ok
test runtime_resource_limits_accessible ... ok
test runtime_new_starts_empty ... ok
test stats_nonexistent_plugin_returns_not_found ... ok
test process_correct_output_for_identity ... ok
test unload_nonexistent_plugin_returns_not_found ... ok
test multiple_plugins_process_independently ... ok
test validation_rejects_too_many_instances ... ok
test validation_rejects_zero_instances ... ok
test process_correct_output_for_add ... ok
test validation_rejects_fuel_too_small ... ok
test process_correct_output_for_multiply ... ok
test validation_rejects_memory_too_small ... ok
test max_instances_enforced ... ok
test unreachable_trap_disables_plugin ... ok
test sufficient_fuel_allows_completion ... ok
test unload_calls_shutdown_without_error ... ok
test unload_frees_instance_slot ... ok
test re_enable_recovers_disabled_plugin ... ok
test stack_overflow_trap_disables_plugin ... ok

test result: ok. 57 passed; 0 failed; 0 ignored; 0 measured; 0 filtered out; finished in 0.13s

     Running tests\integration_tests.rs (target\debug\deps\integration_tests-f65a97975cffec1e.exe)

running 13 tests
test test_resource_limits_validation ... ok
test test_capabilities ... ok
test test_plugin_trap_handling ... ok
test test_process_returns_identity ... ok
test test_plugin_statistics ... ok
test test_plugin_re_enable ... ok
test test_plugin_with_init ... ok
test test_process_adds_inputs ... ok
test test_plugin_lifecycle ... ok
test test_max_instances_limit ... ok
test test_hot_reload_preserves_statistics ... ok
test test_hot_reload ... ok
test test_multiple_plugins ... ok

test result: ok. 13 passed; 0 failed; 0 ignored; 0 measured; 0 filtered out; finished in 0.02s

     Running tests\property_tests.rs (target\debug\deps\property_tests-94306bba89d5dde2.exe)

running 7 tests
proptest: FileFailurePersistence::SourceParallel set, but failed to find lib.rs or main.rs
proptest: FileFailurePersistence::SourceParallel set, but failed to find lib.rs or main.rs
proptest: FileFailurePersistence::SourceParallel set, but failed to find lib.rs or main.rs
proptest: FileFailurePersistence::SourceParallel set, but failed to find lib.rs or main.rs
proptest: FileFailurePersistence::SourceParallel set, but failed to find lib.rs or main.rs
proptest: FileFailurePersistence::SourceParallel set, but failed to find lib.rs or main.rs
proptest: FileFailurePersistence::SourceParallel set, but failed to find lib.rs or main.rs
test test_resource_limits_invalid_fuel ... ok
test test_resource_limits_validation_instances ... ok
test test_resource_limits_invalid_memory ... ok
test test_resource_limits_builder_preserves_other_values ... ok
test test_resource_limits_validation_memory ... ok
test test_resource_limits_clone ... ok
test test_resource_limits_validation_fuel ... ok

test result: ok. 7 passed; 0 failed; 0 ignored; 0 measured; 0 filtered out; finished in 0.01s

     Running tests\stress_tests.rs (target\debug\deps\stress_tests-e40f191ecb531755.exe)

running 5 tests
test test_memory_stability ... ok
test test_concurrent_plugin_operations ... ok
test test_long_running_plugin_stability ... ok
test test_plugin_lifecycle_stress ... ok
test test_plugin_reload_stress ... ok

test result: ok. 5 passed; 0 failed; 0 ignored; 0 measured; 0 filtered out; finished in 0.41s

     Running tests\unit_tests.rs (target\debug\deps\unit_tests-72621a48331c273c.exe)

running 15 tests
test test_resource_limits_validation ... ok
test test_process_nonexistent_plugin ... ok
test test_plugin_not_found ... ok
test test_unload_nonexistent_plugin ... ok
test test_runtime_creation ... ok
test test_runtime_with_limits ... ok
test test_load_plugin_missing_process ... ok
test test_plugin_process_multiply ... ok
test test_load_plugin_missing_memory ... ok
test test_plugin_init_failure ... ok
test test_plugin_process_add ... ok
test test_plugin_stats ... ok
test test_load_simple_plugin ... ok
test test_max_instances_limit ... ok
test test_plugin_with_init ... ok

test result: ok. 15 passed; 0 failed; 0 ignored; 0 measured; 0 filtered out; finished in 0.02s

     Running tests\wasm_budget_deep_tests.rs (target\debug\deps\wasm_budget_deep_tests-4fe9794f29316b1e.exe)

running 18 tests
test test_fuel_limit_validation_boundaries ... ok
test test_memory_limit_validation_boundaries ... ok
test test_re_enable_after_fuel_exhaustion ... ok
test test_stateful_plugin_fuel_refill_preserves_state ... ok
test test_budget_enforcement_arithmetic_operations ... ok
test test_conservative_fuel_limits ... ok
test test_fuel_exhaustion_with_tight_loop ... ok
test test_fuel_refill_between_invocations ... ok
test test_process_stats_accumulate_across_fuel_refills ... ok
test test_generous_fuel_limits ... ok
test test_memory_limit_enforcement_via_resource_limits ... ok
test test_passthrough_uses_minimal_fuel ... ok
test test_init_fuel_consumption ... ok
test test_fuel_exhaustion_disables_plugin ... ok
test test_fuel_exhaustion_returns_budget_violation_or_crash ... ok
test test_memory_grow_within_limits_succeeds ... ok
test test_different_fuel_budgets_same_module ... ok
test test_crash_vs_fuel_exhaustion_distinction ... ok

test result: ok. 18 passed; 0 failed; 0 ignored; 0 measured; 0 filtered out; finished in 0.03s

     Running tests\wasm_example_plugin_tests.rs (target\debug\deps\wasm_example_plugin_tests-d74453f677646ad5.exe)

running 17 tests
test wasm_example_conservative_and_generous_limits ... ok
test wasm_example_preserved_state_empty_and_nonempty ... ok
test wasm_example_hot_reloader_tracking ... ok
test wasm_example_resource_limits_builder ... ok
test wasm_example_resource_limits_validation ... ok
test wasm_example_stats_accumulate ... ok
test wasm_example_process_after_unload_fails ... ok
test wasm_example_load_process_unload ... ok
test wasm_example_trap_disables_plugin ... ok
test wasm_example_disabled_info_available_after_trap ... ok
test wasm_example_hot_reload_invalid_keeps_old ... ok
test wasm_example_fuel_exhaustion_disables_plugin ... ok
test wasm_example_reenable_after_trap ... ok
test wasm_example_full_lifecycle_init_process_shutdown ... ok
test wasm_example_crash_does_not_affect_sibling ... ok
test wasm_example_hot_reload_changes_behavior ... ok
test wasm_example_hot_reload_preserves_stats ... ok

test result: ok. 17 passed; 0 failed; 0 ignored; 0 measured; 0 filtered out; finished in 0.02s

     Running tests\wasm_host_functions_tests.rs (target\debug\deps\wasm_host_functions_tests-b0327031b4a47c0c.exe)

running 20 tests
test test_capability_string_values_are_stable ... ok
test test_host_function_names_are_consistent ... ok
test test_host_module_constant ... ok
test test_return_code_values_are_stable ... ok
test test_log_level_ordering ... ok
test test_telemetry_frame_default_roundtrip ... ok
test test_wasm_export_names_are_stable ... ok
test test_get_telemetry_returns_success_with_capability ... ok
test test_log_debug_succeeds ... ok
test test_log_with_oob_length_does_not_crash ... ok
test test_plugin_log_succeeds ... ok
test test_log_info_succeeds ... ok
test test_get_telemetry_with_invalid_ptr_returns_error ... ok
test test_log_error_succeeds ... ok
test test_check_capability_host_function_denied ... ok
test test_timestamp_increases_between_calls ... ok
test test_log_warn_succeeds ... ok
test test_check_capability_host_function_granted ... ok
test test_log_with_invalid_pointer_does_not_crash ... ok
test test_get_timestamp_returns_positive_value ... ok

test result: ok. 20 passed; 0 failed; 0 ignored; 0 measured; 0 filtered out; finished in 0.02s

     Running tests\wasm_runtime_deep_tests.rs (target\debug\deps\wasm_runtime_deep_tests-efa8c2fbab532ae2.exe)

running 54 tests
test capability_checker_denies_unlisted_caps ... ok
test conservative_and_generous_presets_validate ... ok
test capability_checker_grants_listed_caps ... ok
test capability_has_capability_query ... ok
test error_display_contains_useful_info ... ok
test get_stats_for_missing_plugin_errors ... ok
test compilation_of_invalid_module_gives_descriptive_error ... ok
test fuel_exhaustion_propagates_as_budget_violation ... ok
test disabled_plugin_returns_error_on_process ... ok
test hot_reload_failure_keeps_old_plugin ... ok
test disabled_info_captures_reason ... ok
test full_lifecycle_with_hooks ... ok
test init_returns_zero_for_success ... ok
test fuel_is_replenished_between_calls ... ok
test host_check_capability_function_callable ... ok
test fuel_exhaustion_disables_plugin ... ok
test init_error_propagates_as_loading_failed ... ok
test init_non_zero_means_failure ... ok
test host_logging_function_callable ... ok
test load_valid_module_from_bytes ... ok
test host_timestamp_function_callable ... ok
test crash_recovery_via_hot_reload ... ok
test hot_reload_preserves_statistics ... ok
test re_enable_missing_plugin_errors ... ok
test generous_fuel_allows_completion ... ok
test missing_host_import_fails_load ... ok
test process_without_load_returns_not_found ... ok
test module_without_init_is_auto_initialized ... ok
test load_module_with_init_and_shutdown ... ok
test plugin_can_write_to_own_memory ... ok
test plugin_loaded_with_capabilities ... ok
test memory_limit_restricts_allocation ... ok
test resource_limits_validation_rejects_extremes ... ok
test max_instances_enforced ... ok
test reject_empty_bytes ... ok
test re_enable_after_crash ... ok
test one_plugin_crash_does_not_affect_others ... ok
test reject_garbage_bytes ... ok
test reject_truncated_wasm ... ok
test unload_missing_plugin_returns_not_found ... ok
test update_telemetry_for_missing_plugin_errors ... ok
test reject_module_missing_process ... ok
test process_signature_f32_f32_to_f32 ... ok
test plugin_stats_are_per_instance ... ok
test trap_propagates_as_crashed_error ... ok
test reject_module_missing_memory ... ok
test reject_init_that_traps ... ok
test re_enable_non_disabled_returns_false ... ok
test runtime_with_conservative_limits ... ok
test trap_marks_plugin_disabled ... ok
test multiple_plugins_independent_results ... ok
test telemetry_update_is_per_plugin ... ok
test load_multiple_modules_sequentially ... ok
test stateful_plugins_have_independent_state ... ok

test result: ok. 54 passed; 0 failed; 0 ignored; 0 measured; 0 filtered out; finished in 0.06s

     Running tests\wasm_sandbox_deep_tests.rs (target\debug\deps\wasm_sandbox_deep_tests-8de93af004ffdbc1.exe)

running 20 tests
test test_capability_checker_no_capabilities ... ok
test test_capability_checker_multiple_grants ... ok
test test_capability_checker_violation_error_type ... ok
test test_capability_checker_single_grant ... ok
test test_wasm_threads_disabled ... ok
test test_unknown_capability_returns_invalid_arg ... ok
test test_wasi_sandbox_no_filesystem_access ... ok
test test_check_process_dsp_denied ... ok
test test_check_modify_telemetry_denied_without_grant ... ok
test test_check_capability_with_invalid_pointer ... ok
test test_get_telemetry_buffer_too_small ... ok
test test_check_read_telemetry_granted ... ok
test test_check_read_telemetry_denied ... ok
test test_get_telemetry_with_capability_succeeds ... ok
test test_check_capability_with_zero_length ... ok
test test_check_control_leds_granted ... ok
test test_get_telemetry_without_capability_returns_permission_denied ... ok
test test_plugin_instances_have_isolated_state ... ok
test test_plugin_crash_does_not_affect_other_plugins ... ok
test test_max_instances_limit_enforced ... ok

test result: ok. 20 passed; 0 failed; 0 ignored; 0 measured; 0 filtered out; finished in 0.03s

     Running tests\wasm_sandbox_tests.rs (target\debug\deps\wasm_sandbox_tests-7897151d6b07ff19.exe)

running 46 tests
test cap_empty_denies_all ... ok
test cap_dsp_processing_requires_grant ... ok
test cap_led_control_requires_grant ... ok
test cap_read_telemetry_granted ... ok
test cap_modify_telemetry_requires_explicit_grant ... ok
test cap_read_telemetry_denied_when_not_granted ... ok
test fuel_minimum_below_threshold_rejected ... ok
test memory_conservative_limits_validate ... ok
test memory_below_minimum_rejected ... ok
test memory_exactly_at_minimum_accepted ... ok
test memory_generous_limits_validate ... ok
test resource_limits_builder_chaining ... ok
test resource_limits_compilation_timeout ... ok
test resource_limits_too_many_instances_rejected ... ok
test resource_limits_zero_instances_rejected ... ok
test memory_default_limit_allows_small_module ... ok
test fuel_replenished_each_call ... ok
test host_fn_process_stats_tracked ... ok
test sandbox_oob_memory_access_traps ... ok
test fuel_disabled_plugin_stays_disabled ... ok
test host_fn_init_failure_rejects_plugin ... ok
test cap_wasm_host_check_capability_denied ... ok
test cap_wasm_host_check_capability_granted ... ok
test trap_process_nonexistent_plugin_fails ... ok
test host_fn_init_success_initializes_plugin ... ok
test trap_invalid_wasm_bytes_rejected ... ok
test host_fn_get_timestamp_returns_value ... ok
test trap_unload_nonexistent_plugin_fails ... ok
test fuel_exhaustion_terminates_infinite_loop ... ok
test sandbox_instance_count_accurate ... ok
test sandbox_plugins_have_isolated_memory ... ok
test wasm_error_is_capability_violation ... ok
test wasm_error_is_compilation_timeout ... ok
test wasm_error_is_timeout ... ok
test host_fn_shutdown_called_on_unload ... ok
test trap_missing_memory_export_rejected ... ok
test trap_disabled_info_available ... ok
test trap_missing_process_export_rejected ... ok
test wasm_error_is_crash ... ok
test wasm_error_is_fuel_exhausted ... ok
test trap_unreachable_disables_plugin ... ok
test sandbox_crash_in_one_plugin_does_not_corrupt_another ... ok
test trap_re_enable_nondisabled_returns_false ... ok
test trap_re_enable_allows_retry ... ok
test trap_max_instances_enforced ... ok
test sandbox_stack_overflow_traps ... ok

test result: ok. 46 passed; 0 failed; 0 ignored; 0 measured; 0 filtered out; finished in 0.09s

     Running tests\wasm_timeout_tests.rs (target\debug\deps\wasm_timeout_tests-5caf21331e400824.exe)

running 27 tests
test compilation_timeout_error_variant ... ok
test custom_execution_timeout_builder ... ok
test fuel_exhausted_error_is_also_budget_violation ... ok
test infinite_loop_caught_by_fuel ... ok
test epoch_interruption_disabled_falls_back_to_fuel ... ok
test fuel_exhaustion_returns_fuel_exhausted_error ... ok
test re_enable_after_fuel_timeout_allows_retry ... ok
test resource_cleanup_after_fuel_exhaustion ... ok
test compilation_with_generous_timeout_succeeds ... ok
test disabled_plugin_returns_error_on_process ... ok
test load_after_cleanup_succeeds ... ok
test resource_limits_compilation_timeout_in_conservative ... ok
test resource_limits_no_compilation_timeout_in_generous ... ok
test max_instances_still_enforced_with_timeout ... ok
test conservative_vs_default_limits ... ok
test different_fuel_budgets_per_runtime ... ok
test multiple_plugins_one_fails_others_survive ... ok
test multiple_plugins_same_runtime ... ok
test stateful_plugin_state_lost_after_timeout ... ok
test well_behaved_plugin_many_calls ... ok
test multiple_runtimes_different_budgets_concurrently ... ok
test well_behaved_plugin_completes_within_budget ... ok
test slow_plugin_terminated_by_fuel_limit ... ok
test timeout_does_not_crash_process ... ok
test resource_cleanup_after_epoch_timeout ... ok
test infinite_loop_caught_by_epoch_timeout ... ok
test slow_plugin_terminated_by_epoch_timeout ... ok

test result: ok. 27 passed; 0 failed; 0 ignored; 0 measured; 0 filtered out; finished in 0.11s

     Running unittests src\lib.rs (target\debug\deps\openracing_watchdog-d044089f8e12fbbe.exe)

running 32 tests
test error::tests::test_error_constructors ... ok
test health::tests::test_health_check_clear_failures ... ok
test health::tests::test_health_check_heartbeat ... ok
test health::tests::test_system_component_all ... ok
test quarantine::tests::test_get_quarantined ... ok
test health::tests::test_health_check_metrics ... ok
test quarantine::tests::test_release_not_quarantined ... ok
test health::tests::test_health_check_failure_progression ... ok
test error::tests::test_error_display ... ok
test quarantine::tests::test_default_duration ... ok
test quarantine::tests::test_quarantine_and_release ... ok
test quarantine::tests::test_quarantine_entry ... ok
test stats::tests::test_average_and_timeout_rate ... ok
test stats::tests::test_quarantine ... ok
test stats::tests::test_record_success ... ok
test stats::tests::test_record_timeout ... ok
test stats::tests::test_reset ... ok
test watchdog::tests::test_config_builder ... ok
test watchdog::tests::test_config_validation ... ok
test watchdog::tests::test_fault_callback ... ok
test watchdog::tests::test_health_summary ... ok
test watchdog::tests::test_performance_metrics ... ok
test watchdog::tests::test_plugin_execution_tracking ... ok
test watchdog::tests::test_plugin_quarantine ... ok
test watchdog::tests::test_plugin_quarantine_release ... ok
test watchdog::tests::test_plugin_registration ... ok
test watchdog::tests::test_plugin_timeout_detection ... ok
test watchdog::tests::test_quarantine_policy_toggle ... ok
test watchdog::tests::test_system_component_health ... ok
test stats::tests::test_quarantine_expiry ... ok
test health::tests::test_health_check_timeout ... ok
test quarantine::tests::test_quarantine_expiry ... ok

test result: ok. 32 passed; 0 failed; 0 ignored; 0 measured; 0 filtered out; finished in 0.60s

     Running tests\concurrent_tests.rs (target\debug\deps\concurrent_tests-d1450ff79562cb1f.exe)

running 8 tests
test test_concurrent_execution_recording ... ok
test test_concurrent_plugin_registration ... ok
test test_concurrent_quarantine_release ... ok
test test_stress_many_plugins ... ok
test test_concurrent_health_checks ... ok
test test_concurrent_heartbeats ... ok
test test_concurrent_stats_access ... ok
test test_concurrent_policy_toggle ... ok

test result: ok. 8 passed; 0 failed; 0 ignored; 0 measured; 0 filtered out; finished in 0.06s

     Running tests\edge_case_tests.rs (target\debug\deps\edge_case_tests-062da1b5cbc56b39.exe)

running 27 tests
test edge_health_check_all_components ... ok
test edge_health_check_metric_tracking ... ok
test edge_quarantine_default_duration ... ok
test edge_maximum_timeout_config ... ok
test edge_health_check_failure_then_heartbeat ... ok
test edge_stats_quarantine_clear ... ok
test edge_watchdog_quarantine_policy_toggle ... ok
test edge_quarantine_manager_release_not_quarantined ... ok
test edge_plugin_stats_zero_executions ... ok
test edge_immediate_quarantine_on_max_timeouts ... ok
test edge_quarantine_manager_clear_all ... ok
test edge_watchdog_report_component_failure ... ok
test edge_watchdog_system_no_plugins_health ... ok
test edge_stats_quarantine_remaining_when_not_quarantined ... ok
test edge_quarantine_manager_double_quarantine ... ok
test edge_rapid_feed_cycle ... ok
test edge_watchdog_system_heartbeat_all_components ... ok
test edge_watchdog_system_unregister_plugin ... ok
proptest: FileFailurePersistence::SourceParallel set, but failed to find lib.rs or main.rs
proptest: FileFailurePersistence::SourceParallel set, but failed to find lib.rs or main.rs
proptest: FileFailurePersistence::SourceParallel set, but failed to find lib.rs or main.rs
proptest: FileFailurePersistence::SourceParallel set, but failed to find lib.rs or main.rs
proptest: FileFailurePersistence::SourceParallel set, but failed to find lib.rs or main.rs
proptest: FileFailurePersistence::SourceParallel set, but failed to find lib.rs or main.rs
proptest: FileFailurePersistence::SourceParallel set, but failed to find lib.rs or main.rs
proptest: FileFailurePersistence::SourceParallel set, but failed to find lib.rs or main.rs
test prop_health_heartbeat_resets_failures ... ok
test prop_health_check_consecutive_failures_monotonic ... ok
test prop_stats_reset_zeroes_all ... ok
test prop_timeout_rate_monotonic_with_timeouts ... ok
test prop_quarantine_manager_duration_respected ... ok
test prop_quarantine_release_consistent ... ok
test edge_trip_recovery_cycle ... ok
test prop_no_false_positive_quarantine ... ok
test prop_stats_average_in_range ... ok

test result: ok. 27 passed; 0 failed; 0 ignored; 0 measured; 0 filtered out; finished in 0.02s

     Running tests\mod.rs (target\debug\deps\mod-02e3a05e3dbe9ff0.exe)

running 59 tests
test watchdog_hardening_tests::feed_timing::average_execution_time_accuracy ... ok
test watchdog_hardening_tests::feed_timing::execution_at_exact_boundary_is_not_timeout ... ok
test watchdog_hardening_tests::feed_timing::execution_one_over_boundary_is_timeout ... ok
test watchdog_hardening_tests::feed_timing::rapid_feed_records_no_faults ... ok
test watchdog_hardening_tests::multi_channel::fault_callback_fires_per_quarantine_event ... ok
test watchdog_hardening_tests::feed_timing::zero_execution_time_is_valid_success ... ok
test watchdog_hardening_tests::multi_channel::independent_component_health_tracking ... ok
test watchdog_hardening_tests::multi_channel::has_faulted_components_detects_fault ... ok
test watchdog_hardening_tests::multi_channel::performance_metrics_cover_all_plugins ... ok
test watchdog_hardening_tests::multi_channel::quarantine_isolation_between_plugins ... ok
test watchdog_hardening_tests::platform_specific::all_health_statuses_display ... ok
test concurrent_tests::test_concurrent_plugin_registration ... ok
test concurrent_tests::test_concurrent_quarantine_release ... ok
test concurrent_tests::test_concurrent_execution_recording ... ok
test watchdog_hardening_tests::platform_specific::all_system_components_display ... ok
test watchdog_hardening_tests::platform_specific::windows_watchdog_system_creates_successfully ... ok
test watchdog_hardening_tests::reset_restart::heartbeat_recovers_faulted_component ... ok
test watchdog_hardening_tests::reset_restart::re_register_after_unregister_starts_fresh ... ok
test watchdog_hardening_tests::reset_restart::reset_all_clears_every_plugin ... ok
test watchdog_hardening_tests::reset_restart::reset_allows_fresh_quarantine_cycle ... ok
test watchdog_hardening_tests::reset_restart::unregister_unknown_is_error ... ok
test concurrent_tests::test_stress_many_plugins ... ok
test watchdog_hardening_tests::safety_interaction::component_metrics_tracking ... ok
test watchdog_hardening_tests::safety_interaction::config_validation_rejects_zero_max_timeouts ... ok
test watchdog_hardening_tests::safety_interaction::config_validation_rejects_zero_timeout ... ok
test watchdog_hardening_tests::safety_interaction::disabled_quarantine_policy_prevents_quarantine ... ok
test watchdog_hardening_tests::safety_interaction::failure_progression_through_states ... ok
test watchdog_hardening_tests::safety_interaction::faulted_component_fires_correct_fault_type ... ok
test watchdog_hardening_tests::safety_interaction::health_check_interval_respected ... ok
test watchdog_hardening_tests::safety_interaction::multiple_fault_callbacks_all_fire ... ok
test watchdog_hardening_tests::safety_interaction::quarantine_and_release_full_cycle ... ok
test watchdog_hardening_tests::safety_interaction::safety_system_fault_type ... ok
test watchdog_hardening_tests::timeout_triggering::large_execution_time_triggers_quarantine ... ok
test watchdog_hardening_tests::timeout_triggering::quarantine_triggers_at_threshold ... ok
test watchdog_hardening_tests::timeout_triggering::success_interrupts_timeout_streak ... ok
test watchdog_lifecycle_tests::test_component_health_lifecycle ... ok
test watchdog_lifecycle_tests::test_fault_callback_invocation ... ok
test watchdog_lifecycle_tests::test_component_failure_progression_to_faulted ... ok
test watchdog_lifecycle_tests::test_faulted_component_recovers_on_heartbeat ... ok
test watchdog_lifecycle_tests::test_full_plugin_lifecycle ... ok
test watchdog_hardening_tests::under_load::concurrent_quarantine_release_no_deadlock ... ok
test watchdog_lifecycle_tests::test_multiple_plugins_interaction ... ok
test watchdog_lifecycle_tests::test_multiple_successive_quarantines ... ok
test watchdog_hardening_tests::under_load::concurrent_heartbeat_all_components ... ok
test watchdog_lifecycle_tests::test_quarantine_policy_affects_behavior ... ok
test watchdog_lifecycle_tests::test_release_non_quarantined_plugin_errors ... ok
test watchdog_lifecycle_tests::test_reset_statistics ... ok
test watchdog_lifecycle_tests::test_timeout_count_resets_on_success ... ok
test watchdog_lifecycle_tests::test_unregister_unknown_plugin_errors ... ok
test watchdog_hardening_tests::under_load::concurrent_write_read_no_panic ... ok
test watchdog_hardening_tests::timeout_triggering::component_heartbeat_timeout_triggers_fault ... ok
test watchdog_hardening_tests::timeout_triggering::hid_timeout_detected_independently ... ok
test watchdog_lifecycle_tests::test_health_check_timeout_detection ... ok
test watchdog_lifecycle_tests::test_health_check_interval ... ok
test concurrent_tests::test_concurrent_stats_access ... ok
test concurrent_tests::test_concurrent_policy_toggle ... ok
test concurrent_tests::test_concurrent_health_checks ... ok
test concurrent_tests::test_concurrent_heartbeats ... ok
test watchdog_hardening_tests::under_load::concurrent_health_checks_safe ... ok

test result: ok. 59 passed; 0 failed; 0 ignored; 0 measured; 0 filtered out; finished in 0.12s

     Running tests\property_tests.rs (target\debug\deps\property_tests-bc909efdfaa73449.exe)

running 7 tests
test tests::run_proptest_suite ... ok
proptest: FileFailurePersistence::SourceParallel set, but failed to find lib.rs or main.rs
proptest: FileFailurePersistence::SourceParallel set, but failed to find lib.rs or main.rs
proptest: FileFailurePersistence::SourceParallel set, but failed to find lib.rs or main.rs
proptest: FileFailurePersistence::SourceParallel set, but failed to find lib.rs or main.rs
proptest: FileFailurePersistence::SourceParallel set, but failed to find lib.rs or main.rs
proptest: FileFailurePersistence::SourceParallel set, but failed to find lib.rs or main.rs
test test_quarantine_remaining_decreases ... ok
test test_stats_saturating_addition ... ok
test test_consecutive_timeouts_reset_on_success ... ok
test test_stats_timeout_count_consistent ... ok
test test_stats_total_executions_never_decreases ... ok
test test_average_time_never_negative ... ok

test result: ok. 7 passed; 0 failed; 0 ignored; 0 measured; 0 filtered out; finished in 0.02s

     Running tests\snapshot_expansion_tests.rs (target\debug\deps\snapshot_expansion_tests-18b649bc5a9a3f89.exe)

running 12 tests
test snapshot_watchdog_error_already_quarantined ... ok
test snapshot_watchdog_error_component_not_found ... ok
test snapshot_watchdog_error_quarantine_failed ... ok
test snapshot_watchdog_error_callback_registration ... ok
test snapshot_watchdog_error_invalid_configuration ... ok
test snapshot_watchdog_error_not_quarantined ... ok
test snapshot_watchdog_error_stats_failed ... ok
test snapshot_watchdog_error_health_check_failed ... ok
test snapshot_watchdog_error_plugin_not_found ... ok
test snapshot_watchdog_error_timeout_exceeded ... ok
test snapshot_health_status_display ... ok
test snapshot_system_component_display ... ok

test result: ok. 12 passed; 0 failed; 0 ignored; 0 measured; 0 filtered out; finished in 0.22s

     Running tests\watchdog_deep_tests.rs (target\debug\deps\watchdog_deep_tests-504b79b178244657.exe)

running 58 tests
test cascading_quarantine_release_and_requarantine ... ok
test cascading_only_faulty_plugin_quarantined ... ok
test cascading_metrics_track_correctly ... ok
test cascading_multiple_plugins_quarantined_independently ... ok
test enable_quarantine_policy_after_disable_quarantines_new_offenders ... ok
test error_timeout_exceeded_format ... ok
test error_display_contains_reason ... ok
test disable_quarantine_policy_prevents_quarantine ... ok
test error_display_contains_plugin_name ... ok
test kick_alternating_fast_slow_never_quarantines ... ok
test kick_reset_all_stats_clears_everything ... ok
test disable_does_not_release_existing_quarantines ... ok
proptest: FileFailurePersistence::SourceParallel set, but failed to find lib.rs or main.rs
proptest: FileFailurePersistence::SourceParallel set, but failed to find lib.rs or main.rs
proptest: FileFailurePersistence::SourceParallel set, but failed to find lib.rs or main.rs
test kick_reset_plugin_stats_clears_counters ... ok
test kick_success_resets_consecutive_timeouts ... ok
test kick_reset_unknown_plugin_returns_error ... ok
test multiple_instances_different_configs ... ok
test multiple_instances_are_independent ... ok
test registration_duplicate_is_idempotent ... ok
test registration_get_all_stats ... ok
test quarantine_reason_display ... ok
test registration_register_then_unregister ... ok
test registration_unregister_unknown_returns_error ... ok
test release_quarantine_of_non_quarantined_plugin_returns_error ... ok
test release_quarantine_of_nonexistent_plugin_returns_error ... ok
test safety_all_components_initially_unknown ... ok
test safety_component_uptime_none_before_heartbeat ... ok
test safety_component_failure_escalation_to_faulted ... ok
test safety_fault_type_mapping_by_component ... ok
test safety_component_uptime_some_after_heartbeat ... ok
test safety_component_failure_triggers_fault_callback ... ok
test safety_component_metric_tracking ... ok
test safety_get_all_component_health_returns_all ... ok
test safety_health_status_display ... ok
test safety_heartbeat_recovers_from_degraded ... ok
test timeout_consecutive_threshold_triggers_quarantine ... ok
test thread_safety_concurrent_heartbeats ... ok
test timer_builder_produces_valid_config ... ok
test timeout_one_over_boundary_is_timeout ... ok
test thread_safety_concurrent_quarantine_and_release ... ok
test thread_safety_concurrent_plugin_executions ... ok
test timeout_exact_boundary_is_not_timeout ... ok
test timer_builder_rejects_zero_max_timeouts ... ok
test timeout_single_overrun_does_not_quarantine ... ok
test timeout_triggers_quarantine_and_callback ... ok
test timer_builder_rejects_zero_quarantine_duration ... ok
test thread_safety_concurrent_register_unregister ... ok
test timer_builder_rejects_zero_rt_thread_timeout ... ok
test thread_safety_shared_plugin_name_concurrent_execution ... ok
test timer_builder_rejects_zero_timeout ... ok
test timer_default_config_has_valid_values ... ok
test timer_health_check_interval_gates_check_frequency ... ok
test watchdog_system_debug_format ... ok
test timer_system_exposes_config ... ok
test prop_exceeding_timeout_always_triggers ... ok
test prop_consecutive_timeouts_accumulate ... ok
test timeout_component_heartbeat_hid ... ok
test timeout_component_heartbeat_rt_thread ... ok
test prop_within_timeout_never_triggers ... ok

test result: ok. 58 passed; 0 failed; 0 ignored; 0 measured; 0 filtered out; finished in 0.05s

     Running tests\watchdog_hardening_tests.rs (target\debug\deps\watchdog_hardening_tests-47772bfce2733c29.exe)

running 37 tests
test feed_timing::average_execution_time_accuracy ... ok
test feed_timing::execution_one_over_boundary_is_timeout ... ok
test feed_timing::execution_at_exact_boundary_is_not_timeout ... ok
test multi_channel::quarantine_isolation_between_plugins ... ok
test multi_channel::has_faulted_components_detects_fault ... ok
test multi_channel::independent_component_health_tracking ... ok
test multi_channel::performance_metrics_cover_all_plugins ... ok
test feed_timing::zero_execution_time_is_valid_success ... ok
test platform_specific::all_health_statuses_display ... ok
test multi_channel::fault_callback_fires_per_quarantine_event ... ok
test platform_specific::all_system_components_display ... ok
test platform_specific::windows_watchdog_system_creates_successfully ... ok
test reset_restart::heartbeat_recovers_faulted_component ... ok
test reset_restart::re_register_after_unregister_starts_fresh ... ok
test reset_restart::reset_all_clears_every_plugin ... ok
test feed_timing::rapid_feed_records_no_faults ... ok
test reset_restart::reset_allows_fresh_quarantine_cycle ... ok
test reset_restart::unregister_unknown_is_error ... ok
test safety_interaction::component_metrics_tracking ... ok
test safety_interaction::config_validation_rejects_zero_max_timeouts ... ok
test safety_interaction::config_validation_rejects_zero_timeout ... ok
test safety_interaction::disabled_quarantine_policy_prevents_quarantine ... ok
test safety_interaction::failure_progression_through_states ... ok
test safety_interaction::faulted_component_fires_correct_fault_type ... ok
test safety_interaction::health_check_interval_respected ... ok
test safety_interaction::multiple_fault_callbacks_all_fire ... ok
test safety_interaction::quarantine_and_release_full_cycle ... ok
test safety_interaction::safety_system_fault_type ... ok
test timeout_triggering::large_execution_time_triggers_quarantine ... ok
test timeout_triggering::quarantine_triggers_at_threshold ... ok
test timeout_triggering::success_interrupts_timeout_streak ... ok
test under_load::concurrent_quarantine_release_no_deadlock ... ok
test under_load::concurrent_heartbeat_all_components ... ok
test under_load::concurrent_write_read_no_panic ... ok
test timeout_triggering::hid_timeout_detected_independently ... ok
test timeout_triggering::component_heartbeat_timeout_triggers_fault ... ok
test under_load::concurrent_health_checks_safe ... ok

test result: ok. 37 passed; 0 failed; 0 ignored; 0 measured; 0 filtered out; finished in 0.11s

     Running tests\watchdog_lifecycle_tests.rs (target\debug\deps\watchdog_lifecycle_tests-a110760ae6c0cfb6.exe)

running 14 tests
test test_component_failure_progression_to_faulted ... ok
test test_component_health_lifecycle ... ok
test test_fault_callback_invocation ... ok
test test_full_plugin_lifecycle ... ok
test test_faulted_component_recovers_on_heartbeat ... ok
test test_multiple_plugins_interaction ... ok
test test_multiple_successive_quarantines ... ok
test test_quarantine_policy_affects_behavior ... ok
test test_release_non_quarantined_plugin_errors ... ok
test test_reset_statistics ... ok
test test_timeout_count_resets_on_success ... ok
test test_unregister_unknown_plugin_errors ... ok
test test_health_check_timeout_detection ... ok
test test_health_check_interval ... ok

test result: ok. 14 passed; 0 failed; 0 ignored; 0 measured; 0 filtered out; finished in 0.02s

     Running unittests src\lib.rs (target\debug\deps\racing_wheel_changelog-1bbf02f8ad61c919.exe)

running 14 tests
test tests::test_breaking_change_serialization ... ok
test tests::test_parse_empty_markdown ... ok
test tests::test_breaking_change_colon_variants ... ok
test tests::test_changelog_entry_is_empty ... ok
test tests::test_changelog_entry_roundtrip ... ok
test tests::test_changelog_error_display ... ok
test tests::test_display_trait_uses_to_markdown ... ok
test tests::test_changelog_entry_all_sections ... ok
test tests::test_parse_invalid_date ... ok
test tests::test_parse_invalid_version_header ... ok
test tests::test_parse_multiple_items_per_section ... ok
test tests::test_parse_unknown_section_ignored ... ok
test tests::test_parse_version_header ... ok
test tests::test_to_markdown_empty_sections_not_included ... ok

test result: ok. 14 passed; 0 failed; 0 ignored; 0 measured; 0 filtered out; finished in 0.00s

     Running unittests src\lib.rs (target\debug\deps\racing_wheel_engine-b121048b871b6879.exe)

running 1477 tests

thread 'allocation_tracker::tests::test_zero_alloc_macro_fails' (1017264) panicked at crates\engine\src\allocation_tracker.rs:267:9:
RT path allocation violation: 1 allocations (12 bytes) detected. This violates the zero-allocation requirement for the hot path.
note: run with `RUST_BACKTRACE=1` environment variable to display a backtrace
test allocation_tracker::tests::test_allocation_guard_reset ... ok
test allocation_tracker::tests::test_allocation_tracking_basic ... ok
test allocation_tracker::tests::test_zero_alloc_macro ... ok
test allocation_tracker::tests::test_zero_alloc_macro_fails - should panic ... ok
test benchmark_types::tests::test_all_metrics_failing_simultaneously ... ok
test benchmark_types::tests::test_add_multiple_benchmarks ... ok
test benchmark_types::tests::test_benchmark_result_default ... ok
test benchmark_types::performance_gate_property_tests::prop_exact_threshold_values_pass ... ok
test benchmark_types::performance_gate_property_tests::prop_missed_tick_rate_threshold_enforced ... ok
test benchmark_types::performance_gate_property_tests::prop_jitter_p99_threshold_enforced ... ok
test benchmark_types::tests::test_benchmark_results_json_roundtrip ... ok
test benchmark_types::performance_gate_property_tests::prop_all_metrics_within_thresholds_passes ... ok
test benchmark_types::performance_gate_property_tests::prop_processing_time_median_threshold_enforced ... ok
test benchmark_types::performance_gate_property_tests::prop_processing_time_p99_threshold_enforced ... ok
test benchmark_types::tests::test_benchmark_results_default ... ok
test benchmark_types::property_tests::prop_percentiles_json_roundtrip ... ok
test benchmark_types::tests::test_benchmark_result_json_roundtrip ... ok
test benchmark_types::tests::test_custom_metrics_zero_allocs ... ok
test benchmark_types::tests::test_default_result_passes_gates ... ok
test benchmark_types::tests::test_exact_threshold_boundary_passes ... ok
test benchmark_types::tests::test_epsilon_above_threshold_fails_each_metric ... ok
test benchmark_types::tests::test_performance_gates_fail_jitter ... ok
test benchmark_types::tests::test_from_json_rejects_invalid_json ... ok
test benchmark_types::tests::test_json_format_matches_python_validator_schema ... ok
test benchmark_types::tests::test_performance_gates_fail_missed_ticks ... ok
test benchmark_types::property_tests::prop_custom_metrics_json_roundtrip ... ok
test benchmark_types::tests::test_percentiles_large_values ... ok
test benchmark_types::tests::test_performance_gates_fail_processing_p99 ... ok
test benchmark_types::tests::test_performance_gates_fail_processing_time ... ok
test benchmark_types::tests::test_from_json_rejects_missing_fields ... ok
test benchmark_types::performance_gate_property_tests::prop_rt_loop_threshold_enforced ... ok
test benchmark_types::property_tests::prop_benchmark_result_json_roundtrip ... ok
test compat_impl::tests::test_unit_conversions ... ok
test benchmark_types::tests::test_performance_gates_pass ... ok
test benchmark_types::tests::test_performance_gates_fail_rt_loop ... ok
test benchmark_types::performance_gate_property_tests::prop_any_metric_exceeding_threshold_fails ... ok
test compat_impl::tests::test_telemetry_compat_trait ... ok
test benchmark_types::tests::test_write_to_file_roundtrip ... ok
test curves_property_tests::prop_bezier_rejects_nan_x ... ok
test curves_property_tests::prop_bezier_rejects_infinity_y ... ok
test curves_property_tests::prop_bezier_rejects_x_greater_than_one ... ok
test curves_property_tests::prop_all_valid_curves_pass_validation ... ok
test curves_property_tests::prop_bezier_rejects_infinity_x ... ok
test curves_property_tests::prop_bezier_rejects_x_less_than_zero ... ok
test curves_property_tests::prop_bezier_rejects_nan_y ... ok
test curves_property_tests::prop_bezier_accepts_valid_control_points ... ok
test curves_property_tests::prop_bezier_curve_endpoint_consistency ... ok
test curves_property_tests::prop_bezier_rejects_y_greater_than_one ... ok
test curves_property_tests::prop_bezier_curve_output_in_valid_range ... ok
test curves_property_tests::prop_bezier_rejects_y_less_than_zero ... ok
test curves_property_tests::prop_curve_application_preserves_sign ... ok
test curves_property_tests::prop_curve_application_to_torque_linear ... ok
test curves_property_tests::prop_curve_application_to_torque_logarithmic ... ok
test curves_property_tests::prop_curve_application_to_torque_exponential ... ok
test curves_property_tests::prop_curve_type_all_types_endpoint_consistency ... ok
test curves_property_tests::prop_curve_application_to_torque_all_types ... ok
test curves_property_tests::prop_curve_application_output_in_valid_range ... ok
test curves_property_tests::prop_curve_type_exponential_endpoint_consistency ... ok
test benchmark_types::property_tests::prop_benchmark_entry_json_roundtrip ... ok
test curves_property_tests::prop_curve_lut_output_in_valid_range ... ok
test curves_property_tests::prop_curve_lut_is_deterministic ... ok
test curves_property_tests::prop_curve_application_to_torque_bezier ... ok
test curves_property_tests::prop_curve_lut_approximates_direct_evaluation ... ok
test curves_property_tests::prop_curve_lut_endpoint_consistency ... ok
test curves_property_tests::prop_exponential_rejects_infinity ... ok
test curves_property_tests::prop_curve_type_linear_endpoint_consistency ... ok
test curves_property_tests::prop_exponential_rejects_negative_exponents ... ok
test curves_property_tests::prop_curve_type_bezier_endpoint_consistency ... ok
test curves_property_tests::prop_exponential_rejects_nan ... ok
test curves_property_tests::prop_exponential_accepts_valid_exponents ... ok
test curves_property_tests::tests::test_curve_application_negative_torque ... ok
test device::tests::test_virtual_device_physics_simulation ... ok
test curves_property_tests::tests::test_property_test_module_compiles ... ok
test device::tests::test_virtual_device_telemetry ... ok
test curves_property_tests::tests::test_curve_application_to_torque_basic ... ok
test device::tests::test_fault_injection ... ok
test device::tests::test_virtual_device_torque_write ... ok
test device::tests::test_virtual_device_creation ... ok
test curves_property_tests::prop_logarithmic_accepts_valid_bases ... ok
test curves_property_tests::prop_no_curve_passes_through_unchanged ... ok
test curves_property_tests::prop_logarithmic_rejects_infinity ... ok
test curves_property_tests::prop_logarithmic_rejects_nan ... ok
test curves_property_tests::prop_curve_lut_clamps_out_of_range_inputs ... ok
test curves_property_tests::prop_exponential_rejects_zero_exponent ... ok
test curves_property_tests::prop_curve_type_logarithmic_endpoint_consistency ... ok
test device::tests::test_virtual_hid_port ... ok
test diagnostic::blackbox::tests::test_wbb_header_serialization ... ok
test curves_property_tests::prop_logarithmic_rejects_invalid_bases ... ok
test diagnostic::blackbox::tests::test_compression ... ok
test curves_property_tests::prop_validation_errors_are_descriptive ... ok
test diagnostic::blackbox::tests::test_blackbox_creation ... ok
test diagnostic::blackbox::tests::test_find_indices_in_range ... ok
test diagnostic::blackbox::tests::test_frame_recording ... ok
test diagnostic::blackbox::tests::test_find_index_at_timestamp_empty ... ok
test diagnostic::blackbox::tests::test_find_index_at_timestamp_binary_search ... ok
test diagnostic::blackbox_deep_tests::deep_test_header_engine_version_populated ... ok
test diagnostic::blackbox_deep_tests::deep_test_blackbox_disabled_streams_record_zero ... ok
test diagnostic::blackbox::tests::test_recording_finalization ... ok
test diagnostic::blackbox_deep_tests::deep_test_index_entries_serialization_roundtrip ... ok
test diagnostic::blackbox_deep_tests::deep_test_index_entry_roundtrip ... ok
test diagnostic::blackbox::tests::test_find_index_large_recording ... ok
test diagnostic::blackbox_deep_tests::deep_test_blackbox_mixed_stream_capacity ... ok
test diagnostic::blackbox_deep_tests::deep_test_blackbox_record_many_frames_capacity ... ok
test diagnostic::blackbox_deep_tests::deep_test_blackbox_frame_recording_latency ... ok
test diagnostic::blackbox_deep_tests::deep_test_compression_level_zero_uncompressed ... ok
test diagnostic::blackbox_deep_tests::deep_test_crash_sim_partial_write_header_survives ... ok
test diagnostic::blackbox_deep_tests::deep_test_empty_node_outputs ... ok
test diagnostic::blackbox_deep_tests::deep_test_stream_a_record_roundtrip ... ok
test diagnostic::blackbox_deep_tests::deep_test_crc32c_calculation ... ok
test diagnostic::blackbox_deep_tests::deep_test_stream_b_rate_limiting ... ok
test diagnostic::blackbox_deep_tests::deep_test_blackbox_burst_recording ... ok
test diagnostic::blackbox_deep_tests::deep_test_wbb_footer_roundtrip ... ok
test diagnostic::blackbox_deep_tests::deep_test_stream_a_write_then_serialize ... ok
test diagnostic::blackbox_deep_tests::deep_test_stream_c_health_events ... ok
test diagnostic::replay::tests::test_frame_comparison ... ok
test diagnostic::blackbox_deep_tests::deep_test_large_node_outputs ... ok
test diagnostic::blackbox_deep_tests::deep_test_wbb_header_roundtrip ... ok
test diagnostic::blackbox_deep_tests::deep_test_finalize_produces_valid_file ... ok
test diagnostic::blackbox_deep_tests::deep_test_stream_a_concurrent_produce_serialize ... ok
test diagnostic::streams::tests::test_empty_stream_data ... ok
test diagnostic::streams::tests::test_stream_a_recording ... ok
test diagnostic::streams::tests::test_stream_serialization_format ... ok
test diagnostic::streams::tests::test_stream_b_rate_limiting ... ok
test diagnostic::streams::tests::test_stream_reader_roundtrip ... ok
test diagnostic::blackbox_deep_tests::deep_test_safety_state_faulted_recorded ... ok
test diagnostic::streams::tests::test_stream_c_health_events ... ok
test diagnostic::support_bundle::tests::test_safe_env_var_filtering ... ok
test diagnostic::support_bundle::tests::test_health_events_addition ... ok
test diagnostic::blackbox_deep_tests::deep_test_high_compression_level ... ok
test diagnostic::support_bundle::tests::test_support_bundle_creation ... ok
test diagnostic::replay::tests::test_replay_creation ... ok
test diagnostic::replay::tests::test_replay_statistics ... ok
test diagnostic::replay::tests::test_replay_execution ... ok
test diagnostic::replay::tests::test_deterministic_replay ... ok
test diagnostic::support_bundle::tests::test_profile_file_discovery ... ok
test diagnostic::support_bundle::tests::test_log_file_discovery ... ok
test diagnostic::support_bundle_tests::prop_cargo_prefix_always_safe ... ok
test diagnostic::support_bundle_tests::prop_credential_vars_always_rejected ... ok
test diagnostic::support_bundle_tests::test_add_health_events_increments_size ... ok
test diagnostic::support_bundle_tests::prop_password_vars_always_rejected ... ok
test diagnostic::support_bundle_tests::prop_rust_prefix_always_safe ... ok
test diagnostic::support_bundle_tests::prop_key_vars_always_rejected ... ok
test diagnostic::support_bundle_tests::prop_secret_vars_always_rejected ... ok
test benchmark_types::property_tests::prop_benchmark_results_json_roundtrip ... ok
test diagnostic::support_bundle_tests::prop_token_vars_always_rejected ... ok
test diagnostic::support_bundle::tests::test_size_limit_enforcement ... ok
test diagnostic::blackbox_deep_tests::deep_test_recording_stats_accuracy ... ok
test diagnostic::support_bundle_tests::test_bundle_ok_without_logs ... ok
test diagnostic::support_bundle_tests::test_bundle_ok_without_profiles ... ok
test diagnostic::support_bundle_tests::test_bundle_ok_without_recordings ... ok
test diagnostic::support_bundle_tests::test_bundle_ok_without_system_info ... ok
test diagnostic::support_bundle_tests::test_bundle_structure_deterministic ... ok
test diagnostic::blackbox::tests::test_index_creation ... ok
test diagnostic::support_bundle_tests::test_bundle_with_empty_health_events ... ok
test diagnostic::support_bundle_tests::test_default_support_bundle_config ... ok
test diagnostic::support_bundle_tests::test_device_events_round_trip ... ok
test diagnostic::blackbox_deep_tests::deep_test_max_duration_limit_enforced ... ok
test diagnostic::support_bundle_tests::test_diagnostic_service_uptime ... ok
test diagnostic::support_bundle_tests::test_empty_bundle_generates_valid_zip ... ok
test diagnostic::support_bundle_tests::test_env_filter_case_insensitive ... ok
test diagnostic::support_bundle_tests::test_env_var_credential_filtered ... ok
test diagnostic::support_bundle_tests::test_env_var_key_filtered ... ok
test diagnostic::blackbox_deep_tests::deep_test_index_entries_created_via_finalization ... ok
test diagnostic::support_bundle_tests::test_env_var_password_filtered ... ok
test diagnostic::support_bundle_tests::test_env_var_secret_filtered ... ok
test diagnostic::support_bundle_tests::test_env_var_token_filtered ... ok
test diagnostic::support_bundle_tests::test_find_log_files_empty_dir ... ok
test diagnostic::support_bundle_tests::test_find_recent_recordings_max_count ... ok
test diagnostic::support_bundle_tests::test_health_event_pruning ... ok
test diagnostic::support_bundle_tests::test_health_event_types_preserved_in_bundle ... ok
test diagnostic::support_bundle_tests::test_large_log_file_skipped_when_exceeds_limit ... ok
test diagnostic::blackbox_deep_tests::deep_test_index_entries_finalization_after_long_recording ... ok
test diagnostic::support_bundle_tests::test_missing_log_dir_ok ... ok
test diagnostic::support_bundle_tests::test_missing_profile_dir_ok ... ok
test diagnostic::support_bundle_tests::test_missing_recording_dir_ok ... ok
test diagnostic::support_bundle_tests::test_non_log_files_excluded ... ok
test diagnostic::support_bundle_tests::test_profile_files_discoverable ... ok
test diagnostic::support_bundle_tests::test_recordings_stop_adding_at_size_limit ... ok
test diagnostic::support_bundle_tests::test_safe_env_vars_allowed ... ok
test diagnostic::support_bundle_tests::test_size_limit_prevents_oversized_health_events ... ok
test diagnostic::support_bundle::tests::test_system_info_collection ... ok
test diagnostic::support_bundle_tests::test_bundle_under_max_size ... ok
test diagnostic::support_bundle_tests::test_bundle_is_valid_zip ... ok
test diagnostic::tests::test_diagnostic_service_creation ... ok
test diagnostic::tests::test_disabled_recording ... ok
test diagnostic::tests::test_frame_recording ... ok
test diagnostic::tests::test_health_event_recording ... ok
test diagnostic::tests::test_recording_lifecycle ... ok
test diagnostic::support_bundle_tests::test_bundle_json_entries_parse ... ok
test engine::tests::test_engine_creation ... ok
test engine::tests::test_engine_start_stop ... ok
test engine::tests::test_monotonic_ns_since_earlier_instant_returns_zero ... ok
test engine::tests::test_monotonic_ns_since_later_instant_is_positive ... ok
test engine::tests::test_monotonic_ns_since_same_instant_is_zero ... ok
test diagnostic::support_bundle_tests::test_bundle_manifest_counts_match ... ok
test diagnostic::support_bundle::tests::test_bundle_generation ... ok
test engine::tests::test_sanitize_signed_unit_clamps_high ... ok
test engine::tests::test_sanitize_signed_unit_clamps_low ... ok
test engine::tests::test_sanitize_signed_unit_inf_yields_safe_value ... ok
test engine::tests::test_sanitize_signed_unit_nan_yields_zero ... ok
test engine::tests::test_safety_updates ... ok
test engine::tests::test_sanitize_signed_unit_passthrough_in_range ... ok
test engine::tests::test_sanitize_unit_interval_clamps_high ... ok
test engine::tests::test_sanitize_unit_interval_clamps_low ... ok
test engine::tests::test_sanitize_unit_interval_inf_yields_safe_value ... ok
test engine::tests::test_sanitize_unit_interval_passthrough_in_range ... ok
test engine::tests::test_sanitize_unit_interval_nan_yields_zero ... ok
test engine::tests::test_torque_safety_controls_emergency_stop_forces_zero ... ok
test engine::tests::test_torque_safety_controls_apply_multiplier_and_clamp ... ok
test engine::tests::test_torque_safety_controls_negative_max_torque_treated_as_zero ... ok
test engine::tests::test_torque_safety_controls_fault_latch_forces_zero ... ok
test engine::tests::test_torque_safety_controls_negative_multiplier_clamped_to_zero ... ok
test engine::tests::test_torque_safety_controls_sanitizes_non_finite_inputs ... ok
test engine::tests::test_torque_safety_controls_zero_max_torque_yields_zero ... ok
test engine::tests::test_torque_safety_controls_zero_multiplier_yields_zero ... ok
test ffb::tests::test_capabilities_report_parsing ... ok
test ffb::tests::test_capabilities_report_creation ... ok
test ffb::tests::test_capability_negotiation ... ok
test ffb::tests::test_capability_negotiation_with_warnings ... ok
test ffb::tests::test_mode_compatibility_check ... ok
test ffb::tests::test_mode_selection_pid_fallback ... ok
test ffb::tests::test_mode_selection_telemetry_fallback ... ok
test ffb::tests::test_mode_selection_raw_torque_preferred ... ok
test ffb::tests::test_mode_selection_with_game_compatibility ... ok
test ffb::tests::test_negotiation_result_summary ... ok
test ffb::tests::test_update_rates ... ok
test diagnostic::support_bundle_tests::test_bundle_contains_health_events ... ok
test diagnostic::support_bundle_tests::test_bundle_contains_profiles ... ok
test engine::tests::test_rt_hardening_steady_state_has_no_rt_allocations ... ok
test filters::property_tests::prop_torque_cap_neg_inf_yields_zero ... ok
test filters::property_tests::prop_torque_cap_nan_yields_zero ... ok
test diagnostic::support_bundle_tests::test_bundle_contains_system_info ... ok
test filters::tests::test_bumpstop_applies_resistance_past_start_angle ... ok
test filters::property_tests::prop_torque_cap_output_bounded ... ok
test filters::property_tests::prop_torque_cap_pos_inf_yields_zero ... ok
test filters::tests::test_bumpstop_state_reset ... ok
test filters::tests::test_bumpstop_disabled_no_effect ... ok
test filters::tests::test_chain_curve_then_response_curve ... ok
test filters::tests::test_chain_friction_then_damper_additive ... ok
test filters::tests::test_chain_notch_then_torque_cap ... ok
test filters::tests::test_curve_filter_preserves_sign ... ok
test filters::tests::test_curve_filter_extreme_input_clamped ... ok
test filters::tests::test_curve_filter_linear_identity ... ok
test filters::tests::test_damper_filter ... ok
test filters::tests::test_damper_opposes_motion ... ok
test filters::tests::test_damper_extreme_speed ... ok
test filters::tests::test_chain_reconstruction_then_slew_rate ... ok
test filters::tests::test_damper_proportional_to_speed ... ok
test filters::tests::test_friction_filter ... ok
test filters::tests::test_friction_extreme_speed ... ok
test filters::tests::test_friction_filter_opposes_motion ... ok
test filters::tests::test_full_pipeline_order ... ok
test filters::tests::test_hands_off_resets_on_resistance ... ok
test filters::tests::test_hands_off_state_reset ... ok
test filters::tests::test_hands_off_triggers_after_timeout ... ok
test filters::tests::test_friction_filter_zero_speed_no_effect ... ok
test filters::tests::test_friction_speed_adaptive_reduces_at_high_speed ... ok
test filters::tests::test_inertia_filter_opposes_acceleration ... ok
test filters::tests::test_inertia_constant_speed_no_torque ... ok
test filters::tests::test_inertia_state_reset ... ok
test filters::tests::test_inertia_extreme_acceleration ... ok
test filters::tests::test_lowpass_attenuates_high_frequencies ... ok
test filters::tests::test_notch_filter_bypass_passes_through ... ok
test filters::tests::test_lowpass_passes_dc ... ok
test filters::tests::test_notch_nan_input_does_not_crash ... ok
test filters::tests::test_notch_state_reset ... ok
test filters::tests::test_notch_zero_coefficients_via_bypass ... ok
test filters::tests::test_reconstruction_acts_as_lowpass ... ok
test filters::tests::test_reconstruction_filter ... ok
test filters::tests::test_notch_dc_passes_through ... ok
test filters::tests::test_reconstruction_filter_bypass_passes_through ... ok
test filters::tests::test_notch_filter_attenuates_center_frequency ... ok
test filters::tests::test_reconstruction_filter_convergence ... ok
test filters::property_tests::prop_torque_cap_preserves_sign ... ok
test filters::tests::test_reconstruction_state_reset ... ok
test filters::tests::test_reconstruction_nan_input ... ok
test filters::tests::test_reset_then_reprocess_matches_fresh_state ... ok
test filters::tests::test_reconstruction_heavy_smoothing_slower_than_light ... ok
test filters::property_tests::prop_torque_cap_within_limit_unchanged ... ok
test filters::tests::test_response_curve_linear_identity ... ok
test filters::tests::test_slew_rate_convergence ... ok
test filters::tests::test_slew_rate_limits_step_change ... ok
test filters::tests::test_slew_rate_nan_input_bounded ... ok
test filters::tests::test_slew_rate_state_reset ... ok
test filters::tests::test_slew_rate_unlimited_passes_through ... ok
test filters::tests::test_torque_cap_filter ... ok
test filters::tests::test_torque_cap_infinity_yields_zero ... ok
test filters::tests::test_torque_cap_nan_yields_zero ... ok
test filters::tests::test_torque_cap_negative_clamped ... ok
test hid::cross_platform_tests::capabilities_report_deserialization ... ok
test filters::tests::test_torque_cap_within_limit_unchanged ... ok
test filters::tests::test_zero_coefficient_filters_no_effect ... ok
test hid::cross_platform_tests::capabilities_report_rejects_wrong_id ... ok
test hid::cross_platform_tests::capabilities_report_rejects_short_buffer ... ok
test hid::cross_platform_tests::classify_report_all_categories ... ok
test hid::cross_platform_tests::conditional_direction_fix_noop_when_disabled ... ok
test hid::cross_platform_tests::conditional_direction_fix_swaps_coefficients ... ok
test hid::cross_platform_tests::descriptor_device_path_format ... ok
test hid::cross_platform_tests::descriptor_empty_elements_minimal_caps ... ok
test hid::cross_platform_tests::descriptor_feature_elements_counted ... ok
test hid::cross_platform_tests::descriptor_without_pid_no_ffb ... ok
test hid::cross_platform_tests::device_event_variants ... ok
test hid::cross_platform_tests::device_capabilities_max_update_rate ... ok
test hid::cross_platform_tests::device_capabilities_ffb_detection ... ok
test hid::cross_platform_tests::device_matching_dict_preset ... ok
test hid::cross_platform_tests::descriptor_with_pid_detects_ffb_capable ... ok
test hid::cross_platform_tests::device_quirks_fanatec_wheelbase_requires_handshake ... ok
test hid::cross_platform_tests::device_quirks_moza_pedals_no_ffb_quirks ... ok
test hid::cross_platform_tests::device_quirks_moza_wheelbase_has_conditional_fix ... ok
test hid::cross_platform_tests::element_bit_width_multi_count ... ok
test hid::cross_platform_tests::element_type_from_raw_round_trip ... ok
test hid::cross_platform_tests::device_quirks_simagic_has_polling_interval ... ok
test hid::cross_platform_tests::device_quirks_unknown_device_has_no_quirks ... ok
test hid::cross_platform_tests::element_type_output_variant ... ok
test hid::cross_platform_tests::element_type_input_variants ... ok
test hid::cross_platform_tests::encode_torque_report_fanatec_device ... ok
test hid::cross_platform_tests::encode_torque_report_generic_device ... ok
test hid::cross_platform_tests::encode_torque_report_zero_torque_all_vendors ... ok
test hid::cross_platform_tests::hid_device_info_fallback_name_when_product_none ... ok
test hid::cross_platform_tests::encode_torque_report_moza_device ... ok
test hid::cross_platform_tests::hid_device_info_to_device_info_conversion ... ok
test hid::cross_platform_tests::hid_element_degenerate_range_returns_none ... ok
test hid::cross_platform_tests::hid_element_signed_normalization ... ok
test hid::cross_platform_tests::iokit_descriptor_element_counts ... ok
test hid::cross_platform_tests::iokit_descriptor_steering_element_lookup ... ok
test hid::cross_platform_tests::iokit_descriptor_pid_output_detection ... ok
test hid::cross_platform_tests::iokit_descriptor_racing_wheel_detection ... ok
test hid::cross_platform_tests::iokit_descriptor_to_hid_device_info_roundtrip ... ok
test hid::cross_platform_tests::matching_dict_empty_matches_any_device ... ok
test hid::cross_platform_tests::matching_dict_get_integer_missing_key_returns_none ... ok
test hid::cross_platform_tests::matching_dict_string_entries_match_unconditionally ... ok
test hid::cross_platform_tests::hid_element_normalization ... ok
test hid::cross_platform_tests::matching_dict_vid_pid_exact_match ... ok
test hid::cross_platform_tests::mac_hid_error_display_strings ... ok
test hid::cross_platform_tests::racing_wheel_matching_dict_preset ... ok
test hid::cross_platform_tests::mac_hid_error_implements_std_error ... ok
test hid::cross_platform_tests::rt_io_error_variants_distinct ... ok
test hid::cross_platform_tests::stream_config_defaults_reasonable ... ok
test hid::cross_platform_tests::telemetry_report_deserialization ... ok
test hid::cross_platform_tests::telemetry_report_rejects_short_buffer ... ok
test hid::cross_platform_tests::torque_command_negative_torque ... ok
test hid::cross_platform_tests::torque_command_saturation_clamp ... ok
test hid::cross_platform_tests::torque_command_serialization_length ... ok
test hid::cross_platform_tests::matching_dict_usage_page_and_usage_filter ... ok
test hid::cross_platform_tests::torque_command_zero_torque ... ok
test hid::cross_platform_tests::telemetry_report_rejects_wrong_id ... ok
test hid::cross_platform_tests::torque_command_flags_encoding ... ok
test hid::cross_platform_tests::validate_report_length_rejects_shorter ... ok
test hid::cross_platform_tests::torque_mailbox_defaults_disarmed ... ok
test hid::cross_platform_tests::validate_report_length_accepts_exact ... ok
test hid::cross_platform_tests::vendor_protocol_dispatch_known_vendors ... ok
test hid::cross_platform_tests::virtual_device_disconnect_reconnect_cycle ... ok
test hid::cross_platform_tests::virtual_device_health_status_reflects_faults ... ok
test hid::cross_platform_tests::virtual_device_implements_hid_device_contract ... ok
test hid::cross_platform_tests::virtual_device_physics_changes_telemetry ... ok
test hid::cross_platform_tests::virtual_device_write_returns_error_when_disconnected ... ok
test hid::cross_platform_tests::validate_report_length_accepts_longer ... ok
test hid::cross_platform_tests::validate_report_length_empty_buffer ... ok
test hid::cross_platform_tests::virtual_device_read_telemetry_returns_none_when_disconnected ... ok
test hid::cross_platform_tests::virtual_device_torque_limit_enforcement ... ok
test hid::cross_platform_tests::virtual_port_add_remove_device ... ok
test hid::cross_platform_tests::virtual_port_add_device_while_listing ... ok
test hid::cross_platform_tests::virtual_port_device_info_fields_populated ... ok
test hid::cross_platform_tests::virtual_port_multiple_devices_independent ... ok
test hid::cross_platform_tests::virtual_port_monitor_returns_receiver ... ok
test hid::cross_platform_tests::virtual_port_list_empty_initially ... ok
test hid::cross_platform_tests::virtual_port_open_nonexistent_device_errors ... ok
test hid::cross_platform_tests::virtual_port_list_reflects_added_devices ... ok
test hid::cross_platform_tests::virtual_port_open_returns_working_device ... ok
test hid::macos::device::tests::test_device_handle_io_error_tracking ... ok
test hid::cross_platform_tests::virtual_port_refresh_succeeds ... ok
test hid::cross_platform_tests::virtual_port_remove_then_open_errors ... ok
test hid::macos::device::tests::test_device_handle_mark_error ... ok
test hid::macos::device::tests::test_device_handle_open_from_invalid_state ... ok
test hid::macos::device::tests::test_device_handle_path ... ok
test hid::macos::device::tests::test_device_handle_prepare_output_report ... ok
test hid::macos::device::tests::test_device_handle_prepare_output_report_too_large ... ok
test hid::macos::device::tests::test_device_handle_classify_last_report ... ok
test hid::macos::device::tests::test_device_handle_initial_state ... ok
test hid::macos::device::tests::test_device_handle_record_input_report ... ok
test hid::macos::device::tests::test_device_handle_state_transitions ... ok
test hid::macos::device::tests::test_device_handle_validate_report ... ok
test hid::macos::device::tests::test_device_state_display ... ok
test hid::macos::enumeration::tests::test_enumerator_all_devices ... ok
test hid::macos::enumeration::tests::test_enumerator_clear ... ok
test hid::macos::enumeration::tests::test_enumerator_manual_register ... ok
test hid::macos::enumeration::tests::test_enumerator_initial_state ... ok
test hid::macos::enumeration::tests::test_enumerator_filters_non_wheel ... ok
test hid::macos::enumeration::tests::test_enumerator_get_device ... ok
test hid::macos::enumeration::tests::test_enumerator_manual_remove ... ok
test hid::macos::enumeration::tests::test_enumerator_detects_removal ... ok
test hid::macos::enumeration::tests::test_enumerator_detects_addition ... ok
test hid::macos::enumeration::tests::test_enumerator_process_first_pass ... ok
test hid::macos::enumeration::tests::test_filter_matches_vid_pid ... ok
test hid::macos::enumeration::tests::test_filter_to_matching_dict ... ok
test hid::macos::enumeration::tests::test_enumerator_stable_pass ... ok
test hid::macos::enumeration::tests::test_filter_matches_any ... ok
test hid::macos::hotplug::tests::test_collector_clear ... ok
test hid::macos::hotplug::tests::test_collector_empty ... ok
test hid::macos::hotplug::tests::test_collector_last_event_for_path ... ok
test hid::macos::hotplug::tests::test_collector_push_and_count ... ok
test hid::macos::enumeration::tests::test_filter_matches_usage_page ... ok
test hid::macos::enumeration::tests::test_filter_matches_vendor_id ... ok
test hid::macos::hotplug::tests::test_config_default ... ok
test hid::macos::hotplug::tests::test_config_all_devices ... ok
test hid::macos::hotplug::tests::test_config_racing_wheels ... ok
test hid::macos::hotplug::tests::test_config_specific_device ... ok
test hid::macos::hotplug::tests::test_event_arrived ... ok
test hid::macos::hotplug::tests::test_event_display_arrived ... ok
test hid::macos::hotplug::tests::test_event_display_removed ... ok
test hid::macos::hotplug::tests::test_hotplug_sequence_simulation ... ok
test hid::macos::hotplug::tests::test_monitor_state_display ... ok
test hid::macos::tests::test_classify_report_input_range ... ok
test hid::macos::tests::test_classify_report_capabilities ... ok
test hid::macos::tests::test_classify_report_telemetry ... ok
test hid::macos::tests::test_classify_report_empty_returns_none ... ok
test hid::macos::tests::test_classify_report_unknown ... ok
test hid::macos::hotplug::tests::test_event_removed ... ok
test hid::macos::tests::test_descriptor_button_elements ... ok
test hid::macos::tests::test_descriptor_capability_detection_with_pid ... ok
test hid::macos::tests::test_descriptor_capability_detection_without_pid ... ok
test hid::macos::tests::test_classify_report_vendor_specific ... ok
test hid::macos::tests::test_descriptor_device_info_roundtrip ... ok
test hid::macos::tests::test_descriptor_count_elements ... ok
test hid::macos::tests::test_descriptor_device_path ... ok
test hid::macos::tests::test_descriptor_has_pid_outputs ... ok
test hid::macos::tests::test_descriptor_is_racing_wheel ... ok
test hid::macos::tests::test_descriptor_steering_element ... ok
test hid::macos::tests::test_descriptor_to_hid_device_info ... ok
test hid::macos::tests::test_device_dict_specific_product ... ok
test hid::macos::tests::test_descriptor_no_elements ... ok
test hid::macos::tests::test_descriptor_no_product_name_generates_fallback ... ok
test hid::macos::tests::test_device_matching_dict_includes_transport ... ok
test hid::macos::tests::test_element_bit_width ... ok
test hid::macos::tests::test_element_has_range ... ok
test hid::macos::tests::test_element_normalize_clamps ... ok
test hid::macos::tests::test_element_normalize_boundaries ... ok
test hid::macos::tests::test_element_normalize_degenerate_returns_none ... ok
test hid::macos::tests::test_element_normalize_center ... ok
test hid::macos::tests::test_element_normalize_signed ... ok
test hid::macos::tests::test_element_type_display ... ok
test hid::macos::tests::test_error_display_device_removed ... ok
test hid::macos::tests::test_element_type_is_input ... ok
test hid::macos::tests::test_element_type_from_raw_invalid ... ok
test hid::macos::tests::test_element_type_from_raw_valid ... ok
test hid::macos::tests::test_error_display_io_return ... ok
test hid::macos::tests::test_error_display_malformed_report ... ok
test hid::macos::tests::test_element_type_is_output ... ok
test hid::macos::tests::test_error_display_missing_element ... ok
test hid::macos::tests::test_error_is_std_error ... ok
test hid::macos::tests::test_matching_dict_builder_basic ... ok
test hid::macos::tests::test_matching_dict_usage_page_filter ... ok
test hid::macos::tests::test_matching_dict_matches_correct_device ... ok
test hid::macos::tests::test_matching_dict_empty_matches_everything ... ok
test hid::macos::tests::test_racing_wheel_dict_rejects_keyboard ... ok
test hid::macos::tests::test_racing_wheel_dict_matches_moza ... ok
test hid::macos::tests::test_usage_constants ... ok
test hid::macos::tests::test_usage_page_constants ... ok
test hid::macos::tests::test_validate_report_length_ok ... ok
test hid::quirks::tests::test_moza_quirks_detection ... ok
test hid::macos::tests::test_validate_report_length_too_short ... ok
test hid::quirks::tests::test_unknown_device_no_quirks ... ok
test hid::quirks::tests::test_conditional_direction_fix ... ok
test hid::quirks::tests::test_simagic_evo_vendor_quirks_detection ... ok
test hid::rt_stream::tests::test_armed_stream_applies_clamps ... ok
test hid::rt_stream::tests::test_disarmed_stream_writes_zero ... ok
test hid::rt_stream::tests::test_watchdog_timeout_disarms_on_stale_sequence ... ok
test hid::rt_stream::tests::test_would_block_keeps_stream_armed ... ok
test hid::tests::test_device_capabilities_deserialization ... ok
test hid::rt_stream::tests::test_write_error_disarms_and_emits_zero ... ok
test hid::tests::test_encode_torque_report_fanatec_uses_constant_force_layout ... ok
test hid::tests::test_device_telemetry_deserialization ... ok
test hid::tests::test_encode_torque_report_generic_device_uses_owp1_layout ... ok
test hid::tests::test_encode_torque_report_fanatec_zero_torque ... ok
test hid::tests::test_encode_torque_report_moza_uses_direct_layout ... ok
test hid::tests::test_torque_command_creation ... ok
test hid::tests::test_torque_command_serialization ... ok
test hid::vendor::accuforce_tests::prop_accuforce_torque_always_positive ... ok
test hid::vendor::accuforce_tests::prop_ffb_config_torque_in_safe_range ... ok
test hid::vendor::accuforce_tests::prop_model_from_pid_deterministic ... ok
test hid::vendor::accuforce_tests::test_accuforce_model_display_name ... ok
test hid::vendor::accuforce_tests::test_ffb_config ... ok
test hid::vendor::accuforce_tests::prop_is_accuforce_product_exact_pid ... ok
test hid::vendor::accuforce_tests::test_initialize_sends_no_reports ... ok
test hid::vendor::accuforce_tests::test_get_vendor_protocol_accuforce ... ok
test hid::vendor::accuforce_tests::test_is_accuforce_product ... ok
test hid::vendor::accuforce_tests::test_is_v2_hardware ... ok
test hid::vendor::accuforce_tests::test_new_pro ... ok
test hid::vendor::accuforce_tests::test_new_unknown_pid ... ok
test hid::vendor::accuforce_tests::test_output_report ... ok
test hid::vendor::accuforce_tests::test_send_feature_report ... ok
test hid::vendor::accuforce_tests::test_send_feature_report_too_large ... ok
test hid::vendor::asetek_tests::test_ffb_config ... ok
test hid::vendor::asetek_tests::test_initialize_no_reports ... ok
test hid::vendor::asetek_tests::test_get_vendor_protocol_asetek ... ok
test hid::vendor::asetek_tests::test_new_forte ... ok
test hid::vendor::asetek_tests::test_new_invicta ... ok
test hid::vendor::asetek_tests::test_new_laprima ... ok
test hid::vendor::asetek_tests::test_output_report_metadata ... ok
test hid::vendor::asetek_tests::test_send_feature_report ... ok
test hid::vendor::autodetect_tests::button_box_product_matching ... ok
test hid::vendor::autodetect_tests::accuforce_product_matching ... ok
test hid::vendor::autodetect_tests::asetek_products_match ... ok
test hid::vendor::autodetect_tests::cammus_pedals_recognized_as_products ... ok
test hid::vendor::autodetect_tests::device_type_classification_across_vendors ... ok
test hid::vendor::autodetect_tests::cammus_products_match ... ok
test hid::vendor::autodetect_tests::fanatec_wheelbases_match_vendor_protocol ... ok
test hid::vendor::autodetect_tests::fanatec_pedals_not_classified_as_wheelbase ... ok
test hid::vendor::autodetect_tests::ffbeast_product_matching ... ok
test hid::vendor::autodetect_tests::heusinkveld_device_type_classification ... ok
test hid::vendor::autodetect_tests::heusinkveld_model_from_info_classification ... ok
test hid::vendor::autodetect_tests::enumerate_empty_port_returns_empty_list ... ok
test hid::vendor::autodetect_tests::heusinkveld_multi_vid_matching ... ok
test hid::vendor::autodetect_tests::hid_pid_fallback_covers_unknown_chinese_dd_controllers ... ok
test hid::vendor::autodetect_tests::hid_pid_fallback_not_used_when_vendor_matches ... ok
test hid::vendor::autodetect_tests::hid_pid_fallback_when_vendor_unknown ... ok
test hid::vendor::autodetect_tests::hotplug_add_device_updates_enumeration ... ok
test hid::vendor::autodetect_tests::hotplug_multiple_devices_sequential ... ok
test hid::vendor::autodetect_tests::hotplug_add_remove_add_cycle ... ok
test hid::vendor::autodetect_tests::hotplug_remove_device_updates_enumeration ... ok
test hid::vendor::autodetect_tests::leo_bodnar_ffb_vs_input_only ... ok
test hid::vendor::autodetect_tests::logitech_unknown_pid_still_gets_protocol ... ok
test hid::vendor::autodetect_tests::logitech_wheel_products_match ... ok
test hid::vendor::autodetect_tests::moza_unknown_pid_identified_as_unknown_category ... ok
test hid::vendor::autodetect_tests::moza_peripherals_classified_correctly ... ok
test hid::vendor::autodetect_tests::moza_v1_and_v2_firmware_both_recognized ... ok
test hid::vendor::autodetect_tests::moza_wheelbase_identification ... ok
test hid::vendor::autodetect_tests::multi_device_mixed_vendors ... ok
test hid::vendor::autodetect_tests::open_nonexistent_device_returns_error ... ok
test hid::vendor::autodetect_tests::multi_device_same_vendor ... ok
test hid::vendor::autodetect_tests::pid_codes_vid_disambiguates_openffboard_vs_button_box ... ok
test hid::vendor::autodetect_tests::openffboard_product_matching ... ok
test hid::vendor::autodetect_tests::simagic_evo_vid_dispatches ... ok
test hid::vendor::autodetect_tests::pxn_product_matching ... ok
test hid::vendor::autodetect_tests::simagic_model_classification ... ok
test hid::vendor::autodetect_tests::simagic_legacy_stm_vid_dispatches ... ok
test hid::vendor::autodetect_tests::simucube_vs_simagic_vid_disambiguation ... ok
test hid::vendor::autodetect_tests::simucube_products_match ... ok
test hid::vendor::autodetect_tests::simucube_active_pedal_and_wireless_wheel_recognized ... ok
test hid::vendor::autodetect_tests::unknown_pid_on_known_vid_behaviour ... ok
test hid::vendor::autodetect_tests::thrustmaster_wheel_and_pedal_classification ... ok
test hid::vendor::autodetect_tests::vendor_protocol_covers_all_known_vendor_ids ... ok
test hid::vendor::autodetect_tests::vendor_protocol_dispatch_priority_shared_vids ... ok
test hid::vendor::autodetect_tests::unknown_vid_returns_none ... ok
test hid::vendor::autodetect_tests::vrs_products_dispatch_correctly ... ok
test hid::vendor::autodetect_tests::vrs_vid_with_non_vrs_pid_falls_to_simagic ... ok
test hid::vendor::button_box_tests::test_initialize_no_writes ... ok
test hid::vendor::button_box_tests::test_is_button_box_product ... ok
test hid::vendor::button_box_tests::test_parse_input_report ... ok
test hid::vendor::button_box_tests::test_parse_input_too_short ... ok
test hid::vendor::cammus_tests::test_cammus_model_display_names ... ok
test hid::vendor::cammus_tests::test_ffb_config_c12 ... ok
test hid::vendor::button_box_tests::test_get_vendor_protocol_button_box ... ok
test hid::vendor::button_box_tests::test_handler_creation_no_ffb ... ok
test hid::vendor::cammus_tests::test_ffb_config_c5 ... ok
test hid::vendor::cammus_tests::test_get_vendor_protocol_cammus ... ok
test hid::vendor::cammus_tests::test_initialize_sends_no_reports ... ok
test hid::vendor::cammus_tests::test_is_cammus_product ... ok
test hid::vendor::cammus_tests::test_is_v2_hardware ... ok
test hid::vendor::cammus_tests::test_new_c12 ... ok
test hid::vendor::cammus_tests::test_new_c5 ... ok
test hid::vendor::cammus_tests::test_output_report ... ok
test hid::vendor::cammus_tests::test_new_unknown_pid ... ok
test hid::vendor::cammus_tests::test_send_feature_report ... ok
test hid::vendor::cammus_tests::test_send_feature_report_too_large ... ok
test hid::vendor::cube_controls_tests::prop_cube_controls_torque_always_zero ... ok
test hid::vendor::cube_controls_tests::prop_is_cube_controls_product_matches_known_pids ... ok
test hid::vendor::cube_controls_tests::prop_ffb_config_torque_in_safe_range ... ok
test hid::vendor::cube_controls_tests::prop_model_from_pid_deterministic ... ok
test diagnostic::support_bundle_tests::test_bundle_contains_log_files ... ok
test diagnostic::support_bundle_tests::test_diagnostic_service_health_events_in_bundle ... ok
test hid::vendor::accuforce_tests::snapshot_device_caps_accuforce_pro ... ok
test hid::vendor::accuforce_tests::snapshot_ffb_config_unknown_pid ... ok
test hid::vendor::cube_controls_tests::snapshot_ffb_config_formula_pro ... ok
test hid::vendor::cube_controls_tests::snapshot_device_caps_formula_pro ... ok
test hid::vendor::accuforce_tests::snapshot_ffb_config_accuforce_pro ... ok
test hid::vendor::cube_controls_tests::snapshot_device_caps_csx3 ... ok
test hid::vendor::cube_controls_tests::snapshot_ffb_config_csx3 ... ok
test hid::vendor::cube_controls_tests::snapshot_device_caps_gt_pro ... ok
test hid::vendor::cube_controls_tests::test_cube_controls_model_display_names ... ok
test hid::vendor::cube_controls_tests::test_all_models_are_provisional ... ok
test hid::vendor::cube_controls_tests::test_ffb_config ... ok
test hid::vendor::cube_controls_tests::test_get_vendor_protocol_cube_controls_falls_through_to_simagic ... ok
test hid::vendor::cube_controls_tests::test_is_cube_controls_product ... ok
test hid::vendor::cube_controls_tests::test_is_v2_hardware ... ok
test hid::vendor::cube_controls_tests::test_new_csx3 ... ok
test hid::vendor::cube_controls_tests::snapshot_ffb_config_gt_pro ... ok
test hid::vendor::cube_controls_tests::test_initialize_sends_no_reports ... ok
test hid::vendor::cube_controls_tests::test_new_formula_pro ... ok
test hid::vendor::cube_controls_tests::test_new_gt_pro ... ok
test hid::vendor::cube_controls_tests::test_new_unknown_pid ... ok
test hid::vendor::cube_controls_tests::test_output_report ... ok
test hid::vendor::cube_controls_tests::test_send_feature_report_too_large ... ok
test hid::vendor::fanatec_tests::test_fanatec_ffb_config_clubsport_dd ... ok
test hid::vendor::cube_controls_tests::test_send_feature_report ... ok
test hid::vendor::fanatec_tests::test_fanatec_ffb_config_csl_dd ... ok
test hid::vendor::fanatec_tests::test_fanatec_ffb_config_dd1 ... ok
test hid::vendor::fanatec_tests::test_fanatec_model_classification ... ok
test hid::vendor::fanatec_tests::test_get_vendor_protocol_fanatec ... ok
test hid::vendor::fanatec_tests::test_initialize_non_wheelbase_skips_handshake ... ok
test hid::vendor::fanatec_tests::test_initialize_wheelbase_sends_mode_switch ... ok
test hid::vendor::fanatec_tests::test_is_pedal_product_consistency ... ok
test hid::vendor::fanatec_tests::test_is_wheelbase_product_consistency ... ok
test hid::vendor::fanatec_tests::test_is_wheelbase_product_does_not_include_pedals ... ok
test hid::vendor::fanatec_tests::test_output_report_metadata_unknown ... ok
test hid::vendor::fanatec_tests::test_output_report_metadata_wheelbase ... ok
test hid::vendor::fanatec_tests::test_pedal_device_shutdown_is_noop ... ok
test hid::vendor::fanatec_tests::test_pedal_device_no_output_report_metadata ... ok
test hid::vendor::fanatec_tests::test_pedal_device_skips_handshake ... ok
test hid::vendor::fanatec_tests::test_pedal_model_clubsport_v3_axis_count ... ok
test hid::vendor::fanatec_tests::test_rim_id_mclaren_from_byte ... ok
test hid::vendor::fanatec_tests::test_send_feature_report_prefixes_report_id ... ok
test hid::vendor::fanatec_tests::test_send_feature_report_rejects_oversize ... ok
test hid::vendor::fanatec_tests::test_shutdown_non_wheelbase_is_noop ... ok
test hid::vendor::ffbeast_tests::ffb_config_valid_ranges ... ok
test hid::vendor::fanatec_tests::test_shutdown_wheelbase_sends_stop_all ... ok
test hid::vendor::ffbeast_tests::handler_creates_for_rudder_pid ... ok
test hid::vendor::ffbeast_tests::handler_creates_for_joystick_pid ... ok
test hid::vendor::ffbeast_tests::handler_creates_for_wheel_pid ... ok
test hid::vendor::ffbeast_tests::initialize_sends_enable_and_gain ... ok
test hid::vendor::ffbeast_tests::output_report_id_and_len_are_set ... ok
test hid::vendor::ffbeast_tests::not_v2_hardware ... ok
test hid::vendor::ffbeast_tests::send_feature_report_too_large_returns_error ... ok
test hid::vendor::ffbeast_tests::shutdown_sends_disable ... ok
test hid::vendor::generic_hid_pid_tests::fallback_prefers_specific_vendor_handler_over_generic ... ok
test hid::vendor::generic_hid_pid_tests::fallback_returns_generic_handler_when_hid_pid_advertised ... ok
test hid::vendor::generic_hid_pid_tests::fallback_returns_none_when_hid_pid_not_advertised ... ok
test hid::vendor::generic_hid_pid_tests::ffb_config_has_conservative_positive_torque ... ok
test hid::vendor::generic_hid_pid_tests::handler_creates_for_arbitrary_vid_pid ... ok
test hid::vendor::generic_hid_pid_tests::output_report_id_and_len_are_none ... ok
test hid::vendor::generic_hid_pid_tests::send_feature_report_too_large_returns_error ... ok
test hid::vendor::generic_hid_pid_tests::send_feature_report_succeeds ... ok
test hid::vendor::generic_hid_pid_tests::initialize_sends_no_vendor_reports ... ok
test hid::vendor::generic_hid_pid_tests::not_v2_hardware ... ok
test hid::vendor::heusinkveld_tests::test_ffb_config ... ok
test hid::vendor::heusinkveld_tests::test_get_vendor_protocol_heusinkveld_pids ... ok
test hid::vendor::heusinkveld_tests::test_initialize_no_reports ... ok
test hid::vendor::heusinkveld_tests::test_is_heusinkveld_product ... ok
test hid::vendor::heusinkveld_tests::test_new_pro ... ok
test hid::vendor::heusinkveld_tests::test_new_sprint ... ok
test hid::vendor::heusinkveld_tests::test_no_output_report ... ok
test hid::vendor::heusinkveld_tests::test_new_ultimate ... ok
test hid::vendor::leo_bodnar_tests::ffb_config_for_input_only_has_zero_torque ... ok
test hid::vendor::leo_bodnar_tests::ffb_config_for_wheel_has_valid_ranges ... ok
test hid::vendor::leo_bodnar_tests::ffb_wheel_supports_pid_ffb ... ok
test hid::vendor::leo_bodnar_tests::get_vendor_protocol_returns_handler_for_bbi32 ... ok
test hid::vendor::leo_bodnar_tests::handler_creates_for_joystick_pid ... ok
test hid::vendor::leo_bodnar_tests::handler_creates_for_slim_pid ... ok
test hid::vendor::leo_bodnar_tests::initialize_ffb_wheel_sends_no_vendor_reports ... ok
test hid::vendor::leo_bodnar_tests::initialize_input_only_sends_no_reports ... ok
test hid::vendor::leo_bodnar_tests::handler_creates_for_bbi32_pid ... ok
test hid::vendor::leo_bodnar_tests::input_only_devices_do_not_support_pid_ffb ... ok
test hid::vendor::leo_bodnar_tests::handler_creates_for_ffb_wheel_pid ... ok
test hid::vendor::leo_bodnar_tests::get_vendor_protocol_returns_handler_for_leo_bodnar_vid ... ok
test hid::vendor::leo_bodnar_tests::not_v2_hardware ... ok
test hid::vendor::leo_bodnar_tests::output_report_id_is_none_for_standard_hid_pid ... ok
test hid::vendor::leo_bodnar_tests::is_leo_bodnar_ffb_product_only_matches_wheel_pid ... ok
test hid::vendor::leo_bodnar_tests::send_feature_report_succeeds ... ok
test hid::vendor::leo_bodnar_tests::send_feature_report_too_large_returns_error ... ok
test hid::vendor::leo_bodnar_tests::snapshot_device_caps_wheel_pid ... ok
test hid::vendor::leo_bodnar_tests::snapshot_device_caps_bbi32_pid ... ok
test hid::vendor::leo_bodnar_tests::snapshot_ffb_config_joystick_pid ... ok
test hid::vendor::leo_bodnar_tests::snapshot_ffb_config_bbi32_pid ... ok
test hid::vendor::logitech_tests::test_get_vendor_protocol_returns_logitech ... ok
test hid::vendor::leo_bodnar_tests::snapshot_ffb_config_slim_pid ... ok
test hid::vendor::logitech_tests::test_logitech_ffb_config_g_pro ... ok
test hid::vendor::leo_bodnar_tests::snapshot_ffb_config_wheel_pid ... ok
test hid::vendor::logitech_tests::test_logitech_initialize_g_pro_1080deg ... ok
test hid::vendor::logitech_tests::test_logitech_output_report_metadata ... ok
test hid::vendor::logitech_tests::test_logitech_initialize_sends_two_feature_reports ... ok
test hid::vendor::logitech_tests::test_logitech_model_classification ... ok
test hid::vendor::logitech_tests::test_logitech_unknown_product_skips_init ... ok
test hid::vendor::leo_bodnar_tests::prop_is_leo_bodnar_ffb_product_exact_pid ... ok
test hid::vendor::logitech_tests::test_is_wheel_product_known_ids ... ok
test hid::vendor::logitech_tests::test_logitech_ffb_config_g920 ... ok
test hid::vendor::leo_bodnar_tests::prop_torque_positive_iff_ffb_product ... ok
test hid::vendor::leo_bodnar_tests::prop_ffb_config_torque_in_safe_range ... ok
test hid::vendor::moza_tests::test_effective_ffb_mode_standard_passes_through ... ok
test hid::vendor::moza_tests::test_effective_high_torque_opt_in_false_without_env ... ok
test hid::vendor::moza_tests::test_ffb_config_default ... ok
test hid::vendor::moza_tests::test_effective_ffb_mode_direct_without_trust_downgrades ... ok
test hid::vendor::moza_tests::test_get_vendor_protocol_unknown ... ok
test hid::vendor::moza_tests::test_get_vendor_protocol_moza ... ok
test hid::vendor::moza_tests::test_moza_can_retry_state ... ok
test hid::vendor::moza_tests::test_moza_encoder_cpr ... ok
test hid::vendor::moza_tests::test_moza_es_compatibility_diagnostic_messages ... ok
test hid::vendor::moza_tests::test_moza_es_compatibility_matrix ... ok
test hid::vendor::moza_tests::test_moza_es_compatibility_protocol_accessor ... ok
test hid::vendor::moza_tests::test_moza_es_joystick_mode_from_config ... ok
test hid::vendor::moza_tests::test_moza_es_surface_constants ... ok
test hid::vendor::moza_tests::test_moza_ffb_config ... ok
test hid::vendor::moza_tests::test_moza_handbrake_skip_initialization ... ok
test hid::vendor::moza_tests::test_moza_hat_direction_parsing ... ok
test hid::vendor::moza_tests::test_moza_identity_peripherals ... ok
test hid::vendor::moza_tests::test_moza_identity_wheelbase_topology ... ok
test hid::vendor::moza_tests::test_moza_initialize_device_high_torque_off_by_default ... ok
test hid::vendor::moza_tests::test_moza_initialize_device_idempotent_and_stateful ... ok
test hid::vendor::moza_tests::test_moza_initialize_device_respects_configured_mode ... ok
test hid::vendor::moza_tests::test_moza_is_ffb_ready ... ok
test hid::vendor::moza_tests::test_moza_max_torque ... ok
test hid::vendor::moza_tests::test_moza_model_from_pid ... ok
test hid::vendor::moza_tests::test_moza_parse_aggregated_pedal_axes_missing_optional_axes ... ok
test hid::vendor::moza_tests::test_moza_parse_aggregated_pedal_axes_rejects_wrong_report_id ... ok
test hid::vendor::moza_tests::test_moza_parse_input_state_populates_ks_snapshot ... ok
test hid::vendor::moza_tests::test_moza_parse_standalone_hbp_state_with_report_id ... ok
test hid::vendor::moza_tests::test_moza_parse_standalone_hbp_state_without_report_id ... ok
test hid::vendor::moza_tests::test_moza_parse_standalone_srp_state ... ok
test hid::vendor::moza_tests::test_moza_initialization_continues_on_failure ... ok
test hid::vendor::moza_tests::test_moza_peripheral_skip_initialization_state ... ok
test hid::vendor::moza_tests::test_moza_initialize_device ... ok
test hid::vendor::moza_tests::test_moza_output_report_metadata ... ok
test hid::vendor::moza_tests::test_moza_parse_aggregated_pedal_axes_basic ... ok
test hid::vendor::moza_tests::test_moza_protocol_creation ... ok
test hid::vendor::moza_tests::test_moza_reset_to_uninitialized_clears_state ... ok
test hid::vendor::moza_tests::test_moza_pedal_axis_normalization ... ok
test hid::vendor::moza_tests::test_moza_pedals_skip_initialization ... ok
test hid::vendor::moza_tests::test_moza_retries_bounded_by_max_retries ... ok
test hid::vendor::moza_tests::test_moza_retry_policy_delay_capped ... ok
test hid::vendor::moza_tests::test_moza_set_ffb_mode ... ok
test hid::vendor::moza_tests::test_policy_new_with_config_high_torque_false_sends_two_reports ... ok
test hid::vendor::moza_tests::test_policy_new_with_config_high_torque_true_sends_three_reports ... ok
test hid::vendor::moza_tests::test_signature_is_trusted_none_crc32_is_not_trusted ... ok
test hid::vendor::moza_tests::test_v1_vs_v2_detection ... ok
test hid::vendor::moza_tests::test_moza_set_rotation_range ... ok
test hid::vendor::openffboard_tests::handler_creates_for_main_pid ... ok
test hid::vendor::moza_tests::test_moza_send_feature_report ... ok
test hid::vendor::openffboard_tests::initialize_sends_enable_and_gain ... ok
test hid::vendor::openffboard_tests::not_v2_hardware ... ok
test hid::vendor::openffboard_tests::output_report_id_and_len_are_set ... ok
test hid::vendor::openffboard_tests::send_feature_report_too_large_returns_error ... ok
test hid::vendor::openffboard_tests::ffb_config_valid_ranges ... ok
test hid::vendor::pxn_tests::test_is_v2_hardware ... ok
test hid::vendor::openffboard_tests::handler_creates_for_alt_pid ... ok
test hid::vendor::pxn_tests::test_initialize_sends_no_reports ... ok
test hid::vendor::pxn_tests::test_is_pxn_product ... ok
test hid::vendor::openffboard_tests::shutdown_sends_disable ... ok
test hid::vendor::pxn_tests::test_get_vendor_protocol_pxn ... ok
test hid::vendor::pxn_tests::test_ffb_config_v10 ... ok
test hid::vendor::pxn_tests::test_new_gt987 ... ok
test hid::vendor::pxn_tests::test_new_unknown_pid ... ok
test hid::vendor::pxn_tests::test_new_v10 ... ok
test hid::vendor::pxn_tests::test_new_v12 ... ok
test hid::vendor::pxn_tests::test_new_v12_lite_se ... ok
test hid::vendor::pxn_tests::test_new_v12_lite ... ok
test hid::vendor::pxn_tests::test_output_report ... ok
test hid::vendor::pxn_tests::test_pxn_model_display_names ... ok
test hid::vendor::pxn_tests::test_send_feature_report ... ok
test hid::vendor::simagic_tests::test_evo_device_is_v2_hardware ... ok
test hid::vendor::pxn_tests::test_send_feature_report_too_large ... ok
test hid::vendor::simagic_tests::test_evo_device_output_report_metadata ... ok
test hid::vendor::simagic_tests::test_evo_pro_ffb_config ... ok
test hid::vendor::simagic_tests::test_evo_init ... ok
test hid::vendor::simagic_tests::test_evo_sport_init ... ok
test hid::vendor::simagic_tests::test_get_vendor_protocol_simagic_evo_vid ... ok
test hid::vendor::simagic_tests::test_get_vendor_protocol_simagic_vids ... ok
test hid::vendor::simagic_tests::test_initialize_device_evo_sends_init_reports ... ok
test hid::vendor::simagic_tests::test_legacy_alpha_passive ... ok
test hid::vendor::simagic_tests::test_send_feature_report_prefixes_report_id ... ok
test hid::vendor::simagic_tests::test_simagic_ffb_config_evo_unknown_is_conservative ... ok
test hid::vendor::simagic_tests::test_send_feature_report_rejects_oversize ... ok
test hid::vendor::simagic_tests::test_simagic_ffb_config_legacy_alpha ... ok
test hid::vendor::simagic_tests::test_simagic_model_classification ... ok
test hid::vendor::simagic_tests::test_simagic_output_report_metadata_defaults_to_none ... ok
test hid::vendor::simplemotion_tests::test_get_vendor_protocol_dispatches_sm_vid ... ok
test hid::vendor::simplemotion_tests::test_handler_argon_is_v2 ... ok
test hid::vendor::simplemotion_tests::test_feedback_parsing_invalid_id ... ok
test hid::vendor::simplemotion_tests::test_feedback_parsing_valid ... ok
test hid::vendor::simplemotion_tests::test_handler_ioni ... ok
test hid::vendor::simplemotion_tests::test_handler_ioni_premium_is_v2 ... ok
test hid::vendor::simplemotion_tests::test_handler_unknown_product_no_ffb ... ok
test hid::vendor::simplemotion_tests::test_initialize_sends_enable_command ... ok
test hid::vendor::simplemotion_tests::test_output_report_metadata_wheelbase ... ok
test hid::vendor::simplemotion_tests::test_torque_encoding_positive ... ok
test hid::vendor::simucube_tests::test_ffb_config_sport ... ok
test hid::vendor::simucube_tests::test_get_vendor_protocol_simucube ... ok
test hid::vendor::simplemotion_tests::test_torque_encoding_zero ... ok
test hid::vendor::simucube_tests::test_is_v2_hardware ... ok
test hid::vendor::simucube_tests::test_initialize_no_reports ... ok
test hid::vendor::simucube_tests::test_ffb_config_pro ... ok
test hid::vendor::simucube_tests::test_new_active_pedal ... ok
test hid::vendor::simucube_tests::test_new_pro ... ok
test hid::vendor::simucube_tests::test_new_sport ... ok
test hid::vendor::simucube_tests::test_output_report_metadata ... ok
test hid::vendor::simucube_tests::test_send_feature_report ... ok
test hid::vendor::simucube_tests::test_new_ultimate ... ok
test hid::vendor::thrustmaster_tests::test_ffb_config ... ok
test hid::vendor::thrustmaster_tests::test_get_vendor_protocol_returns_thrustmaster ... ok
test hid::vendor::thrustmaster_tests::test_initialize_pedal ... ok
test hid::vendor::thrustmaster_tests::test_initialize_wheel ... ok
test hid::vendor::thrustmaster_tests::test_is_v2_hardware ... ok
test hid::vendor::thrustmaster_tests::test_is_pedal_product_known_ids ... ok
test hid::vendor::thrustmaster_tests::test_is_wheel_product_known_ids ... ok
test hid::vendor::thrustmaster_tests::test_new_t150 ... ok
test hid::vendor::thrustmaster_tests::test_new_t818 ... ok
test hid::vendor::thrustmaster_tests::test_new_tgt ... ok
test hid::vendor::thrustmaster_tests::test_output_report_id ... ok
test hid::vendor::thrustmaster_tests::test_output_report_len ... ok
test hid::vendor::thrustmaster_tests::test_pedal_handler ... ok
test hid::vendor::thrustmaster_tests::test_output_report_id_pedal ... ok
test hid::vendor::thrustmaster_tests::test_shutdown_wheel ... ok
test hid::vendor::thrustmaster_tests::test_unknown_product ... ok
test hid::vendor::vrs_tests::test_ffb_config ... ok
test hid::vendor::thrustmaster_tests::test_send_feature_report ... ok
test hid::vendor::vrs_tests::test_new_directforce_pro ... ok
test hid::vendor::vrs_tests::test_initialize_wheelbase ... ok
test hid::vendor::vrs_tests::test_get_vendor_protocol_vrs_pid ... ok
test hid::vendor::vrs_tests::test_output_report_id ... ok
test hid::vendor::vrs_tests::test_send_feature_report ... ok
test hid::vendor::vrs_tests::test_initialize_pedals ... ok
test hid::vendor::vrs_tests::test_new_directforce_pro_v2 ... ok
test hid::vendor::vrs_tests::test_is_vrs_product ... ok
test hid::windows::tests::test_create_device_id_from_path ... ok
test hid::vendor::vrs_tests::test_shutdown_wheelbase ... ok
test hid::windows::tests::test_create_device_id_uniqueness ... ok
test hid::windows::tests::test_device_capabilities_fanatec_gt_dd_pro ... ok
test hid::windows::tests::test_device_capabilities_fanatec_dd2 ... ok
test hid::windows::tests::test_device_capabilities_fanatec_pedals_no_ffb ... ok
test hid::windows::tests::test_device_capabilities_logitech_g29 ... ok
test hid::windows::tests::test_device_capabilities_moza_hgp_shifter ... ok
test hid::windows::tests::test_device_capabilities_moza_pedals ... ok
test hid::windows::tests::test_device_capabilities_moza_r16_r21_v2 ... ok
test hid::windows::tests::test_device_capabilities_moza_r9_v1 ... ok
test hid::windows::tests::test_device_capabilities_unknown_moza_is_safe_default ... ok
test hid::windows::tests::test_device_capabilities_simagic_evo_unknown_pid_is_conservative ... ok
test hid::windows::tests::test_device_capabilities_unknown_vendor ... ok
test hid::windows::tests::test_ffb_report_writing ... ok
test hid::windows::tests::test_manufacturer_name_for_device_disambiguates_shared_vids ... ok
test hid::windows::tests::test_manufacturer_name_lookup ... ok
test hid::windows::tests::test_moza_ffb_report_uses_direct_torque_encoding ... ok
test hid::windows::tests::test_overlapped_write_buffer_copy ... ok
test hid::windows::tests::test_overlapped_write_disconnected_device ... ok
test hid::windows::tests::test_overlapped_write_no_pending ... ok
test hid::windows::tests::test_overlapped_write_oversized_data ... ok
test hid::windows::tests::test_health_status_update_on_write ... ok
test hid::windows::tests::test_overlapped_write_state_creation ... ok
test hid::windows::tests::test_overlapped_write_state_reset ... ok
test hid::windows::tests::test_overlapped_write_timing_measurement ... ok
test hid::windows::tests::test_product_name_lookup ... ok
test hid::windows::tests::test_supported_devices_asetek ... ok
test hid::windows::tests::test_rt_setup_functions ... ok
test hid::windows::tests::test_supported_devices_fanatec ... ok
test hid::windows::tests::test_supported_devices_fanatec_pedals ... ok
test hid::windows::tests::test_supported_devices_heusinkveld ... ok
test hid::windows::tests::test_supported_devices_logitech ... ok
test hid::windows::tests::test_supported_devices_moza ... ok
test hid::windows::tests::test_supported_devices_simagic ... ok
test hid::windows::tests::test_supported_devices_simagic_evo ... ok
test hid::windows::tests::test_supported_devices_simucube ... ok
test hid::windows::tests::test_supported_devices_thrustmaster ... ok
test hid::windows::tests::test_supported_devices_vrs ... ok
test hid::windows::tests::test_unsupported_vendor ... ok
test hid::windows::tests::test_vendor_initialization_skips_without_hidapi_handle ... ok
test hid::windows::tests::test_windows_hid_device_creation ... ok
test hid::windows_property_tests::prop_enumeration_idempotent ... ok
test hid::windows_property_tests::prop_hid_enumeration_completeness ... ok
test hid::windows_property_tests::prop_device_capabilities_valid ... ok
test hid::windows_property_tests::prop_hid_write_non_blocking ... ok
test hid::windows_property_tests::prop_supported_vendor_identification ... ok
test hid::windows_property_tests::prop_hid_write_sequence_independence ... ok
test hid::windows_property_tests::unit_tests::test_all_vendors_supported ... ok
test hid::windows_property_tests::unit_tests::test_device_capabilities_reasonable ... ok
test hid::windows_property_tests::unit_tests::test_each_vendor_has_devices ... ok
test hid::windows_property_tests::prop_unsupported_device_rejection ... ok
test hid::windows_property_tests::prop_hid_write_torque_independence ... ok
test hid::windows_property_tests::unit_tests::test_supported_devices_non_empty ... ok
test hid::windows_property_tests::unit_tests::test_write_disconnected_device_timing ... ok
test hid::windows_property_tests::unit_tests::test_write_flag_combinations_timing ... ok
test hid::windows_property_tests::unit_tests::test_write_max_negative_torque_timing ... ok
test hid::windows_property_tests::unit_tests::test_write_max_positive_torque_timing ... ok
test hid::windows_property_tests::prop_vendor_manufacturer_consistency ... ok
test hid::windows_property_tests::unit_tests::test_write_sequence_max_timing ... ok
test hid::windows_property_tests::unit_tests::test_write_rapid_succession_timing ... ok
test hid::windows_property_tests::unit_tests::test_write_sequence_zero_timing ... ok
test hid::windows_property_tests::unit_tests::test_write_zero_torque_timing ... ok
test hil_tests::tests::test_hil_test_suite_creation ... ok
test hil_tests::tests::test_sine_wave_pattern ... ok
test metrics::tests::test_app_metrics_to_snapshot ... ok
test metrics::tests::test_alerting_thresholds ... ok
test hil_tests::tests::test_synthetic_ffb_generator ... ok
test metrics::tests::test_atomic_counters ... ok
test metrics::tests::test_jitter_stats_from_openracing_atomic ... ok
test metrics::tests::test_latency_stats_from_openracing_atomic ... ok
test metrics::tests::test_health_event_streaming ... ok
test metrics::tests::test_rt_metrics_to_snapshot ... ok
test metrics::tests::test_prometheus_metrics_creation ... ok
test hid::windows_property_tests::prop_hid_write_batch_timing ... ok
Prometheus update performance: 2168492 updates/sec
test metrics_tests::metrics_performance_tests::benchmark_prometheus_metrics_performance ... ok
test metrics_tests::metrics_performance_tests::test_atomic_counters_concurrent_access ... ok
test metrics_tests::metrics_validation_tests::test_app_metrics_validation ... ok
test metrics_tests::metrics_validation_tests::test_custom_alerting_thresholds ... ok
Atomic counter performance: 35818543 ops/sec
test metrics_tests::metrics_performance_tests::benchmark_atomic_counters_rt_performance ... ok
test metrics_tests::metrics_validation_tests::test_health_event_streaming_rate ... ok
test metrics_tests::metrics_validation_tests::test_missed_tick_rate_validation ... ok
test metrics_tests::metrics_validation_tests::test_prometheus_metrics_export ... ok
test diagnostic::support_bundle_tests::test_bundle_contains_manifest ... ok
test metrics_tests::metrics_validation_tests::test_rt_performance_validation_nfr01 ... ok
test metrics_tests::metrics_validation_tests::test_system_resource_validation_nfr02 ... ok
test pipeline::tests::test_compile_pipeline_with_response_curve ... ok
test pipeline::tests::test_compile_pipeline_with_response_curve_different_hashes ... ok
test pipeline::tests::test_compile_pipeline_with_response_curve_none ... ok
test pipeline::tests::test_curve_filter_lookup_table ... ok
test pipeline::tests::test_filter_nodes_bounds_checking ... ok
test pipeline::tests::test_notch_filter_stability ... ok
test pipeline::tests::test_pipeline_async_compilation ... ok
test pipeline::tests::test_pipeline_compilation_basic ... ok
test pipeline::tests::test_pipeline_compilation_deterministic ... ok
test pipeline::tests::test_pipeline_compilation_different_configs ... ok
test pipeline::tests::test_pipeline_compilation_performance ... ok
test pipeline::tests::test_pipeline_empty_state ... ok
test pipeline::tests::test_pipeline_process_with_response_curve_exponential ... ok
test pipeline::tests::test_pipeline_process_with_response_curve_linear ... ok
test pipeline::tests::test_pipeline_process_with_response_curve_preserves_sign ... ok
test pipeline::tests::test_pipeline_process_without_response_curve ... ok
test pipeline::tests::test_pipeline_processing_zero_alloc ... ok
test pipeline::tests::test_pipeline_response_curve_from_type ... ok
test pipeline::tests::test_pipeline_response_curve_rt_safe ... ok
test pipeline::tests::test_pipeline_response_curve_set ... ok
test pipeline::tests::test_pipeline_swap_atomicity ... ok
test pipeline::tests::test_pipeline_validation_invalid_config ... ok
test pipeline::tests::test_pipeline_validation_invalid_parameters ... ok
test pipeline::tests::test_pipeline_validation_non_monotonic_curve ... ok
test pipeline::tests::test_pipeline_with_hash ... ok
test pipeline::tests::test_slew_rate_limiter ... ok
test pipeline_determinism_tests::deep_test_compiled_pipeline_bounded_time ... ok
test pipeline_determinism_tests::deep_test_compiled_pipeline_has_nodes ... ok
test pipeline_determinism_tests::deep_test_compiled_pipeline_output_bounded ... ok
test pipeline_determinism_tests::deep_test_curve_must_end_at_one ... ok
test pipeline_determinism_tests::deep_test_curve_must_start_at_zero ... ok
test pipeline_determinism_tests::deep_test_empty_pipeline_bounded_time ... ok
test pipeline_determinism_tests::deep_test_empty_pipeline_preserves_bounds ... ok
test pipeline_determinism_tests::deep_test_extreme_inputs_no_panic ... ok
test pipeline_determinism_tests::deep_test_invalid_reconstruction_level_rejected ... ok
test pipeline_determinism_tests::deep_test_linear_pipeline_passthrough ... ok
test pipeline_determinism_tests::deep_test_nan_input_yields_pipeline_fault ... ok
test pipeline_determinism_tests::deep_test_non_monotonic_curve_rejected ... ok
test pipeline_determinism_tests::deep_test_pipeline_compiled_deterministic ... ok
test pipeline_determinism_tests::deep_test_pipeline_different_configs_different_hash ... ok
test pipeline_determinism_tests::deep_test_pipeline_empty_deterministic ... ok
test pipeline_determinism_tests::deep_test_pipeline_hash_deterministic ... ok
test pipeline_determinism_tests::deep_test_pipeline_node_count ... ok
test pipeline_determinism_tests::deep_test_pipeline_repeated_processing_deterministic ... ok
test pipeline_determinism_tests::deep_test_pipeline_single_frame_latency ... ok
test pipeline_determinism_tests::deep_test_pipeline_swap_at_tick_boundary ... ok
test pipeline_determinism_tests::deep_test_prop_empty_pipeline_deterministic ... ok
test hil_tests::tests::test_hil_basic_test ... ok
test pipeline_determinism_tests::deep_test_prop_empty_pipeline_output_bounded ... ok
test pipeline_determinism_tests::deep_test_prop_pipeline_no_nan_output ... ok
test pipeline_determinism_tests::deep_test_response_curve_included_in_hash ... ok
test pipeline_determinism_tests::deep_test_response_curve_linear_identity ... ok
test pipeline_determinism_tests::deep_test_torque_cap_limits_output ... ok
test policies::tests::test_profile_hierarchy_find_most_specific ... ok
test policies::tests::test_profile_hierarchy_hash_deterministic ... ok
test policies::tests::test_profile_hierarchy_resolution ... ok
test pipeline_determinism_tests::deep_test_prop_swap_preserves_hash ... ok
test policies::tests::test_safety_policy_can_enable_high_torque_success ... ok
test policies::tests::test_profile_hierarchy_validation ... ok
test policies::tests::test_safety_policy_device_faulted ... ok
test policies::tests::test_safety_policy_hands_off_too_long ... ok
test policies::tests::test_safety_policy_requires_immediate_shutdown ... ok
test policies::tests::test_safety_policy_rate_limiting ... ok
test policies::tests::test_safety_policy_temperature_too_high ... ok
test ports::tests::test_from_moza_input_state_clutch_fallback_prefers_combined_snapshot_then_raw ... ok
test policies::tests::test_safety_policy_validate_torque_limits ... ok
test ports::tests::test_profile_context_builder ... ok
test ports::tests::test_from_moza_input_state_maps_extended_ks_rotaries ... ok
test ports::tests::test_profile_context_creation ... ok
test ports::tests::test_telemetry_flags_default ... ok
test ports::tests::test_telemetry_statistics_default ... ok
test profile_merge::tests::test_merge_engine_complex_hierarchy ... ok
test profile_merge::tests::test_merge_engine_default_value_detection ... ok
test profile_merge::tests::test_merge_engine_deterministic_hash ... ok
test profile_merge::tests::test_merge_engine_deterministic_ordering ... ok
test profile_merge::tests::test_merge_engine_different_inputs_different_hash ... ok
test profile_merge::tests::test_merge_engine_empty_profiles ... ok
test profile_merge::tests::test_merge_engine_filter_override_counting ... ok
test profile_merge::tests::test_merge_engine_full_hierarchy ... ok
test profile_merge::tests::test_merge_engine_global_only ... ok
test profile_merge::tests::test_merge_engine_led_haptics_override ... ok
test profile_merge::tests::test_merge_engine_hash_stability ... ok
test profile_merge::tests::test_merge_engine_linear_curve_detection ... ok
test profile_merge::tests::test_merge_engine_monotonic_curve_validation ... ok
test profile_merge::tests::test_merge_engine_session_overrides_precedence ... ok
test profile_merge::tests::test_merge_engine_with_game_profile ... ok
test profile_merge::tests::test_merge_engine_with_session_overrides ... ok
test protocol::tests::test_capabilities_report_golden ... ok
test protocol::tests::test_crc8_implementation ... ok
test protocol::tests::test_endian_safety ... ok
test protocol::tests::test_fault_flags ... ok
test protocol::tests::test_safety_ack_crc_validation ... ok
test protocol::tests::test_report_size_constraints ... ok
test protocol::tests::test_safety_interlock_ack ... ok
test protocol::tests::test_safety_interlock_challenge ... ok
test protocol::tests::test_telemetry_hands_on_detection ... ok
test protocol::tests::test_telemetry_report_golden ... ok
test protocol::tests::test_telemetry_report_validation ... ok
test protocol::tests::test_torque_command_range_limits ... ok
test protocol::tests::test_torque_command_golden ... ok
test protocol::tests::test_torque_command_validation ... ok
test replay_diag_deep_tests::diagnostic_snapshot_tests::test_header_diff_detection ... ok
test replay_diag_deep_tests::diagnostic_snapshot_tests::test_index_entry_roundtrip ... ok
test replay_diag_deep_tests::diagnostic_snapshot_tests::test_safety_state_faulted_roundtrip ... ok
test replay_diag_deep_tests::diagnostic_snapshot_tests::test_stream_a_record_roundtrip ... ok
test replay_diag_deep_tests::diagnostic_snapshot_tests::test_stream_b_record_roundtrip ... ok
test replay_diag_deep_tests::diagnostic_snapshot_tests::test_trend_analysis_increasing_processing_times ... ok
test replay_diag_deep_tests::diagnostic_snapshot_tests::test_wbb_footer_roundtrip ... ok
test replay_diag_deep_tests::diagnostic_snapshot_tests::test_wbb_header_roundtrip ... ok
test replay_diag_deep_tests::diagnostics_collector_tests::test_atomic_counters_snapshot_and_reset ... ok
test replay_diag_deep_tests::diagnostics_collector_tests::test_validator_flags_cpu_violation ... ok
test replay_diag_deep_tests::diagnostics_collector_tests::test_validator_flags_jitter_violation ... ok
test replay_diag_deep_tests::diagnostics_collector_tests::test_validator_flags_memory_violation ... ok
test replay_diag_deep_tests::diagnostics_collector_tests::test_validator_flags_processing_time_violation ... ok
test replay_diag_deep_tests::diagnostics_collector_tests::test_validator_flags_telemetry_loss ... ok
test replay_diag_deep_tests::diagnostics_collector_tests::test_validator_flags_torque_saturation ... ok
test replay_diag_deep_tests::diagnostics_collector_tests::test_validator_passes_good_metrics ... ok
test replay_diag_deep_tests::diagnostics_collector_tests::test_validator_reports_multiple_violations ... ok
test replay_diag_deep_tests::error_scenario_tests::test_disabled_recording_no_dir_needed ... ok
test replay_diag_deep_tests::error_scenario_tests::test_load_invalid_magic ... ok
test replay_diag_deep_tests::error_scenario_tests::test_load_nonexistent_file ... ok
test replay_diag_deep_tests::error_scenario_tests::test_record_frame_when_not_recording ... ok
test replay_diag_deep_tests::error_scenario_tests::test_load_truncated_file ... ok
test replay_diag_deep_tests::error_scenario_tests::test_stop_when_not_recording ... ok
test replay_diag_deep_tests::error_scenario_tests::test_stream_reader_empty_data ... ok
test replay_diag_deep_tests::error_scenario_tests::test_stream_reader_incomplete_length_prefix ... ok
test replay_diag_deep_tests::error_scenario_tests::test_stream_reader_incomplete_record_data ... ok
test replay_diag_deep_tests::error_scenario_tests::test_stream_reader_reset ... ok
test replay_diag_deep_tests::latency_tracking_tests::test_jitter_exceeds_performance_gate ... ok
test replay_diag_deep_tests::latency_tracking_tests::test_jitter_within_performance_gate ... ok
test replay_diag_deep_tests::latency_tracking_tests::test_missed_tick_rate_at_gate_boundary ... ok
test replay_diag_deep_tests::latency_tracking_tests::test_missed_tick_rate_no_misses ... ok
test replay_diag_deep_tests::latency_tracking_tests::test_missed_tick_rate_small_ratio ... ok
test replay_diag_deep_tests::latency_tracking_tests::test_missed_tick_rate_zero_ticks ... ok
test replay_diag_deep_tests::latency_tracking_tests::test_p99_jitter_us_conversion ... ok
test replay_diag_deep_tests::latency_tracking_tests::test_processing_time_within_budget ... ok
test replay_diag_deep_tests::proptest_replay_diag::frame_bincode_roundtrip ... ok
test replay_diag_deep_tests::proptest_replay_diag::footer_bincode_roundtrip ... ok
test replay_diag_deep_tests::proptest_replay_diag::index_entry_bincode_roundtrip ... ok
test replay_diag_deep_tests::proptest_replay_diag::missed_tick_rate_bounded ... ok
test replay_diag_deep_tests::replay_capture_tests::test_capture_records_correct_frame_count ... ok
test replay_diag_deep_tests::replay_capture_tests::test_health_event_cap_drains_oldest ... ok
test replay_diag_deep_tests::replay_capture_tests::test_reject_double_recording ... ok
test replay_diag_deep_tests::replay_capture_tests::test_stream_a_data_integrity_roundtrip ... ok
test replay_diag_deep_tests::proptest_replay_diag::stream_a_record_roundtrip ... ok
test replay_diag_deep_tests::replay_capture_tests::test_stream_a_get_data_clears_buffer ... ok
test replay_diag_deep_tests::replay_capture_tests::test_stream_b_records_at_least_one ... ok
test replay_diag_deep_tests::replay_capture_tests::test_stream_a_timestamps_monotonic ... ok
test replay_diag_deep_tests::replay_capture_tests::test_stream_c_records_health_event_types ... ok
test replay_diag_deep_tests::replay_playback_tests::test_replay_determinism ... ok
test replay_diag_deep_tests::replay_playback_tests::test_replay_header_footer_magic ... ok
test replay_diag_deep_tests::replay_playback_tests::test_replay_processes_all_frames ... ok
test replay_diag_deep_tests::replay_playback_tests::test_replay_seek_to_valid_timestamp ... ok
test rt::perf_metrics_tests::test_default_performance_metrics_values ... ok
test rt::perf_metrics_tests::test_missed_tick_rate_all_missed ... ok
test replay_diag_deep_tests::replay_playback_tests::test_replay_statistics_populated ... ok
test rt::perf_metrics_tests::test_missed_tick_rate_no_misses ... ok
test rt::perf_metrics_tests::test_missed_tick_rate_one_in_hundred_thousand ... ok
test rt::perf_metrics_tests::test_missed_tick_rate_zero_total_ticks ... ok
test rt::perf_metrics_tests::test_p99_jitter_us_conversion ... ok
test rt::perf_metrics_tests::test_p99_jitter_us_large_value ... ok
test rt::perf_metrics_tests::test_p99_jitter_us_sub_microsecond ... ok
test rt_alloc_verify_tests::curve_lut_lookup_boundary_values_zero_alloc ... ok
test rt::perf_metrics_tests::test_p99_jitter_us_zero ... ok
test rt_alloc_verify_tests::curve_lut_lookup_within_budget ... ok
test rt_alloc_verify_tests::curve_lut_lookup_zero_alloc ... ok
test rt_alloc_verify_tests::curve_lut_uses_fixed_size_array ... ok
test rt_alloc_verify_tests::filter_states_are_fixed_size ... ok
test rt_alloc_verify_tests::frame_creation_and_manipulation_zero_alloc ... ok
test rt_alloc_verify_tests::frame_is_repr_c_and_fixed_size ... ok
test rt_alloc_verify_tests::notch_filter_zero_alloc ... ok
test rt_alloc_verify_tests::performance_metrics_calculations_zero_alloc ... ok
test rt_alloc_verify_tests::pipeline_process_empty_zero_alloc ... ok
test rt_alloc_verify_tests::pipeline_process_with_exponential_curve_zero_alloc ... ok
test rt_alloc_verify_tests::pipeline_process_with_response_curve_zero_alloc ... ok
test rt_alloc_verify_tests::pipeline_process_within_budget ... ok
test rt_alloc_verify_tests::prop_curve_lut_lookup_zero_alloc ... ok
test rt_alloc_verify_tests::prop_full_rt_chain_zero_alloc ... ok
test hid::windows::tests::test_device_enumeration ... ok
test rt_alloc_verify_tests::prop_torque_cap_filter_zero_alloc ... ok
test rt_alloc_verify_tests::prop_pipeline_process_zero_alloc ... ok
test rt_alloc_verify_tests::safety_clamp_torque_special_values_zero_alloc ... ok
test rt_alloc_verify_tests::safety_clamp_torque_zero_alloc ... ok
test rt_alloc_verify_tests::safety_clamp_within_budget ... ok
test rt_alloc_verify_tests::prop_safety_clamp_zero_alloc ... ok
test rt_alloc_verify_tests::safety_max_torque_nm_zero_alloc ... ok
test rt_alloc_verify_tests::safety_report_fault_into_preallocated_map_zero_alloc ... ok
test rt_alloc_verify_tests::safety_state_enum_is_fixed_size ... ok
test rt_alloc_verify_tests::safety_state_read_zero_alloc ... ok
test rt_alloc_verify_tests::slew_rate_filter_zero_alloc ... ok
test rt_alloc_verify_tests::torque_cap_filter_nan_inf_zero_alloc ... ok
Testing: Blackbox Fault Markers
test rt_alloc_verify_tests::torque_cap_filter_zero_alloc ... ok
test rt_alloc_verify_tests::torque_clamping_chain_zero_alloc ... ok
test safety::comprehensive_tests::tests::test_blackbox_marker_creation ... ok
Running comprehensive fault injection tests...
Testing: Plugin Overrun Fault
Testing: USB Stall Fault
Running comprehensive fault injection tests...
Testing: USB Stall Fault
Testing: Encoder NaN Fault
test safety::comprehensive_tests::tests::test_plugin_quarantine ... ok
Testing: Thermal Limit Fault
Testing: Encoder NaN Fault
Testing: Plugin Overrun Fault
Testing: Thermal Limit Fault
Testing: Timing Violation Fault
Testing: Plugin Overrun Fault
Testing: Overcurrent Fault
Testing: Timing Violation Fault
Testing: Hands-Off Timeout Fault
Testing: Overcurrent Fault
Testing: Hands-Off Timeout Fault
Testing: Soft-Stop Mechanism
test diagnostic::support_bundle_tests::test_estimated_size_grows_with_data ... ok
test safety::fault_injection::tests::test_add_remove_scenario ... ok
test safety::fault_injection::tests::test_callbacks ... ok
test safety::fault_injection::tests::test_create_test_scenarios ... ok
test safety::fault_injection::tests::test_enable_disable ... ok
test safety::fault_injection::tests::test_fault_injection_system_creation ... ok
test safety::fault_injection::tests::test_manual_trigger_recovery ... ok
test safety::fault_injection::tests::test_random_probability_trigger ... ok
test safety::fault_injection::tests::test_reset_scenarios ... ok
test safety::fault_injection::tests::test_scenario_statistics ... ok
test safety::fault_injection::tests::test_tick_count_trigger ... ok
test hid::windows::tests::test_windows_hid_port_creation ... ok
test safety::fault_injection::tests::test_torque_threshold_trigger ... ok
test safety::fault_injection::tests::test_usb_operation_count_trigger ... ok
test safety::hardening_coverage_tests::test_challenge_expiry_check_returns_true_when_expired ... ok
test safety::hardening_coverage_tests::test_challenge_time_remaining_zero_when_expired ... ok
test hid::windows::tests::test_device_opening_with_mock ... ok
test diagnostic::support_bundle_tests::test_log_files_included_in_bundle ... ok
test safety::hardening_coverage_tests::test_check_hands_off_timeout_noop_in_safe_torque ... ok
test safety::hardening_coverage_tests::test_clamp_torque_exactly_at_safe_boundary ... ok
test safety::comprehensive_tests::tests::test_soft_stop_timing ... ok
test safety::hardening_coverage_tests::test_clamp_torque_negative_zero ... ok
test safety::hardening_coverage_tests::test_clamp_torque_zero_passthrough ... ok
test safety::fault_injection::tests::test_time_delay_trigger ... ok
test safety::hardening_coverage_tests::test_confirm_high_torque_from_challenge_rejected ... ok
test safety::hardening_coverage_tests::test_confirm_high_torque_from_faulted_rejected ... ok
test safety::hardening_coverage_tests::test_confirm_high_torque_from_safe_torque_rejected ... ok
test diagnostic::support_bundle_tests::test_system_info_collected_at_recent ... ok
test safety::hardening_coverage_tests::test_empty_pipeline_processes_frame_successfully ... ok
test safety::hardening_coverage_tests::test_fault_clear_after_challenge_state_returns_to_safe ... ok
test safety::hardening_coverage_tests::test_fault_during_awaiting_ack_zeros_torque ... ok
test safety::hardening_coverage_tests::test_fault_during_high_torque_challenge_zeros_torque ... ok
test safety::hardening_coverage_tests::test_fault_increments_count_for_unknown_variant ... ok
test safety::hardening_coverage_tests::test_frame_default_values ... ok
test diagnostic::support_bundle_tests::test_system_info_env_vars_exclude_sensitive ... ok
test diagnostic::support_bundle_tests::test_system_info_has_process_info ... ok
test diagnostic::tests::test_support_bundle_generation ... ok
test safety::hardening_coverage_tests::test_interlock_system_emergency_stop_zeroes_all_subsequent_ticks ... ok
test safety::hardening_coverage_tests::test_interlock_system_reset_from_emergency_stop ... ok
test safety::hardening_coverage_tests::test_interlock_system_reset_from_safe_mode ... ok
test safety::hardening_coverage_tests::test_interlock_system_tick_when_unarmed ... ok
test safety::hardening_coverage_tests::test_performance_metrics_missed_tick_rate ... ok
test safety::hardening_coverage_tests::test_performance_metrics_zero_ticks ... ok
test safety::hardening_coverage_tests::test_pipeline_swap_replaces_config_hash ... ok
test safety::hardening_coverage_tests::test_provide_ui_consent_from_awaiting_ack_rejected ... ok
test safety::hardening_coverage_tests::test_provide_ui_consent_from_faulted_rejected ... ok
test safety::hardening_coverage_tests::test_interlock_system_cannot_clear_emergency_stop ... ok
test safety::hardening_coverage_tests::test_provide_ui_consent_from_safe_torque_rejected ... ok
test safety::hardening_coverage_tests::test_report_combo_start_from_faulted_rejected ... ok
test metrics::tests::test_system_monitor ... ok
test safety::hardening_coverage_tests::test_report_combo_start_from_high_torque_challenge_rejected ... ok
test safety::hardening_coverage_tests::test_report_combo_start_from_safe_torque_rejected ... ok
test safety::hardening_coverage_tests::test_request_high_torque_from_awaiting_ack_rejected ... ok
test safety::hardening_coverage_tests::test_safety_service_default_values ... ok
test safety::hardening_coverage_tests::test_timeout_handler_multiple_timeouts_keep_zero ... ok
test safety::hardening_coverage_tests::test_timeout_handler_reset_clears_everything ... ok
test safety::hardening_coverage_tests::test_torque_limit_clamp_negative_within_range ... ok
test safety::hardening_coverage_tests::test_torque_limit_clamp_within_range_no_violation ... ok
test safety::hardening_coverage_tests::test_torque_limit_clamp_zero ... ok
test safety::hardening_coverage_tests::test_torque_limit_safe_mode_limit_value ... ok
test safety::hardening_coverage_tests::test_watchdog_check_timeout_when_unarmed_returns_false ... ok
test safety::hardening_coverage_tests::test_watchdog_disarm_rearm_cycle ... ok
test safety::hardening_coverage_tests::test_watchdog_disarm_when_unarmed_returns_not_armed ... ok
test safety::hardening_coverage_tests::test_watchdog_double_arm_returns_already_armed ... ok
test safety::hardening_coverage_tests::test_watchdog_feed_when_unarmed_returns_not_armed ... ok
test safety::hardening_coverage_tests::test_watchdog_trigger_safe_state_then_feed_fails ... ok
test metrics_tests::metrics_validation_tests::test_metrics_collection_integration ... ok
test metrics_tests::metrics_validation_tests::test_system_monitor_accuracy ... ok
test safety::hardware_watchdog::property_tests::prop_fault_detection_enters_safe_mode ... ok
test safety::hardware_watchdog::property_tests::prop_timeout_handler_always_zeros_torque ... ok
test safety::hardware_watchdog::property_tests::prop_torque_limit_enforcement ... ok
test safety::hardware_watchdog::property_tests::prop_torque_violations_are_logged ... ok
test metrics::tests::test_metrics_collector ... ok
test safety::hardware_watchdog::safety_interlock_tests::test_communication_loss_followed_by_recovery ... ok
test safety::hardware_watchdog::safety_interlock_tests::test_emergency_stop_always_zero_torque ... ok
test safety::hardware_watchdog::safety_interlock_tests::test_emergency_stop_from_safe_mode ... ok
test safety::hardware_watchdog::safety_interlock_tests::test_inf_torque_clamped_in_normal_mode ... ok
test safety::hardware_watchdog::safety_interlock_tests::test_nan_torque_passes_through_interlock ... ok
test safety::hardware_watchdog::safety_interlock_tests::test_reset_after_timeout_restores_normal_operation ... ok
test safety::hardware_watchdog::safety_interlock_tests::test_safe_mode_limits_torque_to_safe_mode_limit ... ok
test safety::hardware_watchdog::safety_interlock_tests::test_safety_interlock_creation ... ok
test safety::hardware_watchdog::safety_interlock_tests::test_safety_interlock_emergency_stop ... ok
test safety::hardware_watchdog::safety_interlock_tests::test_safety_interlock_fault_clearing ... ok
test safety::hardware_watchdog::safety_interlock_tests::test_safety_interlock_fault_log ... ok
test safety::hardware_watchdog::safety_interlock_tests::test_safety_interlock_fault_log_stays_bounded_without_shifting ... ok
test safety::hardware_watchdog::safety_interlock_tests::test_safety_interlock_fault_reporting ... ok
test safety::hardware_watchdog::safety_interlock_tests::test_safety_interlock_normal_operation ... ok
test safety::hardware_watchdog::safety_interlock_tests::test_safety_interlock_torque_clamping ... ok
test safety::hardware_watchdog::safety_interlock_tests::test_safety_interlock_watchdog_timeout ... ok
test safety::hardware_watchdog::safety_interlock_tests::test_successive_watchdog_timeouts_stay_in_safe_mode ... ok
test safety::hardware_watchdog::safety_interlock_tests::test_torque_limit_clamping ... ok
test safety::hardware_watchdog::safety_interlock_tests::test_torque_limit_violation_count_increments ... ok
test safety::hardware_watchdog::safety_interlock_tests::test_watchdog_timeout_response_within_budget ... ok
test safety::hardware_watchdog::tests::test_default_timeout_is_100ms ... ok
test safety::hardware_watchdog::tests::test_shared_watchdog ... ok
test safety::hardware_watchdog::tests::test_software_watchdog_arm_disarm ... ok
test safety::hardware_watchdog::tests::test_software_watchdog_creation ... ok
test safety::hardware_watchdog::tests::test_software_watchdog_feed ... ok
test safety::hardware_watchdog::tests::test_software_watchdog_reset ... ok
test safety::hardware_watchdog::tests::test_software_watchdog_timeout ... ok
test safety::hardware_watchdog::tests::test_software_watchdog_trigger_safe_state ... ok
test safety::hardware_watchdog::tests::test_timeout_handler ... ok
test safety::hardware_watchdog::tests::test_timeout_handler_reset ... ok
test safety::integration::tests::test_blackbox_marker_cleanup ... ok
test safety::integration::tests::test_fault_detection_and_handling ... ok
test safety::integration::tests::test_fault_injection_integration ... ok
test safety::integration::tests::test_handle_fault_error_path_logs_and_continues ... ok
test safety::integration::tests::test_health_summary ... ok
test safety::integration::tests::test_integrated_fault_manager_creation ... ok
test safety::integration::tests::test_plugin_quarantine_integration ... ok
test safety::hardening_coverage_tests::test_check_hands_off_timeout_above_threshold_triggers_fault ... ok
test safety::integration::tests::test_recovery_procedure_execution ... ok
test safety::interlock_behavior_tests::test_fault_cascade_nan_torque_request_clamped_to_zero_in_faulted_state ... ok
test safety::interlock_behavior_tests::test_fault_cascade_repeated_faults_keep_torque_at_zero ... ok
test safety::integration::tests::test_soft_stop_integration ... ok
test safety::hardening_coverage_tests::test_check_hands_off_timeout_below_threshold_no_fault ... ok
test safety::hardening_coverage_tests::test_clamp_torque_in_high_torque_active_allows_high_limit ... ok
test safety::interlock_behavior_tests::test_fault_cascade_torque_zeroed_immediately_from_safe_torque ... ok
test safety::interlock_behavior_tests::test_fault_cascade_torque_stays_zero_over_time ... ok
test safety::interlock_behavior_tests::test_fault_cascade_torque_stays_zero_until_explicit_clear ... ok
test safety::interlock_behavior_tests::test_fault_recovery_clear_from_non_faulted_state_fails ... ok
test safety::hardening_coverage_tests::test_confirm_high_torque_from_active_rejected ... ok
test safety::interlock_behavior_tests::test_fault_recovery_requires_minimum_fault_duration ... ok
test safety::hardening_coverage_tests::test_confirm_without_combo_start_rejected ... ok
test safety::interlock_behavior_tests::test_fault_recovery_restores_safe_torque ... ok
test safety::interlock_behavior_tests::test_multi_fault_all_types_tracked_independently ... ok
test safety::interlock_behavior_tests::test_fault_recovery_timing_within_budget ... ok
test safety::interlock_behavior_tests::test_fault_recovery_full_cycle_fault_clear_refault_clear ... ok
test safety::interlock_behavior_tests::test_multi_fault_blocks_high_torque_until_all_counts_zero ... ok
test safety::interlock_behavior_tests::test_multi_fault_torque_always_zero_regardless_of_active_fault ... ok
test safety::interlock_behavior_tests::test_soft_stop_custom_ramp_duration ... ok
test safety::interlock_behavior_tests::test_soft_stop_linear_ramp_at_midpoint ... ok
test safety::interlock_behavior_tests::test_soft_stop_multiplier_tracks_ramp ... ok
test safety::interlock_behavior_tests::test_soft_stop_ramp_to_nonzero_target ... ok
test safety::interlock_behavior_tests::test_soft_stop_ramps_from_max_to_zero ... ok
test safety::interlock_behavior_tests::test_soft_stop_remaining_time_decreases ... ok
test safety::interlock_behavior_tests::test_soft_stop_torque_decreases_monotonically ... ok
test safety::interlock_behavior_tests::test_multi_fault_clearing_one_does_not_clear_others ... ok
test safety::interlock_behavior_tests::test_watchdog_feed_after_timeout_returns_error ... ok
test safety::interlock_behavior_tests::test_watchdog_interlock_system_timeout_produces_zero_torque ... ok
test safety::interlock_behavior_tests::test_watchdog_reset_allows_rearm ... ok
test safety::interlock_behavior_tests::test_watchdog_timeout_fires_when_not_fed ... ok
test safety::interlock_behavior_tests::test_watchdog_timeout_handler_reset_allows_reuse ... ok
test safety::interlock_behavior_tests::test_watchdog_timeout_handler_zeroes_torque_within_budget ... ok
test safety::interlock_behavior_tests::test_watchdog_trigger_safe_state_zeroes_torque ... ok
test safety::interlock_behavior_tests::test_watchdog_timeout_does_not_fire_when_fed ... ok
test safety::property_tests::prop_cancel_challenge_returns_to_safe ... ok
test safety::interlock_behavior_tests::test_watchdog_unarmed_does_not_timeout ... ok
test safety::property_tests::prop_cannot_request_high_torque_when_faulted ... ok
test safety::property_tests::prop_clamp_idempotent ... ok
test safety::hardening_coverage_tests::test_get_max_torque_high_flag_false_in_active_returns_safe ... ok
test safety::property_tests::prop_clamp_torque_bounded_in_safe_state ... ok
test safety::interlock_behavior_tests::test_multi_fault_same_type_increments_count ... ok
test safety::property_tests::prop_clamp_torque_nan_yields_zero ... ok
test safety::property_tests::prop_clamp_torque_neg_inf_yields_zero ... ok
test safety::property_tests::prop_clamp_torque_pos_inf_yields_zero ... ok
test safety::property_tests::prop_clamp_torque_neg_subnormal ... ok
test safety::property_tests::prop_clamp_torque_preserves_sign ... ok
test safety::property_tests::prop_clamp_torque_subnormal_treated_as_finite ... ok
test safety::property_tests::prop_clamp_torque_symmetric ... ok
test safety::property_tests::prop_faulted_max_torque_zero ... ok
test safety::property_tests::prop_faulted_clamp_extreme_values ... ok
test safety::property_tests::prop_faulted_state_clamps_to_zero ... ok
test safety::property_tests::prop_initial_state_is_safe_torque ... ok
test safety::state_machine_deep_tests::deep_test_all_fault_types_transition_to_faulted ... ok
test safety::state_machine_deep_tests::deep_test_cannot_cancel_without_active_challenge ... ok
test safety::state_machine_deep_tests::deep_test_cannot_clear_fault_without_active_fault ... ok
test safety::state_machine_deep_tests::deep_test_cannot_confirm_without_awaiting ... ok
test safety::state_machine_deep_tests::deep_test_cannot_disable_high_torque_when_not_active ... ok
test safety::state_machine_deep_tests::deep_test_cannot_provide_consent_with_wrong_token ... ok
test safety::state_machine_deep_tests::deep_test_cannot_provide_consent_without_challenge ... ok
test safety::state_machine_deep_tests::deep_test_cannot_report_combo_without_awaiting ... ok
test safety::property_tests::prop_non_faulted_max_torque_positive ... ok
test safety::state_machine_deep_tests::deep_test_cannot_request_high_torque_when_already_challenged ... ok
test safety::state_machine_deep_tests::deep_test_cannot_request_high_torque_when_faulted ... ok
test safety::state_machine_deep_tests::deep_test_challenge_expiry_returns_to_safe ... ok
test safety::state_machine_deep_tests::deep_test_challenge_time_remaining ... ok
test safety::state_machine_deep_tests::deep_test_consent_requirements_populated ... ok
test safety::property_tests::prop_report_fault_transitions_to_faulted ... ok
test safety::property_tests::prop_safe_state_returns_safe_torque ... ok
test safety::state_machine_deep_tests::deep_test_fault_detection_is_immediate ... ok
test safety::state_machine_deep_tests::deep_test_fault_during_awaiting_ack ... ok
test safety::state_machine_deep_tests::deep_test_fault_during_challenge_cancels_challenge ... ok
test safety::state_machine_deep_tests::deep_test_fault_clears_after_minimum_duration ... ok
test safety::hardening_coverage_tests::test_get_max_torque_high_flag_true_in_active_returns_high ... ok
test safety::hardening_coverage_tests::test_provide_ui_consent_from_high_torque_active_rejected ... ok
test safety::hardening_coverage_tests::test_report_combo_start_from_high_torque_active_rejected ... ok
test safety::state_machine_deep_tests::deep_test_combo_hold_too_short_rejected ... ok
test safety::state_machine_deep_tests::deep_test_nan_torque_clamped_to_zero ... ok
test safety::interlock_behavior_tests::test_fault_cascade_torque_zeroed_immediately_from_high_torque ... ok
test safety::state_machine_deep_tests::deep_test_prop_faulted_always_zero_torque ... ok
test safety::interlock_behavior_tests::test_fault_detection_to_zero_torque_within_10ms ... ok
test safety::state_machine_deep_tests::deep_test_prop_safe_state_bounded ... ok
test safety::state_machine_deep_tests::deep_test_prop_sign_preserved_after_clamp ... ok
test safety::state_machine_deep_tests::deep_test_prop_random_fault_sequence_invariant ... ok
test safety::state_machine_deep_tests::deep_test_recover_from_awaiting_via_cancel ... ok
test safety::state_machine_deep_tests::deep_test_recover_from_challenge_via_cancel ... ok
test safety::interlock_behavior_tests::test_fault_recovery_after_high_torque_returns_to_safe_torque_not_high ... ok
test safety::state_machine_deep_tests::deep_test_recover_from_faulted_then_stays_safe ... ok
test safety::state_machine_deep_tests::deep_test_recover_from_faulted_to_safe ... ok
test safety::state_machine_deep_tests::deep_test_sequential_faults_last_wins ... ok
test safety::state_machine_deep_tests::deep_test_device_token_persists_after_activation ... ok
test safety::state_machine_deep_tests::deep_test_fault_torque_response_immediate ... ok
test safety::state_machine_deep_tests::deep_test_full_lifecycle_safe_to_high_and_back ... ok
test safety::state_machine_deep_tests::deep_test_transition_challenge_to_awaiting_ack ... ok
test safety::state_machine_deep_tests::deep_test_transition_safe_to_challenge ... ok
test safety::tests::test_all_fault_types_transition_to_faulted_state ... ok
test safety::tests::test_button_combo_types ... ok
test safety::tests::test_cancel_challenge ... ok
test safety::tests::test_cancel_challenge_from_high_torque_challenge_state ... ok
test safety::tests::test_cancel_from_non_challenge_state_returns_error ... ok
test safety::state_machine_deep_tests::deep_test_get_max_torque_typed ... ok
test safety::tests::test_challenge_expiry ... ok
test safety::tests::test_cannot_escalate_to_high_torque_with_any_active_fault_count ... ok
test safety::tests::test_challenge_time_remaining ... ok
test safety::tests::test_clamp_torque_nm_faulted_state_forces_zero ... ok
test safety::tests::test_clamp_torque_nm_respects_safe_limit ... ok
test safety::tests::test_clear_fault ... ok
test safety::tests::test_clear_fault_before_minimum_duration_rejected ... ok
test safety::tests::test_clear_fault_too_soon ... ok
test safety::state_machine_deep_tests::deep_test_rapid_fault_clear_fault_cycle ... ok
test safety::tests::test_consent_requirements ... ok
test safety::state_machine_deep_tests::deep_test_hands_on_resets_timeout ... ok
test safety::tests::test_disable_high_torque_from_non_active_state_returns_error ... ok
test safety::tests::test_fault_detection_transitions_within_10ms ... ok
test safety::tests::test_fault_handling ... ok
test safety::state_machine_deep_tests::deep_test_hands_off_timeout_faults_in_high_torque ... ok
test safety::tests::test_fault_type_display ... ok
test safety::tests::test_faulted_state_forces_zero_torque_even_when_high_torque_enabled ... ok
test safety::tests::test_hands_off_timeout_only_in_high_torque_active ... ok
test safety::hardware_watchdog::property_tests::prop_communication_loss_response ... ok
test safety::tests::test_combo_insufficient_hold_duration ... ok
test safety::tests::test_high_torque_flag_ignored_outside_active_state ... ok
test safety::tests::test_initial_state ... ok
test safety::state_machine_deep_tests::deep_test_recover_from_high_torque_via_disable ... ok
test safety::tests::test_interlock_passthrough_safe_torque_during_challenge ... ok
test safety::tests::test_moza_interlock_combo_hold_cleared_when_released ... ok
test safety::tests::test_moza_interlock_inputs_stale_resets_combo ... ok
test safety::state_machine_deep_tests::deep_test_torque_clamping_in_each_state ... ok
test safety::tests::test_moza_process_clutch_combo_starts_hold_timer ... ok
test safety::tests::test_moza_process_ks_button_mode_clutch_for_interlock ... ok
test safety::tests::test_moza_process_ks_combined_axis_clutch_mode_for_interlock ... ok
test safety::tests::test_moza_process_ks_independent_axis_clutch_mode_for_interlock ... ok
test safety::tests::test_multi_fault_all_reported_and_last_wins ... ok
test safety::state_machine_deep_tests::deep_test_transition_any_state_to_faulted ... ok
test safety::state_machine_deep_tests::deep_test_transition_awaiting_to_high_torque_active ... ok
test safety::tests::test_challenge_response_wrong_token_at_every_step ... ok
Testing: Safety Interlock Violation
Testing: Recovery Procedures
Testing: Safety Interlock Violation
Testing: Recovery Procedures
test safety::tests::test_disable_high_torque ... ok
test safety::tests::test_request_high_torque_success ... ok
test safety::tests::test_fault_to_safe_state_torque_zero_within_50ms ... ok
test safety::tests::test_ui_consent_flow ... ok
test safety::tests::test_ui_consent_invalid_token ... ok
test safety::watchdog_safety_deep_tests::prop_any_fault_yields_zero_torque ... ok
test safety::watchdog_safety_deep_tests::prop_cancel_challenge_from_safe_torque_fails ... ok
test safety::tests::test_interlock_ack_validation ... ok
test safety::watchdog_safety_deep_tests::prop_early_clear_fault_rejected ... ok
test safety::watchdog_safety_deep_tests::prop_emergency_stop_always_zero ... ok
test safety::watchdog_safety_deep_tests::prop_faulted_blocks_high_torque ... ok
test safety::watchdog_safety_deep_tests::prop_safety_service_clamp_idempotent ... ok
test safety::watchdog_safety_deep_tests::prop_torque_bounded_in_normal ... ok
test safety::tests::test_rapid_fault_clear_cycling ... ok
test safety::watchdog_safety_deep_tests::test_cancel_challenge_from_safe_torque_fails ... ok
test safety::watchdog_safety_deep_tests::test_challenge_expiry_returns_to_safe_torque ... ok
test safety::watchdog_safety_deep_tests::test_communication_refresh_prevents_loss ... ok
test safety::watchdog_safety_deep_tests::test_confirm_with_short_hold_rejected ... ok
test safety::watchdog_safety_deep_tests::test_confirm_without_combo_start_rejected ... ok
test safety::watchdog_safety_deep_tests::test_consent_requirements_populated ... ok
test safety::tests::test_moza_process_clutch_combo_confirms_high_torque_after_hold ... ok
test safety::watchdog_safety_deep_tests::test_disable_high_torque_when_not_active_fails ... ok
test safety::watchdog_safety_deep_tests::test_double_arm_returns_error ... ok
test safety::watchdog_safety_deep_tests::test_double_disarm_returns_error ... ok
test safety::watchdog_safety_deep_tests::test_emergency_stop_response_under_1ms ... ok
test safety::tests::test_multiple_devices ... ok
test safety::watchdog_safety_deep_tests::test_fault_during_awaiting_ack_aborts_sequence ... ok
test safety::watchdog_safety_deep_tests::test_fault_during_challenge_aborts_challenge ... ok
test safety::watchdog_safety_deep_tests::test_feed_unarmed_returns_not_armed ... ok
test safety::watchdog_safety_deep_tests::test_get_challenge_time_remaining_none_in_safe_torque ... ok
test safety::watchdog_safety_deep_tests::test_get_challenge_time_remaining_some_during_challenge ... ok
test safety::tests::test_physical_combo_flow ... ok
test safety::tests::test_request_high_torque_already_active ... ok
test safety::watchdog_safety_deep_tests::test_hands_on_update_in_safe_torque_is_noop ... ok
test safety::watchdog_safety_deep_tests::test_interlock_system_multiple_faults_logged ... ok
test safety::watchdog_safety_deep_tests::test_interlock_system_timeout_response_under_1ms ... ok
test safety::watchdog_safety_deep_tests::test_interlock_system_unarmed_watchdog_allows_limited_torque ... ok
test safety::watchdog_safety_deep_tests::test_interlock_warning_state_uses_safe_limit ... ok
test safety::watchdog_safety_deep_tests::test_max_torque_during_awaiting_ack_is_safe_torque ... ok
test safety::watchdog_safety_deep_tests::test_max_torque_during_challenge_is_safe_torque ... ok
test safety::tests::test_state_transitions ... ok
test safety::watchdog_safety_deep_tests::test_no_communication_reported_does_not_trigger_loss ... ok
test safety::watchdog_safety_deep_tests::test_process_tick_latency_under_1ms_normal ... ok
test safety::watchdog_safety_deep_tests::test_rapid_emergency_stop_reset_cycles ... ok
test safety::hardware_watchdog::property_tests::prop_communication_loss_detection_threshold ... ok
test safety::watchdog_safety_deep_tests::test_rapid_interlock_cancel_cycles ... ok
test safety::watchdog_safety_deep_tests::test_reset_clears_watchdog_and_restores_normal_after_timeout ... ok
test safety::watchdog_safety_deep_tests::test_disable_high_torque_removes_device_token ... ok
test safety::watchdog_safety_deep_tests::test_shared_watchdog_concurrent_arm_disarm ... ok
test safety::watchdog_safety_deep_tests::test_shared_watchdog_timeout_visible_across_threads ... ok
test safety::watchdog_safety_deep_tests::test_simultaneous_faults_last_wins_state ... ok
test safety::watchdog_safety_deep_tests::test_timeout_handler_double_timeout ... ok
test safety::watchdog_safety_deep_tests::test_timeout_handler_reset_then_reuse ... ok
test safety::watchdog_safety_deep_tests::test_torque_limit_safe_mode_limit_accessor ... ok
test safety::watchdog_safety_deep_tests::test_torque_limit_zero_max ... ok
test safety::watchdog_safety_deep_tests::test_watchdog_default_timeout_100ms ... ok
test safety::watchdog_safety_deep_tests::test_shared_watchdog_concurrent_feed ... ok
test safety::watchdog_safety_deep_tests::test_watchdog_time_since_last_feed_increases ... ok
test safety::watchdog_safety_deep_tests::test_watchdog_timeout_during_fault_recovery ... ok
test safety::watchdog_safety_deep_tests::test_wrong_token_combo_start_rejected ... ok
test safety::watchdog_safety_deep_tests::test_watchdog_feed_restarts_timer_preventing_timeout ... ok
test safety::watchdog_safety_deep_tests::test_wrong_token_ui_consent_rejected ... ok
test scheduler::tests::test_adaptive_scheduling_clamps_to_bounds ... ok
test scheduler::tests::test_adaptive_scheduling_defaults_disabled ... ok
test scheduler::tests::test_adaptive_scheduling_disabled_returns_base_period ... ok
test scheduler::tests::test_adaptive_scheduling_increases_period_under_load ... ok
test scheduler::tests::test_adaptive_scheduling_recovers_period_when_healthy ... ok
test scheduler::tests::test_adaptive_scheduling_requires_processing_signal_for_tightening ... ok
test scheduler::tests::test_jitter_last_sample_tracked ... ok
test scheduler::tests::test_jitter_max_tracking ... ok
test scheduler::tests::test_jitter_metrics ... ok
test scheduler::tests::test_jitter_metrics_all_identical_samples ... ok
test scheduler::tests::test_jitter_metrics_p99 ... ok
test scheduler::tests::test_jitter_metrics_p99_empty_samples ... ok
test scheduler::tests::test_jitter_metrics_p99_single_sample ... ok
test scheduler::tests::test_jitter_metrics_p99_two_samples ... ok
test scheduler::tests::test_jitter_metrics_uses_bounded_ring_buffer ... ok
test scheduler::tests::test_jitter_sum_squared_accumulation ... ok
test scheduler::tests::test_meets_requirements_boundary ... ok
test scheduler::tests::test_meets_requirements_fails_on_high_p99_jitter ... ok
test scheduler::tests::test_metrics_requirements ... ok
test scheduler::tests::test_missed_tick_rate_all_missed ... ok
test scheduler::tests::test_missed_tick_rate_no_misses ... ok
test scheduler::tests::test_missed_tick_rate_precision ... ok
test scheduler::tests::test_missed_tick_rate_zero_ticks ... ok
test scheduler::tests::test_p99_percentile_scratch_reuse ... ok
test scheduler::tests::test_pll_clamps_to_bounds ... ok
test scheduler::tests::test_pll_creation ... ok
test scheduler::tests::test_pll_reset_clears_state ... ok
test scheduler::tests::test_pll_set_target_period ... ok
test scheduler::tests::test_pll_set_target_period_zero_becomes_one ... ok
test scheduler::tests::test_pll_update ... ok
test scheduler::tests::test_record_processing_time_updates_ema ... ok
test scheduler::tests::test_ring_buffer_wraps_correctly ... ok
test scheduler::tests::test_ring_buffer_zero_max_samples ... ok
test scheduler::tests::test_rt_setup_default ... ok
test scheduler::tests::test_scheduler_basic_operation ... ok
test scheduler::tests::test_scheduler_creation ... ok
test scheduler::tests::test_scheduler_reset ... ok
test scheduler::tests::test_scheduler_tick_count_increments ... ok
test test_harness::tests::test_expected_response_validation ... ok
test test_harness::tests::test_harness_basic_functionality ... ok
test test_harness::tests::test_torque_patterns ... ok
test test_harness::tests::test_virtual_device_integration ... ok
test tracing_test::tests::test_app_trace_events ... ok
test tracing_test::tests::test_fallback_provider ... ok
test tracing_test::tests::test_rt_trace_events ... ok
test tracing_test::tests::test_tracing_manager_creation ... ok
test tracing_test::tests::test_tracing_manager_lifecycle ... ok
test two_phase_apply::tests::test_two_phase_apply_atomicity ... ok
test two_phase_apply::tests::test_two_phase_apply_basic ... ok
test two_phase_apply::tests::test_two_phase_apply_concurrent_access ... ok
test two_phase_apply::tests::test_two_phase_apply_deterministic ... ok
test two_phase_apply::tests::test_two_phase_apply_error_handling ... ok
test two_phase_apply::tests::test_two_phase_apply_multiple_pending ... ok
test two_phase_apply::tests::test_two_phase_apply_no_partial_state ... ok
test two_phase_apply::tests::test_two_phase_apply_pending_count ... ok
test two_phase_apply::tests::test_two_phase_apply_performance_tracking ... ok
test two_phase_apply::tests::test_two_phase_apply_statistics ... ok
test two_phase_apply::tests::test_two_phase_apply_stats_reset ... ok
test two_phase_apply::tests::test_two_phase_apply_timing_metrics ... ok
test two_phase_apply::tests::test_two_phase_apply_with_hierarchy ... ok
test two_phase_apply::tests::test_two_phase_apply_with_session_overrides ... ok
test safety::tests::test_hands_on_timeout ... ok
test safety::watchdog_safety_deep_tests::test_rapid_fault_clear_cycles_stay_consistent ... ok
test safety::watchdog_safety_deep_tests::test_fault_detection_to_zero_torque_under_10ms ... ok
test safety::watchdog_safety_deep_tests::test_hands_off_timeout_triggers_fault_in_high_torque ... ok
test safety::watchdog_safety_deep_tests::test_max_torque_in_high_torque_active ... ok
test safety::watchdog_safety_deep_tests::test_hands_on_resets_timeout_in_high_torque ... ok
test safety::watchdog_safety_deep_tests::test_wrong_token_confirm_rejected ... ok
test safety::tests::test_hands_on_reset_timeout ... ok
test safety::watchdog_safety_deep_tests::prop_watchdog_timeout_zero_torque_and_fault ... ok
test safety::hardware_watchdog::property_tests::prop_watchdog_timeout_commands_zero_torque ... ok
test safety::watchdog_safety_deep_tests::prop_clear_fault_restores_safe_torque ... ok
test safety::state_machine_deep_tests::deep_test_prop_fault_then_clear_returns_safe ... ok
Testing: Soft-Stop Mechanism
Testing: Soft-Stop Mechanism
Testing: Blackbox Fault Markers
Testing: Blackbox Fault Markers
Testing: Audio Alerts
Testing: Audio Alerts
All fault injection tests completed.

=== COMPREHENSIVE FAULT INJECTION TEST SUMMARY ===
All fault injection tests completed.

=== COMPREHENSIVE FAULT INJECTION TEST SUMMARY ===
Total Tests: 12
Passed: 12
Failed: 0
Total Tests: 12
Passed: 12
Failed: 0
Success Rate: 100.0%

=== DETAILED RESULTS ===
Success Rate: 100.0%

=== DETAILED RESULTS ===
Overcurrent Fault: PASS (Response: 0ms)
Plugin Overrun Fault: PASS (Response: 0ms)
Timing Violation Fault: PASS (Response: 0ms)
USB Stall Fault: PASS (Response: 0ms)
Safety Interlock Violation: PASS (Response: 0ms)
Hands-Off Timeout Fault: PASS (Response: 5100ms)
Soft-Stop Mechanism: PASS (Response: 231ms)
Encoder NaN Fault: PASS (Response: 0ms)
Thermal Limit Fault: PASS (Response: 0ms)
Blackbox Fault Markers: PASS (Response: 0ms)
Recovery Procedures: PASS (Response: 0ms)
  Recovery Time: 30100ms
Audio Alerts: PASS (Response: 0ms)
Soft-Stop Mechanism: PASS (Response: 231ms)
Hands-Off Timeout Fault: PASS (Response: 5100ms)
Overcurrent Fault: PASS (Response: 0ms)
Thermal Limit Fault: PASS (Response: 0ms)
USB Stall Fault: PASS (Response: 0ms)

=== SAFETY REQUIREMENTS VERIFICATION ===
Checking safety requirements compliance...
Recovery Procedures: PASS (Response: 0ms)
  Recovery Time: 30100ms
Encoder NaN Fault: PASS (Response: 0ms)
Blackbox Fault Markers: PASS (Response: 0ms)
SAFE-03 (FaultΓåÆtorqueΓåÆ0 Γëñ50ms): FAIL
SAFE-04 (Blackbox fault markers): PASS
DIAG-01 (Fault detection): PASS
Timing Violation Fault: PASS (Response: 0ms)
Plugin Quarantine: PASS
Safety Interlock Violation: PASS (Response: 0ms)
Plugin Overrun Fault: PASS (Response: 0ms)
Audio Alerts: PASS (Response: 0ms)

=== SAFETY REQUIREMENTS VERIFICATION ===
Checking safety requirements compliance...
SAFE-03 (FaultΓåÆtorqueΓåÆ0 Γëñ50ms): FAIL
SAFE-04 (Blackbox fault markers): PASS
DIAG-01 (Fault detection): PASS
Plugin Quarantine: PASS
test safety::comprehensive_tests::tests::test_comprehensive_fault_injection ... ok
test safety::comprehensive_tests::tests::test_response_time_requirements ... ok
test diagnostic::support_bundle_tests::prop_system_info_never_contains_sensitive_env has been running for over 60 seconds
test diagnostic::support_bundle_tests::prop_system_info_never_contains_sensitive_env ... ok

test result: ok. 1477 passed; 0 failed; 0 ignored; 0 measured; 0 filtered out; finished in 187.05s

     Running tests\api_contract_tests.rs (target\debug\deps\api_contract_tests-462ad82abf80058e.exe)

running 35 tests
test atomic_counters_is_send_sync ... ok
test device_event_is_debug_clone ... ok
test blackbox_frame_is_debug_clone ... ok
test device_info_is_debug_clone ... ok
test engine_config_is_debug_clone ... ok
test device_telemetry_report_is_copy_debug ... ok
test device_telemetry_report_size_is_12_bytes ... ok
test device_inputs_is_copy_debug_default ... ok
test fault_type_is_send_sync_copy_debug_clone ... ok
test jitter_metrics_is_debug_clone ... ok
test ffb_mode_is_send_sync_copy_debug ... ok
test frame_default_is_zero_safe ... ok
test performance_metrics_is_send_sync_clone_debug ... ok
test frame_is_send_sync_copy_debug_default ... ok
test frame_size_is_stable ... ok
test game_input_is_debug_clone ... ok
test engine_stats_is_debug_clone ... ok
test pll_is_debug_clone ... ok
test safety_interlock_state_is_debug_clone ... ok
test safety_service_default_clamps_within_safe_limits ... ok
test safety_service_faulted_clamps_to_zero ... ok
test safety_service_size_is_bounded ... ok
test safety_state_is_debug_clone ... ok
test safety_tick_result_is_debug_clone ... ok
test safety_trigger_is_debug_clone ... ok
test shared_watchdog_is_clone_send_sync ... ok
test telemetry_data_is_debug_clone ... ok
test timeout_response_is_debug_clone ... ok
test torque_command_is_copy_debug ... ok
test torque_command_roundtrip_preserves_crc ... ok
test torque_command_size_is_7_bytes ... ok
test torque_limit_default_has_positive_bounds ... ok
test torque_limit_is_debug_clone_default ... ok
test watchdog_error_is_debug_clone ... ok
test watchdog_timeout_handler_defaults_safe ... ok

test result: ok. 35 passed; 0 failed; 0 ignored; 0 measured; 0 filtered out; finished in 0.00s

     Running tests\calibration_deep_tests.rs (target\debug\deps\calibration_deep_tests-a19b4c4e0fe7c142.exe)

running 44 tests
test deadzone_tests::deadzone_at_zero_min_passes_all ... ok
test deadzone_tests::narrow_deadzone_filters_noise ... ok
test device_type_tests::handbrake_device_single_axis ... ok
test deadzone_tests::deadzone_boundaries_are_preserved_in_serde ... ok
test device_type_tests::pedal_device_three_axes_no_center ... ok
test device_type_tests::multi_axis_controller_five_axes ... ok
test deadzone_tests::wide_deadzone_compresses_active_range ... ok
test device_type_tests::wheel_device_single_axis_with_center ... ok
test device_type_tests::out_of_bounds_axis_returns_none ... ok
test ffb_strength_tests::ffb_strength_with_custom_range ... ok
test invalid_data_tests::calibration_error_display_messages ... ok
test ffb_strength_tests::ffb_strength_clamped_at_boundaries ... ok
test invalid_data_tests::empty_pedal_calibration_fails ... ok
test invalid_data_tests::pedal_missing_throttle_fails ... ok
test linearity_tests::equal_min_max_returns_half_for_all_inputs ... ok
test ffb_strength_tests::ffb_strength_maps_linearly ... ok
test linearity_tests::linear_output_monotonically_increasing ... ok
test invalid_data_tests::pedal_missing_clutch_fails ... ok
test invalid_data_tests::joystick_calibrate_convenience_empty_fails ... ok
test pedal_tests::brake_with_offset_range ... ok
test invalid_data_tests::empty_joystick_samples_fails ... ok
test linearity_tests::non_linear_samples_still_produce_valid_calibration ... ok
test pedal_tests::clutch_partial_range ... ok
test pedal_tests::missing_brake_samples_fails ... ok
test pedal_tests::pedal_calibrator_incremental_sampling ... ok
test pedal_tests::single_sample_per_axis_produces_equal_min_max ... ok
test pedal_tests::throttle_full_range ... ok
test reset_tests::default_axis_calibration_is_full_range ... ok
test reset_tests::default_device_calibration_is_empty ... ok
test reset_tests::pedal_reset_and_recalibrate_with_new_range ... ok
test reset_tests::pedal_reset_clears_all_axes ... ok
test reset_tests::reset_clears_all_samples ... ok
test rotation_range_tests::full_range_calibration_sweep ... ok
test rotation_range_tests::partial_range_captures_extremes ... ok
test rotation_range_tests::progressive_refinement_widens_range ... ok
test save_load_tests::apply_loaded_calibration_to_input ... ok
test save_load_tests::calibration_point_serde_round_trip ... ok
test save_load_tests::json_round_trip_preserves_all_fields ... ok
test save_load_tests::multi_device_save_load ... ok
test wheel_center_tests::center_detected_at_exact_midpoint ... ok
test wheel_center_tests::center_detected_near_half_within_tolerance ... ok
test wheel_center_tests::center_not_detected_when_far_from_half ... ok
test wheel_center_tests::center_uses_first_matching_sample ... ok
test wheel_center_tests::center_with_asymmetric_range ... ok

test result: ok. 44 passed; 0 failed; 0 ignored; 0 measured; 0 filtered out; finished in 0.00s

     Running tests\calibration_workflow_tests.rs (target\debug\deps\calibration_workflow_tests-f1c49d84f24b08d4.exe)

running 33 tests
test cal_01_auto_calibration_full_range_sweep ... ok
test cal_03_auto_calibration_progressive_refinement ... ok
test cal_02_auto_calibration_partial_range ... ok
test cal_04_manual_calibration_explicit_range ... ok
test cal_11_interpolation_full_range_midpoint ... ok
test cal_09_persistence_preserves_deadzones ... ok
test cal_06_manual_calibration_with_deadzone ... ok
test cal_16_noisy_input_still_finds_extremes ... ok
test cal_05_manual_calibration_with_center ... ok
test cal_10_persistence_calibration_point ... ok
test cal_12_interpolation_quarter_points ... ok
test cal_13_interpolation_endpoints ... ok
test cal_14_interpolation_with_deadzone ... ok
test cal_07_manual_calibration_builder_chaining ... ok
test cal_15_interpolation_equal_min_max_returns_half ... ok
test cal_08_persistence_json_round_trip ... ok
test cal_17_noisy_pedal_samples ... ok
test cal_18_pedal_calibration_full_range ... ok
test cal_19_pedal_calibration_non_linear_curve ... ok
test cal_20_pedal_calibration_missing_axis_fails ... ok
test cal_21_pedal_calibration_single_sample_per_axis ... ok
test cal_22_pedal_calibrator_reset_and_recalibrate ... ok
test cal_23_wheel_center_detected_at_midpoint ... ok
test cal_24_wheel_center_detected_near_half ... ok
test cal_25_wheel_no_center_when_far_from_half ... ok
test cal_26_wheel_center_first_matching_sample ... ok
test cal_27_joystick_convenience_function ... ok
test cal_28_device_calibration_multi_axis ... ok
test cal_29_device_calibration_default ... ok
test cal_30_monotonic_output_full_range ... ok
test cal_31_dense_sampling_joystick ... ok
test cal_32_multiple_devices_json ... ok
test cal_33_pedal_incremental_sampling ... ok

test result: ok. 33 passed; 0 failed; 0 ignored; 0 measured; 0 filtered out; finished in 0.00s

     Running tests\compile_tests.rs (target\debug\deps\compile_tests-c4436fcd36be389e.exe)

running 1 test
warning: patch `shared_memory v0.12.4 (H:\Code\Rust\OpenRacing\third_party\shared_memory)` was not used in the crate graph
help: Check that the patched package version and available features are compatible
      with the dependency requirements. If the patch has a different version from
      what is locked in the Cargo.lock file, run `cargo update` to use the new
      version. This may also occur with an optional dependency that is not enabled.
    Checking racing-wheel-engine-tests v0.0.0 (H:\Code\Rust\OpenRacing\target\tests\trybuild\racing-wheel-engine)
    Finished `dev` profile [unoptimized + debuginfo] target(s) in 1.06s


test tests/compile_fail/safety_interlock_private_fields.rs ... ok
test tests/compile_fail/safety_service_private_state.rs ... ok
test tests/compile_fail/rt_context_not_public.rs ... ok
test tests/compile_fail/torque_command_without_safety.rs ... ok


test safety_compile_fail_tests ... ok

test result: ok. 1 passed; 0 failed; 0 ignored; 0 measured; 0 filtered out; finished in 3.91s

     Running tests\cross_platform_deep_tests.rs (target\debug\deps\cross_platform_deep_tests-579e9a5e769b78ac.exe)

running 34 tests
test affinity_mask_for_detected_cpus_is_valid ... ok
test adaptive_scheduling_normalization_is_deterministic ... ok
test config_path_construction_compiles_everywhere ... ok
test cpu_affinity_bitmask_representation ... ok
test env_var_round_trips_ascii_strings ... ok
test env_var_round_trips_unicode_strings ... ok
test instant_now_provides_sub_millisecond_resolution ... ok
test jitter_metrics_portable_across_platforms ... ok
test hid_device_info_fields_accessible_cross_platform ... ok
test num_cpus_returns_positive_count ... ok
test atomic_rename_preserves_content ... ok
test path_join_uses_native_separators ... ok
test canonicalize_resolves_dot_dot_cross_platform ... ok
test log_rotation_naming_is_portable ... ok
test scheduler_apply_rt_setup_with_memory_lock_does_not_panic ... ok
test rt_setup_builder_pattern_works_cross_platform ... ok
test rt_setup_high_priority_abstracts_across_platforms ... ok
test rt_setup_lock_memory_field_exists_cross_platform ... ok
test concurrent_reads_do_not_block ... ok
test pathbuf_handles_unicode_components ... ok
test pll_sub_millisecond_period_compiles_on_all_platforms ... ok
test scheduler_short_period_compiles_cross_platform ... ok
test ipv6_loopback_available_or_graceful_failure ... ok
test loopback_socket_binds_on_all_platforms ... ok
test utf8_string_operations_are_consistent ... ok
test windows_appdata_env_set ... ok
test temp_dir_exists_and_is_writable ... ok
test windows_service_tool_exists ... ok
test log_directory_can_be_created_recursively ... ok
test tempfile_crate_creates_unique_files ... ok
test thread_spawn_and_join_works_cross_platform ... ok
test process_exit_code_is_portable ... ok
test spawn_child_process_and_wait_for_exit ... ok
test hid_create_port_returns_result_on_current_platform ... ok

test result: ok. 34 passed; 0 failed; 0 ignored; 0 measured; 0 filtered out; finished in 0.10s

     Running tests\device_communication_tests.rs (target\debug\deps\device_communication_tests-03e47aae0572866a.exe)

running 67 tests
test capabilities_report_round_trip_through_negotiator ... ok
test hid_mod_capabilities_from_bytes_all_features ... ok
test hid_mod_capabilities_from_empty_slice_returns_none ... ok
test hid_mod_capabilities_wrong_report_id_returns_none ... ok
test hid_mod_telemetry_from_bytes_valid ... ok
test hid_mod_telemetry_from_empty_slice_returns_none ... ok
test negotiation_respects_game_robust_ffb ... ok
test negotiation_falls_back_to_pid ... ok
test negotiation_falls_back_to_telemetry_synth ... ok
test negotiation_prefers_raw_torque_for_full_caps ... ok
test protocol_capabilities_report_round_trip ... ok
test negotiation_respects_game_telemetry_preference ... ok
test negotiator_parse_rejects_short_report ... ok
test protocol_capabilities_too_short_rejected ... ok
test protocol_capabilities_from_empty_slice_rejected ... ok
test hid_mod_telemetry_wrong_report_id_returns_none ... ok
test mode_compatibility_matrix ... ok
test negotiator_parse_rejects_wrong_report_id ... ok
test protocol_capabilities_wrong_report_id_rejected ... ok
test protocol_safety_ack_corrupted_crc_rejected ... ok
test protocol_report_size_constraints ... ok
test protocol_safety_ack_from_empty_slice_rejected ... ok
test protocol_safety_ack_round_trip ... ok
test protocol_safety_challenge_from_empty_slice_rejected ... ok
test protocol_safety_challenge_round_trip ... ok
test protocol_safety_challenge_too_short_rejected ... ok
test protocol_telemetry_all_fault_flags ... ok
test protocol_telemetry_corrupted_crc_rejected ... ok
test protocol_telemetry_from_empty_slice_rejected ... ok
test protocol_telemetry_hands_on_unknown_state ... ok
test protocol_telemetry_report_round_trip ... ok
test protocol_telemetry_too_short_rejected ... ok
test protocol_telemetry_wrong_report_id_rejected ... ok
test protocol_torque_command_max_negative_clamp ... ok
test protocol_torque_command_max_positive_clamp ... ok
test protocol_torque_command_round_trip ... ok
test protocol_torque_command_sequence_wraps ... ok
test protocol_torque_command_zero ... ok
test protocol_torque_corrupted_crc_rejected ... ok
test protocol_torque_from_empty_slice_rejected ... ok
test protocol_torque_too_short_rejected ... ok
test protocol_torque_wrong_report_id_rejected ... ok
test quirks_fanatec_wheelbase_needs_init ... ok
test quirks_moza_pedals_no_ffb_quirks ... ok
test quirks_moza_wheelbase_has_conditional_fix ... ok
test quirks_unknown_device_has_none ... ok
test torque_report_fanatec_encodes_constant_force ... ok
test torque_report_fanatec_negative_torque_encodes_correctly ... ok
test torque_report_fanatec_zero_produces_zero_payload ... ok
test torque_report_generic_device_uses_owp1_layout ... ok
test torque_report_moza_negative_torque_encodes_correctly ... ok
test torque_report_moza_uses_direct_layout ... ok
test vendor_protocol_dispatch_fanatec ... ok
test vendor_protocol_dispatch_logitech ... ok
test vendor_protocol_dispatch_moza ... ok
test vendor_protocol_dispatch_thrustmaster ... ok
test vendor_protocol_dispatch_unknown_returns_none ... ok
test vendor_protocol_with_hid_pid_fallback_no_pid_returns_none ... ok
test vendor_protocol_with_hid_pid_fallback_uses_generic ... ok
test virtual_device_disconnected_returns_error ... ok
test virtual_device_health_status_reflects_state ... ok
test virtual_device_reconnect_restores_operations ... ok
test virtual_device_write_exceeding_limit_returns_error ... ok
test virtual_device_write_within_torque_limit ... ok
test virtual_hid_port_open_nonexistent_fails ... ok
test virtual_hid_port_add_list_remove ... ok
test virtual_hid_port_open_shares_state ... ok

test result: ok. 67 passed; 0 failed; 0 ignored; 0 measured; 0 filtered out; finished in 0.01s

     Running tests\device_config_deep_tests.rs (target\debug\deps\device_config_deep_tests-89e587a27ee87602.exe)

running 40 tests
test bumpstop_config_defaults ... ok
test current_schema_version_matches_expected ... ok
test calibration_data_full_with_pedals ... ok
test calibration_data_center_type ... ok
test device_capabilities_ffb_detection ... ok
test default_haptics_config_has_common_effects ... ok
test custom_dor_applied_to_profile ... ok
test custom_ffb_gain_applied_to_profile ... ok
test default_base_settings_have_sane_values ... ok
test curve_point_accepts_valid_range ... ok
test degrees_of_rotation_rejects_above_maximum ... ok
test degrees_of_rotation_rejects_below_minimum ... ok
test curve_point_rejects_out_of_range ... ok
test default_filter_curve_is_linear ... ok
test default_led_config_has_progressive_pattern ... ok
test device_capabilities_update_rate_calculation ... ok
test degrees_of_rotation_accepts_boundaries ... ok
test filter_config_defaults_are_stable ... ok
test frequency_hz_rejects_non_positive ... ok
test gain_accepts_boundary_values ... ok
test gain_rejects_out_of_range_values ... ok
test hands_off_config_defaults ... ok
test notch_filter_creation ... ok
test notch_filter_rejects_invalid_q_factor ... ok
test profile_deep_inheritance_chain ... ok
test profile_inheritance_chain_tracked ... ok
test profile_scope_variants ... ok
test profile_json_serialization_includes_all_fields ... ok
test remove_profile_from_store ... ok
test schema_version_parsing ... ok
test migration_config_defaults_are_reasonable ... ok
test profile_round_trip_via_json ... ok
test store_and_retrieve_profile ... ok
test store_empty_initially ... ok
test store_iteration_covers_all_profiles ... ok
test store_multiple_profiles_and_retrieve_each ... ok
test torque_nm_accepts_boundary_values ... ok
test torque_nm_rejects_negative ... ok
test torque_nm_rejects_over_max ... ok
test update_profile_overwrites_existing ... ok

test result: ok. 40 passed; 0 failed; 0 ignored; 0 measured; 0 filtered out; finished in 0.00s

     Running tests\device_discovery_deep_tests.rs (target\debug\deps\device_discovery_deep_tests-10703a1cc9e1c043.exe)

running 44 tests
test accuforce_vid_dispatches_known_pids ... ok
test asetek_vid_dispatches_known_pids ... ok
test cammus_vid_dispatches_known_pids ... ok
test capabilities_report_parses_full_featured_device ... ok
test capabilities_report_parses_minimal_device ... ok
test capabilities_report_rejects_too_short_buffer ... ok
test capabilities_report_rejects_wrong_report_id ... ok
test capabilities_report_zero_torque_device ... ok
test device_capabilities_match_after_open ... ok
test encode_torque_generic_device_owp1 ... ok
test encode_torque_zero_produces_zero_payload ... ok
test enumeration_order_matches_insertion_order ... ok
test each_device_independently_operational ... ok
test fanatec_vid_dispatches_known_pids ... ok
test fault_injection_detected_in_telemetry ... ok
test ffbeast_vid_dispatches_known_pids ... ok
test enumerate_wheel_pedals_shifter_combo ... ok
test enumerate_full_rig_all_peripherals ... ok
test health_status_reports_communication_state ... ok
test first_device_preferred_when_multiple_available ... ok
test hid_device_info_to_device_info_for_unknown_device ... ok
test hid_device_info_generates_fallback_name_when_product_missing ... ok
test identity_preserved_across_reconnect ... ok
test leo_bodnar_vid_dispatches_known_pids ... ok
test logitech_vid_dispatches_known_pids ... ok
test moza_vid_dispatches_known_pids ... ok
test multiple_reconnect_cycles_stable ... ok
test negative_torque_within_limit_succeeds ... ok
test open_nonexistent_device_returns_error ... ok
test reconnect_restores_telemetry_reading ... ok
test port_capabilities_consistent_across_opens ... ok
test pxn_vid_dispatches_known_pids ... ok
test reconnect_restores_write_capability ... ok
test simagic_evo_vid_dispatches_known_pids ... ok
test telemetry_report_parses_valid_data ... ok
test telemetry_report_rejects_wrong_id ... ok
test stress_add_remove_interleaved ... ok
test telemetry_timestamp_advances_after_physics ... ok
test stress_enumerate_many_devices ... ok
test thrustmaster_vid_dispatches_known_pids ... ok
test torque_limit_enforced_per_device_capabilities ... ok
test unknown_device_with_hid_pid_gets_generic_fallback ... ok
test unknown_device_without_hid_pid_gets_no_handler ... ok
test unknown_vendor_returns_no_protocol ... ok

test result: ok. 44 passed; 0 failed; 0 ignored; 0 measured; 0 filtered out; finished in 0.01s

     Running tests\device_dispatch.rs (target\debug\deps\device_dispatch-9a9f13dc4f4d5db4.exe)

running 29 tests
test disambiguate_0x0483_cube_controls_pids ... ok
test disambiguate_0x0483_no_cross_routing ... ok
test disambiguate_0x0483_simagic_legacy_pid ... ok
test disambiguate_0x16d0_both_vendors_resolve ... ok
test disambiguate_0x0483_vrs_pids ... ok
test disambiguate_0x04d8_heusinkveld_pids ... ok
test disambiguate_0x16d0_simagic_legacy_pid ... ok
test disambiguate_0x16d0_simucube_pids ... ok
test dispatch_accuforce_pro ... ok
test dispatch_ffbeast_wheel ... ok
test dispatch_accuforce_vid_unknown_pid_returns_none ... ok
test dispatch_asetek_invicta ... ok
test dispatch_granite_ioni ... ok
test dispatch_cammus_c5 ... ok
test dispatch_fanatec_csl_dd ... ok
test dispatch_ffbeast_vid_unknown_pid_returns_none ... ok
test dispatch_logitech_g920 ... ok
test dispatch_button_box ... ok
test dispatch_leo_bodnar_wheel ... ok
test dispatch_openffboard ... ok
test dispatch_moza_r9_v2 ... ok
test dispatch_pid_codes_vid_unknown_pid_returns_none ... ok
test dispatch_simagic_evo_sport ... ok
test dispatch_thrustmaster_t818 ... ok
test dispatch_unknown_vid_returns_none ... ok
test fallback_known_vid_prefers_vendor_handler ... ok
test fallback_unknown_vid_with_hid_pid_capability_returns_handler ... ok
test fallback_unknown_vid_without_hid_pid_capability_returns_none ... ok
test vid_0x04d8_unknown_pid_returns_none ... ok

test result: ok. 29 passed; 0 failed; 0 ignored; 0 measured; 0 filtered out; finished in 0.00s

     Running tests\device_hotplug_tests.rs (target\debug\deps\device_hotplug_tests-bd9dc3b07b248e9d.exe)

running 36 tests
test capabilities_report_encoder_cpr_and_period ... ok
test capabilities_persist_across_reconnect ... ok
test clear_faults_before_reconnect_results_in_clean_device ... ok
test device_path_contains_device_id ... ok
test disconnect_rejects_torque_writes ... ok
test disconnect_stops_telemetry_stream ... ok
test add_faulted_device_to_port_still_enumerable ... ok
test disconnect_during_ffb_stops_telemetry_immediately ... ok
test fault_flags_reflect_injected_faults ... ok
test disconnect_one_device_during_ffb_other_continues ... ok
test faulted_device_still_reports_faults_after_reconnect ... ok
test disconnect_during_active_ffb_returns_error ... ok
test disconnect_removes_from_port_enumeration ... ok
test disconnect_transitions_to_not_connected ... ok
test health_status_baseline_no_faults ... ok
test lifecycle_capabilities_read_before_active_use ... ok
test manufacturer_stable_across_reconnect ... ok
test lifecycle_connect_recognized_configured_active ... ok
test lifecycle_device_info_populated_on_connect ... ok
test multi_device_all_enumerated ... ok
test multi_device_independent_operation ... ok
test multi_device_remove_one_others_unaffected ... ok
test rapid_disconnect_reconnect_100_cycles ... ok
test reconnect_preserves_device_identity ... ok
test rapid_bulk_add_then_bulk_remove ... ok
test reconnect_restores_connectivity ... ok
test reconnect_restores_telemetry ... ok
test rapid_port_add_remove_no_leak ... ok
test reconnect_restores_torque_writes ... ok
test serial_number_stable_across_reconnect ... ok
test remove_nonexistent_device_is_noop ... ok
test telemetry_timestamp_advances_with_physics ... ok
test unknown_device_does_not_affect_known_devices ... ok
test unknown_device_id_open_returns_error ... ok
test vid_pid_stable_across_reconnect_cycles ... ok
test vid_pid_consistent_across_port_opens ... ok

test result: ok. 36 passed; 0 failed; 0 ignored; 0 measured; 0 filtered out; finished in 0.00s

     Running tests\device_hotswap_tests.rs (target\debug\deps\device_hotswap_tests-32965b6d7db90ea1.exe)

running 32 tests
test capabilities_persist_across_reconnect ... ok
test device_info_identity_fields_stable ... ok
test fallback_device_available_after_primary_removal ... ok
test capabilities_accessible_for_each_device ... ok
test connect_during_idle_is_enumerated ... ok
test multiple_devices_connect_simultaneously ... ok
test disconnect_during_active_ffb_returns_device_disconnected ... ok
test disconnect_during_idle_removes_from_enumeration ... ok
test health_status_available_after_reconnect ... ok
test enumeration_reflects_adds_and_removes ... ok
test connect_new_device_while_another_is_active ... ok
test disconnect_one_of_many_does_not_affect_others ... ok
test physics_state_survives_reconnect ... ok
test multiple_disconnect_reconnect_cycles ... ok
test first_added_device_appears_first_in_enumeration ... ok
test connect_then_disconnect_cycle_during_idle ... ok
test primary_disconnect_secondary_remains_operational ... ok
test reconnect_after_unexpected_disconnect ... ok
test reconnect_restores_telemetry_stream ... ok
test refresh_after_add_remove_is_consistent ... ok
test refresh_devices_succeeds ... ok
test serial_number_preserved_across_reconnect ... ok
test simultaneous_connect_preserves_device_identity ... ok
test stress_open_device_nonexistent_after_removal ... ok
test stress_rapid_connect_disconnect_single_device ... ok
test stress_interleaved_operations_on_multiple_devices ... ok
test torque_write_works_after_each_reconnect ... ok
test torque_stops_on_disconnect_during_active_ffb ... ok
test stress_add_remove_many_devices ... ok
test vid_pid_preserved_across_disconnect_reconnect ... ok
test stress_bulk_enumeration_under_churn ... ok
test vid_pid_stable_through_port_open_after_reconnect ... ok

test result: ok. 32 passed; 0 failed; 0 ignored; 0 measured; 0 filtered out; finished in 0.00s

     Running tests\device_matrix_comprehensive.rs (target\debug\deps\device_matrix_comprehensive-5a5b09448c045f58.exe)

running 36 tests
test accuforce_model_classification ... ok
test asetek_model_classification ... ok
test device_info_name_resolution_priority ... ok
test all_dispatched_handlers_produce_valid_ffb_config ... ok
test all_device_families_dispatch_via_vid_pid ... ok
test boundary_vid_pid_values_do_not_panic ... ok
test fanatec_model_classification_wheelbases ... ok
test ffb_config_torque_within_expected_range ... ok
test cammus_model_classification ... ok
test asetek_v2_hardware_classification ... ok
test fallback_vids_return_some_for_unknown_pids ... ok
test fanatec_dd_torque_exceeds_belt_torque ... ok
test ffb_config_encoder_cpr_non_negative ... ok
test cammus_c12_higher_torque_than_c5 ... ok
test device_vid_pid_matching ... ok
test fanatec_unknown_pid_maps_to_unknown_model ... ok
test is_v2_hardware_matches_expected ... ok
test hid_pid_fallback_does_not_override_known_vendor ... ok
test hid_pid_fallback_activation ... ok
test logitech_g_pro_has_higher_torque_than_g920 ... ok
test logitech_model_classification_all_known ... ok
test logitech_unknown_pid_maps_to_unknown_model ... ok
test matrix_covers_minimum_device_count ... ok
test matrix_covers_minimum_vendor_count ... ok
test no_duplicate_vid_pid_across_matrix ... ok
test pedal_devices_have_no_output_report_metadata ... ok
test pid_guarded_vids_return_none_for_unknown_pids ... ok
test pxn_model_classification ... ok
test simagic_evo_higher_encoder_cpr_than_legacy ... ok
test simagic_model_classification_all_generations ... ok
test simucube_encoder_cpr_consistent_across_models ... ok
test simucube_model_classification ... ok
test unguarded_vids_accept_unknown_pids ... ok
test unknown_vid_returns_none ... ok
test vrs_v2_hardware_classification ... ok
test wheelbase_output_report_metadata_consistency ... ok

test result: ok. 36 passed; 0 failed; 0 ignored; 0 measured; 0 filtered out; finished in 0.00s

     Running tests\diagnostics_deep_tests.rs (target\debug\deps\diagnostics_deep_tests-c1c7a86382d7fc70.exe)

running 33 tests
test add_log_files_from_nonexistent_dir_succeeds ... ok
test default_support_bundle_config_is_sane ... ok
test add_recordings_from_nonexistent_dir_succeeds ... ok
test default_diagnostic_config_is_sane ... ok
test empty_streams_produce_empty_data ... ok
test health_event_serializes_to_json ... ok
test health_event_roundtrips_through_json ... ok
test multiple_health_events_serialize_as_json_array ... ok
test stream_a_has_no_rate_limiting ... ok
test stream_a_record_frame_data_survives_serialization ... ok
test stream_a_uses_length_prefixed_records ... ok
test stream_b_rate_limits_rapid_telemetry ... ok
test stream_c_records_all_event_types ... ok
test support_bundle_estimated_size_increases_with_data ... ok
test disabled_stream_c_skips_health_events ... ok
test disabled_stream_a_skips_frame_recording ... ok
test disabled_stream_b_skips_telemetry ... ok
test frame_recording_outside_active_session_is_noop ... ok
test get_recent_events_from_empty_service ... ok
test stats_frame_count_matches_recorded_frames ... ok
test recording_speed_is_adequate_for_1khz ... ok
test get_recent_events_with_limit ... ok
test support_bundle_includes_manifest ... ok
test recording_without_frames_tracks_zero ... ok
test support_bundle_includes_health_events ... ok
test support_bundle_finds_recent_recordings ... ok
test health_events_drain_oldest_on_overflow ... ok
test log_files_discovered_by_extension ... ok
test uptime_increases_over_time ... ok
test support_bundle_size_limit_enforced ... ok
test all_three_streams_recorded_when_enabled ... ok
test stream_b_accepts_records_after_interval ... ok
test support_bundle_includes_system_info ... ok

test result: ok. 33 passed; 0 failed; 0 ignored; 0 measured; 0 filtered out; finished in 1.15s

     Running tests\engine_device_management_tests.rs (target\debug\deps\engine_device_management_tests-4847c50fea47d17e.exe)

running 53 tests
test capability_negotiator_can_be_constructed ... ok
test device_info_clone_is_independent ... ok
test device_info_name_matches_constructor ... ok
test clear_faults_resets_flags ... ok
test disconnect_makes_device_not_connected ... ok
test exact_max_torque_accepted ... ok
test health_status_reflects_injected_faults ... ok
test mode_selection_game_no_ffb_no_telemetry_on_raw_device ... ok
test add_then_remove_device ... ok
test device_not_found_returns_error ... ok
test add_multiple_then_remove_middle ... ok
test health_status_reflects_temperature ... ok
test mode_selection_pid_fallback ... ok
test empty_port_lists_no_devices ... ok
test fault_injection_sets_flags ... ok
test mode_selection_telemetry_synth_last_resort ... ok
test mode_selection_raw_torque_preferred ... ok
test mode_selection_with_game_compatibility_robust_ffb ... ok
test mode_selection_with_game_telemetry_only ... ok
test monitor_devices_returns_receiver ... ok
test multiple_fault_injection_ors_flags ... ok
test multiple_disconnect_reconnect_cycles ... ok
test multiple_devices_isolated_state ... ok
test multiple_devices_enumerated ... ok
test negative_torque_exceeding_limit_rejected ... ok
test negative_torque_moves_wheel_opposite_direction ... ok
test negative_torque_within_limit_accepted ... ok
test new_virtual_device_is_connected ... ok
test physics_simulation_heats_device ... ok
test opened_device_shares_state_with_port ... ok
test read_telemetry_from_disconnected_returns_none ... ok
test reconnect_restores_connected ... ok
test physics_simulation_moves_wheel ... ok
test refresh_devices_succeeds_on_empty_port ... ok
test sequential_torque_writes_update_state ... ok
test remove_nonexistent_device_does_not_panic ... ok
test telemetry_initial_angle_zero ... ok
test telemetry_returns_baseline_temperature ... ok
test simulate_physics_on_port_updates_all_devices ... ok
test single_device_enumerated_after_add ... ok
test torque_exceeding_limit_rejected ... ok
test torque_within_limit_accepted ... ok
test virtual_device_default_capabilities ... ok
test virtual_device_has_expected_vendor_product_ids ... ok
test virtual_device_manufacturer_set ... ok
test virtual_device_serial_number_set ... ok
test virtual_hid_port_default_same_as_new ... ok
test virtual_device_path_contains_id ... ok
test temperature_clamped_to_valid_range ... ok
test write_after_reconnect_succeeds ... ok
test zero_torque_always_accepted ... ok
test write_to_disconnected_device_returns_error ... ok
test wheel_angle_bounded_at_1080 ... ok

test result: ok. 53 passed; 0 failed; 0 ignored; 0 measured; 0 filtered out; finished in 0.01s

     Running tests\engine_error_handling_tests.rs (target\debug\deps\engine_error_handling_tests-4a96992f576fd217.exe)

running 20 tests
test all_rt_error_codes_round_trip ... ok
test collect_multiple_error_types_in_vec ... ok
test error_severity_filtering ... ok
test device_disconnected_rt_error_is_critical ... ok
test pipeline_error_invalid_config_has_message ... ok
test frame_defaults_to_safe_values ... ok
test rt_pipeline_fault_is_error_severity ... ok
test multiple_faults_keep_first_fault_state ... ok
test pipeline_error_compilation_failed ... ok
test device_disconnect_triggers_safety_fault ... ok
test pipeline_error_non_monotonic_curve ... ok
test rt_buffer_overflow_is_recoverable ... ok
test rt_error_as_openracing_preserves_severity ... ok
test rt_timing_violation_is_recoverable ... ok
test safety_service_clamps_to_zero_in_faulted_state ... ok
test software_watchdog_double_arm_errors ... ok
test rt_invalid_config_severity ... ok
test software_watchdog_feed_without_arm_errors ... ok
test watchdog_error_not_armed_display ... ok
test watchdog_error_timed_out_display ... ok

test result: ok. 20 passed; 0 failed; 0 ignored; 0 measured; 0 filtered out; finished in 0.00s

     Running tests\engine_rt_pipeline_tests.rs (target\debug\deps\engine_rt_pipeline_tests-53aff163ad346cc2.exe)

running 69 tests
test ffb_mode_display_formatting ... ok
test jitter_metrics_record_and_p99 ... ok
test filter_chain_friction_damper_inertia ... ok
test filter_chain_slew_rate_limits_change ... ok
test jitter_metrics_empty_returns_zero ... ok
test filter_chain_multiple_notch_filters ... ok
test filter_chain_custom_curve_mapping ... ok
test deterministic_output_response_curve_applied ... ok
test deterministic_output_idempotent_empty_pipeline ... ok
test frame_default_is_zeroed ... ok
test filter_chain_notch_filter_at_60hz ... ok
test filter_chain_reconstruction_only ... ok
test filter_chain_full_composition ... ok
test deterministic_output_same_config_same_input ... ok
test jitter_metrics_missed_tick_rate_calculation ... ok
test performance_metrics_p99_jitter_us_conversion ... ok
test multi_pipeline_instances_are_independent ... ok
test performance_metrics_missed_tick_rate ... ok
test performance_metrics_zero_ticks_no_divide_by_zero ... ok
test multi_pipeline_processing_does_not_cross_contaminate ... ok
test pipeline_config_hash_deterministic ... ok
test pipeline_continues_after_fault ... ok
test pipeline_different_configs_different_hashes ... ok
test pipeline_empty_is_noop ... ok
test pipeline_exponential_response_curve_applied ... ok
test pipeline_inf_torque_out_returns_fault ... ok
test pipeline_is_empty_reflects_state ... ok
test pipeline_nan_torque_out_returns_fault ... ok
test pipeline_node_count_matches_active_filters ... ok
test pipeline_out_of_range_input_handled ... ok
test pipeline_process_passthrough_preserves_input ... ok
test pipeline_processes_sequence_of_frames ... ok
test pipeline_rejects_curve_not_starting_at_zero ... ok
test pipeline_processing_within_time_budget ... ok
test pipeline_rejects_invalid_reconstruction_level ... ok
test pipeline_rejects_non_monotonic_curve ... ok
test pipeline_response_curve_preserves_zero ... ok
test pipeline_swap_at_tick_boundary ... ok
test pll_initial_period_matches_target ... ok
test pipeline_swap_from_full_to_empty ... ok
test pipeline_with_hash_preserves_hash ... ok
test pll_reset_clears_state ... ok
test pll_update_adjusts_period ... ok
test rt_alloc_empty_pipeline_zero_alloc ... ok
test rt_alloc_passthrough_pipeline_zero_alloc ... ok
test rt_alloc_full_pipeline_zero_alloc ... ok
test rt_alloc_safety_clamp_zero_alloc ... ok
test safety_cannot_request_high_torque_when_faulted ... ok
test safety_cancel_challenge_returns_to_safe ... ok
test safety_clamp_torque_symmetric_for_negative ... ok
test safety_challenge_expiry_returns_to_safe ... ok
test safety_clamp_torque_within_safe_mode_limits ... ok
test safety_faulted_state_clamps_to_zero ... ok
test safety_hands_off_only_matters_in_high_torque ... ok
test safety_inf_input_clamped_to_zero ... ok
test safety_initial_state_is_safe_torque ... ok
test safety_max_torque_per_state ... ok
test safety_nan_input_clamped_to_zero ... ok
test safety_report_multiple_faults_stays_faulted ... ok
test scheduler_adaptive_config_normalized ... ok
test safety_torque_cap_filter_clamps_output ... ok
test signal_boundary_inputs_at_extremes ... ok
test signal_negative_input_produces_bounded_output ... ok
test signal_high_frequency_sine_input ... ok
test signal_zero_input_produces_bounded_output ... ok
test signal_rapid_direction_reversal ... ok
test sustained_processing_no_drift_accumulation ... ok
test sustained_processing_1000_frames_all_valid ... ok
test safety_fault_then_clear_restores_safe_torque ... ok

test result: ok. 69 passed; 0 failed; 0 ignored; 0 measured; 0 filtered out; finished in 0.13s

     Running tests\engine_safety_deep_tests.rs (target\debug\deps\engine_safety_deep_tests-1f93b0baf2a98781.exe)

running 76 tests
test active_challenge_tracks_ui_consent ... ok
test awaiting_ack_to_safe_torque_via_cancel ... ok
test all_fault_types_transition_and_zero_torque ... ok
test clear_fault_from_non_faulted_state_is_rejected ... ok
test cannot_request_high_torque_while_faulted ... ok
test cancel_from_non_challenge_state_errors ... ok
test clear_fault_too_soon_is_rejected ... ok
test confirm_without_combo_start_rejected ... ok
test consent_requirements_populated ... ok
test emergency_stop_cannot_be_cleared_with_clear_fault ... ok
test disable_from_non_active_state_errors ... ok
test emergency_stop_during_normal_operation ... ok
test emergency_stop_logs_fault ... ok
test emergency_stop_requires_manual_reset ... ok
test emergency_stop_within_timing_budget ... ok
test emergency_stop_zeros_torque_immediately ... ok
test fault_detection_within_10ms ... ok
test fault_during_challenge_aborts_challenge ... ok
test faulted_get_max_torque_ignores_high_torque_flag ... ok
test hands_off_timeout_only_in_high_torque_active ... ok
test high_torque_challenge_to_safe_torque_via_cancel ... ok
test high_torque_challenge_to_awaiting_physical_ack ... ok
test infinity_torque_request_sanitized_to_zero ... ok
test interlock_system_arm_disarm_cycle ... ok
test cannot_request_high_torque_with_active_fault_history ... ok
test interlock_system_clear_fault_after_minimum_duration ... ok
test interlock_system_emergency_stop_in_every_state ... ok
test interlock_system_fault_log_populated_on_faults ... ok
test interlock_system_normal_tick_passes_torque ... ok
test interlock_system_reset_restores_normal ... ok
test interlock_system_safe_mode_uses_reduced_limit ... ok
test interlock_system_torque_clamped_in_normal ... ok
test interlock_system_watchdog_timeout_ms_readable ... ok
test interlock_system_watchdog_timeout_zeros_torque ... ok
test multi_fault_last_type_wins_torque_stays_zero ... ok
test nan_torque_request_sanitized_to_zero ... ok
test negative_zero_torque_treated_as_zero ... ok
test no_challenge_time_remaining_when_no_challenge ... ok
test faulted_to_safe_torque_after_minimum_duration ... ok
test safe_torque_is_default_state ... ok
test safe_torque_to_high_torque_challenge ... ok
test software_watchdog_disarm_when_not_armed_errors ... ok
test software_watchdog_double_arm_errors ... ok
test software_watchdog_feed_after_timeout_errors ... ok
test software_watchdog_feed_before_arm_errors ... ok
test interlock_system_communication_loss_zeros_torque ... ok
test software_watchdog_reset_clears_everything ... ok
test software_watchdog_trigger_safe_state_marks_timeout ... ok
test challenge_time_remaining_decreases ... ok
test torque_clamped_to_safe_limit_during_awaiting_ack ... ok
test torque_clamped_to_safe_limit_during_challenge ... ok
test torque_clamped_to_safe_limit_in_safe_torque ... ok
test torque_limit_default_values ... ok
test software_watchdog_time_since_last_feed_increases ... ok
test torque_limit_negative_clamped_symmetrically ... ok
test torque_limit_safe_mode_limit_returns_configured_value ... ok
test torque_limit_struct_clamp_logs_violations ... ok
test torque_zero_in_faulted_state ... ok
test watchdog_default_timeout_is_100ms ... ok
test watchdog_timeout_handler_reset_clears_state ... ok
test watchdog_timeout_handler_zeros_torque_within_1ms ... ok
test insufficient_combo_hold_rejected ... ok
test rapid_fault_clear_cycling_preserves_invariants ... ok
test challenge_token_must_match_at_every_step ... ok
test awaiting_ack_to_high_torque_active ... ok
test cannot_request_high_torque_when_already_active ... ok
test device_token_cleared_on_disable ... ok
test device_token_persists_after_high_torque_activation ... ok
test fault_to_zero_torque_within_50ms ... ok
test high_torque_active_to_faulted ... ok
test high_torque_active_to_safe_torque_via_disable ... ok
test full_state_machine_round_trip ... ok
test torque_allowed_to_high_limit_when_active ... ok
test torque_limit_get_max_torque_respects_high_torque_flag ... ok
test hands_off_exceeding_timeout_faults ... ok
test hands_on_resets_timeout_timer ... ok

test result: ok. 76 passed; 0 failed; 0 ignored; 0 measured; 0 filtered out; finished in 6.10s

     Running tests\engine_snapshot_tests.rs (target\debug\deps\engine_snapshot_tests-a5e4555001886f59.exe)

running 22 tests
test snapshot_button_combo_debug_all ... ok
test snapshot_capabilities_report_minimal ... ok
test snapshot_fault_type_thermal_limit_display ... ok
test snapshot_fault_type_usb_stall_display ... ok
test snapshot_consent_full ... ok
test snapshot_device_inputs_default ... ok
test snapshot_device_inputs_populated ... ok
test snapshot_rt_error_all_display ... ok
test snapshot_engine_config_blackbox_enabled ... ok
test snapshot_rt_error_debug ... ok
test snapshot_rt_error_debug_safety_interlock ... ok
test snapshot_fault_type_overcurrent_display ... ok
test snapshot_engine_config_debug ... ok
test snapshot_capabilities_report_full ... ok
test snapshot_ffb_mode_display_all ... ok
test snapshot_normalized_telemetry_typical ... ok
test snapshot_safety_state_safe_torque ... ok
test snapshot_rt_setup_default ... ok
test snapshot_telemetry_flags_default ... ok
test snapshot_telemetry_report_faulted ... ok
test snapshot_telemetry_flags_race_condition ... ok
test snapshot_telemetry_report_normal ... ok

test result: ok. 22 passed; 0 failed; 0 ignored; 0 measured; 0 filtered out; finished in 0.18s

     Running tests\error_propagation_deep_tests.rs (target\debug\deps\error_propagation_deep_tests-4f2ebf79dea12585.exe)

running 26 tests
test context_chain_preserves_all_layers ... ok
test device_disconnect_propagates_to_service ... ok
test device_error_preserves_identity_through_wrapping ... ok
test device_fault_triggers_safety_cascade ... ok
test error_vec_preserves_ordering_and_severity ... ok
test multiple_errors_collected_independently ... ok
test pipeline_invalid_config_includes_reason ... ok
test hands_off_violation_includes_durations ... ok
test profile_repo_serialization_error_preserves_detail ... ok
test faulted_state_zeroes_max_torque ... ok
test device_retryable_vs_permanent ... ok
test pipeline_error_is_std_error ... ok
test profile_repo_corruption_error_preserves_detail ... ok
test successful_operation_propagates_ok ... ok
test rt_recoverable_vs_fatal_classification ... ok
test profile_repo_lock_error_is_descriptive ... ok
test rate_limited_violation_includes_timing ... ok
test temperature_violation_includes_values ... ok
test thermal_limit_fault_transitions_to_faulted ... ok
test torque_limit_propagates_to_service ... ok
test tracing_recoverable_vs_fatal ... ok
test usb_stall_fault_transitions_to_faulted ... ok
test validation_error_preserves_field_through_wrapping ... ok
test watchdog_error_is_std_error ... ok
test watchdog_hardware_error_includes_message ... ok
test watchdog_invalid_config_includes_detail ... ok

test result: ok. 26 passed; 0 failed; 0 ignored; 0 measured; 0 filtered out; finished in 0.00s

     Running tests\ffb_effects_deep_tests.rs (target\debug\deps\ffb_effects_deep_tests-50c465f8ac871950.exe)

running 58 tests
test ffb_01_spring_zero_at_center ... ok
test ffb_04_spring_with_deadband ... ok
test ffb_02_spring_proportional_force ... ok
test ffb_05_spring_with_offset ... ok
test ffb_03_spring_symmetric ... ok
test ffb_10_damper_negative_velocity ... ok
test ffb_12_damper_extreme_inputs ... ok
test ffb_07_spring_extreme_inputs ... ok
test ffb_08_damper_zero_at_rest ... ok
test ffb_15_friction_zero_at_rest ... ok
test ffb_16_friction_coefficient_scaling ... ok
test ffb_09_damper_proportional_to_velocity ... ok
test ffb_11_damper_coefficient_scaling ... ok
test ffb_14_friction_opposes_negative_velocity ... ok
test ffb_06_spring_negative_coefficient ... ok
test ffb_13_friction_opposes_positive_velocity ... ok
test ffb_17_friction_extreme_inputs ... ok
test ffb_18_constant_effect_basic ... ok
test ffb_19_constant_effect_gain_scaling ... ok
test ffb_20_constant_effect_zero_gain ... ok
test ffb_21_constant_effect_negative_magnitude ... ok
test ffb_22_constant_effect_clipping ... ok
test ffb_23_sine_zero_at_start ... ok
test ffb_24_sine_nonzero_at_quarter_period ... ok
test ffb_25_sine_periodicity ... ok
test ffb_26_sine_frequency_scaling ... ok
test ffb_27_sine_with_gain ... ok
test ffb_28_sine_negative_half_period ... ok
test ffb_29_spring_plus_damper_combination ... ok
test ffb_30_triple_effect_combination ... ok
test ffb_31_combination_clipping ... ok
test ffb_32_combination_negative_clipping ... ok
test ffb_33_gain_three_tier ... ok
test ffb_34_gain_clamping_above ... ok
test ffb_35_gain_clamping_below ... ok
test ffb_36_gain_torque_clamping ... ok
test ffb_37_gain_effects_clamping ... ok
test ffb_38_gain_applied_to_constant_effect ... ok
test ffb_39_gain_zero_silences_all ... ok
test ffb_40_direction_wrapping ... ok
test ffb_41_direction_negative_wrapping ... ok
test ffb_42_direction_from_radians ... ok
test ffb_43_direction_to_radians ... ok
test ffb_44_effect_params_defaults ... ok
test ffb_45_effect_params_builder ... ok
test ffb_46_effect_type_default ... ok
test ffb_47_sine_within_duration ... ok
test ffb_48_infinite_duration_effects ... ok
test ffb_49_parameter_boundary_constants ... ok
test ffb_50_spring_at_max_coefficient ... ok
test ffb_51_damper_at_max_coefficient ... ok
test ffb_52_constant_effect_serialization ... ok
test ffb_53_spring_effect_serialization ... ok
test ffb_54_gain_serialization ... ok
test ffb_55_spring_deadband_boundary_produces_force ... ok
test ffb_56_multiple_sine_effects ... ok
test ffb_57_spring_offset_with_deadband ... ok
test ffb_58_gain_default_is_zero ... ok

test result: ok. 58 passed; 0 failed; 0 ignored; 0 measured; 0 filtered out; finished in 0.01s

     Running tests\ffb_jitter_isolation_tests.rs (target\debug\deps\ffb_jitter_isolation_tests-8d02957acfcde90e.exe)

running 8 tests
test jitter_isolation_tests::test_baseline_ffb_jitter ... ignored, Requires RT scheduling for jitter assertions
test jitter_isolation_tests::test_comparative_jitter_analysis ... ignored, Requires RT scheduling for jitter assertions
test jitter_isolation_tests::test_cpu_usage_isolation ... ignored, Requires RT scheduling for jitter assertions
test jitter_isolation_tests::test_ffb_jitter_with_led_haptics_200hz ... ignored, Requires RT scheduling for jitter assertions
test jitter_isolation_tests::test_ffb_jitter_with_led_haptics_60hz ... ignored, Requires RT scheduling for jitter assertions
Γ£ô LED update latency: 105.8┬╡s
test timing_validation_tests::test_led_update_latency ... ok
Γ£ô Haptics rate 60.0Hz verified (measured: 67.3Hz)
Γ£ô Haptics rate 100.0Hz verified (measured: 110.5Hz)
Γ£ô RPM hysteresis working: 1 unique patterns for varying RPM
test timing_validation_tests::test_rpm_hysteresis_timing ... ok
Γ£ô Haptics rate 150.0Hz verified (measured: 163.4Hz)
Γ£ô Haptics rate 200.0Hz verified (measured: 219.7Hz)
test timing_validation_tests::test_haptics_frequency_range ... ok

test result: ok. 3 passed; 0 failed; 5 ignored; 0 measured; 0 filtered out; finished in 0.31s

     Running tests\ffb_pipeline_deep_tests.rs (target\debug\deps\ffb_pipeline_deep_tests-90ec1c6be0f68fe0.exe)

running 40 tests
test diagnostics_bypass_empty_pipeline_passes_through ... ok
test infinity_input_returns_pipeline_fault ... ok
test filter_chain_ordering_reconstruction_applied_first ... ok
test hot_update_preserves_output_bounds ... ok
test hot_update_changes_filter_behavior_mid_stream ... ok
test filter_chain_friction_before_damper_produces_different_result ... ok
test all_filters_active_produces_bounded_output ... ok
test diagnostics_swap_to_empty_disables_all_filters ... ok
test all_filters_converge_to_stable_output ... ok
test deterministic_config_hash_matches_for_same_config ... ok
test max_input_clamped_within_bounds ... ok
test mixed_inertia_plus_damper_has_more_nodes ... ok
test deterministic_same_input_sequence_same_output ... ok
test mixed_filters_damper_only_vs_friction_only_differ ... ok
test nan_input_returns_pipeline_fault ... ok
test neg_infinity_input_returns_pipeline_fault ... ok
test nan_torque_out_after_valid_in_returns_fault ... ok
test negative_max_input_clamped_within_bounds ... ok
test passthrough_pipeline_preserves_known_values ... ok
test passthrough_with_safety_clamp_limits_output ... ok
test output_always_within_unit_interval ... ok
test latency_empty_pipeline_under_budget ... ok
test pipeline_then_safety_faulted_zeroes_output ... ok
test safety_service_clamp_enforces_device_limit ... ok
test reconstruction_filter_attenuates_high_frequency ... ok
test reconstruction_filter_passes_low_frequency ... ok
test performance_1000_ticks_within_1_second ... ok
test statistics_min_max_avg_torque_tracked ... ok
test state_reset_to_empty_then_recompile ... ok
test state_reset_swap_clears_filter_state ... ok
test statistics_node_count_reflects_config ... ok
test step_response_reconstruction_smooths_transition ... ok
test performance_median_processing_time_under_50us ... ok
test step_response_settles_within_reasonable_frames ... ok
test latency_full_pipeline_within_200us_budget ... ok
test zero_input_passthrough_produces_zero_output ... ok
test two_pipelines_different_configs_isolated ... ok
test statistics_processing_time_measurable ... ok
test zero_input_through_all_filters_stays_near_zero ... ok
test two_pipelines_independent_processing ... ok

test result: ok. 40 passed; 0 failed; 0 ignored; 0 measured; 0 filtered out; finished in 0.00s

     Running tests\ffb_pipeline_e2e_tests.rs (target\debug\deps\ffb_pipeline_e2e_tests-e3acb55877b6778a.exe)

running 41 tests
test composite_effects_summed_input ... ok
test constant_effect_through_pipeline ... ok
test default_config_acts_as_near_passthrough ... ok
test empty_pipeline_is_passthrough ... ok
test bumpstop_active_with_full_pipeline ... ok
test damper_only_config_produces_speed_dependent_output ... ok
test deterministic_config_hash ... ok
test effect_mixing_respects_saturation ... ok
test conditional_effect_speed_dependent ... ok
test extreme_but_valid_inputs_at_boundary ... ok
test deterministic_output_for_identical_inputs ... ok
test full_pipeline_processes_telemetry_to_torque ... ok
test friction_only_config_opposes_motion ... ok
test different_configs_produce_different_hashes ... ok
test higher_priority_effect_dominates_mix ... ok
test hot_reconfigure_adds_filters ... ok
test full_pipeline_signal_flows_through_all_stages ... ok
test infinity_input_returns_pipeline_fault ... ok
test independent_pipelines_for_multi_axis ... ok
test hot_reconfigure_removes_filters ... ok
test hot_reconfigure_preserves_output_bounds ... ok
test lowpass_damper_friction_spring_combination ... ok
test multi_axis_pipelines_are_isolated ... ok
test multiple_reconfigurations_remain_stable ... ok
test nan_input_returns_pipeline_fault ... ok
test negative_infinity_input_returns_pipeline_fault ... ok
test notch_filter_combination_with_damper ... ok
test opposing_effects_cancel ... ok
test parameter_change_mid_processing_via_recompile ... ok
test periodic_effect_sine_wave ... ok
test pipeline_node_count_reflects_active_filters ... ok
test pipeline_recovers_after_fault ... ok
test safety_limits_with_rapid_input_changes ... ok
test subnormal_input_handled_gracefully ... ok
test pipeline_latency_with_all_filters_active ... ok
test swap_to_empty_pipeline_restores_passthrough ... ok
test torque_cap_limits_output ... ok
test pipeline_processing_within_latency_budget ... ok
test torque_cap_symmetric_positive_and_negative ... ok
test torque_cap_with_comprehensive_filters ... ok
test sustained_processing_1000_frames ... ok

test result: ok. 41 passed; 0 failed; 0 ignored; 0 measured; 0 filtered out; finished in 0.00s

     Running tests\filter_chain_property_tests.rs (target\debug\deps\filter_chain_property_tests-0d29465ce9dbf186.exe)

running 8 tests
test edge_empty_chain_is_passthrough ... ok
test edge_max_chain_length_bounded ... ok
test filter_hot_swap_no_large_discontinuity ... ok
test edge_single_reconstruction_filter ... ok
proptest: FileFailurePersistence::SourceParallel set, but failed to find lib.rs or main.rs
proptest: FileFailurePersistence::SourceParallel set, but failed to find lib.rs or main.rs
proptest: FileFailurePersistence::SourceParallel set, but failed to find lib.rs or main.rs
proptest: FileFailurePersistence::SourceParallel set, but failed to find lib.rs or main.rs
test damper_output_bounded ... ok
test signal_frequency_preservation ... ok
test random_filter_chain_bounded_output ... ok
test slew_rate_limits_change ... ok

test result: ok. 8 passed; 0 failed; 0 ignored; 0 measured; 0 filtered out; finished in 0.09s

     Running tests\filter_node_tests.rs (target\debug\deps\filter_node_tests-9e288ef8c9c5bfe9.exe)

running 42 tests
test bumpstop_filter_tests::test_bumpstop_filter_at_limit ... ok
test curve_filter_tests::test_curve_filter_bounds ... ok
test bumpstop_filter_tests::test_bumpstop_filter_within_range ... ok
test bumpstop_filter_tests::test_bumpstop_filter_disabled ... ok
test friction_filter_tests::test_friction_filter_zero_speed ... ok
test curve_filter_tests::test_curve_filter_negative_input ... ok
test curve_filter_tests::test_curve_filter_quadratic ... ok
test damper_filter_tests::test_damper_filter_opposes_motion ... ok
test damper_filter_tests::test_damper_filter_proportional_to_speed ... ok
test curve_filter_tests::test_curve_filter_linear ... ok
test damper_filter_tests::test_damper_filter_speed_adaptive ... ok
test friction_filter_tests::test_friction_filter_direction ... ok
test friction_filter_tests::test_friction_filter_non_adaptive ... ok
test bumpstop_filter_tests::test_bumpstop_filter_progressive_force ... ok
test hands_off_detector_tests::test_hands_off_detector_disabled ... ok
test hands_off_detector_tests::test_hands_off_detector_reset ... ok
test hands_off_detector_tests::test_hands_off_detector_without_resistance ... ok
test hands_off_detector_tests::test_hands_off_detector_threshold_boundary ... ok
test friction_filter_tests::test_friction_filter_speed_adaptive ... ok
test hands_off_detector_tests::test_hands_off_detector_with_resistance ... ok
test inertia_filter_tests::test_inertia_filter_acceleration_response ... ok
test inertia_filter_tests::test_inertia_filter_deceleration ... ok
test inertia_filter_tests::test_inertia_filter_proportional_to_acceleration ... ok
test integration_tests::test_all_filters_bounds_checking ... ok
test integration_tests::test_filter_chain_stability ... ok
test integration_tests::test_filter_determinism ... ok
test integration_tests::test_speed_adaptive_behavior ... ok
test notch_filter_tests::test_notch_filter_dc_response ... ok
test notch_filter_tests::test_notch_filter_different_frequencies ... ok
test notch_filter_tests::test_notch_filter_q_factor_effect ... ok
test notch_filter_tests::test_notch_filter_stability ... ok
test reconstruction_filter_tests::test_reconstruction_filter_bounds ... ok
test reconstruction_filter_tests::test_reconstruction_filter_convergence ... ok
test reconstruction_filter_tests::test_reconstruction_filter_different_levels ... ok
test reconstruction_filter_tests::test_reconstruction_filter_step_response ... ok
test slew_rate_filter_tests::test_slew_rate_filter_convergence ... ok
test slew_rate_filter_tests::test_slew_rate_filter_limiting ... ok
test slew_rate_filter_tests::test_slew_rate_filter_negative_input ... ok
test slew_rate_filter_tests::test_slew_rate_filter_no_limiting ... ok
test torque_cap_filter_tests::test_torque_cap_filter_extreme_inputs ... ok
test torque_cap_filter_tests::test_torque_cap_filter_over_limit ... ok
test torque_cap_filter_tests::test_torque_cap_filter_within_limit ... ok

test result: ok. 42 passed; 0 failed; 0 ignored; 0 measured; 0 filtered out; finished in 0.00s

     Running tests\filter_pipeline_comprehensive_tests.rs (target\debug\deps\filter_pipeline_comprehensive_tests-ab046599882c4b80.exe)

running 75 tests
test boundary::inf_through_torque_cap_is_safe ... ok
test boundary::max_negative_input_capped ... ok
test boundary::pipeline_faults_on_non_finite_intermediate ... ok
test boundary::nan_through_torque_cap_is_safe ... ok
test boundary::max_positive_input_capped ... ok
test bumpstop::disabled_has_no_effect ... ok
test boundary::reconstruction_nan_does_not_crash ... ok
test boundary::slew_rate_nan_does_not_crash ... ok
test chain::reconstruction_then_slew_rate_further_limits ... ok
test bumpstop::resistance_increases_deeper_into_zone ... ok
test chain::friction_plus_damper_are_additive ... ok
test chain::full_pipeline_order_produces_bounded_output ... ok
test curve::linear_curve_is_identity ... ok
test boundary::zero_input_through_all_filters ... ok
test chain::torque_cap_is_final_safety_net_after_any_chain ... ok
test curve::extreme_inputs_are_clamped_finite ... ok
test chain::pipeline_process_method_equivalent_to_manual_chain ... ok
test curve::preserves_sign ... ok
test damper::proportional_to_speed ... ok
test curve::quadratic_reduces_mid_values ... ok
test bumpstop::applies_resistance_past_start_angle ... ok
test damper::opposes_motion ... ok
test damper::zero_coefficient_is_identity ... ok
test damper::zero_speed_zero_torque ... ok
test determinism::notch_is_deterministic ... ok
test determinism::pipeline_process_is_deterministic ... ok
test determinism::reconstruction_is_deterministic ... ok
test determinism::reset_state_then_replay_matches_fresh ... ok
test determinism::slew_rate_is_deterministic ... ok
test frequency_response::reconstruction_attenuates_nyquist ... ok
test frequency_response::lowpass_attenuation_increases_with_frequency ... ok
test frequency_response::notch_narrow_band_rejection ... ok
test frequency_response::slew_rate_attenuates_fast_transients_but_passes_slow ... ok
test friction::extreme_speed_produces_finite_output ... ok
test friction::opposes_motion_direction ... ok
test friction::speed_adaptive_reduces_at_high_speed ... ok
test friction::zero_coefficient_is_identity ... ok
test friction::zero_speed_no_friction_force ... ok
test hands_off::resets_on_resistance ... ok
test hands_off::disabled_never_triggers ... ok
test hands_off::triggers_after_timeout ... ok
test inertia::constant_speed_zero_contribution ... ok
test inertia::opposes_positive_acceleration ... ok
test inertia::zero_coefficient_is_identity ... ok
test lowpass::passes_dc_signal ... ok
test lowpass::attenuates_above_cutoff ... ok
test notch::bypass_is_identity ... ok
test notch::attenuates_center_frequency_more_than_passband ... ok
test notch::dc_passes_through_notch ... ok
test notch::stability_over_many_samples ... ok
test parameter_validation::rejects_notch_frequency_above_500 ... ok
test parameter_validation::accepts_valid_full_config ... ok
test parameter_validation::different_configs_produce_different_hashes ... ok
test reconstruction::all_valid_levels_produce_finite_output ... ok
test parameter_validation::rejects_reconstruction_level_above_8 ... ok
test parameter_validation::rejects_non_monotonic_curve ... ok
test parameter_validation::same_config_produces_same_hash ... ok
test reconstruction::bypass_level_zero_is_identity ... ok
test reconstruction::heavier_smoothing_converges_slower ... ok
test reconstruction::reset_clears_state_but_preserves_alpha ... ok
test parameter_validation::zero_gain_filters_are_skipped ... ok
test reconstruction::step_response_is_monotonically_increasing ... ok
test rt_constraints::all_filter_state_types_are_repr_c_sized ... ok
test rt_constraints::empty_pipeline_process_is_zero_alloc ... ok
test rt_constraints::pipeline_node_count_matches_config ... ok
test rt_constraints::pipeline_swap_is_instant ... ok
test rt_constraints::filter_functions_do_not_allocate ... ok
test slew_rate::converges_to_target_over_time ... ok
test slew_rate::limits_step_change_to_max_per_tick ... ok
test slew_rate::unlimited_is_identity ... ok
test torque_cap::clamps_negative_torque ... ok
test torque_cap::clamps_positive_torque ... ok
test torque_cap::infinity_maps_to_zero_safe_state ... ok
test torque_cap::nan_maps_to_zero_safe_state ... ok
test torque_cap::within_limit_unchanged ... ok

test result: ok. 75 passed; 0 failed; 0 ignored; 0 measured; 0 filtered out; finished in 0.01s

     Running tests\game_integration_tests.rs (target\debug\deps\game_integration_tests-e32bef9ad2a14e24.exe)

running 31 tests
test configuration_status_validation ... ok
test configuration_status_with_issues ... ok
test device_disconnection_stops_ffb ... ok
test game_input_without_telemetry_still_has_ffb ... ok
test mode_selection_commodity_wheel_pid_only ... ok
test game_input_with_telemetry_carries_ffb_scalar ... ok
test fault_injection_during_operation ... ok
test mode_selection_arcade_game_prefers_telemetry_synth ... ok
test device_reconnection_restores_communication ... ok
test mode_selection_game_no_telemetry_no_robust_falls_to_raw ... ok
test negotiation_changes_with_game_switch ... ok
test e2e_multiple_devices_different_games ... ok
test e2e_telemetry_through_virtual_device ... ok
test game_input_timestamp_is_recent ... ok
test mode_selection_sim_with_robust_ffb_prefers_raw_torque ... ok
test multiple_disconnect_reconnect_cycles ... ok
test mode_selection_no_game_info_defaults_to_device_best ... ok
test negotiation_result_is_optimal_only_for_raw_torque_no_warnings ... ok
test negotiation_telemetry_synth_warns ... ok
test negotiation_with_game_produces_summary ... ok
test normalized_telemetry_carries_car_and_track ... ok
test normalized_telemetry_defaults_are_safe ... ok
test profile_context_game_switching ... ok
test profile_context_session_type_tracking ... ok
test telemetry_ffb_scalar_range_boundaries ... ok
test telemetry_flags_can_combine ... ok
test telemetry_gear_covers_all_states ... ok
test telemetry_slip_ratio_bounds ... ok
test telemetry_statistics_default_is_zeroed ... ok
test telemetry_to_ffb_flow_virtual_device ... ok
test update_rate_matches_mode ... ok

test result: ok. 31 passed; 0 failed; 0 ignored; 0 measured; 0 filtered out; finished in 0.00s

     Running tests\hid_integration_tests.rs (target\debug\deps\hid_integration_tests-68453a5ba2371a7d.exe)

running 10 tests
RT optimizations applied successfully
RT optimizations reverted successfully
test test_rt_setup_and_cleanup ... ok
test test_device_capabilities_validation ... ok
No devices found, skipping device opening test
Event channel closed
test test_device_opening_and_operations ... ok
test test_device_monitoring ... ok
Device enumeration recovered, found 0 devices
test test_error_handling_and_recovery ... ok
No devices found, skipping latency benchmark
test test_ffb_write_latency_benchmark ... ok
Found 0 devices
test test_hid_port_creation ... ok
test test_device_enumeration_and_refresh ... ok
No devices found, skipping RT FFB test
test test_rt_safe_ffb_writing ... ok
No devices found, skipping telemetry test
test test_telemetry_reading_consistency ... ok

test result: ok. 10 passed; 0 failed; 0 ignored; 0 measured; 0 filtered out; finished in 1.41s

     Running tests\led_haptics_tests.rs (target\debug\deps\led_haptics_tests-9a54942dda3dc0e9.exe)

running 28 tests
test dash_widget_tests::test_dash_widget_creation ... ok
test dash_widget_tests::test_rpm_widget ... ok
test dash_widget_tests::test_gear_widget ... ok
test dash_widget_tests::test_flags_widget ... ok
test dash_widget_tests::test_speed_widget ... ok
test dash_widget_tests::test_widget_updates ... ok
test haptics_router_tests::test_config_update ... ok
test haptics_router_tests::test_haptics_router_creation ... ok
test haptics_router_tests::test_no_haptics_at_low_activity ... ok
test haptics_router_tests::test_slip_based_haptics ... ok
test haptics_router_tests::test_abs_haptics ... ok
test led_mapping_engine_tests::test_config_update ... ok
test haptics_router_tests::test_engine_vibration ... ok
test led_mapping_engine_tests::test_flag_priority ... ok
test led_mapping_engine_tests::test_led_engine_creation ... ok
test led_mapping_engine_tests::test_pit_limiter_pattern ... ok
test led_mapping_engine_tests::test_rpm_hysteresis ... ok
test led_mapping_engine_tests::test_rpm_pattern_generation ... ok
test rate_independence_tests::test_led_haptics_system_creation ... ok
test rate_independence_tests::test_output_structure ... ok
test rate_independence_tests::test_rate_independence_60hz ... ignored, Timer resolution too coarse for 60Hz rate test
LED pattern generation: 957 ns per update
test performance_tests::test_led_pattern_generation_performance ... ok
Haptics pattern generation: 1942 ns per update
test performance_tests::test_haptics_pattern_generation_performance ... ok
test rate_independence_tests::test_config_updates_during_operation ... ok
Dash widget update: 3601 ns per update
test performance_tests::test_dash_widget_update_performance ... ok
test rate_independence_tests::test_rate_independence_200hz ... ok
Integration test completed with 10 outputs
test integration_tests::test_complete_system_integration ... ok
test led_mapping_engine_tests::test_pattern_timing ... ok

test result: ok. 27 passed; 0 failed; 1 ignored; 0 measured; 0 filtered out; finished in 1.01s

     Running tests\mutation_safety_tests.rs (target\debug\deps\mutation_safety_tests-ea6c511ac3cd4c7d.exe)

running 27 tests
test emergency_stop_enters_estop_state ... ok
test emergency_stop_zeroes_torque ... ok
test safety_service_clamp_limits_to_safe_torque ... ok
test software_watchdog_arm_then_feed ... ok
test negative_torque_beyond_limit_is_clamped ... ok
test fault_report_leaves_normal_state ... ok
test fault_reduces_torque_output ... ok
test safety_service_clamp_preserves_sign ... ok
test safety_service_clamp_symmetric ... ok
test fault_is_logged ... ok
test negative_torque_at_exact_limit_is_not_clamped ... ok
test software_watchdog_double_arm_fails ... ok
test software_watchdog_feed_when_disarmed_fails ... ok
test safe_mode_limit_is_distinct_from_max ... ok
test torque_at_exact_limit_is_not_clamped ... ok
test torque_just_above_limit_is_clamped ... ok
test torque_limit_clamp_negative_overflow ... ok
test software_watchdog_starts_disarmed ... ok
test torque_limit_clamp_positive_overflow ... ok
test torque_limit_clamp_within_range_not_limited ... ok
test torque_limit_clamp_violation_count_increments ... ok
test torque_stays_zero_after_emergency_stop ... ok
test watchdog_timeout_handler_zeroes_torque ... ok
test watchdog_timeout_records_previous_torque ... ok
test watchdog_timeout_response_within_budget ... ok
test watchdog_timeout_sets_triggered_flag ... ok
test zero_torque_request_produces_zero_output ... ok

test result: ok. 27 passed; 0 failed; 0 ignored; 0 measured; 0 filtered out; finished in 0.00s

     Running tests\perf_gate_tests.rs (target\debug\deps\perf_gate_tests-11496f60696e0f1e.exe)

running 10 tests
test perf_gate_curve_lut_is_constant_time ... ok
test perf_gate_frame_is_stack_only ... ok
test perf_gate_filter_dispatch_is_direct ... ok
test perf_gate_safety_clamp_is_constant_time ... ok
test perf_gate_safety_stage_zero_alloc ... ok
test perf_gate_output_stage_curve_lookup_zero_alloc ... ok
test perf_gate_pipeline_linear_node_traversal ... ok
test perf_gate_pipeline_swap_zero_alloc ... ok
test perf_gate_full_rt_tick_zero_alloc ... ok
test perf_gate_sustained_10s_zero_alloc ... ok

test result: ok. 10 passed; 0 failed; 0 ignored; 0 measured; 0 filtered out; finished in 0.00s

     Running tests\pipeline_atomicity_tests.rs (target\debug\deps\pipeline_atomicity_tests-ae74c90d3610f80b.exe)

running 9 tests
test test_different_inputs_different_hashes ... ok
test test_curve_monotonicity_validation ... ok
test test_no_allocations_on_hot_path ... ok
test test_concurrent_pipeline_compilation ... ok
test test_pipeline_compilation_determinism ... ok
test test_profile_hierarchy_precedence ... ok
test test_deterministic_profile_resolution ... ok
test test_two_phase_apply_stress ... ok
test test_pipeline_swap_atomicity ... ok

test result: ok. 9 passed; 0 failed; 0 ignored; 0 measured; 0 filtered out; finished in 2.43s

     Running tests\pipeline_edge_case_tests.rs (target\debug\deps\pipeline_edge_case_tests-8fdb502a269d200a.exe)

running 14 tests
test empty_pipeline_preserves_torque_out ... ok
test empty_pipeline_preserves_all_frame_fields ... ok
test empty_pipeline_process_succeeds ... ok
test response_curve_half_torque_maps_through_curve ... ok
test new_pipeline_is_empty ... ok
test pipeline_with_hash_records_hash ... ok
test response_curve_full_torque_maps_to_curve_max ... ok
test empty_pipeline_with_linear_response_curve_is_identity ... ok
test compiled_pipeline_has_nonzero_hash ... ok
test compiled_default_pipeline_produces_bounded_output ... ok
test response_curve_preserves_sign_for_negative_torque ... ok
test swap_at_tick_boundary_replaces_pipeline ... ok
test swap_at_tick_boundary_replaces_response_curve ... ok
test response_curve_zero_torque_stays_zero ... ok

test result: ok. 14 passed; 0 failed; 0 ignored; 0 measured; 0 filtered out; finished in 0.00s

     Running tests\pipeline_processing_tests.rs (target\debug\deps\pipeline_processing_tests-b7ad98f892915520.exe)

running 32 tests
test bypass_empty_pipeline_is_passthrough ... ok
test bypass_response_curve_linear_is_identity ... ok
test hot_reconfig_swap_response_curve ... ok
test metadata_with_hash ... ok
test bypass_linear_compiled_config_is_passthrough ... ok
test metadata_empty_pipeline_defaults ... ok
test passthrough_empty_pipeline_preserves_torque ... ok
test hot_reconfig_swap_changes_hash ... ok
test passthrough_preserves_frame_fields ... ok
test hot_reconfig_swap_changes_node_count ... ok
test metadata_full_config_has_nodes ... ok
test metadata_different_configs_different_hashes ... ok
test hot_reconfig_swap_pipeline_mid_processing ... ok
test passthrough_negative_torque ... ok
test metadata_deterministic_hash ... ok
test passthrough_compiled_linear_config ... ok
test response_curve_preserves_negative_sign ... ok
test reconstruction_pipeline_smooths_step ... ok
test response_curve_x_squared_halves_midrange ... ok
test reconstruction_pipeline_converges ... ok
test response_curve_zero_stays_zero ... ok
test latency_empty_pipeline_sub_microsecond ... ok
test saturation_alternating_extremes_stays_bounded ... ok
test saturation_output_bounded_at_extremes ... ok
test saturation_torque_cap_limits_output ... ok
test slew_rate_pipeline_limits_step_response ... ok
test stage_ordering_damper_friction_both_active ... ok
test saturation_sustained_max_input_stays_bounded ... ok
test stage_ordering_reconstruction_then_friction ... ok
test stage_ordering_notch_filter_in_chain ... ok
test stage_ordering_full_config_produces_bounded_output ... ok
test latency_full_pipeline_within_budget ... ok

test result: ok. 32 passed; 0 failed; 0 ignored; 0 measured; 0 filtered out; finished in 0.00s

     Running tests\platform_scheduling_tests.rs (target\debug\deps\platform_scheduling_tests-ed656db61b212a31.exe)

running 26 tests
test adaptive_config_normalizes_inverted_bounds ... ok
test adaptive_scheduling_disabled_by_default ... ok
test apply_rt_setup_with_no_features_succeeds ... ok
test jitter_metrics_default_meets_requirements ... ok
test apply_rt_setup_is_idempotent ... ok
test parking_lot_mutex_try_lock_reports_contention ... ok
test adaptive_scheduling_can_be_enabled ... ok
test jitter_metrics_records_missed_ticks ... ok
test pll_target_period_can_be_updated ... ok
test crossbeam_channel_bounded_for_rt_command_queue ... ok
test jitter_metrics_p99_with_many_samples ... ok
test pll_target_period_1khz ... ok
test parking_lot_mutex_does_not_block_indefinitely ... ok
test pll_zero_target_period_clamped_to_minimum ... ok
test jitter_metrics_missed_tick_rate_calculation ... ok
test rt_setup_all_disabled ... ok
test rt_setup_cpu_affinity_bitmask_multi_core ... ok
test rt_setup_cpu_affinity_bitmask_single_core ... ok
test pll_reset_returns_to_initial_state ... ok
test rt_setup_cpu_affinity_default_is_none ... ok
test rt_setup_default_enables_high_priority ... ok
test scheduler_1khz_period_is_one_millisecond ... ok
test scheduler_functions_without_rt_setup ... ok
test scheduler_not_rt_setup_by_default ... ok
test scheduler_record_processing_time ... ok
test scheduler_reset_clears_all_state ... ok

test result: ok. 26 passed; 0 failed; 0 ignored; 0 measured; 0 filtered out; finished in 0.00s

     Running tests\property_tests.rs (target\debug\deps\property_tests-52e85a4a4e8437f9.exe)

running 13 tests
QuickCheck seed configured: 42
Γ£ô Property tests are parametric and configured for deterministic seeds
Γ£ô Seed logging enabled for failure reproduction
Γ£ô Shrinking enabled by default in QuickCheck
test deterministic_property_tests::test_property_test_seed_configuration ... ok
test prop_profile_specificity_ordering_is_correct ... ok
test test_profile_hierarchy_edge_cases ... ok
test test_safety_policy_edge_cases ... ok
test prop_safety_policy_hands_off_limit_enforced ... ok
test prop_safety_policy_high_torque_requires_operational_device ... ok
test prop_safety_policy_temperature_limit_enforced ... ok
test prop_safety_policy_torque_validation_never_exceeds_device_limit ... ok
test prop_safety_and_profile_integration ... ok
test prop_profile_scope_matching_is_consistent ... ok
test prop_profile_hierarchy_more_specific_wins ... ok
test prop_profile_hierarchy_hash_consistency ... ok
test prop_profile_hierarchy_resolution_is_deterministic ... ok

test result: ok. 13 passed; 0 failed; 0 ignored; 0 measured; 0 filtered out; finished in 0.01s

     Running tests\replay_deep_tests.rs (target\debug\deps\replay_deep_tests-286c7f9ea6378ebe.exe)

running 40 tests
test default_replay_config_is_sane ... ok
test loading_nonexistent_file_fails ... ok
test disabled_recording_prevents_start ... ok
test loading_garbage_data_fails ... ok
test loading_empty_file_fails ... ok
test recording_start_creates_active_session ... ok
test loaded_replay_header_has_correct_version ... ok
test recording_stats_track_frame_count_accurately ... ok
test frame_comparison_exact_match ... ok
test loading_wrong_version_fails ... ok
test diagnostic_service_start_stop_lifecycle ... ok
test recording_stop_without_frames_produces_valid_file ... ok
test recording_with_mixed_safety_states_roundtrips ... ok
test recording_stop_finalizes_file ... ok
test loading_truncated_file_fails ... ok
test footer_total_frames_matches_recorded_count ... ok
test replay_result_duration_fields_populated ... ok
test replay_strict_timing_takes_longer ... ok
test replay_max_duration_limits_frame_count ... ok
test relaxed_tolerance_yields_more_matches ... ok
test replay_without_validation_produces_no_comparisons ... ok
test stream_a_records_roundtrip_through_reader ... ok
test replay_reproduces_outputs_deterministically ... ok
test stream_reader_handles_empty_data ... ok
test replay_result_success_requires_high_match_rate ... ok
test wbb_header_version_1_roundtrips ... ok
test seek_to_invalid_timestamp_fails ... ok
test replay_non_strict_timing_completes_fast ... ok
test replay_validates_footer_magic ... ok
test replay_same_seed_yields_identical_results ... ok
test stop_without_active_recording_returns_none ... ok
test replay_validates_header_magic ... ok
test statistics_histogram_is_populated ... ok
test statistics_match_rate_in_valid_range ... ok
test stream_a_data_accessible_after_load ... ok
test validation_errors_initially_empty ... ok
test large_recording_has_reasonable_compression ... ok
test large_recording_roundtrips ... ok
test seek_to_valid_timestamp_succeeds ... ok
test multiple_sequential_recordings_produce_distinct_files ... ok

test result: ok. 40 passed; 0 failed; 0 ignored; 0 measured; 0 filtered out; finished in 1.11s

     Running tests\replay_validation_deep_tests.rs (target\debug\deps\replay_validation_deep_tests-bc83e3b6be9fed7e.exe)

running 30 tests
test empty_trace_replays_zero_frames ... ok
test empty_trace_has_valid_structure ... ok
test future_version_header_is_rejected ... ok
test crc32c_of_recording_is_stable ... ok
test corrupted_file_has_different_crc ... ok
test recording_captures_all_frame_fields ... ok
test stream_reader_detects_incomplete_length_prefix ... ok
test stream_reader_detects_incomplete_record_data ... ok
test recording_with_faulted_state_preserves_fault_info ... ok
test non_strict_replay_faster_than_strict ... ok
test replay_of_faulted_trace_completes_without_error ... ok
test high_torque_active_state_roundtrips ... ok
test concurrent_independent_replays_produce_consistent_results ... ok
test mid_stream_corruption_detected ... ok
test replay_preserves_original_frame_sequence_numbers ... ok
test single_bit_flip_in_magic_detected ... ok
test trace_metadata_contains_device_id ... ok
test trace_metadata_stream_flags_match_config ... ok
test trace_metadata_start_time_is_recent ... ok
test stream_a_timestamps_are_monotonically_increasing ... ok
test trace_with_zero_ts_mono_ns_replays_cleanly ... ok
test version_1_file_remains_loadable ... ok
test different_seeds_are_individually_deterministic ... ok
test trace_file_can_be_copied_and_reimported ... ok
test triple_replay_produces_identical_outputs ... ok
test traces_from_different_devices_are_independently_valid ... ok
test large_trace_compressed_file_size_bounded ... ok
test large_trace_10k_frames_roundtrips ... ok
test seek_to_timestamp_zero_accepted ... ok
test different_recordings_have_different_crcs ... ok

test result: ok. 30 passed; 0 failed; 0 ignored; 0 measured; 0 filtered out; finished in 1.11s

     Running tests\rt_allocation_tests.rs (target\debug\deps\rt_allocation_tests-a609bb9aec2f60e0.exe)

running 21 tests
test alloc_09_safety_clamp_torque_no_alloc ... ok
test alloc_01_pipeline_process_default_no_alloc ... ok
test alloc_05_notch_filter_no_alloc ... ok
test alloc_10_safety_max_torque_no_alloc ... ok
test alloc_08_slew_rate_filter_no_alloc ... ok
test alloc_07_damper_friction_inertia_no_alloc ... ok
test alloc_11_safety_state_query_no_alloc ... ok
test alloc_02_pipeline_process_full_config_no_alloc ... ok
test alloc_12_safety_clamp_faulted_state_no_alloc ... ok
test alloc_16_frame_fixed_size_not_dynamic ... ok
test alloc_03_pipeline_1000_frames_no_alloc ... ok
test alloc_06_reconstruction_filter_no_alloc ... ok
test alloc_13_safety_challenge_expiry_check_no_alloc ... ok
test alloc_15_frame_is_stack_allocated ... ok
test alloc_04_filter_chain_no_string_vec_creation ... ok
test alloc_17_extreme_inputs_no_alloc ... ok
test alloc_18_rapid_sign_changes_no_alloc ... ok
test alloc_19_varying_wheel_speed_no_alloc ... ok
test alloc_21_filter_node_fn_is_thin_pointer ... ok
test alloc_14_pipeline_node_vec_preallocated ... ok
test alloc_20_hands_off_flag_no_alloc ... ok

test result: ok. 21 passed; 0 failed; 0 ignored; 0 measured; 0 filtered out; finished in 0.00s

     Running tests\rt_determinism_tests.rs (target\debug\deps\rt_determinism_tests-b38a1a5b6b9c6a39.exe)

running 15 tests
test det_10_safety_state_is_enum_not_trait_object ... ok
test det_08_filter_node_fn_is_thin_pointer ... ok
test det_11_torque_limit_clamp_is_pure_arithmetic ... ok
test det_09_frame_is_copy_repr_c ... ok
test det_13_pipeline_process_is_idempotent_per_input ... ok
test det_12_empty_pipeline_deterministic ... ok
test det_05_pipeline_node_count_is_fixed_after_compile ... ok
test det_06_deterministic_output_across_runs ... ok
test det_01_single_frame_completes_within_budget ... ok
test det_07_worst_case_path_bounded_output ... ok
test det_02_full_pipeline_completes_within_budget ... ok
test det_15_pipeline_timing_variance_bounded ... ok
test det_03_safety_clamp_bounded_time ... ok
test det_04_safety_fault_report_bounded_time ... ok
test det_14_safety_state_transitions_are_bounded ... ok

test result: ok. 15 passed; 0 failed; 0 ignored; 0 measured; 0 filtered out; finished in 0.00s

     Running tests\rt_pipeline_assertion_tests.rs (target\debug\deps\rt_pipeline_assertion_tests-5adc0fd3829d4f48.exe)

running 16 tests
test test_clamp_torque_zero_in_faulted_state ... ok
test test_fault_response_bounded_for_all_fault_types ... ok
Comprehensive filter chain produced 1000 PipelineFaults (known issue)
test test_atomic_u64_is_lock_free ... ok
test test_fault_triggers_immediate_state_transition ... ok
test test_frame_is_repr_c_and_copy ... ok
test test_atomic_counters_are_lock_free_and_allocation_free ... ok
test test_1000_frame_rt_loop_zero_alloc ... ok
test test_all_filters_bounded_output ... ok
test test_pipeline_uses_function_pointers_not_dyn_dispatch ... ok
test test_safety_clamp_torque_is_constant_time ... ok
test test_comprehensive_filter_single_frame_no_allocation ... ok
test test_safety_max_torque_is_constant_time ... ok
test test_all_filters_sustained_bounded_output ... ok
test test_single_frame_no_allocation ... ok
test test_1000_frames_deterministic_output ... ok
test test_safety_report_fault_is_constant_time ... ok

test result: ok. 16 passed; 0 failed; 0 ignored; 0 measured; 0 filtered out; finished in 0.00s

     Running tests\rt_pipeline_property_tests.rs (target\debug\deps\rt_pipeline_property_tests-3da724d142311d0b.exe)

running 14 tests
test empty_pipeline_passthrough ... ok
test independent_pipelines_dont_interfere ... ok
test pipeline_inf_input_returns_error_or_bounded ... ok
test pipeline_nan_input_returns_error_or_bounded ... ok
test pipeline_multiple_recompile_deterministic ... ok
test pipeline_sequence_independence ... ok
test pipeline_subnormal_input ... ok
test pipeline_neg_inf_input_returns_error_or_bounded ... ok
test pipeline_swap_resets_state ... ok
test pipeline_config_hash_changes_with_config ... ok
test pipeline_very_small_input ... ok
proptest: FileFailurePersistence::SourceParallel set, but failed to find lib.rs or main.rs
proptest: FileFailurePersistence::SourceParallel set, but failed to find lib.rs or main.rs
proptest: FileFailurePersistence::SourceParallel set, but failed to find lib.rs or main.rs
test pipeline_is_deterministic ... ok
test pipeline_output_always_bounded_default ... ok
test pipeline_output_always_bounded_comprehensive ... ok

test result: ok. 14 passed; 0 failed; 0 ignored; 0 measured; 0 filtered out; finished in 0.06s

     Running tests\safety_fmea_tests.rs (target\debug\deps\safety_fmea_tests-4854be7e0a9b15a6.exe)

running 113 tests
test cannot_request_high_torque_when_faulted ... ok
test awaiting_ack_cancel_returns_to_safe ... ok
test cannot_request_high_torque_during_challenge ... ok
test cascading_fault_overwrites_previous ... ok
test challenge_cancel_returns_to_safe ... ok
test cancel_challenge_when_not_in_challenge_rejected ... ok
test challenge_to_awaiting_ack_transition ... ok
test clear_fault_when_not_faulted_rejected ... ok
test combo_start_in_wrong_state_rejected ... ok
test confirm_in_wrong_state_rejected ... ok
test default_torque_limit ... ok
test consent_with_wrong_token_rejected ... ok
test disable_when_not_active_rejected ... ok
test consent_in_wrong_state_rejected ... ok
test consent_requirements_populated ... ok
test default_safety_service_parameters ... ok
test every_fault_type_zeroes_torque ... ok
test emergency_stop_response_within_budget ... ok
test fault_detection_within_budget ... ok
test fault_during_high_torque_challenge_enters_faulted ... ok
test fault_encoder_nan_enters_faulted ... ok
test fault_hands_off_timeout_enters_faulted ... ok
test fault_injection_add_scenario ... ok
test fault_injection_below_threshold_no_trigger ... ok
test fault_injection_disabled_by_default ... ok
test fault_injection_duplicate_scenario_rejected ... ok
test fault_injection_enable_disable ... ok
test fault_injection_manual_recovery ... ok
test fault_injection_manual_trigger ... ok
test fault_injection_remove_scenario ... ok
test fault_injection_trigger_when_disabled_rejected ... ok
test fault_injection_update_with_context ... ok
test fault_overcurrent_enters_faulted ... ok
test fault_pipeline_fault_enters_faulted ... ok
test fault_plugin_overrun_enters_faulted ... ok
test fault_response_within_budget ... ok
test fault_safety_interlock_violation_enters_faulted ... ok
test fault_thermal_limit_enters_faulted ... ok
test fault_timing_violation_enters_faulted ... ok
test fault_usb_stall_enters_faulted ... ok
test get_max_torque_faulted_is_zero ... ok
test get_max_torque_safe_mode ... ok
test hands_on_status_in_safe_mode_is_noop ... ok
test initial_state_is_safe_torque ... ok
test interlock_arm_disarm_cycle ... ok
test interlock_cannot_clear_emergency_stop ... ok
test interlock_clear_fault_too_soon_rejected ... ok
test interlock_communication_refresh_prevents_loss ... ok
test interlock_emergency_stop_after_safe_mode ... ok
test interlock_emergency_stop_always_zero ... ok
test interlock_emergency_stop_zeroes_torque ... ok
test interlock_fault_enters_safe_mode ... ok
test interlock_fault_log_records_entries ... ok
test interlock_multiple_fault_reports ... ok
test interlock_process_tick_normal ... ok
test challenge_time_remaining_decreases ... ok
test interlock_reset_after_emergency ... ok
test interlock_safe_mode_limits_torque ... ok
test interlock_system_starts_normal ... ok
test interlock_tick_response_time_bounded ... ok
test interlock_communication_loss_detected ... ok
test multiple_sequential_faults_all_recorded ... ok
test no_challenge_time_in_safe_state ... ok
proptest: FileFailurePersistence::SourceParallel set, but failed to find lib.rs or main.rs
test interlock_watchdog_timeout_zeroes_torque ... ok
proptest: FileFailurePersistence::SourceParallel set, but failed to find lib.rs or main.rs
test proptest_fmea::any_fault_clamp_returns_zero ... ok
proptest: FileFailurePersistence::SourceParallel set, but failed to find lib.rs or main.rs
test proptest_fmea::any_fault_zeroes_torque ... ok
proptest: FileFailurePersistence::SourceParallel set, but failed to find lib.rs or main.rs
test proptest_fmea::safe_torque_clamp_within_limits ... ok
proptest: FileFailurePersistence::SourceParallel set, but failed to find lib.rs or main.rs
test interlock_combo_hold_too_short_rejected ... ok
test proptest_fmea::torque_limit_clamp_symmetric ... ok
test recovery_clear_fault_too_early_rejected ... ok
test fault_after_fault_clear_cycle ... ok
test interlock_clear_fault_after_cooldown ... ok
test safe_to_challenge_transition ... ok
test timeout_handler_default_state ... ok
test timeout_handler_reset_clears_state ... ok
test interlock_recovery_cycle ... ok
test torque_clamped_in_safe_mode ... ok
test torque_clamped_negative_in_safe_mode ... ok
test recovery_after_multiple_faults ... ok
test torque_infinity_handled_safely ... ok
test torque_limit_clamp_negative ... ok
test torque_limit_clamp_positive ... ok
test torque_limit_violation_count_increments ... ok
test torque_limit_within_range_not_clamped ... ok
test torque_nan_handled_safely ... ok
test torque_neg_infinity_handled_safely ... ok
test torque_zero_when_faulted ... ok
test watchdog_arm_disarm_cycle ... ok
test watchdog_default_timeout_is_100ms ... ok
test watchdog_double_arm_rejected ... ok
test watchdog_double_disarm_rejected ... ok
test recovery_preserves_safe_torque_limits ... ok
test watchdog_feed_before_arm_errors ... ok
test recovery_safe_torque_to_normal_via_clear_fault ... ok
test watchdog_feed_after_timeout_rejected ... ok
test watchdog_reset_clears_timeout ... ok
test watchdog_timeout_response_within_1ms ... ok
test watchdog_trigger_safe_state_sets_flags ... ok
test watchdog_feed_resets_timer ... ok
test watchdog_timeout_after_missed_feed ... ok
test awaiting_ack_to_high_torque_active ... ok
test cannot_request_high_torque_when_already_active ... ok
test fault_during_high_torque_active_enters_faulted ... ok
test get_max_torque_high_torque_active_but_disabled_flag ... ok
test get_max_torque_high_torque_active ... ok
test hands_on_prevents_timeout ... ok
test hands_off_timeout_triggers_fault ... ok
test interlock_challenge_response_token_mismatch ... ok
test high_torque_active_to_safe_torque_via_disable ... ok
test full_cycle_safe_challenge_active_fault_recover_safe ... ok
test torque_clamped_at_high_limit ... ok
test torque_high_limit_when_high_torque_active ... ok
test proptest_fmea::fault_then_clear_restores_safe ... ok

test result: ok. 113 passed; 0 failed; 0 ignored; 0 measured; 0 filtered out; finished in 28.35s

     Running tests\safety_interlock_tests.rs (target\debug\deps\safety_interlock_tests-640548c6921c8951.exe)

running 29 tests
test clear_fault_requires_minimum_duration ... ok
test emergency_stop_from_normal_zeroes_torque ... ok
test cancel_challenge_returns_to_safe_torque ... ok
test emergency_stop_cannot_be_cleared ... ok
test emergency_stop_requires_manual_reset ... ok
test emergency_stop_torque_always_zero ... ok
test fault_report_transitions_to_faulted_state ... ok
test faulted_state_clamps_torque_to_zero ... ok
test initial_state_is_safe_torque ... ok
proptest: FileFailurePersistence::SourceParallel set, but failed to find lib.rs or main.rs
proptest: FileFailurePersistence::SourceParallel set, but failed to find lib.rs or main.rs
test interlock_system_emergency_stop_response_time ... ok
test interlock_system_emergency_stop_zeroes_torque ... ok
test interlock_system_fault_is_logged ... ok
test interlock_system_report_fault_enters_safe_mode ... ok
test interlock_system_torque_clamped_in_safe_mode ... ok
test request_high_torque_transitions_to_challenge ... ok
test safety_service_cannot_enable_high_torque_with_active_faults ... ok
test ui_consent_transitions_to_awaiting_ack ... ok
test watchdog_timeout_response_within_budget ... ok
proptest: FileFailurePersistence::SourceParallel set, but failed to find lib.rs or main.rs
test faulted_torque_is_always_zero ... ok
test safe_torque_clamp_within_bounds ... ok
test interlock_system_watchdog_timeout_transitions_to_safe_mode ... ok
test clear_fault_succeeds_after_minimum_duration ... ok
test interlock_state_invariants_hold ... ok
test fault_during_high_torque_zeroes_output ... ok
test full_challenge_flow_activates_high_torque ... ok
test cannot_request_high_torque_when_already_active ... ok
test disable_high_torque_returns_to_safe_torque ... ok
test hands_on_resets_timeout_timer ... ok
test hands_off_timeout_faults_during_high_torque ... ok

test result: ok. 29 passed; 0 failed; 0 ignored; 0 measured; 0 filtered out; finished in 2.16s

     Running tests\safety_service_edge_tests.rs (target\debug\deps\safety_service_edge_tests-a41399dd01d49b33.exe)

running 19 tests
test clamp_negative_inf_in_safe_torque_state_yields_zero ... ok
test clamp_positive_inf_in_safe_torque_state_yields_zero ... ok
test clamp_torque_during_awaiting_physical_ack_uses_safe_limit ... ok
test clamp_torque_during_high_torque_challenge_uses_safe_limit ... ok
test clamp_nan_in_safe_torque_state_yields_zero ... ok
test get_max_torque_faulted_always_zero_regardless_of_flag ... ok
test get_max_torque_high_torque_flag_ignored_in_safe_torque_state ... ok
test default_service_safe_torque_limit_is_five ... ok
test default_service_clamps_within_safe_limit ... ok
test default_service_starts_in_safe_torque ... ok
test legacy_check_hands_off_timeout_does_not_fault_in_safe_torque ... ok
test clamp_nan_in_high_torque_active_state_yields_zero ... ok
test get_max_torque_high_torque_flag_respected_in_active_state ... ok
test clamp_torque_preserves_sign_in_high_torque_active ... ok
test clamp_negative_inf_in_high_torque_active_state_yields_zero ... ok
test clamp_torque_zero_passes_through_in_all_states ... ok
test clamp_positive_inf_in_high_torque_active_state_yields_zero ... ok
test legacy_check_hands_off_timeout_triggers_fault_in_high_torque ... ok
test legacy_check_hands_off_timeout_within_limit_does_not_fault ... ok

test result: ok. 19 passed; 0 failed; 0 ignored; 0 measured; 0 filtered out; finished in 2.10s

     Running tests\safety_state_machine_tests.rs (target\debug\deps\safety_state_machine_tests-32e18247e5935c08.exe)

running 28 tests
test default_service_starts_in_safe_torque ... ok
test interlock_normal_to_emergency_stop ... ok
test interlock_normal_to_safe_mode_via_fault ... ok
test invalid_consent_wrong_token ... ok
test invalid_clear_fault_not_faulted ... ok
test invalid_cancel_challenge_from_safe ... ok
test invalid_combo_start_wrong_token ... ok
test invalid_disable_high_torque_from_safe ... ok
test invalid_safe_to_high_torque_directly ... ok
test invalid_clear_fault_before_cooldown ... ok
test torque_limit_faulted_state ... ok
test torque_limit_safe_state ... ok
test invalid_confirm_insufficient_hold ... ok
test transition_awaiting_ack_to_faulted ... ok
test transition_challenge_to_faulted ... ok
test transition_challenge_to_awaiting_ack ... ok
test transition_challenge_to_safe_via_cancel ... ok
test transition_safe_to_challenge ... ok
test transition_safe_torque_to_faulted ... ok
test watchdog_handler_reset_clears_state ... ok
test round_trip_fault_clear_refault ... ok
test transition_faulted_to_safe_after_cooldown ... ok
test interlock_safe_mode_to_normal_after_clear ... ok
test interlock_emergency_stop_is_irreversible ... ok
test torque_limit_high_torque_state ... ok
test transition_awaiting_ack_to_high_torque_active ... ok
test transition_high_torque_active_to_faulted ... ok
test transition_high_torque_to_safe_via_disable ... ok

test result: ok. 28 passed; 0 failed; 0 ignored; 0 measured; 0 filtered out; finished in 2.05s

     Running tests\snapshot_expansion_tests.rs (target\debug\deps\snapshot_expansion_tests-3929a0061d18a477.exe)

running 9 tests
test snapshot_engine_fault_type_all_display ... ok
test snapshot_engine_fault_action_all_debug ... ok
test snapshot_button_combo_custom_json ... ok
test snapshot_button_combo_custom_sequence ... ok
test snapshot_button_combo_both_clutch ... ok
test snapshot_consent_requirements_minimal ... ok
test snapshot_consent_requirements_debug ... ok
test snapshot_consent_requirements_basic ... ok
test snapshot_button_combo_both_clutch_json ... ok

test result: ok. 9 passed; 0 failed; 0 ignored; 0 measured; 0 filtered out; finished in 0.18s

     Running tests\snapshot_tests.rs (target\debug\deps\snapshot_tests-8bb4b2e7e769d70b.exe)

running 8 tests
test snapshot_torque_command_zero ... ok
test snapshot_ffb_mode_raw_torque ... ok
test snapshot_ffb_mode_pid_passthrough ... ok
test snapshot_frame_typical_values ... ok
test snapshot_frame_negative_input ... ok
test snapshot_frame_default ... ok
test snapshot_ffb_mode_telemetry_synth ... ok
test snapshot_torque_command_typical ... ok

test result: ok. 8 passed; 0 failed; 0 ignored; 0 measured; 0 filtered out; finished in 0.18s

     Running tests\subsystem_integration_tests.rs (target\debug\deps\subsystem_integration_tests-0f501aeec4e720cc.exe)

running 35 tests
test device_dispatch_completeness::all_devices_have_non_empty_names ... ok
test ffb_pipeline::damper_adds_velocity_proportional_force ... ok
test device_dispatch_completeness::all_dispatched_devices_have_protocol_handler ... ok
test device_dispatch_completeness::no_duplicate_vid_pid_pairs ... ok
test ffb_pipeline::empty_pipeline_passthrough ... ok
test ffb_pipeline::pipeline_output_bounded ... ok
test ffb_pipeline::slew_rate_limits_change ... ok
test input_normalization::owp1_sequence_number_encoded ... ok
test ffb_pipeline::torque_cap_nan_safe_state ... ok
test input_normalization::q8_8_encoding_negative ... ok
test input_normalization::fanatec_full_negative_torque ... ok
test ffb_pipeline::reconstruction_smooths_step ... ok
test ffb_pipeline::torque_cap_clamps_output ... ok
test input_normalization::q8_8_encoding_clamp_overflow ... ok
test ffb_pipeline::friction_adds_speed_dependent_force ... ok
test input_normalization::q8_8_encoding_positive ... ok
test input_normalization::q8_8_encoding_zero ... ok
test protocol_handler_routing::generic_hid_pid_fallback_has_ffb_config ... ok
test input_normalization::fanatec_full_positive_torque ... ok
test protocol_handler_routing::is_v2_hardware_callable_on_all_handlers ... ok
test protocol_handler_routing::fanatec_handler_ffb_config ... ok
test input_normalization::owp1_torque_encoding_across_range ... ok
test protocol_handler_routing::moza_handler_ffb_config ... ok
test protocol_handler_routing::logitech_handler_ffb_config ... ok
test protocol_handler_routing::thrustmaster_handler_ffb_config ... ok
test protocol_handler_routing::wheelbase_handlers_have_output_report_id ... ok
test safety_interlocks::clamp_torque_nan_inf_to_zero ... ok
test safety_interlocks::clamp_torque_respects_state ... ok
test safety_interlocks::fault_report_transitions_to_faulted ... ok
test safety_interlocks::initial_state_is_safe_torque ... ok
test safety_interlocks::interlock_system_clamps_excess_torque ... ok
test safety_interlocks::interlock_system_emergency_stop ... ok
test safety_interlocks::interlock_system_normal_passthrough ... ok
test safety_interlocks::fault_clear_requires_dwell_time ... ok
test safety_interlocks::high_torque_challenge_response_flow ... ok

test result: ok. 35 passed; 0 failed; 0 ignored; 0 measured; 0 filtered out; finished in 2.10s

     Running tests\torque_output_tests.rs (target\debug\deps\torque_output_tests-1667bf351ef7f301.exe)

running 23 tests
test interlock_emergency_stop_zeroes_idle ... ok
test faulted_state_always_zero_regardless_of_input ... ok
test interlock_system_clamps_in_normal_mode ... ok
test safety_service_clamps_with_different_limits ... ok
test safety_service_handles_sign_reversal ... ok
test safety_service_clamps_to_safe_limit ... ok
proptest: FileFailurePersistence::SourceParallel set, but failed to find lib.rs or main.rs
proptest: FileFailurePersistence::SourceParallel set, but failed to find lib.rs or main.rs
test safety_service_faulted_zeroes_regardless_of_limits ... ok
proptest: FileFailurePersistence::SourceParallel set, but failed to find lib.rs or main.rs
proptest: FileFailurePersistence::SourceParallel set, but failed to find lib.rs or main.rs
test full_slew_rate_allows_full_range ... ok
test pipeline_zero_input_bounded_output ... ok
test safety_service_safe_mode_limits_correctly ... ok
test safety_service_zero_input_yields_zero ... ok
test pipeline_reverses_torque_direction ... ok
test torque_limit_clamp_preserves_sign ... ok
test slew_rate_smooth_transition ... ok
test torque_limit_clamp_tracks_violations ... ok
test slew_rate_filter_limits_rate_of_change ... ok
test torque_limit_default_values ... ok
test torque_limit_safe_mode_limit ... ok
proptest: FileFailurePersistence::SourceParallel set, but failed to find lib.rs or main.rs
test interlock_system_torque_always_bounded ... ok
test torque_limit_never_exceeds_max ... ok
test safety_service_clamp_never_exceeds_safe_max ... ok
test safety_service_clamp_preserves_finite ... ok
test pipeline_output_bounded_for_valid_range ... ok

test result: ok. 23 passed; 0 failed; 0 ignored; 0 measured; 0 filtered out; finished in 0.04s

     Running tests\torque_safety_tests.rs (target\debug\deps\torque_safety_tests-4d3fe6eb86a8c193.exe)

running 20 tests
test emergency_stop_zeros_all_torque_requests ... ok
test faulted_service_clamps_all_torque_to_zero ... ok
test interlock_safe_mode_applies_reduced_torque ... ok
test infinity_torque_request_treated_safely ... ok
test safe_mode_limits_torque_to_safe_level ... ok
test safe_mode_torque_limit_applies_reduced_cap ... ok
test safety_service_clamp_bounds_negative ... ok
test safety_service_starts_in_safe_torque ... ok
test interlock_system_starts_unarmed_with_normal_state ... ok
test torque_clamped_to_device_maximum ... ok
test torque_direction_reversal_stays_bounded ... ok
test safety_service_clamp_bounds_positive ... ok
test safety_service_reversal_clamped_symmetrically ... ok
test negative_torque_clamped_to_device_maximum ... ok
test timeout_handler_starts_with_zero_torque ... ok
test nan_torque_request_treated_safely ... ok
test torque_limit_clamp_symmetric ... ok
test torque_limit_default_safe_mode_is_conservative ... ok
test torque_limit_records_violation_count ... ok
test torque_within_limits_passes_through ... ok

test result: ok. 20 passed; 0 failed; 0 ignored; 0 measured; 0 filtered out; finished in 0.00s

     Running tests\vendor_dispatch_deep_tests.rs (target\debug\deps\vendor_dispatch_deep_tests-ce1c329c8fe961a7.exe)

running 42 tests
test command_dispatching::cmd_01_fanatec_init_and_shutdown ... ok
test command_dispatching::cmd_06_hid_pid_fallback_init ... ok
test command_dispatching::cmd_02_logitech_init_and_shutdown ... ok
test command_dispatching::cmd_08_all_dispatched_handlers_implement_get_ffb_config ... ok
test command_dispatching::cmd_05_send_feature_report_all_vendors ... ok
test feature_detection::feature_03_generic_hid_pid_not_v2 ... ok
test command_dispatching::cmd_04_moza_init_and_shutdown ... ok
test command_dispatching::cmd_10_input_only_devices_zero_torque ... ok
test feature_detection::feature_01_fanatec_dd_is_v2_hardware ... ok
test command_dispatching::cmd_03_thrustmaster_init_and_shutdown ... ok
test command_dispatching::cmd_07_hid_pid_fallback_without_capability_returns_none ... ok
test feature_detection::feature_04_ffb_config_max_torque_positive ... ok
test command_dispatching::cmd_09_encoder_cpr_reasonable_for_wheelbases ... ok
test feature_detection::feature_05_generic_handler_conservative_torque ... ok
test feature_detection::feature_06_fanatec_requires_polling_interval ... ok
test feature_detection::feature_02_logitech_is_not_v2 ... ok
test feature_detection::feature_07_logitech_no_required_interval ... ok
test protocol_switching::switch_01_same_vendor_different_mode_pids ... ok
test feature_detection::feature_08_output_report_id_varies_by_vendor ... ok
test protocol_switching::switch_02_stm_vid_routes_by_pid_range ... ok
test protocol_switching::switch_03_openmoko_vid_simucube_vs_simagic ... ok
test feature_detection::feature_09_output_report_len_accessible ... ok
test protocol_switching::switch_04_pid_codes_vid_openffboard_vs_button_box ... ok
test vendor_detection::detect_01_fanatec_wheelbases ... ok
test vendor_detection::detect_02_logitech_wheels ... ok
test vendor_detection::detect_03_moza_devices ... ok
test vendor_detection::detect_04_thrustmaster_wheels ... ok
test vendor_detection::detect_05_simagic_evo_devices ... ok
test vendor_detection::detect_06_simucube_devices ... ok
test vendor_detection::detect_07_asetek_simsports ... ok
test vendor_detection::detect_08_vrs_directforce ... ok
test vendor_detection::detect_09_openffboard ... ok
test vendor_detection::detect_10_leo_bodnar ... ok
test vendor_detection::detect_11_cammus_wheelbases ... ok
test vendor_detection::detect_12_accuforce_pro ... ok
test vendor_detection::detect_13_simplemotion_v2 ... ok
test vendor_detection::detect_14_unknown_vid_returns_none ... ok
test vendor_detection::detect_15_stm_vid_simagic_fallback ... ok
test vendor_initialization::init_01_fanatec_sends_init_reports ... ok
test vendor_initialization::init_02_logitech_sends_native_mode_switch ... ok
test vendor_initialization::init_03_generic_hid_pid_is_noop ... ok
test vendor_initialization::init_04_asetek_is_plug_and_play ... ok

test result: ok. 42 passed; 0 failed; 0 ignored; 0 measured; 0 filtered out; finished in 0.00s

     Running tests\vid_pid_dispatch_verification.rs (target\debug\deps\vid_pid_dispatch_verification-7d452fd6a8928ce8.exe)

running 15 tests
test vid_0x0483_all_cube_controls_pids_dispatch ... ok
test shared_vid_known_pid_ignores_fallback ... ok
test vid_0x0483_unknown_pid_falls_through_to_simagic ... ok
test vid_0x0483_all_vrs_pids_dispatch ... ok
test vid_0x0483_simagic_legacy_pid_dispatches ... ok
test vid_0x04d8_all_heusinkveld_pids_dispatch ... ok
test shared_vid_pid_ranges_do_not_overlap ... ok
test vid_0x1209_all_openffboard_pids_dispatch ... ok
test vid_0x1209_button_box_pid_dispatches ... ok
test vid_pid_registry_has_no_duplicates ... ok
test vid_0x1209_unknown_pid_returns_none ... ok
test vid_0x16d0_unknown_pid_falls_through_to_simagic ... ok
test vid_0x1d50_all_granite_pids_dispatch ... ok
test vid_0x04d8_unknown_pid_returns_none ... ok
test vid_0x16d0_all_simucube_pids_dispatch ... ok

test result: ok. 15 passed; 0 failed; 0 ignored; 0 measured; 0 filtered out; finished in 0.00s

     Running tests\virtual_device_integration.rs (target\debug\deps\virtual_device_integration-25bf5bdb9cfa5c35.exe)

running 13 tests
test test_comprehensive_suite ... ignored, RT loop harness requires RT scheduling for jitter limits
test test_rt_loop_with_virtual_device ... ignored, RT loop timing is not reliable on Windows without RT scheduling
test test_torque_limit_enforcement ... ignored, Virtual torque limits are covered by unit tests; integration timing can be flaky on Windows
test test_physics_simulation ... ok
test test_hands_on_detection ... ok
test test_disconnect_detection ... ok
test test_fault_injection ... ok
test test_device_capabilities ... ok
test test_device_hotplug ... ok
test test_telemetry_consistency ... ok
test test_device_enumeration_performance ... ok
test test_multiple_devices ... ok
Average enumeration time for 100 devices: 32.19┬╡s
test benchmark_device_enumeration ... ok

test result: ok. 10 passed; 0 failed; 3 ignored; 0 measured; 0 filtered out; finished in 0.00s

     Running tests\watchdog_deep_tests.rs (target\debug\deps\watchdog_deep_tests-3a196e5140dc65f0.exe)

running 33 tests
test cascading_fault_keeps_torque_zero ... ok
test custom_timeout_value_respected ... ok
test emergency_stop_zeroes_torque ... ok
test default_timeout_is_100ms ... ok
test fault_log_includes_torque_at_fault ... ok
test fault_log_records_fault_type ... ok
test fault_triggers_safe_mode_state ... ok
test double_arm_returns_error ... ok
test feed_unarmed_watchdog_returns_error ... ok
test interlock_timeout_matches_watchdog ... ok
test fault_log_records_response_time ... ok
test multiple_faults_accumulate_in_log ... ok
test timeout_handler_current_torque_after_timeout ... ok
test timeout_handler_reset_clears_state ... ok
test timeout_handler_response_within_budget ... ok
test timeout_handler_sets_triggered_flag ... ok
test timeout_handler_zeroes_torque ... ok
test torque_limit_clamp_tracks_violations ... ok
test watchdog_armed_state_query ... ok
test timeout_triggers_safe_state ... ok
test watchdog_reset_clears_timeout ... ok
test watchdog_timeout_at_50ms ... ok
test interlock_enters_safe_mode_on_watchdog_timeout ... ok
test feed_resets_time_since_last_feed ... ok
test watchdog_no_timeout_within_window ... ok
test interlock_process_tick_under_load ... ok
test time_since_last_feed_increases ... ok
test disarm_and_rearm_resets_watchdog ... ok
test interlock_clear_fault_restores_normal ... ok
test watchdog_timeout_at_100ms ... ok
test watchdog_detects_timeout_under_cpu_load ... ok
test watchdog_timeout_at_200ms ... ok
test repeated_feeds_prevent_timeout ... ok

test result: ok. 33 passed; 0 failed; 0 ignored; 0 measured; 0 filtered out; finished in 0.50s

     Running tests\zero_alloc_integration.rs (target\debug\deps\zero_alloc_integration-44d83e50613e1799.exe)

running 7 tests
CI test passed with sum: -0.012909636
test test_end_to_end_performance_requirements ... ignored, Performance timing is unstable on Windows CI/dev machines
test test_pipeline_swap_atomicity_under_load ... ignored, Performance timing is unstable on Windows CI/dev machines
test test_ci_allocation_assertion ... ok
Pipeline produced 210 warnings during RT test (known filter chain issue)
test test_monotonic_curve_validation_comprehensive ... ok
test test_two_phase_apply_complete_integration ... ok
Γ£à RT Pipeline Processing - zero allocations
test test_deterministic_profile_resolution_comprehensive ... ok
test test_complete_zero_alloc_pipeline_flow ... ok

test result: ok. 5 passed; 0 failed; 2 ignored; 0 measured; 0 filtered out; finished in 0.00s

     Running unittests src\lib.rs (target\debug\deps\racing_wheel_hbp-094dbb42a2f2f215.exe)

running 35 tests
test tests::constant_offsets_are_consistent ... ok
test tests::normalize_hbp_axis_maps_to_unit_range ... ok
test tests::normalize_button_byte_none_is_preserved ... ok
test tests::normalize_zero_maps_to_zero ... ok
test tests::parse_axis_boundary_values ... ok
test tests::normalize_is_monotonic_across_boundary_values ... ok
test tests::normalize_max_maps_to_one ... ok
test tests::hbp_sample_normalized_debug_and_clone ... ok
test tests::parse_axis_at_usize_max_offset_returns_none ... ok
test tests::hbp_sample_raw_debug_and_clone ... ok
test tests::parse_hbp_all_zeros_four_bytes ... ok
test tests::parse_axis_returns_none_for_oob_offset ... ok
test tests::parse_axis_returns_none_for_single_byte ... ok
test tests::parse_axis_round_trips_le_u16 ... ok
test tests::parse_hbp_all_ff_two_bytes ... ok
test tests::parse_axis_returns_none_for_empty_slice ... ok
test tests::parse_hbp_all_ff_four_bytes ... ok
test tests::parse_hbp_five_byte_report_uses_prefixed_layout ... ok
test tests::parse_hbp_empty_report_is_unsupported ... ok
test tests::parse_hbp_all_zeros_two_bytes ... ok
test tests::parse_hbp_raw_two_byte ... ok
test tests::parse_hbp_preserves_button_byte_on_all_layouts ... ok
test tests::parse_hbp_raw_with_button ... ok
test tests::parse_hbp_single_byte_report_is_unsupported ... ok
test tests::parse_hbp_six_byte_report_uses_prefixed_layout ... ok
test tests::parse_hbp_with_report_id_prefix ... ok
test tests::parse_hbp_zero_report_id_falls_through_to_raw ... ok
test tests::raw_encoding_round_trip_prefixed_layout ... ok
test tests::raw_encoding_round_trip_two_byte_layout ... ok
test tests::prop_normalize_within_unit_range ... ok
test tests::prop_three_byte_zero_first_uses_raw_layout ... ok
test tests::prop_four_byte_nonzero_id_uses_prefixed_layout ... ok
test tests::prop_two_byte_report_always_parses ... ok
test tests::prop_parse_axis_round_trips ... ok
test tests::prop_raw_encoding_round_trip ... ok

test result: ok. 35 passed; 0 failed; 0 ignored; 0 measured; 0 filtered out; finished in 0.01s

     Running tests\comprehensive.rs (target\debug\deps\comprehensive-ba2d61c2af54d83b.exe)

running 26 tests
test all_ff_four_bytes_uses_prefixed_path ... ok
test empty_report_returns_none ... ok
proptest: FileFailurePersistence::SourceParallel set, but failed to find lib.rs or main.rs
test constant_offsets_are_consistent ... ok
proptest: FileFailurePersistence::SourceParallel set, but failed to find lib.rs or main.rs
test all_zeros_four_bytes_uses_raw_path ... ok
test parse_axis_boundary_values ... ok
test parse_axis_oob_offset_returns_none ... ok
test parse_axis_usize_max_returns_none ... ok
test normalize_monotonic ... ok
test normalize_zero ... ok
proptest: FileFailurePersistence::SourceParallel set, but failed to find lib.rs or main.rs
proptest: FileFailurePersistence::SourceParallel set, but failed to find lib.rs or main.rs
test oversized_report_still_parses_prefixed ... ok
proptest: FileFailurePersistence::SourceParallel set, but failed to find lib.rs or main.rs
test normalize_max ... ok
proptest: FileFailurePersistence::SourceParallel set, but failed to find lib.rs or main.rs
test parse_axis_empty_returns_none ... ok
test parse_axis_single_byte_returns_none ... ok
test normalize_midpoint ... ok
test round_trip_prefixed_layout ... ok
test round_trip_raw_three_byte_with_button ... ok
test round_trip_raw_two_byte ... ok
test sample_normalized_debug_clone ... ok
test sample_raw_debug_clone_eq ... ok
test single_byte_returns_none ... ok
test prop_normalize_preserves_button_byte ... ok
test prop_raw_two_byte_round_trip ... ok
test prop_parse_axis_round_trips ... ok
test prop_four_byte_nonzero_id_prefixed ... ok
test prop_normalize_within_unit_range ... ok
test prop_two_byte_always_parses ... ok

test result: ok. 26 passed; 0 failed; 0 ignored; 0 measured; 0 filtered out; finished in 0.01s

     Running tests\hbp_deep_tests.rs (target\debug\deps\hbp_deep_tests-9a9f2e68df24efdd.exe)

running 43 tests
test axis_value_byte_boundary_256 ... ok
test axis_value_one_encodes_correctly ... ok
test constant_offsets_document_layout_correctly ... ok
test empty_report_returns_none ... ok
test five_byte_report_prefixed_ignores_trailing ... ok
test large_report_with_zero_id_uses_raw ... ok
test normalize_max_is_exactly_one ... ok
test normalize_one_is_very_small ... ok
test encoding_round_trip_all_layouts ... ok
test eight_byte_report_uses_prefixed ... ok
test normalize_is_strictly_monotonic_for_distinct_inputs ... ok
test normalize_midpoint_precision ... ok
test normalize_preserves_button_byte_none ... ok
test normalize_result_always_within_unit_interval ... ok
test encoding_decoding_le_byte_order_verification ... ok
test normalize_zero_is_exactly_zero ... ok
test normalize_preserves_button_byte_some ... ok
proptest: FileFailurePersistence::SourceParallel set, but failed to find lib.rs or main.rs
test normalized_sample_debug_format ... ok
proptest: FileFailurePersistence::SourceParallel set, but failed to find lib.rs or main.rs
proptest: FileFailurePersistence::SourceParallel set, but failed to find lib.rs or main.rs
proptest: FileFailurePersistence::SourceParallel set, but failed to find lib.rs or main.rs
proptest: FileFailurePersistence::SourceParallel set, but failed to find lib.rs or main.rs
proptest: FileFailurePersistence::SourceParallel set, but failed to find lib.rs or main.rs
test parse_axis_at_various_offsets ... ok
test parse_axis_exact_fit ... ok
test parse_axis_offset_just_past_end ... ok
proptest: FileFailurePersistence::SourceParallel set, but failed to find lib.rs or main.rs
test parse_axis_usize_max_minus_one_offset_does_not_panic ... ok
test parse_axis_usize_max_offset_does_not_panic ... ok
proptest: FileFailurePersistence::SourceParallel set, but failed to find lib.rs or main.rs
proptest: FileFailurePersistence::SourceParallel set, but failed to find lib.rs or main.rs
test prefixed_layout_every_report_id_value ... ok
test raw_sample_copy_semantics ... ok
test raw_sample_ne_button_byte ... ok
proptest: FileFailurePersistence::SourceParallel set, but failed to find lib.rs or main.rs
test raw_sample_debug_format ... ok
test raw_sample_ne ... ok
test raw_sample_ne_button_some_vs_none ... ok
test single_byte_report_returns_none ... ok
test three_byte_nonzero_first_uses_raw_layout ... ok
test sequential_axis_values_decode_correctly ... ok
test zero_report_id_falls_through_to_raw_on_four_bytes ... ok
test prop_normalize_button_byte_passthrough ... ok
test prop_normalize_output_bounded ... ok
test prop_normalize_monotonic_pair ... ok
test prop_parse_axis_agrees_with_from_le_bytes ... ok
test prop_parse_axis_with_prefix ... ok
test prop_two_byte_layout_always_parses ... ok
test prop_parse_axis_oob_never_panics ... ok
test prop_three_byte_raw_always_parses ... ok
test prop_raw_round_trip_reconstruction ... ok
test prop_prefixed_layout_always_returns_correct_axis_and_button ... ok

test result: ok. 43 passed; 0 failed; 0 ignored; 0 measured; 0 filtered out; finished in 0.02s

     Running tests\hbp_protocol_tests.rs (target\debug\deps\hbp_protocol_tests-a55116f4366dc340.exe)

running 39 tests
test four_byte_zero_first_falls_through_to_raw ... ok
test alternating_layouts_no_cross_contamination ... ok
test le_byte_order_prefixed ... ok
test concurrent_heartbeat_different_layouts_independent ... ok
test constant_offsets_encode_layout_correctly ... ok
test overflow_u16_max_axis_raw ... ok
test parse_axis_saturating_add_prevents_panic_at_usize_max ... ok
test normalize_endpoint_exactness ... ok
test normalized_sample_partial_eq_symmetry ... ok
test overflow_u16_max_axis_prefixed ... ok
proptest: FileFailurePersistence::SourceParallel set, but failed to find lib.rs or main.rs
proptest: FileFailurePersistence::SourceParallel set, but failed to find lib.rs or main.rs
test normalize_adjacent_values_no_equality_collapse ... ok
proptest: FileFailurePersistence::SourceParallel set, but failed to find lib.rs or main.rs
test parse_axis_large_valid_offset ... ok
proptest: FileFailurePersistence::SourceParallel set, but failed to find lib.rs or main.rs
proptest: FileFailurePersistence::SourceParallel set, but failed to find lib.rs or main.rs
proptest: FileFailurePersistence::SourceParallel set, but failed to find lib.rs or main.rs
test le_byte_order_low_byte_first ... ok
proptest: FileFailurePersistence::SourceParallel set, but failed to find lib.rs or main.rs
test parse_axis_sliding_window_over_buffer ... ok
test normalize_powers_of_two_within_unit_range ... ok
proptest: FileFailurePersistence::SourceParallel set, but failed to find lib.rs or main.rs
test oversized_reports_always_parse ... ok
proptest: FileFailurePersistence::SourceParallel set, but failed to find lib.rs or main.rs
test rapid_sequence_from_zero_to_max ... ok
proptest: FileFailurePersistence::SourceParallel set, but failed to find lib.rs or main.rs
proptest: FileFailurePersistence::SourceParallel set, but failed to find lib.rs or main.rs
test roundtrip_prefixed_layout_reconstructs_original_bytes ... ok
test roundtrip_every_report_id_prefixed ... ok
test reset_zero_axis_prefixed ... ok
test roundtrip_raw_three_byte_with_button ... ok
test timeout_detection_via_successive_none_results ... ok
test three_byte_report_nonzero_first_byte_uses_raw ... ok
test sequence_number_wrap_around_pattern ... ok
test sequential_axis_values_are_monotonically_decoded ... ok
test roundtrip_raw_two_byte_layout ... ok
test timeout_single_byte_is_none_for_all_values ... ok
test timeout_empty_report_is_none ... ok
test prop_arbitrary_report_never_panics ... ok
test prop_normalize_monotonic_pair ... ok
test prop_any_two_byte_report_always_parses ... ok
test prop_normalize_always_bounded ... ok
test prop_normalize_preserves_button_byte ... ok
test prop_parse_axis_agrees_with_from_le ... ok
test prop_any_three_byte_report_always_parses ... ok
test prop_roundtrip_two_byte_reconstruction ... ok
test prop_four_byte_zero_id_uses_raw ... ok
test prop_parse_axis_oob_never_panics ... ok
test prop_four_byte_nonzero_id_uses_prefixed ... ok

test result: ok. 39 passed; 0 failed; 0 ignored; 0 measured; 0 filtered out; finished in 0.03s

     Running unittests src\lib.rs (target\debug\deps\racing_wheel_hid_accuforce_protocol-7c4caac13902f1d9.exe)

running 25 tests
test effects::tests::constant_force_smoke ... ok
test effects::tests::device_control_enable ... ok
test effects::tests::effect_type_values ... ok
test report::tests::b_interval_is_positive ... ok
test ids::tests::pro_pid_recognised ... ok
test tests::device_info_model_matches_pid_function ... ok
test ids::tests::unknown_pid_not_recognised ... ok
test ids::tests::wrong_vid_not_recognised ... ok
test report::tests::report_size_within_usb_full_speed_limit ... ok
test tests::all_known_pids_are_recognised ... ok
test tests::all_known_pids_resolve_to_non_unknown_model ... ok
test effects::tests::device_gain_clamps ... ok
test effects::tests::report_ids_match_pid_spec ... ok
test tests::unknown_pid_not_recognised ... ok
test tests::vendor_id_is_nxp_usb ... ok
test tests::wrong_vid_not_recognised ... ok
test types::tests::device_info_from_vid_pid ... ok
test types::tests::display_names_are_non_empty ... ok
test types::tests::max_torque_is_positive ... ok
test types::tests::pro_pid_resolves_to_pro_model ... ok
test types::tests::unknown_pid_resolves_to_unknown ... ok
test tests::prop_unrecognised_pid_resolves_to_unknown ... ok
test tests::prop_max_torque_positive ... ok
test tests::prop_recognised_pid_resolves_to_named_model ... ok
test tests::prop_display_name_non_empty ... ok

test result: ok. 25 passed; 0 failed; 0 ignored; 0 measured; 0 filtered out; finished in 0.01s

     Running tests\accuforce_deep_tests.rs (target\debug\deps\accuforce_deep_tests-46de84065fdbb045.exe)

running 15 tests
test device_info_from_known_vid_pid ... ok
test device_info_from_wrong_vendor ... ok
test device_info_from_unknown_pid ... ok
test pro_display_name_contains_accuforce ... ok
test pro_pid_is_0x804c ... ok
test report_size_within_full_speed_usb_limit ... ok
test unknown_model_torque_same_as_pro ... ok
test is_accuforce_requires_both_vid_and_pid ... ok
test hid_pid_usage_page_is_standard ... ok
test pro_model_max_torque_v1_conservative ... ok
test is_accuforce_pid_checks_pid_only ... ok
test recommended_interval_is_8ms ... ok
test update_rate_range_from_interval ... ok
test vendor_id_is_nxp ... ok
test unknown_display_name_is_descriptive ... ok

test result: ok. 15 passed; 0 failed; 0 ignored; 0 measured; 0 filtered out; finished in 0.00s

     Running tests\accuforce_protocol_tests.rs (target\debug\deps\accuforce_protocol_tests-7852159b46a96977.exe)

running 36 tests
test device_info_from_vid_pid_pro ... ok
test device_info_from_vid_pid_unknown ... ok
test device_info_preserves_vid_even_if_wrong ... ok
test duration_infinite_is_ffff ... ok
test is_accuforce_rejects_wrong_vid ... ok
test effect_type_values_match_pid_spec ... ok
test pid_golden_value ... ok
test is_accuforce_rejects_unknown_pid ... ok
test pidff_constant_force_negative ... ok
test model_display_names ... ok
test model_from_product_id_pro ... ok
test model_from_product_id_unknown ... ok
test model_max_torque ... ok
test is_accuforce_accepts_known_device ... ok
test pidff_block_free_roundtrip ... ok
test pidff_device_control_commands ... ok
test pidff_device_gain_clamps_to_10000 ... ok
test pidff_constant_force_known_bytes ... ok
test pidff_device_gain_roundtrip ... ok
test pidff_set_condition_known_bytes ... ok
test pidff_set_effect_constant ... ok
test pidff_set_effect_spring ... ok
test pidff_set_envelope_known_bytes ... ok
test pidff_set_periodic_known_bytes ... ok
test pidff_set_ramp_force_known_bytes ... ok
test report_constants_golden ... ok
test vid_golden_value ... ok
proptest: FileFailurePersistence::SourceParallel set, but failed to find lib.rs or main.rs
proptest: FileFailurePersistence::SourceParallel set, but failed to find lib.rs or main.rs
proptest: FileFailurePersistence::SourceParallel set, but failed to find lib.rs or main.rs
proptest: FileFailurePersistence::SourceParallel set, but failed to find lib.rs or main.rs
proptest: FileFailurePersistence::SourceParallel set, but failed to find lib.rs or main.rs
proptest: FileFailurePersistence::SourceParallel set, but failed to find lib.rs or main.rs
proptest: FileFailurePersistence::SourceParallel set, but failed to find lib.rs or main.rs
proptest: FileFailurePersistence::SourceParallel set, but failed to find lib.rs or main.rs
proptest: FileFailurePersistence::SourceParallel set, but failed to find lib.rs or main.rs
test proptest_accuforce::prop_model_from_pid_deterministic ... ok
test proptest_accuforce::prop_model_display_name_nonempty ... ok
test proptest_accuforce::prop_is_accuforce_pid_deterministic ... ok
test proptest_accuforce::prop_device_info_consistent ... ok
test proptest_accuforce::prop_is_accuforce_requires_correct_vid ... ok
test proptest_accuforce::prop_device_gain_clamps ... ok
test proptest_accuforce::prop_model_max_torque_positive ... ok
test proptest_accuforce::prop_ramp_force_roundtrips ... ok
test proptest_accuforce::prop_constant_force_magnitude_roundtrips ... ok

test result: ok. 36 passed; 0 failed; 0 ignored; 0 measured; 0 filtered out; finished in 0.02s

     Running tests\comprehensive.rs (target\debug\deps\comprehensive-f1223d9438ef2634.exe)

running 47 tests
test accuforce_pro_pid ... ok
test device_info_copy_clone ... ok
test device_info_boundary_vid_pid ... ok
test device_info_debug ... ok
test device_info_equality ... ok
test device_info_preserves_arbitrary_vid_pid ... ok
test is_accuforce_correct_vid_pid ... ok
test device_info_from_unknown_pid ... ok
test is_accuforce_pid_unknown ... ok
test device_info_from_wrong_vid ... ok
test device_info_inequality_different_pid ... ok
test device_info_inequality_different_vid ... ok
test hid_pid_usage_page_standard ... ok
test is_accuforce_pid_agrees_with_is_accuforce ... ok
test is_accuforce_pid_known ... ok
test device_info_from_valid_vid_pid ... ok
test is_accuforce_wrong_pid ... ok
test is_accuforce_wrong_vid ... ok
test is_accuforce_wrong_vid_and_pid ... ok
test max_report_bytes_within_usb_full_speed ... ok
test model_copy_clone ... ok
test model_debug_output ... ok
test model_display_name_pro ... ok
test model_display_name_unknown ... ok
test model_display_names_contain_accuforce ... ok
test model_display_names_non_empty ... ok
test model_equality ... ok
test model_from_known_pid ... ok
test model_from_unknown_pid ... ok
test model_max_torque_positive_and_finite ... ok
proptest: FileFailurePersistence::SourceParallel set, but failed to find lib.rs or main.rs
proptest: FileFailurePersistence::SourceParallel set, but failed to find lib.rs or main.rs
test model_max_torque_pro ... ok
proptest: FileFailurePersistence::SourceParallel set, but failed to find lib.rs or main.rs
proptest: FileFailurePersistence::SourceParallel set, but failed to find lib.rs or main.rs
proptest: FileFailurePersistence::SourceParallel set, but failed to find lib.rs or main.rs
proptest: FileFailurePersistence::SourceParallel set, but failed to find lib.rs or main.rs
test model_max_torque_unknown ... ok
proptest: FileFailurePersistence::SourceParallel set, but failed to find lib.rs or main.rs
test no_other_vendor_products_match ... ok
proptest: FileFailurePersistence::SourceParallel set, but failed to find lib.rs or main.rs
proptest: FileFailurePersistence::SourceParallel set, but failed to find lib.rs or main.rs
test recommended_interval_positive ... ok
test recommended_interval_reasonable_range ... ok
test vendor_id_is_nxp ... ok
proptest: FileFailurePersistence::SourceParallel set, but failed to find lib.rs or main.rs
test vid_pid_boundary_values ... ok
test prop_is_accuforce_unknown_pid_never_matches ... ok
test prop_device_info_model_consistent ... ok
test prop_device_info_preserves_vid_pid ... ok
test prop_unrecognised_pid_is_unknown ... ok
test prop_is_accuforce_pid_agrees ... ok
test prop_max_torque_positive ... ok
test prop_display_name_contains_accuforce ... ok
test prop_recognised_pid_not_unknown ... ok
test prop_is_accuforce_wrong_vid_never_matches ... ok
test prop_display_name_non_empty ... ok

test result: ok. 47 passed; 0 failed; 0 ignored; 0 measured; 0 filtered out; finished in 0.02s

     Running tests\id_verification.rs (target\debug\deps\id_verification-f4d8a6bb9fdc9888.exe)

running 2 tests
test accuforce_pro_pid_is_804c ... ok
test vendor_id_is_1fc9 ... ok

test result: ok. 2 passed; 0 failed; 0 ignored; 0 measured; 0 filtered out; finished in 0.00s

     Running tests\property_tests.rs (target\debug\deps\property_tests-748e9fc25c51f8c9.exe)

running 14 tests
proptest: FileFailurePersistence::SourceParallel set, but failed to find lib.rs or main.rs
proptest: FileFailurePersistence::SourceParallel set, but failed to find lib.rs or main.rs
proptest: FileFailurePersistence::SourceParallel set, but failed to find lib.rs or main.rs
proptest: FileFailurePersistence::SourceParallel set, but failed to find lib.rs or main.rs
proptest: FileFailurePersistence::SourceParallel set, but failed to find lib.rs or main.rs
proptest: FileFailurePersistence::SourceParallel set, but failed to find lib.rs or main.rs
proptest: FileFailurePersistence::SourceParallel set, but failed to find lib.rs or main.rs
proptest: FileFailurePersistence::SourceParallel set, but failed to find lib.rs or main.rs
proptest: FileFailurePersistence::SourceParallel set, but failed to find lib.rs or main.rs
proptest: FileFailurePersistence::SourceParallel set, but failed to find lib.rs or main.rs
proptest: FileFailurePersistence::SourceParallel set, but failed to find lib.rs or main.rs
proptest: FileFailurePersistence::SourceParallel set, but failed to find lib.rs or main.rs
proptest: FileFailurePersistence::SourceParallel set, but failed to find lib.rs or main.rs
proptest: FileFailurePersistence::SourceParallel set, but failed to find lib.rs or main.rs
test prop_max_report_within_usb_limit ... ok
test prop_device_info_preserves_vid_pid ... ok
test prop_model_from_unknown_pid ... ok
test prop_recommended_interval_positive ... ok
test prop_is_accuforce_unknown_pid ... ok
test prop_is_accuforce_wrong_vid ... ok
test prop_known_model_name_contains_accuforce ... ok
test prop_hid_pid_usage_page_value ... ok
test prop_is_accuforce_pid_agrees ... ok
test prop_model_from_known_pid ... ok
test prop_device_info_model_consistent ... ok
test prop_model_max_torque_positive ... ok
test prop_is_accuforce_correct ... ok
test prop_model_name_non_empty ... ok

test result: ok. 14 passed; 0 failed; 0 ignored; 0 measured; 0 filtered out; finished in 0.03s

     Running tests\proptest_ids.rs (target\debug\deps\proptest_ids-c6f2b60b52d4e297.exe)

running 11 tests
proptest: FileFailurePersistence::SourceParallel set, but failed to find lib.rs or main.rs
proptest: FileFailurePersistence::SourceParallel set, but failed to find lib.rs or main.rs
proptest: FileFailurePersistence::SourceParallel set, but failed to find lib.rs or main.rs
proptest: FileFailurePersistence::SourceParallel set, but failed to find lib.rs or main.rs
proptest: FileFailurePersistence::SourceParallel set, but failed to find lib.rs or main.rs
proptest: FileFailurePersistence::SourceParallel set, but failed to find lib.rs or main.rs
proptest: FileFailurePersistence::SourceParallel set, but failed to find lib.rs or main.rs
proptest: FileFailurePersistence::SourceParallel set, but failed to find lib.rs or main.rs
proptest: FileFailurePersistence::SourceParallel set, but failed to find lib.rs or main.rs
proptest: FileFailurePersistence::SourceParallel set, but failed to find lib.rs or main.rs
proptest: FileFailurePersistence::SourceParallel set, but failed to find lib.rs or main.rs
test prop_display_name_non_empty ... ok
test prop_device_info_model_agrees_with_from_pid ... ok
test prop_device_info_preserves_vid_pid ... ok
test prop_max_torque_positive_and_finite ... ok
test prop_unrecognised_pid_resolves_to_unknown ... ok
test prop_vendor_id_constant_is_nxp ... ok
test prop_known_pid_always_recognised ... ok
test prop_model_from_pid_deterministic ... ok
test prop_wrong_vid_never_recognised ... ok
test prop_recognised_pid_not_unknown ... ok
test prop_is_accuforce_with_vendor_id_agrees_with_pid_check ... ok

test result: ok. 11 passed; 0 failed; 0 ignored; 0 measured; 0 filtered out; finished in 0.02s

     Running tests\protocol_verification_tests.rs (target\debug\deps\protocol_verification_tests-90991f0f990c9aab.exe)

running 14 tests
test accuforce_pro_pid_matches_three_sources ... ok
test confirmed_pid_resolves_to_pro_model ... ok
test device_info_round_trip ... ok
test max_report_bytes_within_usb_full_speed ... ok
test pro_torque_rating ... ok
test recommended_interval_is_reasonable ... ok
test unknown_pids_resolve_to_unknown ... ok
test is_accuforce_pid_accepts_confirmed_pid ... ok
test wrong_vid_rejected ... ok
test is_accuforce_accepts_confirmed_vid_pid ... ok
test display_name_is_descriptive ... ok
test uses_standard_pidff_usage_page ... ok
test vid_matches_three_independent_sources ... ok
test hid_pid_usage_page_matches_spec ... ok

test result: ok. 14 passed; 0 failed; 0 ignored; 0 measured; 0 filtered out; finished in 0.00s

     Running tests\roundtrip_proptest.rs (target\debug\deps\roundtrip_proptest-3bdb239548955156.exe)

running 9 tests
proptest: FileFailurePersistence::SourceParallel set, but failed to find lib.rs or main.rs
proptest: FileFailurePersistence::SourceParallel set, but failed to find lib.rs or main.rs
proptest: FileFailurePersistence::SourceParallel set, but failed to find lib.rs or main.rs
proptest: FileFailurePersistence::SourceParallel set, but failed to find lib.rs or main.rs
proptest: FileFailurePersistence::SourceParallel set, but failed to find lib.rs or main.rs
proptest: FileFailurePersistence::SourceParallel set, but failed to find lib.rs or main.rs
proptest: FileFailurePersistence::SourceParallel set, but failed to find lib.rs or main.rs
proptest: FileFailurePersistence::SourceParallel set, but failed to find lib.rs or main.rs
proptest: FileFailurePersistence::SourceParallel set, but failed to find lib.rs or main.rs
test prop_is_accuforce_pid_correct ... ok
test prop_device_info_model_consistent ... ok
test prop_model_deterministic ... ok
test prop_is_accuforce_correct ... ok
test prop_display_name_nonempty ... ok
test prop_device_info_vid_pid_preserved ... ok
test prop_model_known_vs_unknown ... ok
test prop_max_torque_positive ... ok
test prop_edge_pids_no_panic ... ok

test result: ok. 9 passed; 0 failed; 0 ignored; 0 measured; 0 filtered out; finished in 0.02s

     Running tests\snapshot_encoding.rs (target\debug\deps\snapshot_encoding-8037341a44936c3f.exe)

running 10 tests
test test_snapshot_report_constants_summary ... ok
test test_snapshot_pid_pro_hex ... ok
test test_snapshot_device_info_unknown_formatted ... ok
test test_snapshot_hid_pid_usage_page_hex ... ok
test test_snapshot_vendor_id_hex ... ok
test test_snapshot_is_accuforce_pid_boundary ... ok
test test_snapshot_is_accuforce_all_known ... ok
test test_snapshot_all_model_variants ... ok
test test_snapshot_device_info_pro_formatted ... ok
test test_snapshot_is_accuforce_wrong_vid_variants ... ok

test result: ok. 10 passed; 0 failed; 0 ignored; 0 measured; 0 filtered out; finished in 0.19s

     Running tests\snapshot_tests.rs (target\debug\deps\snapshot_tests-7c969bff8313e8bd.exe)

running 15 tests
test snapshot_pid_accuforce_pro ... ok
test snapshot_is_accuforce_pid_pro ... ok
test snapshot_recommended_b_interval_ms ... ok
test snapshot_hid_pid_usage_page ... ok
test snapshot_pro_display_name ... ok
test snapshot_vendor_id ... ok
test snapshot_is_accuforce_wrong_vid ... ok
test snapshot_unknown_display_name ... ok
test snapshot_model_from_unknown_pid ... ok
test snapshot_device_info_pro ... ok
test snapshot_device_info_unknown_pid ... ok
test snapshot_max_report_bytes ... ok
test snapshot_model_from_pro_pid ... ok
test snapshot_pro_max_torque_nm ... ok
test snapshot_is_accuforce_pro_vid_pid ... ok

test result: ok. 15 passed; 0 failed; 0 ignored; 0 measured; 0 filtered out; finished in 0.19s

     Running unittests src\lib.rs (target\debug\deps\racing_wheel_hid_cammus_protocol-15d7051c4dc0fcba.exe)

running 44 tests
test direct::tests::encode_zero ... ok
test direct::tests::encode_clamps_over ... ok
test direct::tests::encode_clamps_under ... ok
test direct::tests::encode_full_negative ... ok
test direct::tests::encode_full_positive ... ok
test direct::tests::monotonic ... ok
test direct::tests::report_length ... ok
test direct::tests::sign_preservation ... ok
test direct::tests::stop_is_zero_torque ... ok
test effects::tests::device_gain_clamps ... ok
test effects::tests::constant_force_smoke ... ok
test effects::tests::device_control_enable ... ok
test effects::tests::effect_type_values ... ok
test ids::tests::product_names ... ok
test effects::tests::report_ids_match_pid_spec ... ok
test ids::tests::unknown_product_not_recognised ... ok
test ids::tests::known_products_recognised ... ok
test report::tests::parse_buttons ... ok
test direct::property_tests::prop_encode_stop_idempotent ... ok
test report::tests::parse_center ... ok
test direct::property_tests::prop_encode_stop_equals_zero_torque ... ok
test direct::property_tests::prop_sign_preserved ... ok
test direct::property_tests::prop_report_id_always_correct ... ok
test report::tests::parse_full_brake ... ok
test direct::property_tests::prop_report_length ... ok
test report::tests::parse_steering_negative ... ok
test report::tests::parse_full_throttle ... ok
test report::tests::parse_minimum_length ... ok
test direct::property_tests::prop_reserved_bytes_zero ... ok
test report::tests::parse_steering_positive ... ok
test direct::property_tests::prop_mode_byte_always_game ... ok
test report::tests::parse_too_short ... ok
test effects::property_tests::prop_constant_force_preserved ... ok
test types::tests::from_pid_known ... ok
test types::tests::from_pid_unknown ... ok
test types::tests::names ... ok
test types::tests::torque_values ... ok
test direct::property_tests::prop_monotone ... ok
test direct::property_tests::prop_saturates_at_boundary ... ok
test effects::property_tests::prop_periodic_values_preserved ... ok
test report::property_tests::prop_truncated_rejected ... ok
test effects::property_tests::prop_device_gain_bounded ... ok
test report::property_tests::prop_axes_bounded ... ok
test report::property_tests::prop_parse_never_panics ... ok

test result: ok. 44 passed; 0 failed; 0 ignored; 0 measured; 0 filtered out; finished in 0.03s

     Running tests\cammus_deep_tests.rs (target\debug\deps\cammus_deep_tests-8d95f8db28548e2c.exe)

running 53 tests
test all_pid_effect_types_have_distinct_values ... ok
test all_pids_are_nonzero ... ok
test c12_torque_greater_than_c5 ... ok
test ffb_report_len_is_8 ... ok
test parse_error_eq_impl ... ok
test parse_isolates_each_axis ... ok
test parse_steering_i16_min_clamps_to_neg1 ... ok
test parse_all_axes_mid_range ... ok
test parse_clutch_full ... ok
test parse_error_display_too_short ... ok
test pedal_models_have_zero_torque ... ok
test parse_handbrake_full ... ok
test pidff_block_free_encoding ... ok
test parse_steering_center_is_zero ... ok
test parse_buttons_individual_bits ... ok
test is_cammus_matches_model_from_pid ... ok
test mode_constants_are_distinct_and_correct ... ok
test model_torque_non_negative ... ok
test pidff_device_control_all_commands ... ok
test pidff_device_gain_clamps_to_10000 ... ok
test pidff_effect_operation_all_ops ... ok
test pidff_set_condition_fields_preserved ... ok
test pidff_set_constant_force_magnitude_roundtrip ... ok
proptest: FileFailurePersistence::SourceParallel set, but failed to find lib.rs or main.rs
proptest: FileFailurePersistence::SourceParallel set, but failed to find lib.rs or main.rs
test pidff_set_effect_encodes_all_fields ... ok
proptest: FileFailurePersistence::SourceParallel set, but failed to find lib.rs or main.rs
proptest: FileFailurePersistence::SourceParallel set, but failed to find lib.rs or main.rs
proptest: FileFailurePersistence::SourceParallel set, but failed to find lib.rs or main.rs
test pidff_set_envelope_fields_preserved ... ok
proptest: FileFailurePersistence::SourceParallel set, but failed to find lib.rs or main.rs
proptest: FileFailurePersistence::SourceParallel set, but failed to find lib.rs or main.rs
proptest: FileFailurePersistence::SourceParallel set, but failed to find lib.rs or main.rs
proptest: FileFailurePersistence::SourceParallel set, but failed to find lib.rs or main.rs
test pidff_set_periodic_fields_preserved ... ok
proptest: FileFailurePersistence::SourceParallel set, but failed to find lib.rs or main.rs
test pidff_set_ramp_force_start_end ... ok
proptest: FileFailurePersistence::SourceParallel set, but failed to find lib.rs or main.rs
test product_name_matches_model_name ... ok
proptest: FileFailurePersistence::SourceParallel set, but failed to find lib.rs or main.rs
proptest: FileFailurePersistence::SourceParallel set, but failed to find lib.rs or main.rs
proptest: FileFailurePersistence::SourceParallel set, but failed to find lib.rs or main.rs
proptest: FileFailurePersistence::SourceParallel set, but failed to find lib.rs or main.rs
test report_ids_match ... ok
test proptest_deep::prop_buttons_roundtrip ... ok
test proptest_deep::prop_encode_torque_valid_structure ... ok
test report_len_is_standard_hid_size ... ok
test proptest_deep::prop_pidff_device_gain_bounded ... ok
test proptest_deep::prop_is_cammus_deterministic ... ok
test stop_command_wire_bytes_exact ... ok
test set_effect_with_each_type ... ok
test steering_range_is_1080_degrees ... ok
test torque_half_positive_wire_bytes ... ok
test torque_half_negative_wire_bytes ... ok
test torque_tiny_negative_below_zero ... ok
test proptest_deep::prop_steering_sign_preserved ... ok
test torque_tiny_positive_above_zero ... ok
test wheel_pids_in_low_range_pedal_pids_in_high_range ... ok
test proptest_deep::prop_throttle_roundtrip ... ok
test proptest_deep::prop_encode_torque_saturates ... ok
test proptest_deep::prop_pidff_constant_force_roundtrip ... ok
test proptest_deep::prop_input_report_rejects_short ... ok
test proptest_deep::prop_clutch_clamped ... ok
test proptest_deep::prop_brake_clamped ... ok
test proptest_deep::prop_handbrake_clamped ... ok
test proptest_deep::prop_throttle_clamped ... ok
test proptest_deep::prop_steering_clamped ... ok
test proptest_deep::prop_input_report_parse_never_panics ... ok

test result: ok. 53 passed; 0 failed; 0 ignored; 0 measured; 0 filtered out; finished in 0.04s

     Running tests\comprehensive.rs (target\debug\deps\comprehensive-4c2eb7a075697af7.exe)

running 56 tests
test constants_mode_bytes ... ok
test constants_report_sizes ... ok
test constants_report_ids ... ok
test constants_product_ids ... ok
test constants_steering_range ... ok
test encode_torque_negative_max ... ok
test encode_stop_is_zero_torque ... ok
test encode_stop_reserved_bytes_zero ... ok
test encode_torque_clamps_above_one ... ok
test encode_torque_clamps_below_neg_one ... ok
test encode_torque_symmetric ... ok
test encode_torque_nan_clamps_safely ... ok
test constants_vendor_id ... ok
test input_roundtrip_center ... ok
test encode_torque_sign_preserved ... ok
test input_roundtrip_full_scale ... ok
test encode_torque_infinity_clamps ... ok
test encode_torque_zero ... ok
test input_roundtrip_negative_steering ... ok
test encode_torque_precision_at_half ... ok
test encode_torque_monotonic ... ok
test encode_torque_positive_max ... ok
test is_cammus_rejects_unknown_pid ... ok
test is_cammus_accepts_all_known_pids ... ok
test is_cammus_rejects_wrong_vid ... ok
test model_from_pid_roundtrip ... ok
test model_from_pid_unknown_returns_none ... ok
test model_name_matches_product_name ... ok
test model_torque_limits ... ok
test parse_all_ones_report ... ok
test parse_alternating_bytes ... ok
test parse_brake_full ... ok
test parse_buttons_all_set ... ok
test parse_buttons_individual_bits ... ok
test parse_clutch_full ... ok
test parse_error_display ... ok
test parse_exact_minimum_length ... ok
test parse_extra_bytes_ignored ... ok
test parse_full_64_byte_report_zeroed ... ok
test parse_half_pedal_values ... ok
test parse_handbrake_full ... ok
proptest: FileFailurePersistence::SourceParallel set, but failed to find lib.rs or main.rs
proptest: FileFailurePersistence::SourceParallel set, but failed to find lib.rs or main.rs
test parse_steering_full_negative ... ok
proptest: FileFailurePersistence::SourceParallel set, but failed to find lib.rs or main.rs
test parse_steering_full_positive ... ok
proptest: FileFailurePersistence::SourceParallel set, but failed to find lib.rs or main.rs
test parse_steering_i16_min_clamps ... ok
test parse_throttle_full ... ok
proptest: FileFailurePersistence::SourceParallel set, but failed to find lib.rs or main.rs
proptest: FileFailurePersistence::SourceParallel set, but failed to find lib.rs or main.rs
test parse_too_short_returns_error ... ok
test product_name_none_for_unknown ... ok
test product_name_returns_correct_strings ... ok
proptest: FileFailurePersistence::SourceParallel set, but failed to find lib.rs or main.rs
proptest: FileFailurePersistence::SourceParallel set, but failed to find lib.rs or main.rs
test property_tests::prop_is_cammus_only_with_correct_vid ... ok
test property_tests::prop_encode_torque_magnitude_bounded ... ok
test property_tests::prop_encode_torque_sign_preserved ... ok
test property_tests::prop_input_roundtrip ... ok
test property_tests::prop_encode_torque_monotone ... ok
test property_tests::prop_encode_torque_report_always_valid ... ok
test property_tests::prop_parse_never_panics ... ok
test property_tests::prop_parse_valid_when_long_enough ... ok

test result: ok. 56 passed; 0 failed; 0 ignored; 0 measured; 0 filtered out; finished in 0.03s

     Running tests\deep_protocol_tests.rs (target\debug\deps\deep_protocol_tests-c5912f39514f14ca.exe)

running 29 tests
test all_product_ids_are_nonzero_and_unique ... ok
test encode_torque_clamps_below_neg1 ... ok
test encode_torque_clamps_above_1 ... ok
test encode_stop_equals_zero_torque ... ok
test encode_torque_full_negative ... ok
test is_cammus_rejects_wrong_vid ... ok
test encode_torque_full_positive ... ok
test encode_torque_is_monotonic ... ok
test encode_torque_preserves_sign ... ok
test encode_torque_zero_has_correct_structure ... ok
test is_cammus_rejects_unknown_pid ... ok
test mode_constants_are_distinct ... ok
test model_from_pid_maps_correctly ... ok
test model_from_unknown_pid_returns_none ... ok
test is_cammus_recognises_all_known_pids ... ok
test model_names_match_product_names ... ok
test model_torque_values_correct ... ok
test parse_buttons_encoding ... ok
test parse_center_position ... ok
test parse_full_brake ... ok
test parse_full_throttle ... ok
test parse_minimum_length_succeeds ... ok
test parse_steering_full_negative ... ok
test parse_steering_full_positive ... ok
test parse_too_short_returns_error ... ok
test product_name_returns_correct_strings ... ok
test product_name_unknown_returns_none ... ok
test report_constants_are_correct ... ok
test vendor_id_matches_kernel_constant ... ok

test result: ok. 29 passed; 0 failed; 0 ignored; 0 measured; 0 filtered out; finished in 0.00s

     Running tests\id_verification.rs (target\debug\deps\id_verification-bb223e7598cc0f66.exe)

running 5 tests
test c12_pid_is_0302 ... ok
test c5_pid_is_0301 ... ok
test cp5_pedals_pid_is_1018 ... ok
test lc100_pedals_pid_is_1019 ... ok
test vendor_id_is_3416 ... ok

test result: ok. 5 passed; 0 failed; 0 ignored; 0 measured; 0 filtered out; finished in 0.00s

     Running tests\kernel_wire_crosscheck.rs (target\debug\deps\kernel_wire_crosscheck-78112fa4ec711fae.exe)

running 10 tests
test all_product_ids_are_unique ... ok
test c5_pid_matches_kernel ... ok
test c12_pid_matches_kernel ... ok
test device_control_report_id ... ok
test cp5_pedals_pid_matches_community ... ok
test pidff_report_ids_match_spec ... ok
test vendor_id_matches_kernel ... ok
test constant_force_report_id ... ok
test lc100_pedals_pid_matches_community ... ok
test pidff_effect_types_match_spec ... ok

test result: ok. 10 passed; 0 failed; 0 ignored; 0 measured; 0 filtered out; finished in 0.00s

     Running tests\property_tests.rs (target\debug\deps\property_tests-feafc2a44c7bd36c.exe)

running 20 tests
proptest: FileFailurePersistence::SourceParallel set, but failed to find lib.rs or main.rs
proptest: FileFailurePersistence::SourceParallel set, but failed to find lib.rs or main.rs
proptest: FileFailurePersistence::SourceParallel set, but failed to find lib.rs or main.rs
proptest: FileFailurePersistence::SourceParallel set, but failed to find lib.rs or main.rs
proptest: FileFailurePersistence::SourceParallel set, but failed to find lib.rs or main.rs
proptest: FileFailurePersistence::SourceParallel set, but failed to find lib.rs or main.rs
proptest: FileFailurePersistence::SourceParallel set, but failed to find lib.rs or main.rs
proptest: FileFailurePersistence::SourceParallel set, but failed to find lib.rs or main.rs
proptest: FileFailurePersistence::SourceParallel set, but failed to find lib.rs or main.rs
proptest: FileFailurePersistence::SourceParallel set, but failed to find lib.rs or main.rs
proptest: FileFailurePersistence::SourceParallel set, but failed to find lib.rs or main.rs
proptest: FileFailurePersistence::SourceParallel set, but failed to find lib.rs or main.rs
proptest: FileFailurePersistence::SourceParallel set, but failed to find lib.rs or main.rs
proptest: FileFailurePersistence::SourceParallel set, but failed to find lib.rs or main.rs
proptest: FileFailurePersistence::SourceParallel set, but failed to find lib.rs or main.rs
proptest: FileFailurePersistence::SourceParallel set, but failed to find lib.rs or main.rs
test prop_brake_in_bounds ... ok
test prop_encode_torque_reserved_zeros ... ok
test prop_buttons_round_trip ... ok
proptest: FileFailurePersistence::SourceParallel set, but failed to find lib.rs or main.rs
test prop_model_from_unknown_pid ... ok
test prop_clutch_in_bounds ... ok
test prop_encode_torque_saturation ... ok
test prop_encode_torque_mode_byte ... ok
proptest: FileFailurePersistence::SourceParallel set, but failed to find lib.rs or main.rs
proptest: FileFailurePersistence::SourceParallel set, but failed to find lib.rs or main.rs
proptest: FileFailurePersistence::SourceParallel set, but failed to find lib.rs or main.rs
test prop_is_cammus_unknown_pid ... ok
test prop_is_cammus_wrong_vid ... ok
test prop_handbrake_in_bounds ... ok
test prop_encode_torque_report_id ... ok
test prop_encode_torque_report_len ... ok
test prop_model_name_non_empty ... ok
test prop_model_from_known_pid ... ok
test prop_parse_too_short ... ok
test prop_parse_sufficient_length ... ok
test prop_throttle_in_bounds ... ok
test prop_is_cammus_correct ... ok
test prop_steering_in_bounds ... ok
test prop_model_max_torque_positive ... ok

test result: ok. 20 passed; 0 failed; 0 ignored; 0 measured; 0 filtered out; finished in 0.04s

     Running tests\proptest_fuzz.rs (target\debug\deps\proptest_fuzz-595a14291836229a.exe)

running 11 tests
proptest: FileFailurePersistence::SourceParallel set, but failed to find lib.rs or main.rs
proptest: FileFailurePersistence::SourceParallel set, but failed to find lib.rs or main.rs
proptest: FileFailurePersistence::SourceParallel set, but failed to find lib.rs or main.rs
proptest: FileFailurePersistence::SourceParallel set, but failed to find lib.rs or main.rs
proptest: FileFailurePersistence::SourceParallel set, but failed to find lib.rs or main.rs
proptest: FileFailurePersistence::SourceParallel set, but failed to find lib.rs or main.rs
proptest: FileFailurePersistence::SourceParallel set, but failed to find lib.rs or main.rs
proptest: FileFailurePersistence::SourceParallel set, but failed to find lib.rs or main.rs
proptest: FileFailurePersistence::SourceParallel set, but failed to find lib.rs or main.rs
proptest: FileFailurePersistence::SourceParallel set, but failed to find lib.rs or main.rs
proptest: FileFailurePersistence::SourceParallel set, but failed to find lib.rs or main.rs
test fuzz_encode_stop_is_zero ... ok
test fuzz_encode_torque_roundtrip ... ok
test fuzz_encode_torque_inf ... ok
test fuzz_encode_torque_out_of_range ... ok
test fuzz_parse_short_returns_too_short ... ok
test fuzz_button_roundtrip ... ok
test fuzz_model_from_pid ... ok
test fuzz_encode_torque_nan ... ok
test fuzz_parse_exact_minimum ... ok
test fuzz_parse_arbitrary_bytes ... ok
test fuzz_parse_output_ranges ... ok

test result: ok. 11 passed; 0 failed; 0 ignored; 0 measured; 0 filtered out; finished in 0.03s

     Running tests\proptest_ids.rs (target\debug\deps\proptest_ids-4d992aecdad43222.exe)

running 12 tests
proptest: FileFailurePersistence::SourceParallel set, but failed to find lib.rs or main.rs
proptest: FileFailurePersistence::SourceParallel set, but failed to find lib.rs or main.rs
proptest: FileFailurePersistence::SourceParallel set, but failed to find lib.rs or main.rs
proptest: FileFailurePersistence::SourceParallel set, but failed to find lib.rs or main.rs
proptest: FileFailurePersistence::SourceParallel set, but failed to find lib.rs or main.rs
proptest: FileFailurePersistence::SourceParallel set, but failed to find lib.rs or main.rs
proptest: FileFailurePersistence::SourceParallel set, but failed to find lib.rs or main.rs
proptest: FileFailurePersistence::SourceParallel set, but failed to find lib.rs or main.rs
proptest: FileFailurePersistence::SourceParallel set, but failed to find lib.rs or main.rs
proptest: FileFailurePersistence::SourceParallel set, but failed to find lib.rs or main.rs
proptest: FileFailurePersistence::SourceParallel set, but failed to find lib.rs or main.rs
proptest: FileFailurePersistence::SourceParallel set, but failed to find lib.rs or main.rs
test prop_product_name_known ... ok
test prop_torque_non_negative_and_finite ... ok
test prop_known_pid_resolves_to_model ... ok
test prop_vendor_id_nonzero ... ok
test prop_pids_unique ... ok
test prop_product_name_contains_brand ... ok
test prop_is_cammus_known_devices ... ok
test prop_roundtrip_pid_model_name ... ok
test prop_vendor_id_value ... ok
test prop_is_cammus_wrong_vid ... ok
test prop_wheelbase_torque_positive ... ok
test prop_known_pids_nonzero ... ok

test result: ok. 12 passed; 0 failed; 0 ignored; 0 measured; 0 filtered out; finished in 0.02s

     Running tests\proptest_output.rs (target\debug\deps\proptest_output-d9e151c1ec43d080.exe)

running 5 tests
proptest: FileFailurePersistence::SourceParallel set, but failed to find lib.rs or main.rs
proptest: FileFailurePersistence::SourceParallel set, but failed to find lib.rs or main.rs
proptest: FileFailurePersistence::SourceParallel set, but failed to find lib.rs or main.rs
proptest: FileFailurePersistence::SourceParallel set, but failed to find lib.rs or main.rs
proptest: FileFailurePersistence::SourceParallel set, but failed to find lib.rs or main.rs
test prop_sign_preserved ... ok
test prop_round_trip ... ok
test prop_encode_stop_equals_zero_torque ... ok
test prop_monotone ... ok
test prop_report_structure ... ok

test result: ok. 5 passed; 0 failed; 0 ignored; 0 measured; 0 filtered out; finished in 0.01s

     Running tests\protocol_verification_tests.rs (target\debug\deps\protocol_verification_tests-0f1c3f267155d54b.exe)

running 24 tests
test c12_model_torque ... ok
test c5_model_torque ... ok
test cp5_pedals_pid_matches_hwdb ... ok
test c5_pid_matches_kernel ... ok
test encode_stop_equals_zero_torque ... ok
test input_report_constants ... ok
test is_cammus_accepts_all_confirmed_pairs ... ok
test encode_full_positive_torque ... ok
test encode_zero_torque_byte_layout ... ok
test encode_full_negative_torque ... ok
test lc100_pedals_pid_matches_hwdb ... ok
test parse_minimum_length ... ok
test mode_constants ... ok
test parse_full_brake ... ok
test parse_zero_report_is_center ... ok
test pedal_models_zero_torque ... ok
test product_names_for_known_pids ... ok
test c12_pid_matches_kernel ... ok
test ffb_report_constants ... ok
test parse_full_throttle ... ok
test steering_range_is_1080_degrees ... ok
test torque_clamping ... ok
test vid_matches_kernel_mainline ... ok
test wrong_vid_rejected ... ok

test result: ok. 24 passed; 0 failed; 0 ignored; 0 measured; 0 filtered out; finished in 0.00s

     Running tests\snapshot_encoding.rs (target\debug\deps\snapshot_encoding-5c209594c0e00dac.exe)

running 11 tests
test test_snapshot_parse_min_length_boundary ... ok
test test_snapshot_encode_torque_half_positive ... ok
test test_snapshot_encode_torque_above_one_clamps ... ok
test test_snapshot_encode_torque_below_neg_one_clamps ... ok
test test_snapshot_parse_all_ff ... ok
test test_snapshot_model_from_pid_cp5_pedals ... ok
test test_snapshot_encode_torque_half_negative ... ok
test test_snapshot_model_from_pid_c5 ... ok
test test_snapshot_model_from_pid_lc100_pedals ... ok
test test_snapshot_model_from_pid_c12 ... ok
test test_snapshot_model_from_pid_unknown ... ok

test result: ok. 11 passed; 0 failed; 0 ignored; 0 measured; 0 filtered out; finished in 0.19s

     Running tests\snapshot_tests.rs (target\debug\deps\snapshot_tests-1625669caa7a2c6f.exe)

running 17 tests
test test_snapshot_encode_torque_full_positive ... ok
test test_snapshot_encode_stop ... ok
test test_snapshot_encode_torque_quarter ... ok
test test_snapshot_parse_buttons ... ok
test test_snapshot_encode_torque_full_negative ... ok
test test_snapshot_parse_full_throttle ... ok
test test_snapshot_is_cammus ... ok
test test_snapshot_product_names ... ok
test test_snapshot_encode_torque_zero ... ok
test test_snapshot_model_c12 ... ok
test test_snapshot_model_lc100_pedals ... ok
test test_snapshot_model_c5 ... ok
test test_snapshot_parse_full_right_steering ... ok
test test_snapshot_model_cp5_pedals ... ok
test test_snapshot_parse_center ... ok
test test_snapshot_parse_error_too_short ... ok
test test_snapshot_protocol_constants ... ok

test result: ok. 17 passed; 0 failed; 0 ignored; 0 measured; 0 filtered out; finished in 0.19s

     Running tests\snapshots.rs (target\debug\deps\snapshots-99df733818d7e514.exe)

running 5 tests
test snapshot_mode_constants ... ok
test snapshot_encode_torque_half_negative ... ok
test snapshot_model_from_pid_all ... ok
test snapshot_parse_full_left_steering ... ok
test snapshot_parse_all_axes_max ... ok

test result: ok. 5 passed; 0 failed; 0 ignored; 0 measured; 0 filtered out; finished in 0.18s

     Running unittests src\lib.rs (target\debug\deps\racing_wheel_hid_capture-784f4cb75adbacc2.exe)

running 0 tests

test result: ok. 0 passed; 0 failed; 0 ignored; 0 measured; 0 filtered out; finished in 0.00s

     Running unittests src\main.rs (target\debug\deps\hid_capture-149c4208d14a0b2f.exe)

running 35 tests
test tests::given_bare_0x_prefix_when_parsed_then_error_returned ... ok
test tests::given_capture_file_when_serialized_then_json_has_expected_keys ... ok
test tests::given_formatted_vid_pid_when_parsed_back_then_original_value_restored ... ok
test tests::given_capture_file_with_reports_when_roundtripped_then_structure_preserved ... ok
test tests::given_capture_sequence_when_computing_intervals_then_deltas_correct ... ok
test tests::given_captures_when_computing_session_duration_then_correct ... ok
test tests::given_empty_captures_when_serialized_then_zero_captures_in_output ... ok
test tests::given_empty_json_object_when_deserialized_then_error ... ok
test tests::given_empty_string_when_parsed_then_error_returned ... ok
test tests::given_extra_fields_when_deserialized_then_succeeds ... ok
test tests::given_hex_with_0x_prefix_when_parsed_then_correct_u16_returned ... ok
test tests::given_invalid_json_when_deserialized_then_error ... ok
test tests::given_hex_without_prefix_when_parsed_then_correct_u16_returned ... ok
test tests::given_invalid_hex_string_when_parsed_then_error_returned ... ok
test tests::given_capture_report_when_roundtripped_via_json_then_fields_preserved ... ok
test tests::given_hex_with_whitespace_when_parsed_then_error ... ok
test tests::given_leading_zeros_when_parsed_then_correct_value_returned ... ok
test tests::given_malformed_json_when_deserialized_as_capture_file_then_error ... ok
test tests::given_max_u16_hex_when_parsed_then_returns_max_value ... ok
test tests::given_max_valued_report_when_roundtripped_then_max_values_preserved ... ok
test tests::given_mixed_case_hex_when_parsed_then_correct_value_returned ... ok
test tests::given_mixed_report_ids_when_filtered_then_only_matching_returned ... ok
test tests::given_capture_file_written_to_disk_when_read_back_then_preserved ... ok
test tests::given_monotonic_timestamps_when_deserialized_then_ascending_order ... ok
test tests::given_overflow_hex_when_parsed_then_error_returned ... ok
test tests::given_pretty_and_compact_json_when_deserialized_then_identical ... ok
test tests::given_report_id_overflow_when_deserialized_then_error ... ok
test tests::given_report_in_file_when_serialized_then_report_has_expected_fields ... ok
test tests::given_single_digit_hex_when_parsed_then_correct_value_returned ... ok
test tests::given_sequential_reports_when_stored_in_file_then_order_preserved ... ok
test tests::given_vid_pid_when_formatted_then_matches_hex_pattern ... ok
test tests::given_wrong_field_types_when_deserialized_as_report_then_error ... ok
test tests::given_zero_valued_report_when_roundtripped_then_zeros_preserved ... ok
test tests::given_zero_vid_pid_when_roundtripped_then_zero_returned ... ok
test tests::given_many_reports_when_roundtripped_then_all_preserved ... ok

test result: ok. 35 passed; 0 failed; 0 ignored; 0 measured; 0 filtered out; finished in 0.01s

     Running tests\capture_deep_tests.rs (target\debug\deps\capture_deep_tests-da12c12715e2af8e.exe)

running 35 tests
test capture_replay::replay_02_preserves_timing_deltas ... ok
test capture_statistics::stats_02_total_data_bytes ... ok
test capture_statistics::stats_04_inter_packet_intervals ... ok
test capture_replay::replay_03_filter_by_report_id_on_loaded_data ... ok
test file_format::format_01_json_keys_present ... ok
test capture_statistics::stats_07_empty_session_statistics ... ok
test capture_statistics::stats_01_packet_count ... ok
test capture_statistics::stats_03_report_id_histogram ... ok
test file_format::format_04_missing_required_field_fails ... ok
test file_format::format_03_compact_and_pretty_are_equivalent ... ok
test file_format::format_05_wrong_type_for_timestamp_fails ... ok
test capture_statistics::stats_06_average_interval ... ok
test file_format::format_02_report_json_keys_present ... ok
test file_format::format_06_report_id_overflow_fails ... ok
test capture_replay::replay_04_filter_by_time_window ... ok
test file_format::format_07_extra_fields_are_ignored ... ok
test capture_statistics::stats_05_min_max_timestamps ... ok
test multi_device_capture::multi_03_same_vid_different_pids ... ok
test multi_device_capture::multi_04_merge_captures_by_timestamp ... ok
test session_lifecycle::lifecycle_01_empty_session_roundtrips ... ok
test session_lifecycle::lifecycle_02_start_record_stop_produces_ordered_captures ... ok
test multi_device_capture::multi_02_three_devices_different_vendors ... ok
test capture_replay::replay_01_disk_roundtrip ... ok
test multi_device_capture::multi_01_two_devices_independent_captures ... ok
test session_lifecycle::lifecycle_04_session_with_single_report ... ok
test session_lifecycle::lifecycle_06_empty_session_has_zero_duration ... ok
test vid_pid_filtering::filter_01_select_files_by_vid ... ok
test vid_pid_filtering::filter_02_select_files_by_vid_and_pid ... ok
test session_lifecycle::lifecycle_05_session_duration_computation ... ok
test vid_pid_filtering::filter_03_no_match_returns_empty ... ok
test vid_pid_filtering::filter_04_parse_hex_vid_pid_for_matching ... ok
test vid_pid_filtering::filter_05_case_insensitive_hex_matching ... ok
test vid_pid_filtering::filter_06_all_known_vendors_parseable ... ok
test session_lifecycle::lifecycle_03_save_and_reload_preserves_all_data ... ok
test multi_device_capture::multi_05_large_multi_device_set ... ok

test result: ok. 35 passed; 0 failed; 0 ignored; 0 measured; 0 filtered out; finished in 0.00s

     Running tests\capture_format_validation_tests.rs (target\debug\deps\capture_format_validation_tests-d3710efec06b6207.exe)

running 38 tests
test capture_metadata::capture_duration_from_timestamps ... ok
test capture_metadata::multi_device_captures_distinguished_by_vid_pid ... ok
test capture_metadata::capture_preserves_device_identity ... ok
test corrupt_capture_handling::captures_with_null_element_fails ... ok
test corrupt_capture_handling::wrong_type_for_timestamp_fails ... ok
test corrupt_capture_handling::invalid_json_syntax_fails ... ok
test corrupt_capture_handling::missing_captures_array_fails ... ok
test capture_metadata::capture_rate_estimation ... ok
test corrupt_capture_handling::missing_vendor_id_fails ... ok
test corrupt_capture_handling::negative_timestamp_fails ... ok
test corrupt_capture_handling::null_json_fails ... ok
test corrupt_capture_handling::report_id_overflow_fails ... ok
test corrupt_capture_handling::truncated_json_fails_to_parse ... ok
test corrupt_capture_handling::empty_json_string_fails ... ok
test field_boundaries::large_data_payload ... ok
test field_boundaries::timestamp_max_u64 ... ok
test field_boundaries::timestamp_zero ... ok
test field_boundaries::vendor_id_special_chars_preserved ... ok
test format_roundtrip::capture_file_json_roundtrip ... ok
test disk_io::appended_garbage_after_valid_json_detected ... ok
test format_roundtrip::capture_file_pretty_json_roundtrip ... ok
test format_roundtrip::empty_capture_file_roundtrip ... ok
test format_roundtrip::empty_data_field_roundtrip ... ok
test disk_io::truncated_file_read_fails ... ok
test format_roundtrip::single_report_roundtrip ... ok
test hex_parsing::parse_hex_u16_invalid_returns_error ... ok
test disk_io::write_and_read_capture_file ... ok
test hex_parsing::parse_hex_u16_known_vendors ... ok
test hex_parsing::parse_hex_u16_mixed_case ... ok
test hex_parsing::parse_hex_u16_with_prefix ... ok
test hex_parsing::parse_hex_u16_without_prefix ... ok
test timestamp_ordering::captures_preserve_insertion_order ... ok
test field_boundaries::report_id_all_values ... ok
test timestamp_ordering::duplicate_timestamps_detectable ... ok
test timestamp_ordering::binary_search_by_timestamp ... ok
test timestamp_ordering::monotonic_timestamps_validated ... ok
test timestamp_ordering::seek_by_timestamp_window ... ok
test disk_io::large_capture_file_write_read ... ok

test result: ok. 38 passed; 0 failed; 0 ignored; 0 measured; 0 filtered out; finished in 0.04s

     Running tests\comprehensive.rs (target\debug\deps\comprehensive-7491b545b0682083.exe)

running 25 tests
test capture_report_max_values ... ok
test capture_file_monotonic_timestamps ... ok
test capture_report_zero_values ... ok
test capture_file_empty_session ... ok
test capture_file_session_duration ... ok
test capture_file_preserves_insertion_order ... ok
test capture_file_json_has_expected_keys ... ok
test compute_inter_report_intervals ... ok
test filter_captures_by_report_id ... ok
test extra_fields_ignored_on_deserialization ... ok
test parse_hex_u16_bare_prefix ... ok
test malformed_json_fails_deserialization ... ok
test parse_hex_u16_empty ... ok
test capture_report_roundtrip ... ok
test parse_hex_u16_invalid_input ... ok
test parse_hex_u16_mixed_case ... ok
test parse_hex_u16_overflow ... ok
test parse_hex_u16_with_prefix ... ok
test parse_hex_u16_without_prefix ... ok
test report_id_overflow_fails_deserialization ... ok
test pretty_and_compact_json_equivalent ... ok
test vid_pid_format_roundtrip ... ok
test capture_file_disk_roundtrip ... ok
test wrong_field_types_fail_deserialization ... ok
test capture_file_large_roundtrip ... ok

test result: ok. 25 passed; 0 failed; 0 ignored; 0 measured; 0 filtered out; finished in 0.00s

     Running tests\hid_capture_deep_tests.rs (target\debug\deps\hid_capture_deep_tests-b1a3b15fee2f7b96.exe)

running 59 tests
test capture_report_construction::all_fields_accessible ... ok
test capture_file_construction::debug_trait ... ok
test capture_report_construction::zero_valued_fields ... ok
test capture_report_construction::debug_trait ... ok
test capture_report_construction::max_valued_fields ... ok
test data_integrity::duplicate_timestamps_preserved ... ok
test capture_file_construction::with_captures ... ok
test capture_file_construction::empty_captures ... ok
test data_integrity::special_chars_in_data_field ... ok
test data_integrity::unicode_in_vendor_product_id ... ok
test error_conditions::captures_as_string_fails ... ok
test error_conditions::missing_product_id_fails ... ok
test error_conditions::extra_fields_ignored_on_deserialization ... ok
test error_conditions::negative_report_id_fails ... ok
test error_conditions::missing_captures_field_fails ... ok
test error_conditions::negative_timestamp_fails ... ok
test error_conditions::empty_json_object_fails ... ok
test error_conditions::null_captures_array_fails ... ok
test error_conditions::malformed_json_fails ... ok
test error_conditions::report_id_overflow_u8_fails ... ok
test error_conditions::wrong_type_report_id_fails ... ok
test error_conditions::wrong_type_timestamp_fails ... ok
test data_integrity::all_report_id_values_valid ... ok
test file_serde::empty_file_roundtrip ... ok
test file_serde::json_has_expected_top_level_keys ... ok
test file_serde::json_report_has_expected_fields ... ok
test hex_parsing_deep::bare_prefix_errors ... ok
test hex_parsing_deep::common_vid_pid_values ... ok
test hex_parsing_deep::empty_string_errors ... ok
test hex_parsing_deep::error_message_is_descriptive ... ok
test hex_parsing_deep::invalid_chars ... ok
test hex_parsing_deep::leading_zeros ... ok
test hex_parsing_deep::max_u16 ... ok
test hex_parsing_deep::mixed_case ... ok
test hex_parsing_deep::no_prefix ... ok
test hex_parsing_deep::overflow_u16 ... ok
test file_io::write_empty_file ... ok
test hex_parsing_deep::prefix_0x_lowercase ... ok
test file_io::write_and_read_back ... ok
test hex_parsing_deep::prefix_0x_uppercase ... ok
test hex_parsing_deep::single_digit ... ok
test hex_parsing_deep::vid_pid_format_roundtrip ... ok
test hex_parsing_deep::whitespace_in_input_errors ... ok
test hex_parsing_deep::zero ... ok
test playback::count_reports_by_id ... ok
test playback::filter_by_report_id ... ok
test playback::filter_by_time_range ... ok
test playback::filter_nonexistent_id_returns_empty ... ok
test report_serde::report_compact_and_pretty_json_equivalent ... ok
test report_serde::report_with_empty_data ... ok
test report_serde::single_report_roundtrip ... ok
test report_serde::report_with_long_data_string ... ok
test session_lifecycle::empty_session_duration_is_none ... ok
test session_lifecycle::build_session_incrementally ... ok
test session_lifecycle::inter_report_intervals ... ok
test session_lifecycle::monotonic_timestamps_verified ... ok
test session_lifecycle::session_duration_computed_from_timestamps ... ok
test session_lifecycle::single_report_session_duration_is_zero ... ok
test file_serde::file_with_many_reports ... ok

test result: ok. 59 passed; 0 failed; 0 ignored; 0 measured; 0 filtered out; finished in 0.00s

     Running tests\protocol_analysis_tests.rs (target\debug\deps\protocol_analysis_tests-b436f3457dfac327.exe)

running 45 tests
test duration_tests::duration_of_empty_is_zero ... ok
test duration_tests::duration_computed_correctly ... ok
test filter_tests::filter_returns_empty_for_no_match ... ok
test filter_tests::filter_selects_matching_report_id ... ok
test duration_tests::duration_of_single_is_zero ... ok
test duration_tests::duration_1khz_1sec ... ok
test format_validation::multiple_validation_errors_reported ... ok
test format_validation::valid_capture_file_no_errors ... ok
test monotonic_validation::monotonic_returns_index_for_duplicate ... ok
test format_validation::empty_captures_valid ... ok
test format_validation::non_monotonic_timestamp_detected ... ok
test format_validation::duplicate_timestamps_flagged_as_non_monotonic ... ok
test monotonic_validation::monotonic_empty_returns_none ... ok
test filter_tests::filter_on_empty_returns_empty ... ok
test format_validation::invalid_product_id_detected ... ok
test format_validation::invalid_vendor_id_detected ... ok
test monotonic_validation::monotonic_returns_index_for_regression ... ok
test monotonic_validation::monotonic_returns_none_for_sorted ... ok
test monotonic_validation::monotonic_single_returns_none ... ok
test shared_capture_format::shared_capture_empty_description ... ok
test shared_capture_format::shared_capture_metadata_equality ... ok
test shared_capture_format::shared_capture_json_roundtrip ... ok
test shared_capture_format::shared_capture_validation_bad_version ... ok
test shared_capture_format::shared_capture_pretty_json_roundtrip ... ok
test shared_capture_format::shared_capture_validation_valid ... ok
test shared_capture_format::to_shared_format_conversion ... ok
test timing_analysis::jitter_for_perfectly_uniform_is_zero ... ok
test timing_analysis::estimated_rate_500hz ... ok
test timing_analysis::stats_for_varying_intervals ... ok
test timing_analysis::stats_p99_for_large_set ... ok
test timing_analysis::stats_for_uniform_1khz_stream ... ok
test timing_analysis::stats_returns_none_for_empty ... ok
test timing_analysis::stats_returns_none_for_single_report ... ok
test timing_analysis::stats_two_reports ... ok
test shared_capture_format::shared_capture_disk_roundtrip ... ok
test timing_analysis::std_dev_nonzero_for_variable_intervals ... ok
test vendor_detection::detect_fanatec_by_vid_string ... ok
test vendor_detection::detect_logitech_by_vid_string ... ok
test vendor_detection::detect_moza_by_vid_string ... ok
test vendor_detection::detect_thrustmaster_by_vid_string ... ok
test vendor_detection::detect_unknown_vendor ... ok
test vendor_detection::detect_vendor_by_numeric_id ... ok
test vendor_detection::detect_vendor_case_insensitive_hex ... ok
test vendor_detection::detect_vendor_invalid_string ... ok
test vendor_detection::vendor_name_all_known ... ok

test result: ok. 45 passed; 0 failed; 0 ignored; 0 measured; 0 filtered out; finished in 0.00s

     Running unittests src\lib.rs (target\debug\deps\racing_wheel_hid_fanatec_protocol-4fb6005d7c22f620.exe)

running 154 tests
test display::tests::all_digits_match_segbits_table ... ok
test display::tests::display_empty_all_blank ... ok
test display::tests::display_one_digit_right_justified ... ok
test display::tests::display_header_bytes ... ok
test display::tests::all_lowercase_letters_match_segbits_table ... ok
test display::tests::display_three_digits ... ok
test display::tests::seg_bits_blank_for_unknown ... ok
test display::tests::seg_bits_digit_0 ... ok
test display::tests::display_three_with_point ... ok
test display::tests::display_two_digits_right_justified ... ok
test display::tests::point_bit_is_0x80 ... ok
test display::tests::range_1080_degrees ... ok
test display::tests::range_roundtrip ... ok
test display::tests::seg_bits_brackets ... ok
test display::tests::display_with_decimal_point ... ok
test display::tests::range_900_degrees ... ok
test display::tests::seg_bits_digit_9 ... ok
test display::tests::seg_bits_hyphen ... ok
test display::tests::seg_bits_letter_a_lower ... ok
test display::tests::seg_bits_letter_a_upper ... ok
test display::tests::seg_bits_underscore ... ok
test display::tests::seg_bits_with_point ... ok
test display::tests::uppercase_equals_lowercase ... ok
test display::tests::wheel_leds_all_off ... ok
test display::tests::wheel_led_reversal_is_self_inverse ... ok
test display::tests::wheel_leds_all_on_stays_all_on ... ok
test display::tests::wheel_leds_bit0_becomes_bit8 ... ok
test display::tests::wheel_leds_bit8_becomes_bit0 ... ok
test display::tests::wheel_leds_header ... ok
test display::tests::wheelbase_leds_all_off ... ok
test display::tests::wheelbase_leds_all_on ... ok
test display::tests::wheelbase_leds_single ... ok
test input::tests::test_dual_clutch_paddles ... ok
test input::tests::test_extended_report_exact_minimum_length ... ok
test input::tests::test_extended_report_rejects_10_bytes ... ok
test input::tests::test_funky_switch_center ... ok
test input::tests::test_funky_switch_up ... ok
test input::tests::test_hat_mask_isolates_lower_nibble ... ok
test input::tests::test_normalize_steering_values ... ok
test input::tests::test_optional_fields_exact_boundary_lengths ... ok
test input::tests::test_parse_centered_steering ... ok
test input::tests::test_parse_extended_rejects_wrong_id ... ok
test input::tests::test_parse_extended_report_basic ... ok
test input::tests::test_parse_full_right_steering ... ok
test input::tests::test_parse_full_throttle ... ok
test input::tests::test_parse_pedal_report_clutch_axis ... ok
test input::tests::test_parse_pedal_report_rejects_short_data ... ok
test input::tests::test_parse_pedal_report_rejects_wrong_id ... ok
test input::tests::test_parse_pedal_report_throttle_brake ... ok
test input::tests::test_parse_pedal_report_two_axis ... ok
test input::tests::test_parse_rejects_short_data ... ok
test input::tests::test_parse_rejects_wrong_report_id ... ok
test input::tests::test_pedal_report_mask_12bit ... ok
test input::tests::test_rotary_encoder_values ... ok
test input::tests::test_short_report_without_rim_extras ... ok
test output::tests::test_constant_force_full_negative ... ok
test output::tests::test_constant_force_full_positive ... ok
test output::tests::test_constant_force_half_positive ... ok
test output::tests::test_constant_force_zero ... ok
test output::tests::test_constant_force_zero_max_torque_returns_zero ... ok
test output::tests::test_display_report_structure ... ok
test output::tests::test_encode_zero_clears_force ... ok
test output::tests::test_fix_report_values_above_threshold ... ok
test output::tests::test_fix_report_values_all_below ... ok
test output::tests::test_kernel_range_sequence_900 ... ok
test output::tests::test_kernel_range_sequence_clamp_min ... ok
test output::tests::test_kernel_range_sequence_max_dd ... ok
test output::tests::test_led_report_all_off ... ok
test output::tests::test_led_report_bitmask ... ok
test output::tests::test_mode_switch_report ... ok
test output::tests::test_rotation_range_report_360 ... ok
test output::tests::test_rotation_range_report_clamp_max ... ok
test output::tests::test_rotation_range_report_clamp_min ... ok
test output::tests::test_rotation_range_report_nominal ... ok
test output::tests::test_rumble_report_stop ... ok
test output::tests::test_rumble_report_structure ... ok
test output::tests::test_set_gain_report_clamped ... ok
test output::tests::test_stop_all_report ... ok
test slots::tests::test_constant_highres_marker ... ok
test slots::tests::test_constant_lowres_zero_disables ... ok
test slots::tests::test_damper_structure ... ok
test slots::tests::test_constant_highres_zero_disables ... ok
test slots::tests::test_constant_lowres_positive ... ok
test slots::tests::test_disable_slot_resistance_resets ... ok
test slots::tests::test_friction_structure ... ok
test slots::tests::test_spring_zero_clip_disables ... ok
test slots::tests::test_stop_all ... ok
test slots::tests::test_translate_force_16bit_center ... ok
test slots::tests::test_translate_force_16bit_full_left ... ok
test slots::tests::test_inertia_structure ... ok
test slots::tests::test_spring_structure ... ok
test input::property_tests::prop_truncated_standard_rejected ... ok
test slots::tests::test_translate_force_16bit_full_right ... ok
test slots::tests::test_translate_force_8bit_center ... ok
test slots::tests::test_translate_force_8bit_full_left ... ok
test slots::tests::test_translate_force_8bit_full_right ... ok
test input::property_tests::prop_pedal_report_12bit_mask ... ok
test tuning::tests::all_addrs_unique ... ok
test tuning::tests::all_names_unique ... ok
test tuning::tests::all_reports_64_bytes ... ok
test tuning::tests::decode_noop ... ok
test tuning::tests::decode_signed_negative ... ok
test tuning::tests::decode_times_ten ... ok
test tuning::tests::lookup_by_addr_not_found ... ok
test tuning::tests::encode_steps_ten ... ok
test tuning::tests::encode_times_ten ... ok
test tuning::tests::encode_noop ... ok
test tuning::tests::lookup_by_addr_slot ... ok
test tuning::tests::encode_signed_negative ... ok
test tuning::tests::lookup_by_name_ff ... ok
test tuning::tests::lookup_by_name_not_found ... ok
test tuning::tests::roundtrip_signed ... ok
test tuning::tests::roundtrip_noop ... ok
test tuning::tests::reset_report ... ok
test tuning::tests::select_slot_5 ... ok
test tuning::tests::param_count ... ok
test tuning::tests::select_slot_1 ... ok
test tuning::tests::roundtrip_times_ten ... ok
test tuning::tests::select_slot_clamps_high ... ok
test slots::property_tests::prop_spring_slot_id_correct ... ok
test tuning::tests::select_slot_clamps_low ... ok
test tuning::tests::toggle_advanced_mode_report ... ok
test tuning::tests::verify_header_defined_params ... ok
test tuning::tests::write_ff_report ... ok
test tuning::tests::write_report_size ... ok
test tuning::tests::write_sen_report ... ok
test tuning::tests::write_zeros_elsewhere ... ok
test types::tests::test_all_rim_ids_round_trip ... ok
test types::tests::test_is_wheelbase_product_clubsport_dd ... ok
test slots::property_tests::prop_constant_highres_has_marker ... ok
test types::tests::test_is_wheelbase_product_unknown ... ok
test types::tests::test_is_wheelbase_product_known ... ok
test slots::property_tests::prop_translate_force_8bit_monotone ... ok
test types::tests::test_model_clubsport_dd ... ok
test types::tests::test_csl_elite_pedals_is_pedal ... ok
test slots::property_tests::prop_translate_force_16bit_monotone ... ok
test types::tests::test_is_pedal_product ... ok
test types::tests::test_model_csl_dd ... ok
test types::tests::test_model_csr_elite ... ok
test types::tests::test_model_dd1 ... ok
test slots::property_tests::prop_resistance_slots_correct ... ok
test types::tests::test_model_unknown ... ok
test types::tests::test_pedal_model_axis_count ... ok
test types::tests::test_pedal_model_from_product_id ... ok
test types::tests::test_rim_id_formula_v2_has_dual_clutch ... ok
test types::tests::test_rim_id_mclaren_from_byte ... ok
test types::tests::test_rim_id_porsche_911_gt3_r ... ok
test types::tests::test_rim_id_unknown_byte ... ok
test types::tests::test_supports_1000hz ... ok
test slots::property_tests::prop_constant_lowres_force_roundtrips ... ok
test input::property_tests::prop_standard_report_axes_bounded ... ok
test input::property_tests::prop_extended_report_never_panics ... ok
test input::property_tests::prop_standard_report_never_panics ... ok
test input::property_tests::prop_pedal_report_never_panics ... ok

test result: ok. 154 passed; 0 failed; 0 ignored; 0 measured; 0 filtered out; finished in 0.03s

     Running tests\comprehensive.rs (target\debug\deps\comprehensive-dc78518dd16ae428.exe)

running 70 tests
test all_output_reports_are_8_bytes ... ok
test constant_all_rim_ids_nonzero ... ok
test constant_ffb_commands ... ok
test constant_report_ids ... ok
test constant_all_product_ids_nonzero ... ok
test constant_vendor_id ... ok
test display_report_ascii_digits ... ok
test all_wheelbase_models_have_positive_torque ... ok
test constant_rotation_range_limits ... ok
test dd_vs_belt_highres_consistency ... ok
test constant_led_commands ... ok
test extended_report_all_fields ... ok
test extended_report_empty_data ... ok
test extended_report_individual_fault_flags ... ok
test constant_report_sizes ... ok
test extended_report_eleven_bytes_accepted ... ok
test extended_report_max_negative_steering ... ok
test extended_report_max_positive_steering ... ok
test extended_report_ten_bytes_rejected ... ok
test extended_report_wrong_ids ... ok
test ffb_encoder_different_bases ... ok
test ffb_encoder_negative_max_torque_clamps_to_zero ... ok
test gain_report_boundaries ... ok
test handbrake_is_neither_wheelbase_nor_pedal ... ok
test kernel_range_sequence_7_byte_reports ... ok
test led_report_max_brightness ... ok
test led_report_single_led ... ok
test led_report_zero_brightness ... ok
test multi_device_identification ... ok
test multi_device_interleaved_reports ... ok
test multi_device_wheel_pedals_shifter ... ok
test pedal_all_max_12bit ... ok
test pedal_all_zeros ... ok
test pedal_model_axis_count_specific ... ok
test pedal_report_empty_data ... ok
test pedal_report_five_bytes_accepted ... ok
test pedal_report_four_bytes_rejected ... ok
test pedal_report_wrong_ids ... ok
test pedal_six_bytes_still_two_axis ... ok
test pedal_two_axis_no_clutch ... ok
test pedal_upper_bits_masked ... ok
test rim_capabilities_matrix ... ok
test rim_id_unknown_byte_values ... ok
test rotation_range_exact_boundaries ... ok
test rumble_report_asymmetric_motors ... ok
test shifter_is_neither_wheelbase_nor_pedal ... ok
test standard_report_all_0xff ... ok
test standard_report_all_zeros_is_valid ... ok
test standard_report_empty_data ... ok
test standard_report_nine_bytes_rejected ... ok
test standard_report_single_byte ... ok
test standard_report_ten_bytes_accepted ... ok
test standard_report_wrong_ids ... ok
test stop_all_report_is_all_zeros_except_header ... ok
test wheel_all_buttons_set ... ok
test wheel_hat_all_valid_directions ... ok
test wheel_hat_upper_nibble_stripped ... ok
test wheel_individual_button_bits ... ok
test wheel_rim_id_byte_in_standard_report ... ok
test wheel_simultaneous_pedals_and_buttons ... ok
test wheel_steering_full_left_round_trip ... ok

running 1 test
proptest: FileFailurePersistence::SourceParallel set, but failed to find lib.rs or main.rs
proptest: FileFailurePersistence::SourceParallel set, but failed to find lib.rs or main.rs

running 1 test
proptest: FileFailurePersistence::SourceParallel set, but failed to find lib.rs or main.rs
proptest: FileFailurePersistence::SourceParallel set, but failed to find lib.rs or main.rs

running 1 test
proptest: FileFailurePersistence::SourceParallel set, but failed to find lib.rs or main.rs
proptest: FileFailurePersistence::SourceParallel set, but failed to find lib.rs or main.rs
test prop_extended_steering_raw_round_trip ... ok

running 1 test
proptest: FileFailurePersistence::SourceParallel set, but failed to find lib.rs or main.rs
proptest: FileFailurePersistence::SourceParallel set, but failed to find lib.rs or main.rs
test prop_hat_lower_nibble_only ... ok

running 1 test
proptest: FileFailurePersistence::SourceParallel set, but failed to find lib.rs or main.rs
proptest: FileFailurePersistence::SourceParallel set, but failed to find lib.rs or main.rs

running 1 test
proptest: FileFailurePersistence::SourceParallel set, but failed to find lib.rs or main.rs
proptest: FileFailurePersistence::SourceParallel set, but failed to find lib.rs or main.rs

running 1 test
proptest: FileFailurePersistence::SourceParallel set, but failed to find lib.rs or main.rs
proptest: FileFailurePersistence::SourceParallel set, but failed to find lib.rs or main.rs

running 1 test
proptest: FileFailurePersistence::SourceParallel set, but failed to find lib.rs or main.rs

running 1 test
proptest: FileFailurePersistence::SourceParallel set, but failed to find lib.rs or main.rs
proptest: FileFailurePersistence::SourceParallel set, but failed to find lib.rs or main.rs
proptest: FileFailurePersistence::SourceParallel set, but failed to find lib.rs or main.rs
test prop_button_mask_round_trip ... ok
test prop_inverted_axis_bounds ... ok
test prop_extended_velocity_round_trip ... ok
test prop_inverted_axis_monotonic ... ok
test prop_pedal_12bit_range ... ok
test prop_steering_monotonic ... ok
test prop_steering_normalization_bounds ... ok

test result: ok. 70 passed; 0 failed; 0 ignored; 0 measured; 0 filtered out; finished in 0.15s

     Running tests\deep_protocol_tests.rs (target\debug\deps\deep_protocol_tests-4fd0cae6bcbf7d19.exe)

running 56 tests
test accessory_pids_not_wheelbase_or_pedal ... ok
test cf_encode_negative_max_torque_clamps_to_zero ... ok
test cf_encode_reserved_bytes_always_zero ... ok
test cf_encode_returns_report_len ... ok
test cf_encode_sign_preservation_small_values ... ok
test extended_report_temperature_fields ... ok
test fix_report_values_all_max_below_threshold ... ok
test cf_round_trip_all_models ... ok
test csl_elite_ps4_and_pc_map_same_model ... ok
test display_report_all_digits_ff ... ok
test display_report_auto_mode ... ok
test extended_report_fault_flags_individual_bits ... ok
test extended_report_signed_steering_angle ... ok
test extended_report_all_fault_flags_combined ... ok
test ffb_commands_golden ... ok
test cf_encode_zero_returns_report_len ... ok
test fix_report_values_all_zero_unchanged ... ok
test fix_report_values_boundary_0x80 ... ok
test gain_report_clamp_to_100 ... ok
test gain_report_passthrough_valid ... ok
test kernel_range_sequence_clamps_above_max ... ok
test kernel_range_sequence_fixed_steps ... ok
test led_commands_golden ... ok
test led_report_full_bitmask ... ok
test led_report_single_led ... ok
test mode_switch_report_full_wire ... ok
test model_encoder_cpr_values ... ok
test model_from_all_wheelbase_pids ... ok
test model_highres_dd_models_only ... ok
test model_max_rotation_per_model ... ok
test model_needs_sign_fix_not_csr_elite ... ok
test model_torque_known_values ... ok
test model_torque_ordering ... ok
proptest: FileFailurePersistence::SourceParallel set, but failed to find lib.rs or main.rs
test pedal_model_axis_count_all ... ok
proptest: FileFailurePersistence::SourceParallel set, but failed to find lib.rs or main.rs
proptest: FileFailurePersistence::SourceParallel set, but failed to find lib.rs or main.rs
test pedal_pids_not_wheelbases ... ok
proptest: FileFailurePersistence::SourceParallel set, but failed to find lib.rs or main.rs
proptest: FileFailurePersistence::SourceParallel set, but failed to find lib.rs or main.rs
proptest: FileFailurePersistence::SourceParallel set, but failed to find lib.rs or main.rs
test pedal_report_12bit_upper_bits_masked ... ok
proptest: FileFailurePersistence::SourceParallel set, but failed to find lib.rs or main.rs
test pedal_report_full_press_is_0x0fff ... ok
test report_ids_golden ... ok
test rim_capabilities_matrix ... ok
test rim_id_bytes_all_unique ... ok
test rotation_range_constants ... ok
test rotation_range_report_1080 ... ok
test rotation_range_report_2520 ... ok
test rumble_report_max_intensity ... ok
test standard_input_all_button_bits ... ok
test standard_input_hat_all_directions ... ok
test standard_input_inverted_pedal_range ... ok
test stop_all_report_wire_format ... ok
test vendor_id_value ... ok
test proptest_deep::prop_gain_clamped ... ok
test proptest_deep::prop_led_report_header ... ok
test proptest_deep::prop_rotation_range_clamped ... ok
test proptest_deep::prop_cf_header_bytes ... ok
test proptest_deep::prop_cf_round_trip ... ok
test proptest_deep::prop_fix_report_values_idempotent ... ok
test proptest_deep::prop_cf_reserved_bytes_zero ... ok

test result: ok. 56 passed; 0 failed; 0 ignored; 0 measured; 0 filtered out; finished in 0.02s

     Running tests\device_matrix.rs (target\debug\deps\device_matrix-9894be8fbb158158.exe)

running 34 tests
test all_kernel_rim_ids_resolve_to_named_variant ... ok
test all_known_pedals_resolve_to_named_model ... ok
test all_known_wheelbases_resolve_to_named_model ... ok
test belt_bases_have_reasonable_torque ... ok
test dd_bases_have_16384_cpr ... ok
test dd_bases_have_reasonable_torque ... ok
test exact_torque_ratings_match_specs ... ok
test belt_bases_do_not_support_1000hz ... ok
test dd_bases_support_1000hz ... ok
test csl_elite_ps4_and_pc_map_to_same_model ... ok
test extra_pedals_are_pedal_products ... ok
test extra_wheelbases_are_wheelbase_products ... ok
test highres_matches_kernel_quirks ... ok
test kernel_rim_ids_match ... ok
test kernel_pedal_pids_match ... ok
test kernel_pedals_are_pedal_products ... ok
test kernel_wheelbase_pids_match ... ok
test belt_bases_have_4096_cpr ... ok
test kernel_wheelbases_are_wheelbase_products ... ok
test max_rotation_matches_kernel_ranges ... ok
test no_duplicate_pedal_pids ... ok
test no_duplicate_rim_ids ... ok
test no_duplicate_wheelbase_pids ... ok
test no_overlap_between_wheelbase_and_pedal_pids ... ok
test pedal_axis_counts_are_valid ... ok
test sign_fix_matches_kernel_behavior ... ok
test vendor_id_is_endor_ag ... ok
proptest: FileFailurePersistence::SourceParallel set, but failed to find lib.rs or main.rs
proptest: FileFailurePersistence::SourceParallel set, but failed to find lib.rs or main.rs
proptest: FileFailurePersistence::SourceParallel set, but failed to find lib.rs or main.rs
proptest: FileFailurePersistence::SourceParallel set, but failed to find lib.rs or main.rs
proptest: FileFailurePersistence::SourceParallel set, but failed to find lib.rs or main.rs
proptest: FileFailurePersistence::SourceParallel set, but failed to find lib.rs or main.rs
proptest: FileFailurePersistence::SourceParallel set, but failed to find lib.rs or main.rs
test prop_highres_consistent_across_known_pids ... ok
test prop_wheelbase_and_pedal_mutually_exclusive ... ok
test prop_known_wheelbase_torque_positive ... ok
test prop_max_rotation_is_standard ... ok
test prop_encoder_cpr_is_standard ... ok
test prop_pedal_axis_count_valid ... ok
test prop_unknown_pid_yields_unknown_or_known ... ok

test result: ok. 34 passed; 0 failed; 0 ignored; 0 measured; 0 filtered out; finished in 0.02s

     Running tests\device_snapshot_tests.rs (target\debug\deps\device_snapshot_tests-41ff52b3f3fc6531.exe)

running 16 tests
test snap_parse_extended_dd2_normal ... ok
test snap_parse_extended_all_faults ... ok
test snap_pedal_capability_matrix ... ok
test snap_protocol_version_highres_detection ... ok
test snap_parse_standard_full_left_mixed_pedals ... ok
test snap_parse_extended_faulted ... ok
test snap_parse_standard_full_right_all_pressed ... ok
test snap_parse_pedal_v3_three_axes ... ok
test snap_parse_standard_minimal_10_bytes ... ok
test snap_rim_capability_detection ... ok
test snap_parse_pedal_2_axis_no_clutch ... ok
test snap_vid_pid_category_matrix ... ok
test snap_parse_pedal_all_released ... ok
test snap_parse_pedal_12bit_masking ... ok
test snap_parse_standard_center_mclaren_rim ... ok
test snap_wheelbase_capability_matrix ... ok

test result: ok. 16 passed; 0 failed; 0 ignored; 0 measured; 0 filtered out; finished in 0.19s

     Running tests\fanatec_advanced_tests.rs (target\debug\deps\fanatec_advanced_tests-50c1e07329bb2875.exe)

running 41 tests
proptest: FileFailurePersistence::SourceParallel set, but failed to find lib.rs or main.rs
proptest: FileFailurePersistence::SourceParallel set, but failed to find lib.rs or main.rs
proptest: FileFailurePersistence::SourceParallel set, but failed to find lib.rs or main.rs
test test_all_wheelbase_pids_recognized ... ok
proptest: FileFailurePersistence::SourceParallel set, but failed to find lib.rs or main.rs
proptest: FileFailurePersistence::SourceParallel set, but failed to find lib.rs or main.rs
proptest: FileFailurePersistence::SourceParallel set, but failed to find lib.rs or main.rs
proptest: FileFailurePersistence::SourceParallel set, but failed to find lib.rs or main.rs
test test_all_pedal_pids_recognized ... ok
test test_all_rim_ids_decode_correctly ... ok
test test_clubsport_dd_model ... ok
test test_clubsport_v2_model ... ok
test test_clubsport_v25_model ... ok
test test_constant_force_half_dd2 ... ok
test test_constant_force_per_model ... ok
test test_csl_dd_model ... ok
test test_csl_elite_pc_model ... ok
test test_csl_elite_ps4_model ... ok
test test_csr_elite_model ... ok
test test_dd1_model ... ok
test test_dd2_model ... ok
test test_display_report_auto_mode ... ok
test test_display_report_digits ... ok
test test_extended_report_steering_velocity ... ok
test test_extended_report_temperature_extraction ... ok
test test_fix_report_values_boundary ... ok
test test_gt_dd_pro_model ... ok
test test_kernel_range_sequence_structure ... ok
test test_led_report_full_bitmask ... ok
test test_led_report_single_led ... ok
test test_mode_switch_report_byte_layout ... ok
test test_rim_capabilities_formula_v2 ... ok
test test_rim_capabilities_formula_v25 ... ok
test test_rim_capabilities_mclaren_gt3_v2 ... ok
test test_rim_id_unknown_values ... ok
test test_rotation_range_clamping ... ok
test test_rumble_asymmetric ... ok
test test_rumble_full_intensity ... ok
test test_set_gain_boundary_values ... ok
test test_sign_fix_needed_for_dd_bases ... ok
test test_stop_all_report_byte_layout ... ok
test prop_led_bitmask_preserved ... ok
test prop_rumble_report_preserves_values ... ok
test prop_rotation_range_clamped ... ok
test prop_constant_force_roundtrip ... ok
test prop_pedal_report_parse_never_panics ... ok
test prop_extended_report_parse_never_panics ... ok
test prop_standard_report_parse_never_panics ... ok

test result: ok. 41 passed; 0 failed; 0 ignored; 0 measured; 0 filtered out; finished in 0.02s

     Running tests\fanatec_deep_tests.rs (target\debug\deps\fanatec_deep_tests-409a8edb8e39201b.exe)

running 55 tests
test accessory_pids_neither_wheelbase_nor_pedal ... ok
test all_pedal_pids_are_pedal_products ... ok
test display_range_vs_output_range_consistency ... ok
test display_decimal_point_merging ... ok
test input_extended_all_faults_combined ... ok
test display_unrepresentable_letters_are_blank ... ok
test input_pedal_two_axis_no_clutch ... ok
test display_wheelbase_vs_wheel_led_formats_differ ... ok
test input_standard_report_mclaren_gt3v2_features ... ok
test input_standard_report_minimum_length ... ok
test input_pedal_all_axes_max ... ok
test display_7seg_all_digits_encode_display_integration ... ok
test input_pedal_upper_bits_masked ... ok
test malformed_all_0xff_standard_is_valid ... ok
test display_wheel_led_specific_patterns ... ok
test all_wheelbase_pids_are_wheelbase_products ... ok
test input_extended_minimum_length ... ok
test malformed_pedal_report_short_lengths ... ok
test input_standard_report_progressive_lengths ... ok
test input_standard_report_formula_v2_features ... ok
test malformed_boundary_ten_bytes_accepted ... ok
test input_pedal_six_bytes_two_axis ... ok
test malformed_standard_report_short_lengths ... ok
proptest: FileFailurePersistence::SourceParallel set, but failed to find lib.rs or main.rs
proptest: FileFailurePersistence::SourceParallel set, but failed to find lib.rs or main.rs
test malformed_extended_report_short_lengths ... ok
proptest: FileFailurePersistence::SourceParallel set, but failed to find lib.rs or main.rs
proptest: FileFailurePersistence::SourceParallel set, but failed to find lib.rs or main.rs
test malformed_wrong_report_ids ... ok
proptest: FileFailurePersistence::SourceParallel set, but failed to find lib.rs or main.rs
test output_fix_report_values_edge_cases ... ok
test output_report_id_consistency ... ok
proptest: FileFailurePersistence::SourceParallel set, but failed to find lib.rs or main.rs
test pipeline_model_rotation_to_kernel_range ... ok
proptest: FileFailurePersistence::SourceParallel set, but failed to find lib.rs or main.rs
proptest: FileFailurePersistence::SourceParallel set, but failed to find lib.rs or main.rs
test pipeline_model_to_slot_encoding_csl_elite ... ok
test pipeline_model_to_slot_encoding_dd1 ... ok
proptest: FileFailurePersistence::SourceParallel set, but failed to find lib.rs or main.rs
test slot_all_five_effects_structure ... ok
proptest: FileFailurePersistence::SourceParallel set, but failed to find lib.rs or main.rs
test slot_disable_each_slot ... ok
test slot_highres_marker_always_set ... ok
test slot_lowres_no_marker ... ok
test slot_stop_all_exact_bytes ... ok
test slot_zero_disables_effects ... ok
test tuning_param_lookup_bidirectional ... ok
test tuning_reset_and_advanced_mode_wire_format ... ok
test tuning_select_slot_all_valid ... ok
test tuning_signed_dri_full_range_roundtrip ... ok
test tuning_times_ten_roundtrip_boundaries ... ok
test unknown_pid_safe_defaults ... ok
test tuning_write_all_params_correct_offset ... ok
test vid_is_endor_ag ... ok
test wheelbase_variant_matrix ... ok
test proptests::prop_slot_lowres_no_marker ... ok
test proptests::prop_slot_highres_marker ... ok
test proptests::prop_resistance_effects ... ok
test proptests::prop_pedal_12bit_masking ... ok
test proptests::prop_spring_structure ... ok
test proptests::prop_tuning_noop_roundtrip ... ok
test proptests::prop_tuning_times_ten_roundtrip ... ok
test proptests::prop_extended_report_never_panics ... ok
test proptests::prop_standard_report_fields_bounded ... ok
test proptests::prop_standard_report_never_panics ... ok

test result: ok. 55 passed; 0 failed; 0 ignored; 0 measured; 0 filtered out; finished in 0.03s

     Running tests\id_verification.rs (target\debug\deps\id_verification-1d0dfbdca8671c19.exe)

running 18 tests
test clubsport_dd_pid_is_01e9 ... ok
test clubsport_pedals_v1_v2_pid_is_1839 ... ok
test clubsport_handbrake_pid_is_1a93 ... ok
test clubsport_pedals_v3_pid_is_183b ... ok
test csl_elite_pedals_pid_is_6204 ... ok
test clubsport_shifter_pid_is_1a92 ... ok
test csl_pedals_v2_pid_is_6206 ... ok
test dd2_pid_is_0007 ... ok
test clubsport_v2_pid_is_0001 ... ok
test csl_dd_pid_is_0020 ... ok
test csl_elite_pid_is_0e03 ... ok
test csl_elite_ps4_pid_is_0005 ... ok
test csr_elite_pid_is_0011 ... ok
test clubsport_v2_5_pid_is_0004 ... ok
test dd1_pid_is_0006 ... ok
test csl_pedals_lc_pid_is_6205 ... ok
test gt_dd_pro_pid_is_0024 ... ok
test vendor_id_is_0eb7 ... ok

test result: ok. 18 passed; 0 failed; 0 ignored; 0 measured; 0 filtered out; finished in 0.00s

     Running tests\kernel_wire_crosscheck.rs (target\debug\deps\kernel_wire_crosscheck-eac678ea26663b33.exe)

running 18 tests
test constant_highres_wire_structure ... ok
test constant_lowres_wire_structure ... ok
test damper_wire_structure ... ok
test inertia_wire_structure ... ok
test effect_cmd_resistance_is_0x0c ... ok
test effect_cmd_spring_is_0x0b ... ok
test friction_wire_structure ... ok
test effect_cmd_constant_is_0x08 ... ok
test stop_all_matches_kernel ... ok
test slot_damper_is_2 ... ok
test slot_friction_is_4 ... ok
test slot_inertia_is_3 ... ok
test tuning_report_size_is_64 ... ok
test slot_cmd_size_is_7 ... ok
test tuning_report_prefix ... ok
test slot_spring_is_1 ... ok
test slot_constant_is_0 ... ok
test spring_wire_structure ... ok

test result: ok. 18 passed; 0 failed; 0 ignored; 0 measured; 0 filtered out; finished in 0.00s

     Running tests\property_tests.rs (target\debug\deps\property_tests-6d8184143fd0c738.exe)

running 16 tests
test test_stop_all_command_byte ... ok
test test_mode_switch_report_bytes ... ok
proptest: FileFailurePersistence::SourceParallel set, but failed to find lib.rs or main.rs
proptest: FileFailurePersistence::SourceParallel set, but failed to find lib.rs or main.rs
proptest: FileFailurePersistence::SourceParallel set, but failed to find lib.rs or main.rs
proptest: FileFailurePersistence::SourceParallel set, but failed to find lib.rs or main.rs
proptest: FileFailurePersistence::SourceParallel set, but failed to find lib.rs or main.rs
proptest: FileFailurePersistence::SourceParallel set, but failed to find lib.rs or main.rs
proptest: FileFailurePersistence::SourceParallel set, but failed to find lib.rs or main.rs
proptest: FileFailurePersistence::SourceParallel set, but failed to find lib.rs or main.rs
proptest: FileFailurePersistence::SourceParallel set, but failed to find lib.rs or main.rs
proptest: FileFailurePersistence::SourceParallel set, but failed to find lib.rs or main.rs
proptest: FileFailurePersistence::SourceParallel set, but failed to find lib.rs or main.rs
proptest: FileFailurePersistence::SourceParallel set, but failed to find lib.rs or main.rs
proptest: FileFailurePersistence::SourceParallel set, but failed to find lib.rs or main.rs
proptest: FileFailurePersistence::SourceParallel set, but failed to find lib.rs or main.rs
test prop_led_bitmask_roundtrip ... ok
test prop_rotation_range_clamped ... ok
test prop_gain_report_clamped ... ok
test prop_rotation_range_in_range_passthrough ... ok
test prop_reserved_bytes_always_zero ... ok
test prop_positive_torque_produces_nonneg_raw ... ok
test prop_negative_torque_produces_nonpos_raw ... ok
test prop_report_id_and_command_bytes ... ok
test prop_rotation_range_report_ids ... ok
test prop_over_range_torque_saturates ... ok
test prop_display_report_fields ... ok
test prop_ffb_scalar_bounds ... ok
test prop_encode_zero_always_clears_force ... ok
test prop_rumble_parameters_preserved ... ok

test result: ok. 16 passed; 0 failed; 0 ignored; 0 measured; 0 filtered out; finished in 0.02s

     Running tests\proptest_fuzz.rs (target\debug\deps\proptest_fuzz-a788aeb8ae7e342f.exe)

running 15 tests
proptest: FileFailurePersistence::SourceParallel set, but failed to find lib.rs or main.rs
proptest: FileFailurePersistence::SourceParallel set, but failed to find lib.rs or main.rs
proptest: FileFailurePersistence::SourceParallel set, but failed to find lib.rs or main.rs
proptest: FileFailurePersistence::SourceParallel set, but failed to find lib.rs or main.rs
proptest: FileFailurePersistence::SourceParallel set, but failed to find lib.rs or main.rs
proptest: FileFailurePersistence::SourceParallel set, but failed to find lib.rs or main.rs
proptest: FileFailurePersistence::SourceParallel set, but failed to find lib.rs or main.rs
proptest: FileFailurePersistence::SourceParallel set, but failed to find lib.rs or main.rs
proptest: FileFailurePersistence::SourceParallel set, but failed to find lib.rs or main.rs
proptest: FileFailurePersistence::SourceParallel set, but failed to find lib.rs or main.rs
proptest: FileFailurePersistence::SourceParallel set, but failed to find lib.rs or main.rs
proptest: FileFailurePersistence::SourceParallel set, but failed to find lib.rs or main.rs
proptest: FileFailurePersistence::SourceParallel set, but failed to find lib.rs or main.rs
proptest: FileFailurePersistence::SourceParallel set, but failed to find lib.rs or main.rs
proptest: FileFailurePersistence::SourceParallel set, but failed to find lib.rs or main.rs
test fuzz_encoder_nan ... ok
test fuzz_model_from_product_id ... ok
test fuzz_rim_id_from_byte ... ok
test fuzz_standard_report_short_lengths ... ok
test fuzz_encoder_zero_max_torque ... ok
test fuzz_encoder_inf ... ok
test fuzz_pedal_report_short_lengths ... ok
test fuzz_extended_report_short_lengths ... ok
test fuzz_pedal_report_output_ranges ... ok
test fuzz_standard_report_output_ranges ... ok
test fuzz_extended_report_arbitrary_bytes ... ok
test fuzz_extended_report_wrong_id ... ok
test fuzz_standard_report_wrong_id ... ok
test fuzz_standard_report_arbitrary_bytes ... ok
test fuzz_pedal_report_arbitrary_bytes ... ok

test result: ok. 15 passed; 0 failed; 0 ignored; 0 measured; 0 filtered out; finished in 0.03s

     Running tests\proptest_ids.rs (target\debug\deps\proptest_ids-50434776e0202a4e.exe)

running 14 tests
proptest: FileFailurePersistence::SourceParallel set, but failed to find lib.rs or main.rs
proptest: FileFailurePersistence::SourceParallel set, but failed to find lib.rs or main.rs
proptest: FileFailurePersistence::SourceParallel set, but failed to find lib.rs or main.rs
proptest: FileFailurePersistence::SourceParallel set, but failed to find lib.rs or main.rs
proptest: FileFailurePersistence::SourceParallel set, but failed to find lib.rs or main.rs
proptest: FileFailurePersistence::SourceParallel set, but failed to find lib.rs or main.rs
proptest: FileFailurePersistence::SourceParallel set, but failed to find lib.rs or main.rs
proptest: FileFailurePersistence::SourceParallel set, but failed to find lib.rs or main.rs
proptest: FileFailurePersistence::SourceParallel set, but failed to find lib.rs or main.rs
proptest: FileFailurePersistence::SourceParallel set, but failed to find lib.rs or main.rs
proptest: FileFailurePersistence::SourceParallel set, but failed to find lib.rs or main.rs
proptest: FileFailurePersistence::SourceParallel set, but failed to find lib.rs or main.rs
proptest: FileFailurePersistence::SourceParallel set, but failed to find lib.rs or main.rs
proptest: FileFailurePersistence::SourceParallel set, but failed to find lib.rs or main.rs
test prop_encoder_cpr_positive ... ok
test prop_known_model_torque_positive ... ok
test prop_pedal_model_consistent_with_is_pedal ... ok
test prop_pedal_axis_count_valid ... ok
test prop_vendor_id_nonzero ... ok
test prop_vendor_id_is_0eb7 ... ok
test prop_all_pids_nonzero ... ok
test prop_model_consistent_with_is_wheelbase ... ok
test prop_model_from_pid_deterministic ... ok
test prop_torque_non_negative_and_finite ... ok
test prop_recognised_pedal_pid_not_unknown ... ok
test prop_pedal_model_from_pid_deterministic ... ok
test prop_recognised_pid_not_unknown ... ok
test prop_known_pids_nonzero ... ok

test result: ok. 14 passed; 0 failed; 0 ignored; 0 measured; 0 filtered out; finished in 0.02s

     Running tests\proptest_output.rs (target\debug\deps\proptest_output-102952ce7fdc9792.exe)

running 17 tests
proptest: FileFailurePersistence::SourceParallel set, but failed to find lib.rs or main.rs
proptest: FileFailurePersistence::SourceParallel set, but failed to find lib.rs or main.rs
proptest: FileFailurePersistence::SourceParallel set, but failed to find lib.rs or main.rs
proptest: FileFailurePersistence::SourceParallel set, but failed to find lib.rs or main.rs
proptest: FileFailurePersistence::SourceParallel set, but failed to find lib.rs or main.rs
proptest: FileFailurePersistence::SourceParallel set, but failed to find lib.rs or main.rs
proptest: FileFailurePersistence::SourceParallel set, but failed to find lib.rs or main.rs
proptest: FileFailurePersistence::SourceParallel set, but failed to find lib.rs or main.rs
proptest: FileFailurePersistence::SourceParallel set, but failed to find lib.rs or main.rs
proptest: FileFailurePersistence::SourceParallel set, but failed to find lib.rs or main.rs
proptest: FileFailurePersistence::SourceParallel set, but failed to find lib.rs or main.rs
proptest: FileFailurePersistence::SourceParallel set, but failed to find lib.rs or main.rs
proptest: FileFailurePersistence::SourceParallel set, but failed to find lib.rs or main.rs
proptest: FileFailurePersistence::SourceParallel set, but failed to find lib.rs or main.rs
proptest: FileFailurePersistence::SourceParallel set, but failed to find lib.rs or main.rs
proptest: FileFailurePersistence::SourceParallel set, but failed to find lib.rs or main.rs
test prop_kernel_range_sequence_fixed_steps ... ok
test prop_input_button_round_trip ... ok
test prop_input_pedal_round_trip ... ok
test prop_fix_report_values_idempotent ... ok
test prop_report_header ... ok
test prop_reserved_bytes_zero ... ok
test prop_monotone_positive ... ok
proptest: FileFailurePersistence::SourceParallel set, but failed to find lib.rs or main.rs
test prop_sign_preserved ... ok
test prop_round_trip_accuracy ... ok
test prop_fix_report_values_only_modifies_high ... ok
test prop_kernel_range_sequence_encodes_degrees ... ok
test prop_report_length ... ok
test prop_kernel_range_sequence_shape ... ok
test prop_sign_symmetry ... ok
test prop_needs_sign_fix_csr_elite_is_false ... ok
test prop_max_rotation_degrees_bounds ... ok
test prop_is_highres_dd_only ... ok

test result: ok. 17 passed; 0 failed; 0 ignored; 0 measured; 0 filtered out; finished in 0.05s

     Running tests\protocol_verification_tests.rs (target\debug\deps\protocol_verification_tests-b3be61780388a806.exe)

running 45 tests
test accessory_pids_match_hwdb ... ok
test all_verified_wheelbases_classified ... ok
test all_verified_pedals_classified ... ok
test clubsport_pedals_v1v2_pid_matches_wine ... ok
test highres_flag_matches_driver ... ok
test display_report_auto_mode ... ok
test display_report_format ... ok
test led_report_all_9_leds_on ... ok
test kernel_range_sequence_2520_degrees ... ok
test kernel_range_sequence_clamping ... ok
test kernel_range_sequence_min_90 ... ok
test encode_zero_produces_zero_force ... ok
test led_command_constants ... ok
test max_rotation_degrees_is_2520 ... ok
test kernel_range_sequence_900_degrees ... ok
test led_report_format ... ok
test led_report_all_off ... ok
test model_from_product_id_all_verified ... ok
test constant_force_report_structure ... ok
test model_max_rotation_per_device ... ok
test min_rotation_degrees_is_90 ... ok
test model_max_torque_per_device ... ok
test needs_sign_fix_matches_driver ... ok
test pedal_axis_counts ... ok
test pedal_model_from_product_id ... ok
test pedal_wheelbase_mutual_exclusion ... ok
test rim_id_round_trip_all ... ok
test rotation_range_report_360 ... ok
test rumble_report_format ... ok
test rumble_report_max_intensity ... ok
test rumble_report_stop ... ok
test set_gain_report_format ... ok
test stop_all_byte_sequence ... ok
test torque_encoding_clamps_to_max ... ok
test torque_encoding_full_negative ... ok
test torque_encoding_full_positive ... ok
test torque_encoding_half ... ok
test torque_encoding_zero ... ok
test torque_encoding_zero_max_returns_zero ... ok
test unknown_pid_classifies_safely ... ok
test unverified_pids_present_for_compat ... ok
test verified_pedal_pids_match_driver ... ok
test verified_rim_ids_match_driver ... ok
test verified_wheelbase_pids_match_driver ... ok
test vid_matches_community_driver ... ok

test result: ok. 45 passed; 0 failed; 0 ignored; 0 measured; 0 filtered out; finished in 0.00s

     Running tests\roundtrip_proptest.rs (target\debug\deps\roundtrip_proptest-2333609daf252a45.exe)

running 12 tests
proptest: FileFailurePersistence::SourceParallel set, but failed to find lib.rs or main.rs
proptest: FileFailurePersistence::SourceParallel set, but failed to find lib.rs or main.rs
proptest: FileFailurePersistence::SourceParallel set, but failed to find lib.rs or main.rs
proptest: FileFailurePersistence::SourceParallel set, but failed to find lib.rs or main.rs
proptest: FileFailurePersistence::SourceParallel set, but failed to find lib.rs or main.rs
proptest: FileFailurePersistence::SourceParallel set, but failed to find lib.rs or main.rs
proptest: FileFailurePersistence::SourceParallel set, but failed to find lib.rs or main.rs
proptest: FileFailurePersistence::SourceParallel set, but failed to find lib.rs or main.rs
proptest: FileFailurePersistence::SourceParallel set, but failed to find lib.rs or main.rs
proptest: FileFailurePersistence::SourceParallel set, but failed to find lib.rs or main.rs
proptest: FileFailurePersistence::SourceParallel set, but failed to find lib.rs or main.rs
proptest: FileFailurePersistence::SourceParallel set, but failed to find lib.rs or main.rs
test prop_display_report_deterministic ... ok
test prop_gain_roundtrip ... ok
test prop_led_report_roundtrip ... ok
test prop_rotation_range_roundtrip ... ok
test prop_rumble_report_deterministic ... ok
test prop_stop_all_deterministic ... ok
test prop_constant_force_magnitude_roundtrip ... ok
test prop_constant_force_zero_roundtrip ... ok
test prop_input_steering_roundtrip ... ok
test prop_input_buttons_roundtrip ... ok
test prop_pedal_axes_roundtrip ... ok
test prop_pedal_short_report_none ... ok

test result: ok. 12 passed; 0 failed; 0 ignored; 0 measured; 0 filtered out; finished in 0.01s

     Running tests\snapshot_encoding.rs (target\debug\deps\snapshot_encoding-bb89106f6b32d07c.exe)

running 15 tests
test test_snapshot_encode_quarter_negative_torque ... ok
test test_snapshot_encode_clamp_above_max ... ok
test test_snapshot_display_report_all_nines ... ok
test test_snapshot_is_pedal_unknown_pid ... ok
test test_snapshot_rumble_report_full_left_only ... ok
test test_snapshot_encode_clamp_below_neg_max ... ok
test test_snapshot_is_wheelbase_unknown_pid ... ok
test test_snapshot_rumble_report_short_burst ... ok
test test_snapshot_is_pedal_known_pids ... ok
test test_snapshot_parse_standard_report_center ... ok
test test_snapshot_encode_quarter_positive_torque ... ok
test test_snapshot_set_gain_report_zero ... ok
test test_snapshot_is_wheelbase_known_pids ... ok
test test_snapshot_rotation_range_900 ... ok
test test_snapshot_display_report_zeros ... ok

test result: ok. 15 passed; 0 failed; 0 ignored; 0 measured; 0 filtered out; finished in 0.19s

     Running tests\snapshot_tests.rs (target\debug\deps\snapshot_tests-43d9887e64f157f4.exe)

running 22 tests
test test_snapshot_clubsport_dd_full_negative_torque ... ok
test test_snapshot_kernel_range_sequence_clamp_min ... ok
test test_snapshot_kernel_range_sequence_2520 ... ok
test test_snapshot_mode_switch_report ... ok
test test_snapshot_kernel_range_sequence_900 ... ok
test test_snapshot_clubsport_dd_half_torque ... ok
test test_snapshot_all_pedal_variants ... ok
test test_snapshot_clubsport_dd_full_positive_torque ... ok
test test_snapshot_encode_constant_force_neg_one ... ok
test test_snapshot_encode_zero_report ... ok
test test_snapshot_all_rim_variants ... ok
test test_snapshot_encode_constant_force_zero ... ok
test test_snapshot_led_report_all_on ... ok
test test_snapshot_encode_constant_force_pos_one ... ok
test test_snapshot_fix_report_values_mixed ... ok
test test_snapshot_all_wheelbase_variants ... ok
test test_snapshot_rotation_range_clamp_max ... ok
test test_snapshot_protocol_constants ... ok
test test_snapshot_rotation_range_540 ... ok
test test_snapshot_rotation_range_clamp_min ... ok
test test_snapshot_set_gain_report_full ... ok
test test_snapshot_stop_all_report ... ok

test result: ok. 22 passed; 0 failed; 0 ignored; 0 measured; 0 filtered out; finished in 0.18s

     Running unittests src\lib.rs (target\debug\deps\racing_wheel_hid_ffbeast_protocol-799cafb7e62fda5b.exe)

running 73 tests
test effects::tests::constant_force_smoke ... ok
test effects::tests::device_control_enable ... ok
test effects::tests::report_ids_match_pid_spec ... ok
test ids::tests::unknown_product_not_recognised ... ok
test ids::tests::known_products_recognised ... ok
test effects::tests::effect_type_values ... ok
test effects::tests::device_gain_clamps ... ok
test input::tests::firmware_version_fields ... ok
test input::tests::parse_accepts_longer_data ... ok
test input::tests::parse_rejects_short_data ... ok
test input::tests::parse_valid_report ... ok
test input::tests::parse_with_id_empty ... ok
test input::tests::parse_with_id_wrong_id ... ok
test input::tests::position_degrees_900_range ... ok
test input::tests::position_normalized_full_negative ... ok
test input::tests::position_normalized_full_positive ... ok
test input::tests::parse_with_id_valid ... ok
test input::tests::torque_normalized_bounds ... ok
test input::tests::zero_values ... ok
test output::tests::enable_ffb_report_structure ... ok
test output::tests::encoder_clamps_over_one ... ok
test output::tests::encoder_clamps_under_negative_one ... ok
test output::tests::encoder_full_negative_torque ... ok
test output::tests::encoder_full_positive_torque ... ok
test output::tests::encoder_zero_torque_produces_zero_bytes ... ok
test output::tests::gain_report_structure ... ok
test settings::tests::amplifier_gain_values ... ok
test settings::tests::commands_are_64_bytes ... ok
test settings::tests::commands_zero_padded ... ok
test settings::tests::default_fields_are_u8 ... ok
test settings::tests::dfu_mode_command ... ok
test settings::tests::direct_control_clamps_drop ... ok
test settings::tests::direct_control_clamps_spring ... ok
test output::proptest_tests::encode_over_range_clamps_to_max ... ok
test settings::tests::direct_control_forces ... ok
test settings::tests::direct_control_header ... ok
test settings::tests::direct_control_size ... ok
test settings::tests::parse_effect_settings_too_short ... ok
test settings::tests::parse_effect_settings_valid ... ok
test output::proptest_tests::encode_in_range_stays_bounded ... ok
test settings::tests::parse_firmware_license_too_short ... ok
test settings::tests::parse_firmware_license_valid ... ok
test settings::tests::parse_hardware_settings_too_short ... ok
test settings::tests::parse_hardware_settings_valid ... ok
test output::proptest_tests::encode_under_range_clamps_to_min ... ok
test settings::tests::reboot_command_byte_0 ... ok
test settings::tests::report_cmd_values_match_webhid ... ok
test settings::tests::report_ids_match_webhid_api ... ok
test settings::tests::report_size_is_64 ... ok
test settings::tests::reset_center_command ... ok
test settings::tests::save_and_reboot_command ... ok
test settings::tests::settings_write_clamps_i8_negative ... ok
test settings::tests::settings_write_clamps_u16_overflow ... ok
test settings::tests::settings_write_clamps_u8_overflow ... ok
test settings::tests::settings_write_header ... ok
test settings::tests::settings_write_i8_value ... ok
test settings::tests::settings_write_u16_value ... ok
test settings::tests::settings_write_u8_value ... ok
test settings::tests::settings_write_with_index ... ok
test settings::tests::signed_fields_are_i8 ... ok
test settings::tests::u16_fields ... ok
test output::proptest_tests::encode_report_id_always_constant_force ... ok
test output::proptest_tests::encode_reserved_bytes_always_zero ... ok
test output::proptest_tests::encode_no_panic_on_arbitrary_float ... ok
test input::property_tests::prop_truncated_rejected ... ok
test input::property_tests::prop_wrong_id_rejected ... ok
test input::property_tests::prop_normalized_values_finite ... ok
test input::property_tests::prop_parse_with_id_never_panics ... ok
test input::property_tests::prop_parse_never_panics ... ok
test output::snapshot_tests::snapshot_encode_zero_torque ... ok
test output::snapshot_tests::snapshot_encode_full_negative ... ok
test output::snapshot_tests::snapshot_encode_half_positive ... ok
test output::snapshot_tests::snapshot_encode_full_positive ... ok

test result: ok. 73 passed; 0 failed; 0 ignored; 0 measured; 0 filtered out; finished in 0.18s

     Running tests\comprehensive.rs (target\debug\deps\comprehensive-aa5ff32154b24756.exe)

running 41 tests
test adjacent_pids_not_recognised ... ok
test clamp_over_positive_one ... ok
test constant_force_report_id_is_0x01 ... ok
test clamp_under_negative_one ... ok
test enable_ffb_true_structure ... ok
test constant_force_report_len_is_5 ... ok
test encode_infinity_clamps_to_max ... ok
test encode_is_deterministic ... ok
test encode_full_negative ... ok
test encode_full_positive ... ok
test encode_half_negative ... ok
test all_three_products_recognised ... ok
test encode_half_positive ... ok
test enable_ffb_false_structure ... ok
test enable_ffb_report_id_is_0x60 ... ok
test encode_is_monotonic_in_range ... ok
test encode_negative_zero ... ok
test encode_nan_clamps_and_does_not_panic ... ok
test encode_neg_infinity_clamps_to_min ... ok
test encode_quarter_torque ... ok
test encode_small_positive_torque_rounds_toward_zero ... ok
proptest: FileFailurePersistence::SourceParallel set, but failed to find lib.rs or main.rs
test encode_zero_torque ... ok
proptest: FileFailurePersistence::SourceParallel set, but failed to find lib.rs or main.rs
proptest: FileFailurePersistence::SourceParallel set, but failed to find lib.rs or main.rs
proptest: FileFailurePersistence::SourceParallel set, but failed to find lib.rs or main.rs
test encoder_default_is_equivalent ... ok
proptest: FileFailurePersistence::SourceParallel set, but failed to find lib.rs or main.rs
test gain_report_id_is_0x61 ... ok
proptest: FileFailurePersistence::SourceParallel set, but failed to find lib.rs or main.rs
proptest: FileFailurePersistence::SourceParallel set, but failed to find lib.rs or main.rs
test gain_report_min_and_max ... ok
test gain_report_preserves_midpoint ... ok
test max_pid_not_recognised ... ok
proptest: FileFailurePersistence::SourceParallel set, but failed to find lib.rs or main.rs
test max_torque_scale_is_10000 ... ok
test product_ids_are_distinct ... ok
test vendor_id_matches_linux_kernel ... ok
proptest: FileFailurePersistence::SourceParallel set, but failed to find lib.rs or main.rs
proptest: FileFailurePersistence::SourceParallel set, but failed to find lib.rs or main.rs
test zero_pid_not_recognised ... ok
test prop_gain_round_trips ... ok
test prop_enable_ffb_boolean ... ok
test prop_in_range_torque_bounded ... ok
test prop_is_ffbeast_product_exhaustive ... ok
test prop_negative_maps_negative ... ok
test prop_positive_maps_positive ... ok
test prop_symmetry_positive_negative ... ok
test prop_report_len_always_5 ... ok
test prop_report_id_always_correct ... ok
test prop_reserved_bytes_always_zero ... ok

test result: ok. 41 passed; 0 failed; 0 ignored; 0 measured; 0 filtered out; finished in 0.02s

     Running tests\deep_protocol_tests.rs (target\debug\deps\deep_protocol_tests-8ec2575443dc8956.exe)

running 23 tests
test all_product_ids_are_unique ... ok
test enable_ffb_false ... ok
test enable_ffb_true ... ok
test encode_clamps_above_range ... ok
test encode_clamps_below_range ... ok
test encode_reserved_bytes_zero ... ok
test is_ffbeast_rejects_unknown_pid ... ok
test encode_full_positive_torque ... ok
test encode_quarter_torque ... ok
test encode_report_id_always_0x01 ... ok
test encode_does_not_panic_on_special_floats ... ok
test encode_symmetry_positive_negative ... ok
test encode_zero_torque ... ok
test rudder_pid ... ok
test encode_full_negative_torque ... ok
test set_gain_full ... ok
test encode_report_length_always_5 ... ok
test joystick_pid ... ok
test is_ffbeast_recognises_all_three_products ... ok
test set_gain_zero ... ok
test set_gain_mid_range ... ok
test vendor_id_is_renesas ... ok
test wheel_pid ... ok

test result: ok. 23 passed; 0 failed; 0 ignored; 0 measured; 0 filtered out; finished in 0.00s

     Running tests\ffbeast_protocol_tests.rs (target\debug\deps\ffbeast_protocol_tests-b25c50791e1297dc.exe)

running 51 tests
test all_commands_64_bytes ... ok
test direct_control_clamps_forces ... ok
test all_pids_distinct ... ok
test direct_control_known_bytes ... ok
test is_ffbeast_product_rejects_unknown ... ok
test dfu_mode_command_known_bytes ... ok
test parse_firmware_license_known_bytes ... ok
test parse_hardware_settings_known_bytes ... ok
test is_ffbeast_product_known ... ok
test direct_control_zero ... ok
test parse_effect_settings_known_bytes ... ok
test parse_effect_settings_min_length ... ok
test parse_effect_settings_too_short ... ok
test enable_ffb_known_bytes ... ok
test parse_firmware_license_too_short ... ok
proptest: FileFailurePersistence::SourceParallel set, but failed to find lib.rs or main.rs
proptest: FileFailurePersistence::SourceParallel set, but failed to find lib.rs or main.rs
proptest: FileFailurePersistence::SourceParallel set, but failed to find lib.rs or main.rs
proptest: FileFailurePersistence::SourceParallel set, but failed to find lib.rs or main.rs
test generic_io_report_id_constant ... ok
proptest: FileFailurePersistence::SourceParallel set, but failed to find lib.rs or main.rs
proptest: FileFailurePersistence::SourceParallel set, but failed to find lib.rs or main.rs
proptest: FileFailurePersistence::SourceParallel set, but failed to find lib.rs or main.rs
proptest: FileFailurePersistence::SourceParallel set, but failed to find lib.rs or main.rs
test parse_hardware_settings_too_short ... ok
proptest: FileFailurePersistence::SourceParallel set, but failed to find lib.rs or main.rs
proptest: FileFailurePersistence::SourceParallel set, but failed to find lib.rs or main.rs
test pid_golden_values ... ok
test reboot_command_known_bytes ... ok
test reset_center_known_bytes ... ok
proptest: FileFailurePersistence::SourceParallel set, but failed to find lib.rs or main.rs
test save_and_reboot_known_bytes ... ok
test settings_write_u16_motion_range ... ok
test set_gain_known_bytes ... ok
test settings_write_u8_power_limit ... ok
test settings_write_i8_direction ... ok
test settings_write_overflow_clamping ... ok
test state_report_accepts_extra_data ... ok
test state_report_id_constant ... ok
test state_report_parse_extremes ... ok
test state_report_parse_known_bytes ... ok
test state_report_parse_with_id_wrong_id ... ok
test state_report_parse_with_id ... ok
test state_report_rejects_short_data ... ok
test state_report_parse_zero ... ok
test torque_encoder_full_range ... ok
test torque_encoder_clamps ... ok
test state_report_position_degrees ... ok
test torque_encoder_known_bytes ... ok
test torque_encoder_report_constants ... ok
test vid_golden_value ... ok
test proptest_ffbeast::prop_settings_write_report_structure ... ok
test proptest_ffbeast::prop_is_ffbeast_product_only_known ... ok
test proptest_ffbeast::prop_position_normalized_bounded ... ok
test proptest_ffbeast::prop_direct_control_clamps_all_forces ... ok
test proptest_ffbeast::prop_torque_encoder_bounded ... ok
test proptest_ffbeast::prop_torque_encoder_always_valid_report_id ... ok
test proptest_ffbeast::prop_parse_hardware_settings_never_panics ... ok
test proptest_ffbeast::prop_parse_effect_settings_never_panics ... ok
test proptest_ffbeast::prop_state_report_parse_never_panics ... ok
test proptest_ffbeast::prop_parse_firmware_license_never_panics ... ok
test proptest_ffbeast::prop_state_report_valid_length_always_some ... ok

test result: ok. 51 passed; 0 failed; 0 ignored; 0 measured; 0 filtered out; finished in 0.03s

     Running tests\id_verification.rs (target\debug\deps\id_verification-c73efe03bd7a8993.exe)

running 4 tests
test joystick_pid_is_58f9 ... ok
test vendor_id_is_045b ... ok
test rudder_pid_is_5968 ... ok
test wheel_pid_is_59d7 ... ok

test result: ok. 4 passed; 0 failed; 0 ignored; 0 measured; 0 filtered out; finished in 0.00s

     Running tests\property_tests.rs (target\debug\deps\property_tests-18896500e533f441.exe)

running 13 tests
test test_zero_torque_encodes_to_zero_raw ... ok
proptest: FileFailurePersistence::SourceParallel set, but failed to find lib.rs or main.rs
proptest: FileFailurePersistence::SourceParallel set, but failed to find lib.rs or main.rs
proptest: FileFailurePersistence::SourceParallel set, but failed to find lib.rs or main.rs
proptest: FileFailurePersistence::SourceParallel set, but failed to find lib.rs or main.rs
proptest: FileFailurePersistence::SourceParallel set, but failed to find lib.rs or main.rs
proptest: FileFailurePersistence::SourceParallel set, but failed to find lib.rs or main.rs
proptest: FileFailurePersistence::SourceParallel set, but failed to find lib.rs or main.rs
proptest: FileFailurePersistence::SourceParallel set, but failed to find lib.rs or main.rs
proptest: FileFailurePersistence::SourceParallel set, but failed to find lib.rs or main.rs
proptest: FileFailurePersistence::SourceParallel set, but failed to find lib.rs or main.rs
proptest: FileFailurePersistence::SourceParallel set, but failed to find lib.rs or main.rs
proptest: FileFailurePersistence::SourceParallel set, but failed to find lib.rs or main.rs
test prop_enable_ffb_report_structure ... ok
test prop_product_id_recognition ... ok
test prop_deterministic_encoding ... ok
test prop_positive_torque_nonneg_raw ... ok
test prop_report_length_constant ... ok
test prop_clamping_under_neg_one ... ok
test prop_reserved_bytes_always_zero ... ok
test prop_torque_always_in_range ... ok
test prop_report_id_always_correct ... ok
test prop_set_gain_report_structure ... ok
test prop_clamping_over_one ... ok
test prop_negative_torque_nonpos_raw ... ok

test result: ok. 13 passed; 0 failed; 0 ignored; 0 measured; 0 filtered out; finished in 0.02s

     Running tests\proptest_ids.rs (target\debug\deps\proptest_ids-991df4e47e094f33.exe)

running 5 tests
proptest: FileFailurePersistence::SourceParallel set, but failed to find lib.rs or main.rs
proptest: FileFailurePersistence::SourceParallel set, but failed to find lib.rs or main.rs
proptest: FileFailurePersistence::SourceParallel set, but failed to find lib.rs or main.rs
proptest: FileFailurePersistence::SourceParallel set, but failed to find lib.rs or main.rs
proptest: FileFailurePersistence::SourceParallel set, but failed to find lib.rs or main.rs
test prop_vendor_id_nonzero ... ok
test prop_recognition_deterministic ... ok
test prop_recognition_matches_known_set ... ok
test prop_known_pids_nonzero ... ok
test prop_known_pids_unique ... ok

test result: ok. 5 passed; 0 failed; 0 ignored; 0 measured; 0 filtered out; finished in 0.01s

     Running tests\proptest_input.rs (target\debug\deps\proptest_input-ac3ff17ebe7f96f5.exe)

running 10 tests

running 1 test
proptest: FileFailurePersistence::SourceParallel set, but failed to find lib.rs or main.rs
proptest: FileFailurePersistence::SourceParallel set, but failed to find lib.rs or main.rs
test firmware_version_roundtrip ... ok

running 1 test
proptest: FileFailurePersistence::SourceParallel set, but failed to find lib.rs or main.rs
proptest: FileFailurePersistence::SourceParallel set, but failed to find lib.rs or main.rs

running 1 test
proptest: FileFailurePersistence::SourceParallel set, but failed to find lib.rs or main.rs
proptest: FileFailurePersistence::SourceParallel set, but failed to find lib.rs or main.rs

running 1 test
proptest: FileFailurePersistence::SourceParallel set, but failed to find lib.rs or main.rs

running 1 test
proptest: FileFailurePersistence::SourceParallel set, but failed to find lib.rs or main.rs
proptest: FileFailurePersistence::SourceParallel set, but failed to find lib.rs or main.rs
proptest: FileFailurePersistence::SourceParallel set, but failed to find lib.rs or main.rs

running 1 test
proptest: FileFailurePersistence::SourceParallel set, but failed to find lib.rs or main.rs
proptest: FileFailurePersistence::SourceParallel set, but failed to find lib.rs or main.rs

running 1 test
proptest: FileFailurePersistence::SourceParallel set, but failed to find lib.rs or main.rs
proptest: FileFailurePersistence::SourceParallel set, but failed to find lib.rs or main.rs
test short_reports_fail ... ok
test position_normalized_bounded ... ok

running 1 test
proptest: FileFailurePersistence::SourceParallel set, but failed to find lib.rs or main.rs
proptest: FileFailurePersistence::SourceParallel set, but failed to find lib.rs or main.rs

running 1 test
proptest: FileFailurePersistence::SourceParallel set, but failed to find lib.rs or main.rs
proptest: FileFailurePersistence::SourceParallel set, but failed to find lib.rs or main.rs
test position_torque_roundtrip ... ok

running 1 test
proptest: FileFailurePersistence::SourceParallel set, but failed to find lib.rs or main.rs
proptest: FileFailurePersistence::SourceParallel set, but failed to find lib.rs or main.rs
test torque_normalized_bounded ... ok
test valid_reports_always_parse ... ok
test parse_never_panics ... ok
test parse_with_id_correct_id_succeeds ... ok
test parse_with_id_never_panics ... ok
test parse_with_id_wrong_id_fails ... ok

test result: ok. 10 passed; 0 failed; 0 ignored; 0 measured; 0 filtered out; finished in 0.19s

     Running tests\proptest_output.rs (target\debug\deps\proptest_output-b71821ccbd9ea460.exe)

running 5 tests
proptest: FileFailurePersistence::SourceParallel set, but failed to find lib.rs or main.rs
proptest: FileFailurePersistence::SourceParallel set, but failed to find lib.rs or main.rs
proptest: FileFailurePersistence::SourceParallel set, but failed to find lib.rs or main.rs
proptest: FileFailurePersistence::SourceParallel set, but failed to find lib.rs or main.rs
proptest: FileFailurePersistence::SourceParallel set, but failed to find lib.rs or main.rs
test prop_report_structure ... ok
test prop_sign_preserved ... ok
test prop_round_trip ... ok
test prop_monotone_positive ... ok
test prop_no_panic_arbitrary_input ... ok

test result: ok. 5 passed; 0 failed; 0 ignored; 0 measured; 0 filtered out; finished in 0.02s

     Running tests\protocol_verification_tests.rs (target\debug\deps\protocol_verification_tests-b370a5a65ce7dae9.exe)

running 17 tests
test all_confirmed_pids_recognised ... ok
test constant_force_report_id ... ok
test all_encoded_reports_correct_length ... ok
test encode_full_positive_torque ... ok
test enable_ffb_report ... ok
test joystick_pid_matches_kernel ... ok
test encode_full_negative_torque ... ok
test encode_half_torque ... ok
test encode_zero_torque ... ok
test rudder_pid_matches_kernel ... ok
test torque_clamping ... ok
test unknown_pids_rejected ... ok
test vid_matches_kernel_and_vendor_databases ... ok
test constant_force_report_len ... ok
test gain_report ... ok
test wheel_pid_matches_kernel_and_community ... ok
test torque_sign_preservation ... ok

test result: ok. 17 passed; 0 failed; 0 ignored; 0 measured; 0 filtered out; finished in 0.00s

     Running tests\snapshot_encoding.rs (target\debug\deps\snapshot_encoding-f0490dfa0ef86552.exe)

running 12 tests
test snapshot_product_id_wheel ... ok
test snapshot_set_gain_zero ... ok
test snapshot_vendor_id ... ok
test snapshot_encode_half_negative ... ok
test snapshot_encode_three_quarter_positive ... ok
test snapshot_product_id_rudder ... ok
test snapshot_encode_tiny_positive ... ok
test snapshot_encode_half_positive ... ok
test snapshot_encode_three_quarter_negative ... ok
test snapshot_product_id_joystick ... ok
test snapshot_encode_tiny_negative ... ok
test snapshot_set_gain_mid ... ok

test result: ok. 12 passed; 0 failed; 0 ignored; 0 measured; 0 filtered out; finished in 0.21s

     Running tests\snapshot_tests.rs (target\debug\deps\snapshot_tests-f8d5089db8df3669.exe)

running 14 tests
test test_snapshot_encode_torque_clamped_under ... ok
test test_snapshot_encode_torque_clamped_over ... ok
test test_snapshot_encode_torque_zero ... ok
test test_snapshot_enable_ffb_off ... ok
test test_snapshot_set_gain_full ... ok
test test_snapshot_set_gain_zero ... ok
test test_snapshot_is_ffbeast_product ... ok
test test_snapshot_encode_torque_full_positive ... ok
test test_snapshot_encode_torque_full_negative ... ok
test test_snapshot_protocol_constants ... ok
test test_snapshot_set_gain_half ... ok
test test_snapshot_enable_ffb_on ... ok
test test_snapshot_is_ffbeast_product_all_devices ... ok
test test_snapshot_encode_torque_quarter ... ok

test result: ok. 14 passed; 0 failed; 0 ignored; 0 measured; 0 filtered out; finished in 0.20s

     Running tests\snapshots.rs (target\debug\deps\snapshots-76850e8e2d89095e.exe)

running 6 tests
test snapshot_device_summary ... ok
test snapshot_encode_torque_small_negative ... ok
test snapshot_encode_torque_three_quarter ... ok
test snapshot_report_id_constants ... ok
test snapshot_encode_torque_small_positive ... ok
test snapshot_encode_torque_half_negative ... ok

test result: ok. 6 passed; 0 failed; 0 ignored; 0 measured; 0 filtered out; finished in 0.18s

     Running unittests src\lib.rs (target\debug\deps\racing_wheel_hid_leo_bodnar_protocol-5dd8c1edcec100b0.exe)

running 32 tests
test effects::tests::constant_force_smoke ... ok
test effects::tests::device_control_enable ... ok
test effects::tests::device_gain_clamps ... ok
test ids::tests::estimated_pids_recognised ... ok
test effects::tests::effect_type_values ... ok
test ids::tests::wrong_vid_not_recognised ... ok
test effects::tests::report_ids_match_pid_spec ... ok
test report::tests::report_size_within_usb_full_speed_limit ... ok
test ids::tests::unknown_pid_not_recognised ... ok
test ids::tests::confirmed_pids_recognised ... ok
test tests::device_from_ffb_pids_reports_ffb_support ... ok
test ids::tests::ffb_pids_identified_correctly ... ok
test ids::tests::simracing_hwdb_pids_recognised ... ok
test tests::ffb_pids_are_subset_of_known_pids ... ok
test report::tests::encoder_cpr_is_positive ... ok
test tests::all_known_pids_are_recognised ... ok
test report::tests::default_torque_is_positive ... ok
test tests::input_channel_count_is_consistent_with_device_type ... ok
test tests::non_ffb_pids_do_not_claim_ffb ... ok
test tests::all_known_pids_map_to_device_variant ... ok
test tests::unknown_pid_is_not_recognised ... ok
test tests::vendor_id_is_leo_bodnar ... ok
test types::tests::button_boxes_have_32_channels ... ok
test types::tests::ffb_support_correct ... ok
test types::tests::from_pid_known ... ok
test types::tests::from_pid_unknown_returns_none ... ok
test types::tests::names_are_non_empty ... ok
test types::tests::shift_light_has_no_input_channels ... ok
test tests::prop_ffb_support_consistent ... ok
test tests::prop_device_from_pid_consistent_with_is_leo_bodnar_device ... ok
test tests::prop_device_name_non_empty ... ok
test tests::prop_max_input_channels_within_hid_limit ... ok

test result: ok. 32 passed; 0 failed; 0 ignored; 0 measured; 0 filtered out; finished in 0.02s

     Running tests\deep_protocol_tests.rs (target\debug\deps\deep_protocol_tests-283a875727ffa21c.exe)

running 22 tests
test all_confirmed_pids_are_nonzero ... ok
test device_variant_round_trips_through_product_id ... ok
test every_recognised_pid_has_a_device_variant ... ok
test all_estimated_pids_are_nonzero ... ok
test is_leo_bodnar_device_matches_is_leo_bodnar_with_correct_vid ... ok
test max_report_bytes_fits_usb_full_speed ... ok
test output_only_device_has_zero_channels ... ok
test ffb_devices_report_supports_ffb ... ok
test from_product_id_returns_correct_variant_for_each_pid ... ok
test from_product_id_returns_none_for_adjacent_pids ... ok
test every_device_variant_has_nonempty_name ... ok
test joystick_interfaces_have_32_buttons ... ok
test non_ffb_devices_do_not_report_supports_ffb ... ok
test device_names_contain_leo_bodnar ... ok
test hid_pid_usage_page_is_standard ... ok
test only_wheel_and_ffb_joystick_are_ffb_capable ... ok
test pedal_devices_have_zero_buttons ... ok
test pids_are_unique ... ok
test vendor_id_is_correct_usb_value ... ok
test wheel_default_torque_is_positive_and_reasonable ... ok
test wheel_encoder_cpr_is_full_16bit_range ... ok
test wrong_vid_rejects_all_pids ... ok

test result: ok. 22 passed; 0 failed; 0 ignored; 0 measured; 0 filtered out; finished in 0.00s

     Running tests\edge_cases.rs (target\debug\deps\edge_cases-e21233f43a0d0857.exe)

running 20 tests
test all_device_variants_have_non_empty_names ... ok
test device_clone_and_copy ... ok
test all_pid_constants_non_zero_and_distinct ... ok
test device_debug_format_non_empty ... ok
test device_names_are_all_unique ... ok
test is_leo_bodnar_device_accepts_all_without_vid_check ... ok
test is_leo_bodnar_requires_correct_vid ... ok
test ffb_pid_function_agrees_with_device_supports_ffb ... ok
test only_two_devices_support_ffb ... ok
test ffb_devices_have_32_input_channels ... ok
test non_input_devices_have_zero_channels ... ok
test from_product_id_and_is_leo_bodnar_device_agree_for_all_known ... ok
test report_constants_golden ... ok
test vendor_id_golden ... ok
test vid_max_pid_max_not_recognised ... ok
test vid_zero_pid_zero_not_recognised ... ok
proptest: FileFailurePersistence::SourceParallel set, but failed to find lib.rs or main.rs
proptest: FileFailurePersistence::SourceParallel set, but failed to find lib.rs or main.rs
proptest: FileFailurePersistence::SourceParallel set, but failed to find lib.rs or main.rs
proptest: FileFailurePersistence::SourceParallel set, but failed to find lib.rs or main.rs
test prop_input_channels_bounded ... ok
test prop_wrong_vid_never_recognised ... ok
test prop_ffb_pid_false_for_unrecognised ... ok
test prop_device_name_starts_with_brand ... ok

test result: ok. 20 passed; 0 failed; 0 ignored; 0 measured; 0 filtered out; finished in 0.01s

     Running tests\id_verification.rs (target\debug\deps\id_verification-94a690dbade8719b.exe)

running 6 tests
test bbi32_pid_is_000c ... ok
test sli_pro_pid_is_1301 ... ok
test ffb_joystick_pid_is_000f ... ok
test usb_joystick_pid_is_0001 ... ok
test vendor_id_is_1dd2 ... ok
test wheel_interface_pid_is_000e ... ok

test result: ok. 6 passed; 0 failed; 0 ignored; 0 measured; 0 filtered out; finished in 0.00s

     Running tests\leo_bodnar_deep_tests.rs (target\debug\deps\leo_bodnar_deep_tests-b89fba7ccf0ce2e7.exe)

running 17 tests
test bu0836_16bit_has_higher_resolution ... ok
test bu0836a_identified_and_has_32_buttons ... ok
test bu0836_variants_no_ffb_support ... ok
test bu0836x_identified_and_has_32_buttons ... ok
test lc_pedals_identified_by_pid ... ok
test pedal_devices_have_zero_button_channels ... ok
test ffb_joystick_identified_and_supports_ffb ... ok
test ffb_uses_standard_hid_pid_usage_page ... ok
test max_report_bytes_within_usb_full_speed_limit ... ok
test wheel_interface_supports_ffb ... ok
test encoder_cpr_is_16_bit_range ... ok
test pedal_devices_no_ffb ... ok
test pedal_pids_not_ffb ... ok
test pedal_pids_recognised_by_vendor_check ... ok
test pedals_identified_by_pid ... ok
test only_two_devices_support_ffb ... ok
test default_max_torque_is_conservative ... ok

test result: ok. 17 passed; 0 failed; 0 ignored; 0 measured; 0 filtered out; finished in 0.00s

     Running tests\leo_bodnar_protocol_tests.rs (target\debug\deps\leo_bodnar_protocol_tests-24b56b1811b99a22.exe)

running 32 tests
test all_pids_nonzero_and_distinct ... ok
test device_ffb_support ... ok
test confirmed_pid_golden_values ... ok
test estimated_pid_golden_values ... ok
test from_product_id_all_known ... ok
test is_leo_bodnar_rejects_unknown_pids ... ok
test device_input_channels ... ok
test ffb_pid_identification ... ok
test from_product_id_unknown ... ok
test is_leo_bodnar_all_known_pids ... ok
test pidff_device_control_enable ... ok
test is_leo_bodnar_rejects_wrong_vid ... ok
test pedals_have_zero_input_channels ... ok
test pedals_no_ffb ... ok
test device_names_nonempty_and_contain_brand ... ok
test pidff_block_free_roundtrip ... ok
test pidff_constant_force_roundtrip ... ok
proptest: FileFailurePersistence::SourceParallel set, but failed to find lib.rs or main.rs
proptest: FileFailurePersistence::SourceParallel set, but failed to find lib.rs or main.rs
test pidff_device_gain_roundtrip ... ok
proptest: FileFailurePersistence::SourceParallel set, but failed to find lib.rs or main.rs
test pidff_set_condition_roundtrip ... ok
test pidff_set_effect_roundtrip ... ok
proptest: FileFailurePersistence::SourceParallel set, but failed to find lib.rs or main.rs
test pidff_set_envelope_roundtrip ... ok
proptest: FileFailurePersistence::SourceParallel set, but failed to find lib.rs or main.rs
test pidff_set_periodic_roundtrip ... ok
test pidff_set_ramp_force_roundtrip ... ok
test report_constants_golden ... ok
test vid_golden_value ... ok
proptest: FileFailurePersistence::SourceParallel set, but failed to find lib.rs or main.rs
proptest: FileFailurePersistence::SourceParallel set, but failed to find lib.rs or main.rs
test proptest_leo_bodnar::prop_device_name_nonempty ... ok
test proptest_leo_bodnar::prop_device_gain_clamps ... ok
test proptest_leo_bodnar::prop_ffb_support_consistent_with_ffb_pid ... ok
test proptest_leo_bodnar::prop_ffb_pid_subset_of_known ... ok
test proptest_leo_bodnar::prop_is_leo_bodnar_requires_correct_vid ... ok
test proptest_leo_bodnar::prop_from_product_id_consistent_with_is_device ... ok
test proptest_leo_bodnar::prop_constant_force_magnitude_roundtrips ... ok

test result: ok. 32 passed; 0 failed; 0 ignored; 0 measured; 0 filtered out; finished in 0.02s

     Running tests\property_tests.rs (target\debug\deps\property_tests-7efd5bd081579c8d.exe)

running 7 tests
proptest: FileFailurePersistence::SourceParallel set, but failed to find lib.rs or main.rs
proptest: FileFailurePersistence::SourceParallel set, but failed to find lib.rs or main.rs
proptest: FileFailurePersistence::SourceParallel set, but failed to find lib.rs or main.rs
proptest: FileFailurePersistence::SourceParallel set, but failed to find lib.rs or main.rs
proptest: FileFailurePersistence::SourceParallel set, but failed to find lib.rs or main.rs
proptest: FileFailurePersistence::SourceParallel set, but failed to find lib.rs or main.rs
proptest: FileFailurePersistence::SourceParallel set, but failed to find lib.rs or main.rs
test prop_ffb_pid_covers_only_known_ffb_devices ... ok
test prop_axis_encoder_cpr_within_u16_range ... ok
test prop_default_torque_is_positive_and_finite ... ok
test prop_wrong_vid_never_recognised ... ok
test prop_button_count_does_not_exceed_max ... ok
test prop_vendor_id_constant_is_leo_bodnar ... ok
test prop_is_leo_bodnar_with_correct_vid_agrees_with_device_check ... ok

test result: ok. 7 passed; 0 failed; 0 ignored; 0 measured; 0 filtered out; finished in 0.01s

     Running tests\proptest_ids.rs (target\debug\deps\proptest_ids-996a4b0022fd0291.exe)

running 11 tests
proptest: FileFailurePersistence::SourceParallel set, but failed to find lib.rs or main.rs
proptest: FileFailurePersistence::SourceParallel set, but failed to find lib.rs or main.rs
proptest: FileFailurePersistence::SourceParallel set, but failed to find lib.rs or main.rs
proptest: FileFailurePersistence::SourceParallel set, but failed to find lib.rs or main.rs
proptest: FileFailurePersistence::SourceParallel set, but failed to find lib.rs or main.rs
proptest: FileFailurePersistence::SourceParallel set, but failed to find lib.rs or main.rs
proptest: FileFailurePersistence::SourceParallel set, but failed to find lib.rs or main.rs
proptest: FileFailurePersistence::SourceParallel set, but failed to find lib.rs or main.rs
proptest: FileFailurePersistence::SourceParallel set, but failed to find lib.rs or main.rs
proptest: FileFailurePersistence::SourceParallel set, but failed to find lib.rs or main.rs
proptest: FileFailurePersistence::SourceParallel set, but failed to find lib.rs or main.rs
test prop_vendor_id_constant_is_leo_bodnar ... ok
test prop_is_leo_bodnar_with_vendor_id_agrees_with_device_check ... ok
test prop_default_torque_positive_and_finite ... ok
test prop_from_pid_consistent_with_is_device ... ok
test prop_all_known_pids_recognised ... ok
test prop_ffb_pid_only_for_wheel_and_ffb_joystick ... ok
test prop_wrong_vid_never_recognised ... ok
test prop_max_input_channels_within_hid_limit ... ok
test prop_device_name_non_empty ... ok
test prop_supports_ffb_consistent_with_ffb_pid ... ok
test prop_encoder_cpr_within_u16_range ... ok

test result: ok. 11 passed; 0 failed; 0 ignored; 0 measured; 0 filtered out; finished in 0.01s

     Running tests\protocol_verification_tests.rs (target\debug\deps\protocol_verification_tests-75faccb6edc33592.exe)

running 24 tests
test all_pids_recognised_with_correct_vid ... ok
test all_pids_resolve_to_device ... ok
test bbi32_pid ... ok
test bu0836_16bit_pid ... ok
test bu0836a_pid ... ok
test bu0836x_pid ... ok
test button_boxes_have_32_channels ... ok
test default_max_torque_is_10nm ... ok
test ffb_pids_correct ... ok
test hid_pid_usage_page ... ok
test device_ffb_support_consistent ... ok
test device_names_are_descriptive ... ok
test ffb_joystick_pid ... ok
test max_report_bytes_is_64 ... ok
test sli_m_has_zero_input_channels ... ok
test pedals_pid_matches_hwdb ... ok
test sli_m_pid ... ok
test lc_pedals_pid_matches_hwdb ... ok
test unknown_pids_rejected ... ok
test usb_joystick_pid ... ok
test vid_matches_usb_vendor_databases ... ok
test wheel_encoder_cpr_is_16bit ... ok
test wheel_interface_pid ... ok
test wrong_vid_rejected ... ok

test result: ok. 24 passed; 0 failed; 0 ignored; 0 measured; 0 filtered out; finished in 0.00s

     Running tests\snapshot_encoding.rs (target\debug\deps\snapshot_encoding-e6cd422bfa1df31e.exe)

running 8 tests
test snapshot_all_device_names ... ok
test snapshot_vendor_id ... ok
test snapshot_is_device_all_known_pids ... ok
test snapshot_max_report_bytes ... ok
test snapshot_ffb_pid_unknown ... ok
test snapshot_hid_pid_usage_page ... ok
test snapshot_is_device_unknown_pids ... ok
test snapshot_ffb_pid_all_known ... ok

test result: ok. 8 passed; 0 failed; 0 ignored; 0 measured; 0 filtered out; finished in 0.18s

     Running tests\snapshot_tests.rs (target\debug\deps\snapshot_tests-9b47af6f8b7d4f69.exe)

running 13 tests
test test_snapshot_device_bbi32 ... ok
test test_snapshot_axis_report_wheel_constants ... ok
test test_snapshot_device_bu0836a ... ok
test test_snapshot_device_usb_joystick ... ok
test test_snapshot_button_report_channels ... ok
test test_snapshot_all_known_pids ... ok
test test_snapshot_protocol_constants ... ok
test test_snapshot_device_ffb_joystick ... ok
test test_snapshot_device_bu0836x ... ok
test test_snapshot_device_sli_m ... ok
test test_snapshot_ffb_device_roundtrip ... ok
test test_snapshot_device_bu0836_16bit ... ok
test test_snapshot_device_wheel_interface ... ok

test result: ok. 13 passed; 0 failed; 0 ignored; 0 measured; 0 filtered out; finished in 0.22s

     Running unittests src\lib.rs (target\debug\deps\racing_wheel_hid_logitech_protocol-7a2b539a2f28c057.exe)

running 107 tests
test input::tests::test_parse_buttons ... ok
test input::tests::test_parse_center_steering ... ok
test input::tests::test_parse_exact_minimum_length ... ok
test input::tests::test_parse_full_left_steering ... ok
test input::tests::test_parse_full_right_steering ... ok
test input::tests::test_parse_nine_byte_report_no_paddles ... ok
test input::tests::test_parse_paddles ... ok
test input::tests::test_parse_paddles_boundary ... ok
test input::tests::test_parse_pedals ... ok
test input::tests::test_parse_report_too_short ... ok
test input::tests::test_parse_wrong_report_id ... ok
test mode::tests::all_reports_correct_size ... ok
test mode::tests::autocenter_off ... ok
test mode::tests::autocenter_on ... ok
test mode::tests::autocenter_zero_spring ... ok
test mode::tests::dfex_no_detach ... ok
test mode::tests::dfp_native_mode ... ok
test mode::tests::g25_native_mode ... ok
test mode::tests::g27_no_detach ... ok
test mode::tests::g29_requires_detach ... ok
test mode::tests::g923_ps_mode_switch_payload ... ok
test mode::tests::g923_ps_report_id ... ok
test mode::tests::g923_requires_detach ... ok
test mode::tests::leds_all_off ... ok
test mode::tests::leds_all_on ... ok
test mode::tests::leds_masked_to_5_bits ... ok
test mode::tests::leds_single ... ok
test mode::tests::mode_switch_dfex ... ok
test mode::tests::mode_switch_dfgt ... ok
test mode::tests::mode_switch_dfp ... ok
test mode::tests::mode_switch_g25 ... ok
test mode::tests::mode_switch_g27 ... ok
test mode::tests::mode_switch_g29 ... ok
test mode::tests::mode_switch_g923 ... ok
test mode::tests::mode_switch_revert_always_same ... ok
test mode::tests::range_40 ... ok
test mode::tests::range_clamped_high ... ok
test mode::tests::range_900 ... ok
test mode::tests::range_clamped_low ... ok
test mode::tests::range_roundtrip ... ok
test mode::tests::target_mode_g923_byte ... ok
test mode::tests::verify_kernel_mode_switch_30_g923 ... ok
test mode::tests::verify_kernel_mode_switch_ext09_g923 ... ok
test mode::tests::verify_kernel_mode_switch_ext09_dfex ... ok
test mode::tests::verify_kernel_mode_switch_ext09_g29 ... ok
test mode::tests::target_mode_dfex_byte ... ok
test output::tests::test_constant_force_encoder_full_negative ... ok
test output::tests::test_constant_force_encoder_positive ... ok
test output::tests::test_g29_mode_switch_matches_kernel ... ok
test output::tests::test_g923_mode_switch_matches_new_lg4ff ... ok
test output::tests::test_constant_force_encoder_zero ... ok
test output::tests::test_constant_force_saturation ... ok
test output::tests::test_gain_report ... ok
test output::tests::test_dfp_range_report_known_values ... ok
test output::tests::test_dfp_range_reports_known_values ... ok
test output::tests::test_dfp_range_report_arithmetic_detail ... ok
test output::tests::test_native_mode_report ... ok
test output::tests::test_dfp_range_report_monotone ... ok
test output::tests::test_set_autocenter_report ... ok
test output::tests::test_set_leds_masks_high_bits ... ok
test output::tests::test_set_autocenter_zero ... ok
test output::tests::test_set_leds_report_all_on ... ok
test output::tests::test_set_range_1080_degrees ... ok
test output::tests::test_set_range_200_degrees ... ok
test input::tests::prop_steering_in_valid_range ... ok
test input::tests::prop_paddles_two_bit ... ok
test input::tests::prop_parsed_values_always_finite ... ok
test output::tests::test_set_range_900_degrees ... ok
test output::tests::test_vendor_report_padding_zero ... ok
test slots::tests::test_cmd_byte_constant_start ... ok
test output::tests::prop_zero_input_produces_zero ... ok
test output::tests::prop_boundary_inputs_produce_full_scale ... ok
test slots::tests::test_cmd_byte_damper_stop ... ok
test slots::tests::test_cmd_byte_friction_start ... ok
test output::tests::prop_encode_monotone ... ok
test slots::tests::test_constant_force_full_negative ... ok
test slots::tests::test_cmd_byte_spring_update ... ok
test slots::property_tests::prop_translate_force_always_u8 ... ok
test slots::tests::test_constant_force_full_positive ... ok
test slots::tests::test_constant_force_zero ... ok
test slots::tests::test_friction_encoding_structure ... ok
test slots::tests::test_damper_encoding_structure ... ok
test slots::tests::test_slot_stop ... ok
test slots::tests::test_spring_encoding_basic ... ok
test input::tests::prop_parse_never_panics ... ok
test slots::tests::test_translate_force_full_left ... ok
test slots::tests::test_translate_force_center ... ok
test slots::tests::test_translate_force_full_right ... ok
test types::tests::test_270_differs_from_default_900 ... ok
test types::tests::test_all_known_pids_are_wheels ... ok
test types::tests::test_is_wheel_product ... ok
test types::tests::test_legacy_270_degree_models ... ok
test types::tests::test_model_g27 ... ok
test types::tests::test_model_g_pro ... ok
test slots::property_tests::prop_friction_sign_nibble ... ok
test types::tests::test_pid_constant_values ... ok
test types::tests::test_model_g920 ... ok
test types::tests::test_model_g923_ps_trueforce ... ok
test types::tests::test_model_g923_trueforce ... ok
test types::tests::test_model_unknown ... ok
test types::tests::test_wingman_max_rotation_180 ... ok
test slots::property_tests::prop_damper_sign_bits ... ok
test output::tests::prop_report_id_always_correct ... ok
test output::tests::prop_encode_no_overflow ... ok
test slots::property_tests::prop_translate_force_monotone ... ok
test slots::property_tests::prop_slot_stop_is_zeroed ... ok
test slots::property_tests::prop_constant_cmd_byte_correct ... ok

test result: ok. 107 passed; 0 failed; 0 ignored; 0 measured; 0 filtered out; finished in 0.03s

     Running tests\comprehensive_protocol.rs (target\debug\deps\comprehensive_protocol-33295b0db95b0323.exe)

running 69 tests
test constants_all_pids_roundtrip ... ok
test constants_all_pids_verified ... ok
test constants_commands ... ok
test constants_report_sizes ... ok
test device_id_gpro_both_variants ... ok
test constants_vendor_id ... ok
test constants_report_ids ... ok
test edge_constant_force_nan_inf ... ok
test device_id_model_rotation_specs ... ok
test constants_ffb_magnitude_range ... ok
test device_id_wingman_dual_pid ... ok
test device_id_model_torque_specs ... ok
test edge_all_ff_report ... ok
test device_id_g923_all_four_pids_are_wheels ... ok
test device_id_momo_dual_pid ... ok
test edge_eleven_bytes_valid ... ok
test device_id_all_pid_to_model_mapping ... ok
test edge_empty_report ... ok
test edge_friction_support_matrix ... ok
test edge_legacy_dfex_compatibility_mode ... ok
test edge_hidpp_models_identified ... ok
test edge_nine_bytes_rejected ... ok
test edge_oversized_report ... ok
test edge_range_command_support_matrix ... ok
test edge_report_id_zero ... ok
test edge_single_byte_correct_id ... ok
test edge_ten_bytes_minimum_valid ... ok
test edge_unknown_pid_defaults ... ok
test edge_vibration_wheel_limited_capabilities ... ok
test ffb_dfp_range_clamping ... ok
test ffb_dfp_range_short_long_boundary ... ok
test ffb_encoding_lsb_precision ... ok
test ffb_encoding_magnitude_range ... ok
test ffb_set_range_various_values ... ok
test input_g29_full_left_lock_full_pedals ... ok
test input_g920_center_half_pedals_upshift ... ok
test input_g923_full_right_all_buttons ... ok
test input_g923_trueforce_model_variants ... ok
test input_gpro_quarter_right_hat_right ... ok
test input_hat_switch_all_positions ... ok
test input_pedal_axis_boundaries ... ok
test input_steering_resolution_specific_values ... ok
test mode_switch_all_known_mode_ids ... ok
test mode_switch_two_step_sequence_g27 ... ok
test mode_switch_native_mode_report_structure ... ok
test mode_switch_two_step_sequence_g29 ... ok
test mode_switch_no_detach ... ok
test mode_switch_two_step_sequence_g923_ps ... ok
test output_autocenter_full_params ... ok
test output_constant_force_g29_specific_torques ... ok
test output_constant_force_gpro_specific_torques ... ok
test output_constant_force_negative_max_torque ... ok
test output_constant_force_report_structure ... ok
test output_constant_force_tiny_max_torque ... ok
test output_constant_force_various_models ... ok
test output_encode_zero_structure ... ok
test output_gain_report_boundaries ... ok
proptest: FileFailurePersistence::SourceParallel set, but failed to find lib.rs or main.rs
proptest: FileFailurePersistence::SourceParallel set, but failed to find lib.rs or main.rs
test output_led_individual_patterns ... ok
proptest: FileFailurePersistence::SourceParallel set, but failed to find lib.rs or main.rs
proptest: FileFailurePersistence::SourceParallel set, but failed to find lib.rs or main.rs
proptest: FileFailurePersistence::SourceParallel set, but failed to find lib.rs or main.rs
proptest: FileFailurePersistence::SourceParallel set, but failed to find lib.rs or main.rs
proptest: FileFailurePersistence::SourceParallel set, but failed to find lib.rs or main.rs
proptest: FileFailurePersistence::SourceParallel set, but failed to find lib.rs or main.rs
proptest: FileFailurePersistence::SourceParallel set, but failed to find lib.rs or main.rs
proptest: FileFailurePersistence::SourceParallel set, but failed to find lib.rs or main.rs
proptest: FileFailurePersistence::SourceParallel set, but failed to find lib.rs or main.rs
test prop_led_mask_5bit ... ok
test prop_gain_roundtrip ... ok
test prop_ffb_per_model_bounds ... ok
test prop_hat_nibble_masking ... ok
test prop_steering_16bit_roundtrip ... ok
test prop_autocenter_roundtrip ... ok
test prop_dfp_coarse_command_threshold ... ok
test prop_buttons_16bit_roundtrip ... ok
test prop_paddles_two_bit_masking ... ok
test prop_pedal_8bit_roundtrip ... ok
test prop_set_range_roundtrip ... ok

test result: ok. 69 passed; 0 failed; 0 ignored; 0 measured; 0 filtered out; finished in 0.03s

     Running tests\id_verification.rs (target\debug\deps\id_verification-2f29b13fd7ac44ab.exe)

running 20 tests
test dfgt_pid_is_c29a ... ok
test dfp_pid_is_c298 ... ok
test driving_force_ex_pid_is_c294 ... ok
test g25_pid_is_c299 ... ok
test g27_pid_is_c29b ... ok
test g29_ps_pid_is_c24f ... ok
test g_pro_xbox_pid_is_c272 ... ok
test sfw_pid_is_c29c ... ok
test g923_ps_pid_is_c267 ... ok
test g923_xbox_alt_pid_is_c26d ... ok
test g923_xbox_pid_is_c26e ... ok
test g_pro_pid_is_c268 ... ok
test momo_2_pid_is_ca03 ... ok
test g920_pid_is_c262 ... ok
test g923_native_pid_is_c266 ... ok
test momo_pid_is_c295 ... ok
test vendor_id_is_046d ... ok
test vibration_wheel_pid_is_ca04 ... ok
test wingman_ff_pid_is_c291 ... ok
test wingman_ffg_pid_is_c293 ... ok

test result: ok. 20 passed; 0 failed; 0 ignored; 0 measured; 0 filtered out; finished in 0.00s

     Running tests\logitech_advanced_tests.rs (target\debug\deps\logitech_advanced_tests-57de92fb3e332d2a.exe)

running 40 tests
test test_all_product_ids_are_wheel_products ... ok
test test_autocenter_report_structure ... ok
test test_constant_force_encoding_max ... ok
proptest: FileFailurePersistence::SourceParallel set, but failed to find lib.rs or main.rs
proptest: FileFailurePersistence::SourceParallel set, but failed to find lib.rs or main.rs
test test_driving_force_gt_model ... ok
proptest: FileFailurePersistence::SourceParallel set, but failed to find lib.rs or main.rs
test test_dfp_range_reports_clamping ... ok
proptest: FileFailurePersistence::SourceParallel set, but failed to find lib.rs or main.rs
proptest: FileFailurePersistence::SourceParallel set, but failed to find lib.rs or main.rs
proptest: FileFailurePersistence::SourceParallel set, but failed to find lib.rs or main.rs
proptest: FileFailurePersistence::SourceParallel set, but failed to find lib.rs or main.rs
test test_dfp_range_reports_structure ... ok
test test_driving_force_pro_model ... ok
test test_constant_force_half_g_pro ... ok
test test_constant_force_encoding_zero ... ok
test test_constant_force_encoding_neg_max ... ok
test test_g25_model ... ok
test test_g27_model ... ok
test test_g923_all_variants_same_model ... ok
test test_g_pro_model ... ok
test test_g_pro_xbox_same_model ... ok
test test_gain_report_two_bytes ... ok
test test_gain_report_zero_and_max ... ok
test test_hardware_friction_support ... ok
test test_led_mask_truncates_high_bits ... ok
test test_mode_switch_no_detach ... ok
test test_g29_model ... ok
test test_mode_switch_report ... ok
test test_momo_model ... ok
test test_set_range_large_value ... ok
test test_led_mask_all_on ... ok
test test_native_mode_report ... ok
test test_g920_model ... ok
test test_led_mask_single_leds ... ok
test test_set_range_standard_report ... ok
test test_unknown_pid_fallback ... ok
test test_wingman_model ... ok
test test_vendor_id_constant ... ok
test test_trueforce_only_g923 ... ok
test prop_led_mask_truncation ... ok
test prop_gain_report_preserves_value ... ok
test prop_set_range_preserves_value ... ok
test prop_autocenter_preserves_values ... ok
test prop_constant_force_roundtrip ... ok
test prop_is_wheel_product_never_panics ... ok
test prop_input_report_parse_never_panics ... ok

test result: ok. 40 passed; 0 failed; 0 ignored; 0 measured; 0 filtered out; finished in 0.03s

     Running tests\logitech_deep_tests.rs (target\debug\deps\logitech_deep_tests-3255a570f8c85e6b.exe)

running 61 tests
test all_four_slots_active ... ok
test autocenter_activation_sequence ... ok
test constant_force_encoder_per_model ... ok
test constant_force_lifecycle ... ok
test damper_max_negative_coefficients ... ok
test dfp_native_mode_single_step ... ok
test dfp_range_below_200 ... ok
test damper_max_positive_coefficients ... ok
test friction_zero_coefficients ... ok
test dfp_range_boundary_zeroed_fine ... ok
test friction_max_coefficients ... ok
test g25_realistic_driving_input ... ok
test constant_force_encoder_saturation ... ok
test full_init_command_sequence ... ok
test dfp_range_above_200 ... ok
test g25_native_mode_single_step ... ok
test g29_full_lock_left_heavy_braking ... ok
test g27_hpattern_shifter_buttons ... ok
test damper_zero_coefficients ... ok
test g923_ps_mode_switch_sequence ... ok
test g920_both_paddles_pulled ... ok
test g923_all_variants_same_model ... ok
test g923_throttle_blip_dpad_right ... ok
test gpro_both_variants_same_model ... ok
test gpro_three_pedal_input ... ok
test hardware_friction_model_gating ... ok
test hpattern_each_gear_sets_one_button ... ok
test hpattern_multiple_gear_bits_possible ... ok
test led_output_module_masking ... ok
test led_individual_control ... ok
test led_progressive_pattern ... ok
proptest: FileFailurePersistence::SourceParallel set, but failed to find lib.rs or main.rs
test max_rotation_per_model ... ok
proptest: FileFailurePersistence::SourceParallel set, but failed to find lib.rs or main.rs
proptest: FileFailurePersistence::SourceParallel set, but failed to find lib.rs or main.rs
test mode_switch_all_targets_correct_size ... ok
test parse_empty_input ... ok
proptest: FileFailurePersistence::SourceParallel set, but failed to find lib.rs or main.rs
proptest: FileFailurePersistence::SourceParallel set, but failed to find lib.rs or main.rs
test parse_one_byte_short ... ok
proptest: FileFailurePersistence::SourceParallel set, but failed to find lib.rs or main.rs
proptest: FileFailurePersistence::SourceParallel set, but failed to find lib.rs or main.rs
test parse_oversized_report ... ok
proptest: FileFailurePersistence::SourceParallel set, but failed to find lib.rs or main.rs
test parse_single_byte_input ... ok
test parse_wrong_id_valid_length ... ok
test range_command_support_matrix ... ok
test spring_below_deadband_threshold ... ok
test spring_and_damper_simultaneous ... ok
test spring_at_deadband_boundary ... ok
test spring_i16_min_no_panic ... ok
test stop_all_slots ... ok
test three_pedal_all_maxed ... ok
test three_pedal_all_released ... ok
test translate_force_kernel_reference_values ... ok
test three_pedal_mid_range ... ok
test trueforce_exclusive_to_g923 ... ok
test spring_negative_coefficients ... ok
test unknown_pids_rejected ... ok
test vendor_id_constant ... ok
test spring_mixed_sign_coefficients ... ok
test slot_proptests::prop_friction_slot_and_trailing ... ok
test slot_proptests::prop_encode_range_always_valid ... ok
test slot_proptests::prop_damper_slot_and_signs ... ok
test slot_proptests::prop_parse_valid_ranges ... ok
test slot_proptests::prop_spring_never_panics ... ok
test slot_proptests::prop_model_classification_deterministic ... ok
test slot_proptests::prop_constant_always_slot_0 ... ok
test slot_proptests::prop_parse_input_no_panic ... ok

test result: ok. 61 passed; 0 failed; 0 ignored; 0 measured; 0 filtered out; finished in 0.03s

     Running tests\property_tests.rs (target\debug\deps\property_tests-68525da29039474f.exe)

running 17 tests
test test_all_known_pids_detected ... ok
proptest: FileFailurePersistence::SourceParallel set, but failed to find lib.rs or main.rs
proptest: FileFailurePersistence::SourceParallel set, but failed to find lib.rs or main.rs
proptest: FileFailurePersistence::SourceParallel set, but failed to find lib.rs or main.rs
proptest: FileFailurePersistence::SourceParallel set, but failed to find lib.rs or main.rs
proptest: FileFailurePersistence::SourceParallel set, but failed to find lib.rs or main.rs
proptest: FileFailurePersistence::SourceParallel set, but failed to find lib.rs or main.rs
proptest: FileFailurePersistence::SourceParallel set, but failed to find lib.rs or main.rs
proptest: FileFailurePersistence::SourceParallel set, but failed to find lib.rs or main.rs
proptest: FileFailurePersistence::SourceParallel set, but failed to find lib.rs or main.rs
test test_native_mode_report_bytes ... ok
test test_pid_constant_values ... ok
proptest: FileFailurePersistence::SourceParallel set, but failed to find lib.rs or main.rs
proptest: FileFailurePersistence::SourceParallel set, but failed to find lib.rs or main.rs
proptest: FileFailurePersistence::SourceParallel set, but failed to find lib.rs or main.rs
test test_vendor_id_value ... ok
test prop_non_logitech_pid_not_detected ... ok
test prop_report_id_and_effect_block ... ok
test prop_negative_torque_nonpos_magnitude ... ok
test prop_leds_masked_to_5_bits ... ok
test prop_positive_torque_nonneg_magnitude ... ok
test prop_full_scale_saturates ... ok
test prop_gain_report_roundtrip ... ok
proptest: FileFailurePersistence::SourceParallel set, but failed to find lib.rs or main.rs
test prop_autocenter_params_preserved ... ok
test prop_set_range_report_roundtrip ... ok
test prop_vendor_report_len_is_seven ... ok
test prop_ffb_magnitude_in_bounds ... ok
test prop_encode_zero_clears_magnitude ... ok
test prop_zero_torque_produces_zero ... ok

test result: ok. 17 passed; 0 failed; 0 ignored; 0 measured; 0 filtered out; finished in 0.03s

     Running tests\proptest_fuzz.rs (target\debug\deps\proptest_fuzz-991e50ab18b2b739.exe)

running 12 tests
proptest: FileFailurePersistence::SourceParallel set, but failed to find lib.rs or main.rs
proptest: FileFailurePersistence::SourceParallel set, but failed to find lib.rs or main.rs
proptest: FileFailurePersistence::SourceParallel set, but failed to find lib.rs or main.rs
proptest: FileFailurePersistence::SourceParallel set, but failed to find lib.rs or main.rs
proptest: FileFailurePersistence::SourceParallel set, but failed to find lib.rs or main.rs
proptest: FileFailurePersistence::SourceParallel set, but failed to find lib.rs or main.rs
proptest: FileFailurePersistence::SourceParallel set, but failed to find lib.rs or main.rs
proptest: FileFailurePersistence::SourceParallel set, but failed to find lib.rs or main.rs
proptest: FileFailurePersistence::SourceParallel set, but failed to find lib.rs or main.rs
proptest: FileFailurePersistence::SourceParallel set, but failed to find lib.rs or main.rs
proptest: FileFailurePersistence::SourceParallel set, but failed to find lib.rs or main.rs
proptest: FileFailurePersistence::SourceParallel set, but failed to find lib.rs or main.rs
test fuzz_encoder_nan ... ok
test fuzz_is_wheel_product ... ok
test fuzz_input_report_short_lengths ... ok
test fuzz_encoder_inf ... ok
test fuzz_encoder_extreme_torque ... ok
test fuzz_model_from_product_id ... ok
test fuzz_input_report_wrong_id ... ok
test fuzz_input_report_id_zero ... ok
test fuzz_encoder_zero_max_torque ... ok
test fuzz_input_report_exact_minimum ... ok
test fuzz_input_report_output_ranges ... ok
test fuzz_input_report_arbitrary_bytes ... ok

test result: ok. 12 passed; 0 failed; 0 ignored; 0 measured; 0 filtered out; finished in 0.03s

     Running tests\proptest_ids.rs (target\debug\deps\proptest_ids-eae49264603c7b89.exe)

running 10 tests
proptest: FileFailurePersistence::SourceParallel set, but failed to find lib.rs or main.rs
proptest: FileFailurePersistence::SourceParallel set, but failed to find lib.rs or main.rs
proptest: FileFailurePersistence::SourceParallel set, but failed to find lib.rs or main.rs
proptest: FileFailurePersistence::SourceParallel set, but failed to find lib.rs or main.rs
proptest: FileFailurePersistence::SourceParallel set, but failed to find lib.rs or main.rs
proptest: FileFailurePersistence::SourceParallel set, but failed to find lib.rs or main.rs
proptest: FileFailurePersistence::SourceParallel set, but failed to find lib.rs or main.rs
proptest: FileFailurePersistence::SourceParallel set, but failed to find lib.rs or main.rs
proptest: FileFailurePersistence::SourceParallel set, but failed to find lib.rs or main.rs
proptest: FileFailurePersistence::SourceParallel set, but failed to find lib.rs or main.rs
test prop_model_from_pid_deterministic ... ok
test prop_recognised_pid_not_unknown ... ok
test prop_known_pids_nonzero ... ok
test prop_vendor_id_nonzero ... ok
test prop_vendor_id_is_046d ... ok
test prop_torque_non_negative_and_finite ... ok
test prop_known_model_torque_positive ... ok
test prop_max_rotation_positive ... ok
test prop_known_model_debug_nonempty ... ok
test prop_model_consistent_with_is_wheel ... ok

test result: ok. 10 passed; 0 failed; 0 ignored; 0 measured; 0 filtered out; finished in 0.02s

     Running tests\proptest_output.rs (target\debug\deps\proptest_output-65bba45be05f351d.exe)

running 20 tests
proptest: FileFailurePersistence::SourceParallel set, but failed to find lib.rs or main.rs
proptest: FileFailurePersistence::SourceParallel set, but failed to find lib.rs or main.rs
proptest: FileFailurePersistence::SourceParallel set, but failed to find lib.rs or main.rs
proptest: FileFailurePersistence::SourceParallel set, but failed to find lib.rs or main.rs
proptest: FileFailurePersistence::SourceParallel set, but failed to find lib.rs or main.rs
proptest: FileFailurePersistence::SourceParallel set, but failed to find lib.rs or main.rs
proptest: FileFailurePersistence::SourceParallel set, but failed to find lib.rs or main.rs
proptest: FileFailurePersistence::SourceParallel set, but failed to find lib.rs or main.rs
proptest: FileFailurePersistence::SourceParallel set, but failed to find lib.rs or main.rs
proptest: FileFailurePersistence::SourceParallel set, but failed to find lib.rs or main.rs
proptest: FileFailurePersistence::SourceParallel set, but failed to find lib.rs or main.rs
proptest: FileFailurePersistence::SourceParallel set, but failed to find lib.rs or main.rs
proptest: FileFailurePersistence::SourceParallel set, but failed to find lib.rs or main.rs
proptest: FileFailurePersistence::SourceParallel set, but failed to find lib.rs or main.rs
proptest: FileFailurePersistence::SourceParallel set, but failed to find lib.rs or main.rs
proptest: FileFailurePersistence::SourceParallel set, but failed to find lib.rs or main.rs
test prop_model_rotation_is_valid ... ok
test prop_encode_zero_report_id ... ok
test prop_model_torque_positive ... ok
test prop_input_button_round_trip ... ok
proptest: FileFailurePersistence::SourceParallel set, but failed to find lib.rs or main.rs
test prop_dfp_range_reports_structure ... ok
test prop_model_detection_deterministic ... ok
proptest: FileFailurePersistence::SourceParallel set, but failed to find lib.rs or main.rs
test prop_input_pedal_axis_round_trip ... ok
test prop_mode_switch_report_structure ... ok
proptest: FileFailurePersistence::SourceParallel set, but failed to find lib.rs or main.rs
test prop_paddles_two_bits ... ok
test prop_axes_in_unit_range ... ok
proptest: FileFailurePersistence::SourceParallel set, but failed to find lib.rs or main.rs
test prop_hat_lower_nibble ... ok
test prop_parse_never_panics ... ok
test prop_steering_in_valid_range ... ok
test prop_encoder_monotone ... ok
test prop_torque_round_trip_boundary ... ok
test prop_torque_round_trip_accuracy ... ok
test prop_wrong_id_returns_none ... ok
test prop_no_range_for_legacy_models ... ok
test prop_supports_hardware_friction ... ok
test prop_supports_range_command ... ok

test result: ok. 20 passed; 0 failed; 0 ignored; 0 measured; 0 filtered out; finished in 0.08s

     Running tests\protocol_verification_tests.rs (target\debug\deps\protocol_verification_tests-76aae858470d51c1.exe)

running 45 tests
test all_pids_classify_and_are_wheels ... ok
test autocenter_command_byte_matches_kernel ... ok
test autocenter_spring_config_prefix ... ok
test autocenter_full_strength ... ok
test autocenter_deactivation_protocol ... ok
test constant_force_saturation ... ok
test autocenter_zero ... ok
test constant_force_full_negative ... ok
test dfp_range_clamping ... ok
test constant_force_report_id_is_0x12 ... ok
test constant_force_zero ... ok
test dfp_range_100_matches_kernel_arithmetic ... ok
test dfp_range_200_matches_kernel ... ok
test dfp_range_540_matches_kernel_arithmetic ... ok
test constant_force_half_positive ... ok
test dfp_range_900_matches_kernel ... ok
test g920_g923_xbox_use_hidpp_protocol ... ok
test g923_mode_switch_matches_new_lg4ff ... ok
test g923_ps_identification_matches_new_lg4ff ... ok
test g923_xbox_alt_pid ... ok
test gain_report_encoding ... ok
test hardware_friction_matches_new_lg4ff_cap_friction ... ok
test kernel_lg4ff_play_constant_force_protocol ... ok
test led_mask_strips_high_bits ... ok
test led_progressive_patterns ... ok
test led_report_format ... ok
test max_rotation_matches_kernel_lg4ff_devices ... ok
test mode_switch_command_byte ... ok
test mode_switch_ext09_matches_kernel ... ok
test multimode_identification_masks_match_kernel ... ok
test native_mode_command_byte ... ok
test native_mode_report_matches_kernel ... ok
test pids_match_kernel_hid_ids_h ... ok
test pids_match_new_lg4ff ... ok
test pids_match_oversteer ... ok
test range_command_support_matches_kernel_set_range ... ok
test report_ids_match_protocol ... ok
test report_sizes ... ok
test set_range_1080 ... ok
test set_range_270 ... ok
test set_range_900_matches_kernel_lg4ff_set_range_g25 ... ok
test set_range_command_byte_is_0x81 ... ok
test slot_effect_type_bytes_match_new_lg4ff ... ok
test slot_encoding_matches_new_lg4ff ... ok
test vid_logitech_matches_kernel ... ok

test result: ok. 45 passed; 0 failed; 0 ignored; 0 measured; 0 filtered out; finished in 0.00s

     Running tests\roundtrip_proptest.rs (target\debug\deps\roundtrip_proptest-fbd7b14fdd40ec5d.exe)

running 12 tests
proptest: FileFailurePersistence::SourceParallel set, but failed to find lib.rs or main.rs
proptest: FileFailurePersistence::SourceParallel set, but failed to find lib.rs or main.rs
proptest: FileFailurePersistence::SourceParallel set, but failed to find lib.rs or main.rs
proptest: FileFailurePersistence::SourceParallel set, but failed to find lib.rs or main.rs
proptest: FileFailurePersistence::SourceParallel set, but failed to find lib.rs or main.rs
proptest: FileFailurePersistence::SourceParallel set, but failed to find lib.rs or main.rs
proptest: FileFailurePersistence::SourceParallel set, but failed to find lib.rs or main.rs
proptest: FileFailurePersistence::SourceParallel set, but failed to find lib.rs or main.rs
proptest: FileFailurePersistence::SourceParallel set, but failed to find lib.rs or main.rs
proptest: FileFailurePersistence::SourceParallel set, but failed to find lib.rs or main.rs
proptest: FileFailurePersistence::SourceParallel set, but failed to find lib.rs or main.rs
proptest: FileFailurePersistence::SourceParallel set, but failed to find lib.rs or main.rs
test prop_model_deterministic ... ok
test prop_autocenter_deterministic ... ok
test prop_leds_roundtrip ... ok
test prop_gain_roundtrip ... ok
test prop_input_steering_roundtrip ... ok
test prop_input_hat_roundtrip ... ok
test prop_constant_force_zero_roundtrip ... ok
test prop_constant_force_roundtrip ... ok
test prop_constant_force_header ... ok
test prop_set_range_roundtrip ... ok
test prop_input_short_report_none ... ok
test prop_input_buttons_roundtrip ... ok

test result: ok. 12 passed; 0 failed; 0 ignored; 0 measured; 0 filtered out; finished in 0.01s

     Running tests\snapshot_encoding.rs (target\debug\deps\snapshot_encoding-da4a30637364417c.exe)

running 16 tests
test test_snapshot_model_capabilities_all ... ok
test test_snapshot_all_pid_to_model ... ok
test test_snapshot_is_wheel_product_unknown_pid ... ok
test test_snapshot_gain_zero ... ok
test test_snapshot_is_wheel_product_known_pids ... ok
test test_snapshot_constant_force_clamp_above_max ... ok
test test_snapshot_set_leds_all_off ... ok
test test_snapshot_autocenter_mid_strength ... ok
test test_snapshot_protocol_constants ... ok
test test_snapshot_set_range_1080 ... ok
test test_snapshot_constant_force_clamp_below_neg_max ... ok
test test_snapshot_constant_force_negative_quarter ... ok
test test_snapshot_set_leds_all_on ... ok
test test_snapshot_set_range_270 ... ok
test test_snapshot_gain_half ... ok
test test_snapshot_all_device_variants ... ok

test result: ok. 16 passed; 0 failed; 0 ignored; 0 measured; 0 filtered out; finished in 0.19s

     Running tests\snapshot_tests.rs (target\debug\deps\snapshot_tests-125c7e0950dcfbde.exe)

running 21 tests
test test_snapshot_constant_force_half ... ok
test test_snapshot_constant_force_neg_one ... ok
test test_snapshot_mode_switch_g27_detach ... ok
test test_snapshot_input_report_known_sequence ... ok
test test_snapshot_constant_force_pos_one ... ok
test test_snapshot_g25_supports_hardware_friction ... ok
test test_snapshot_dfp_range_1080_clamps_to_900 ... ok
test test_snapshot_gain_full ... ok
test test_snapshot_dfp_range_900 ... ok
test test_snapshot_dfex_no_range_command ... ok
test test_snapshot_g920_supports_range_command ... ok
test test_snapshot_mode_switch_dfex_no_detach ... ok
test test_snapshot_dfp_range_270 ... ok
test test_snapshot_dfp_range_40_min_clamp ... ok
test test_snapshot_constant_force_zero ... ok
test test_snapshot_g29_no_hardware_friction ... ok
test test_snapshot_mode_switch_g29 ... ok
test test_snapshot_native_mode_report ... ok
test test_snapshot_set_autocenter_off ... ok
test test_snapshot_set_autocenter_on ... ok
test test_snapshot_set_range_900 ... ok

test result: ok. 21 passed; 0 failed; 0 ignored; 0 measured; 0 filtered out; finished in 0.21s

     Running unittests src\lib.rs (target\debug\deps\racing_wheel_hid_moza_protocol-3d01b49c3b889992.exe)

running 43 tests
test direct::tests::test_encode_golden_byte_snapshot_r5_max ... ok
test direct::tests::test_encode_clamps_torque_above_max ... ok
test direct::tests::test_encode_exact_zero_always_disables_motor ... ok
test direct::tests::test_encode_half_scale_negative ... ok
test direct::tests::test_encode_half_scale_positive ... ok
test direct::tests::test_encode_negative_full_scale ... ok
test direct::tests::test_encode_positive_full_scale ... ok
test direct::tests::test_encode_sign_consistency ... ok
test direct::tests::test_encode_three_quarter_scale_positive ... ok
test direct::tests::test_encode_with_slew_rate_sets_flag_and_payload ... ok
test direct::tests::test_encode_quarter_scale_positive ... ok
test direct::tests::test_encode_with_zero_max_torque_is_safe_zero ... ok
test direct::tests::test_encode_zero_disables_motor ... ok
test direct::tests::test_rt_encoder_layout_for_flags_and_clamps ... ok
test protocol::tests::parse_input_state_accepts_hbp_report_id_one_layout ... ok
test protocol::tests::parse_input_state_maps_standalone_srp_axes ... ok
test protocol::tests::parse_input_state_rejects_short_standalone_srp_report ... ok
test protocol::tests::parse_input_state_wheelbase_rotary_bytes_stay_stable_with_ks_rim ... ok
test protocol::tests::parse_input_state_wheelbase_rotary_bytes_stay_stable_without_ks_rim ... ok
test signature::tests::known_peripheral_pids_return_peripheral_verdict ... ok
test signature::tests::known_wheelbase_pids_return_wheelbase_verdict ... ok
test signature::tests::non_moza_vid_returns_rejected ... ok
test signature::tests::unknown_moza_pid_returns_unknown_product ... ok
test signature::tests::zero_vid_returns_rejected ... ok
test standalone::tests::hbp_empty_report_returns_unsupported ... ok
test standalone::tests::hbp_parse_raw_two_byte ... ok
test standalone::tests::hbp_parse_raw_with_button ... ok
test standalone::tests::hbp_parse_with_report_id_prefix ... ok
test standalone::tests::hbp_wrong_product_id_returns_unsupported ... ok
test standalone::tests::srp_parse_best_effort_throttle_and_brake ... ok
test standalone::tests::srp_short_report_returns_unsupported ... ok
test standalone::tests::srp_wrong_product_id_returns_unsupported ... ok
test direct::property_tests::prop_torque_sign_preserved ... ok
test direct::property_tests::prop_encoding_is_monotone ... ok
test direct::property_tests::prop_motor_enable_bit_iff_nonzero_torque ... ok
test direct::property_tests::prop_encoded_value_never_overflows ... ok
test direct::property_tests::prop_encode_len_always_report_len ... ok
test direct::property_tests::prop_report_id_always_correct ... ok
test standalone::property_tests::prop_hbp_axes_bounded ... ok
test standalone::property_tests::prop_hbp_any_pid_never_panics ... ok
test standalone::property_tests::prop_srp_any_pid_never_panics ... ok
test standalone::property_tests::prop_hbp_never_panics ... ok
test standalone::property_tests::prop_srp_never_panics ... ok

test result: ok. 43 passed; 0 failed; 0 ignored; 0 measured; 0 filtered out; finished in 0.03s

     Running tests\deep_protocol.rs (target\debug\deps\deep_protocol-0757c78cd7175b39.exe)

running 61 tests
test combined_flags_motor_enable_and_slew_rate ... ok
test ffb_config_max_torque_matches_model ... ok
test handshake_exhausts_retries_to_permanent_failure ... ok
test handshake_initial_state ... ok
test ffb_mode_report_bytes_all_modes ... ok
test ffb_config_common_fields ... ok
test handshake_reset_clears_state_and_allows_reinit ... ok
test handshake_success_transitions_to_ready ... ok
test handshake_failure_transitions_to_failed ... ok
test high_torque_report_bytes ... ok
test handshake_non_wheelbase_skips_init ... ok
test init_state_to_u8_all_distinct ... ok
test handshake_ready_blocks_reinitialization ... ok
test handshake_direct_mode_with_high_torque_sends_three_reports ... ok
test handshake_standard_mode_sends_two_reports ... ok
test encode_zero_clears_entire_output ... ok
test ffb_mode_discriminant_values ... ok
test handshake_permanent_failure_blocks_further_init ... ok
test motor_enable_bit_clear_for_zero_torque ... ok
test motor_enable_bit_set_for_nonzero_torque ... ok
test output_report_id_for_wheelbases ... ok
test output_report_id_none_for_peripherals ... ok
test parse_input_state_rejects_empty_report ... ok
test parse_input_state_rejects_short_wheelbase_report ... ok
proptest: FileFailurePersistence::SourceParallel set, but failed to find lib.rs or main.rs
test parse_input_state_standalone_hbp_handbrake ... ok
proptest: FileFailurePersistence::SourceParallel set, but failed to find lib.rs or main.rs
proptest: FileFailurePersistence::SourceParallel set, but failed to find lib.rs or main.rs
proptest: FileFailurePersistence::SourceParallel set, but failed to find lib.rs or main.rs
proptest: FileFailurePersistence::SourceParallel set, but failed to find lib.rs or main.rs
test parse_input_state_standalone_srp_pedals ... ok
proptest: FileFailurePersistence::SourceParallel set, but failed to find lib.rs or main.rs
test parse_input_state_wheelbase_with_es_rim ... ok
test parse_pedal_axes_aggregated_from_wheelbase ... ok
test parse_wheelbase_full_input_with_all_axes ... ok
test parse_wheelbase_report_rejects_wrong_id ... ok
test protocol_ffb_mode_reflects_construction ... ok
test protocol_high_torque_reflects_construction ... ok
test protocol_model_and_product_id ... ok
test q8_8_clamp_values_are_symmetric ... ok
test report_ids_golden_values ... ok
test retry_policy_default_values ... ok
test retry_policy_delay_saturates ... ok
test retry_policy_exponential_backoff ... ok
test round_trip_q8_8_path ... ok
test rotation_range_report_bytes ... ok
test round_trip_full_scale_boundaries ... ok
test round_trip_r5_half_scale ... ok
test rotation_range_boundary_values ... ok
test round_trip_zero_torque_all_models ... ok
test send_feature_report_max_valid_size ... ok
test send_feature_report_oversized_payload_rejected ... ok
test round_trip_r9_negative_quarter_scale ... ok
test slew_rate_flag_and_payload_independent_of_torque ... ok
test start_reports_command_bytes ... ok
test torque_encoder_flags_passthrough ... ok
test v1_encoder_cpr_is_15_bit ... ok
test v1_pids_detected_as_v1 ... ok
test v2_pids_detected_as_v2 ... ok
test v2_r16_r21_encoder_cpr_is_21_bit ... ok
test v2_standard_encoder_cpr_is_18_bit ... ok
test prop_retry_delay_at_least_base ... ok
test prop_q8_8_clamp_bounds_produce_full_scale ... ok
test prop_q8_8_sign_preserved ... ok
test prop_nm_round_trip_within_tolerance ... ok
test prop_encoding_idempotent ... ok
test prop_slew_rate_independent_of_torque ... ok

test result: ok. 61 passed; 0 failed; 0 ignored; 0 measured; 0 filtered out; finished in 0.02s

     Running tests\deep_protocol_tests.rs (target\debug\deps\deep_protocol_tests-026851b1c77646ba.exe)

running 53 tests
test es_compatibility_non_wheelbase ... ok
test es_compatibility_r9_v1_unsupported ... ok
test es_compatibility_r5_r9v2_supported ... ok
test es_compatibility_unknown_wheelbases ... ok
test es_constants_documented_values ... ok
test identify_all_peripherals ... ok
test identify_all_v1_wheelbases ... ok
test es_joystick_mode_from_config_value ... ok
test init_state_to_u8_round_trip ... ok
test input_state_empty_has_correct_tick ... ok
test identify_all_v2_wheelbases ... ok
test identify_unknown_pid_returns_unknown ... ok
test ffb_mode_discriminants ... ok
test input_state_both_clutches_pressed ... ok
test hat_direction_invalid_values_return_none ... ok
test is_wheelbase_product_covers_all_known_pids ... ok
test hat_direction_all_valid_values ... ok
test model_from_pid_all_wheelbases ... ok
test model_max_torque_known_values ... ok
test model_max_torque_nm_ordering ... ok
test pedal_axes_normalize_full_range ... ok
test pedal_axes_normalize_zero ... ok
test protocol_es_compatibility_delegates ... ok
test protocol_ffb_mode_configurations ... ok
test protocol_new_creates_correct_model ... ok
test q8_8_trait_clamp_values_per_model ... ok
test q8_8_trait_encode_zero_disables_motor ... ok
test q8_8_trait_flags_passthrough ... ok
test q8_8_trait_positive_is_clockwise ... ok
test report_ids_golden ... ok
test retry_policy_exponential_backoff_sequence ... ok
test rim_ids_are_unique_and_sequential ... ok
test signature_all_peripheral_pids ... ok
test signature_all_wheelbase_pids ... ok
test signature_optional_fields_do_not_affect_verdict ... ok
test signature_unknown_moza_pid ... ok
test signature_wrong_vid_rejected ... ok
test torque_encode_i16_max_boundary ... ok
test torque_encode_i16_min_boundary ... ok
test torque_encode_negative_max_torque_floors_to_zero ... ok
test torque_encode_overflow_clamps_negative ... ok
test torque_encode_overflow_clamps_positive ... ok
test torque_encode_sign_preserved_small_values ... ok
test torque_encode_slew_rate_max_u16 ... ok
test torque_encode_slew_rate_zero_value ... ok
test torque_encode_without_slew_rate_has_zero_bytes_4_5 ... ok
test torque_encode_zero_max_torque_is_safe ... ok
test torque_round_trip_all_models ... ok
test v2_pids_are_v1_or_0x0010 ... ok
test vendor_id_correct ... ok

running 1 test
proptest: FileFailurePersistence::SourceParallel set, but failed to find lib.rs or main.rs
proptest: FileFailurePersistence::SourceParallel set, but failed to find lib.rs or main.rs

running 1 test
proptest: FileFailurePersistence::SourceParallel set, but failed to find lib.rs or main.rs
proptest: FileFailurePersistence::SourceParallel set, but failed to find lib.rs or main.rs

running 1 test
proptest: FileFailurePersistence::SourceParallel set, but failed to find lib.rs or main.rs
proptest: FileFailurePersistence::SourceParallel set, but failed to find lib.rs or main.rs
test proptest_deep::prop_identify_device_deterministic ... ok
test proptest_deep::prop_torque_round_trip ... ok
test proptest_deep::prop_reserved_bytes_always_zero ... ok

test result: ok. 53 passed; 0 failed; 0 ignored; 0 measured; 0 filtered out; finished in 0.11s

     Running tests\device_snapshot_tests.rs (target\debug\deps\device_snapshot_tests-a58673ecce80ab1f.exe)

running 11 tests
test snap_parse_wheelbase_pedal_axes ... ok
test snap_model_torque_matrix ... ok
test snap_parse_wheelbase_full_right_all_pedals ... ok
test snap_moza_vendor_id ... ok
test snap_rim_id_constants ... ok
test snap_v1_v2_pid_pattern ... ok
test snap_parse_wheelbase_minimal_report ... ok
test snap_parse_wheelbase_center ... ok
test snap_parse_wheelbase_mixed_pedals ... ok
test snap_es_compatibility_matrix ... ok
test snap_device_identity_all ... ok

test result: ok. 11 passed; 0 failed; 0 ignored; 0 measured; 0 filtered out; finished in 0.20s

     Running tests\id_verification.rs (target\debug\deps\id_verification-dd0b06758d8ff4a5.exe)

running 15 tests
test hbp_handbrake_pid_is_0022 ... ok
test hgp_shifter_pid_is_0020 ... ok
test r12_v1_pid_is_0006 ... ok
test r16_r21_v1_pid_is_0000 ... ok
test r12_v2_pid_is_0016 ... ok
test r3_v1_pid_is_0005 ... ok
test r16_r21_v2_pid_is_0010 ... ok
test r3_v2_pid_is_0015 ... ok
test sgp_shifter_pid_is_0021 ... ok
test r5_v1_pid_is_0004 ... ok
test r5_v2_pid_is_0014 ... ok
test r9_v2_pid_is_0012 ... ok
test sr_p_pedals_pid_is_0003 ... ok
test vendor_id_is_346e ... ok
test r9_v1_pid_is_0002 ... ok

test result: ok. 15 passed; 0 failed; 0 ignored; 0 measured; 0 filtered out; finished in 0.00s

     Running tests\moza_advanced_tests.rs (target\debug\deps\moza_advanced_tests-e11df0ce7fb44ab9.exe)

running 40 tests
test test_encoder_reserved_bytes_always_zero ... ok
test test_encoder_zero_torque_no_slew_flag ... ok
test test_es_compatibility_pedals_not_wheelbase ... ok
test test_encoder_slew_rate_bytes ... ok
proptest: FileFailurePersistence::SourceParallel set, but failed to find lib.rs or main.rs
test test_hat_direction_all_values ... ok
proptest: FileFailurePersistence::SourceParallel set, but failed to find lib.rs or main.rs
proptest: FileFailurePersistence::SourceParallel set, but failed to find lib.rs or main.rs
proptest: FileFailurePersistence::SourceParallel set, but failed to find lib.rs or main.rs
test test_hbp_handbrake_identity ... ok
test test_es_compatibility_r5_v1_supported ... ok
test test_es_compatibility_r9_v2_supported ... ok
test test_all_wheelbases_are_wheelbase_products ... ok
test test_es_compatibility_r9_v1_unsupported ... ok
test test_input_state_empty_zeroed ... ok
test test_model_from_pid_all_wheelbases ... ok
test test_encoder_report_id_always_direct_torque ... ok
test test_model_max_torque_values ... ok
test test_peripherals_not_wheelbase_products ... ok
test test_protocol_ffb_mode_direct ... ok
test test_protocol_is_v2_hardware ... ok
test test_protocol_new_starts_uninitialized ... ok
test test_r12_v1_identity ... ok
test test_r16_r21_v1_identity ... ok
test test_r16_r21_v2_identity ... ok
test test_r3_v1_v2_identity ... ok
test test_r5_v1_identity ... ok
test test_r5_v2_identity ... ok
test test_r9_v1_identity ... ok
test test_r9_v2_identity ... ok
test test_rim_id_constants_unique ... ok
test test_shifter_identities ... ok
test test_signature_all_wheelbases_known ... ok
test test_signature_non_moza_rejected ... ok
test test_signature_peripherals_known ... ok
test test_srp_pedals_identity ... ok
test test_torque_encoding_at_max_per_model ... ok
test test_torque_encoding_negative_max_per_model ... ok
test test_unknown_pid_identity ... ok
test test_v2_pid_pattern ... ok
test prop_identify_device_never_panics ... ok
test prop_hat_out_of_range_returns_none ... ok
test prop_sign_symmetry ... ok
test prop_torque_round_trip_accuracy ... ok

test result: ok. 40 passed; 0 failed; 0 ignored; 0 measured; 0 filtered out; finished in 0.01s

     Running tests\moza_deep_tests.rs (target\debug\deps\moza_deep_tests-77ec0bbaeae643fa.exe)

running 42 tests
test both_clutches_pressed_exact_threshold ... ok
test device_signature_from_vid_pid_leaves_optionals_none ... ok
test both_clutches_pressed_one_axis_zero ... ok
test both_clutches_pressed_zero_threshold ... ok
test both_clutches_pressed_max_values ... ok
test device_signature_full_construction_does_not_affect_verdict ... ok
test ffb_config_moza_overrides_all_defaults ... ok
test encoder_cpr_v1_all_models_15_bit ... ok
test encoder_cpr_v2_r16_r21_21_bit ... ok
test encoder_cpr_v2_standard_models_18_bit ... ok
test error_recovery_reset_cycle ... ok
test es_compatibility_all_wheelbases_have_diagnostic ... ok
test es_compatibility_diagnostic_messages_complete ... ok
test es_joystick_mode_all_u8_values ... ok
test golden_handshake_r16_direct_high_torque ... ok
test device_signature_zero_vid_pid_is_rejected ... ok
test ffb_config_default_has_sane_values ... ok
test golden_rotation_range_1080_degrees ... ok
test golden_rotation_range_270_degrees ... ok
test golden_torque_r12_with_slew_rate_500 ... ok
test golden_torque_r21_full_negative ... ok
test golden_torque_r3_full_positive ... ok
test golden_torque_r9_tenth_scale ... ok
test golden_wheelbase_input_r5_full_axes ... ok
test input_state_default_equals_empty_zero ... ok
proptest: FileFailurePersistence::SourceParallel set, but failed to find lib.rs or main.rs
test multiple_protocol_instances_are_independent ... ok
proptest: FileFailurePersistence::SourceParallel set, but failed to find lib.rs or main.rs
proptest: FileFailurePersistence::SourceParallel set, but failed to find lib.rs or main.rs
proptest: FileFailurePersistence::SourceParallel set, but failed to find lib.rs or main.rs
proptest: FileFailurePersistence::SourceParallel set, but failed to find lib.rs or main.rs
test multiple_wheelbases_init_independently ... ok
test pedal_normalize_partial_none_fields ... ok
proptest: FileFailurePersistence::SourceParallel set, but failed to find lib.rs or main.rs
test pedal_normalize_preserves_none_clutch_and_handbrake ... ok
test shifter_protocol_has_no_parse_path ... ok
test shutdown_device_is_noop_for_all_wheelbases ... ok
test shutdown_device_is_noop_for_peripherals ... ok
test wheelbase_protocol_ignores_standalone_report_format ... ok
proptest: FileFailurePersistence::SourceParallel set, but failed to find lib.rs or main.rs
proptest: FileFailurePersistence::SourceParallel set, but failed to find lib.rs or main.rs
proptest: FileFailurePersistence::SourceParallel set, but failed to find lib.rs or main.rs
test prop_hat_direction_valid_range ... ok
test prop_pedal_normalize_none_clutch_preserved ... ok
test prop_hat_direction_invalid_range ... ok
test prop_signature_verdict_matches_category ... ok
test prop_output_report_depends_on_wheelbase ... ok
test prop_different_max_torque_different_raw ... ok
test prop_v2_encoder_cpr_ge_v1 ... ok
test prop_ffb_config_invariants_for_all_wheelbases ... ok
test prop_model_torque_equals_ffb_config_torque ... ok

test result: ok. 42 passed; 0 failed; 0 ignored; 0 measured; 0 filtered out; finished in 0.03s

     Running tests\property_tests.rs (target\debug\deps\property_tests-9e48c66e42e70371.exe)

running 14 tests
test known_peripheral_pids_all_return_false ... ok
test known_wheelbase_pids_all_return_true ... ok
proptest: FileFailurePersistence::SourceParallel set, but failed to find lib.rs or main.rs
proptest: FileFailurePersistence::SourceParallel set, but failed to find lib.rs or main.rs
proptest: FileFailurePersistence::SourceParallel set, but failed to find lib.rs or main.rs
proptest: FileFailurePersistence::SourceParallel set, but failed to find lib.rs or main.rs
proptest: FileFailurePersistence::SourceParallel set, but failed to find lib.rs or main.rs
proptest: FileFailurePersistence::SourceParallel set, but failed to find lib.rs or main.rs
proptest: FileFailurePersistence::SourceParallel set, but failed to find lib.rs or main.rs
proptest: FileFailurePersistence::SourceParallel set, but failed to find lib.rs or main.rs
proptest: FileFailurePersistence::SourceParallel set, but failed to find lib.rs or main.rs
proptest: FileFailurePersistence::SourceParallel set, but failed to find lib.rs or main.rs
proptest: FileFailurePersistence::SourceParallel set, but failed to find lib.rs or main.rs
proptest: FileFailurePersistence::SourceParallel set, but failed to find lib.rs or main.rs
test prop_identify_device_wheelbase_consistency ... ok
test prop_es_compatibility_not_wheelbase_for_peripherals ... ok
test prop_model_max_torque_bounded ... ok
test prop_encode_len_always_report_len ... ok
test prop_motor_enable_bit_iff_nonzero ... ok
test prop_wheelbase_always_supports_ffb ... ok
test prop_report_id_always_correct ... ok
test prop_retry_delay_monotone ... ok
test prop_torque_sign_preserved ... ok
test prop_overflow_prevention ... ok
test prop_torque_encoder_clamp_symmetry ... ok
test prop_encoding_is_monotone ... ok

test result: ok. 14 passed; 0 failed; 0 ignored; 0 measured; 0 filtered out; finished in 0.03s

     Running tests\proptest_ids.rs (target\debug\deps\proptest_ids-00171204d34fd01d.exe)

running 10 tests
proptest: FileFailurePersistence::SourceParallel set, but failed to find lib.rs or main.rs
proptest: FileFailurePersistence::SourceParallel set, but failed to find lib.rs or main.rs
proptest: FileFailurePersistence::SourceParallel set, but failed to find lib.rs or main.rs
proptest: FileFailurePersistence::SourceParallel set, but failed to find lib.rs or main.rs
proptest: FileFailurePersistence::SourceParallel set, but failed to find lib.rs or main.rs
proptest: FileFailurePersistence::SourceParallel set, but failed to find lib.rs or main.rs
proptest: FileFailurePersistence::SourceParallel set, but failed to find lib.rs or main.rs
proptest: FileFailurePersistence::SourceParallel set, but failed to find lib.rs or main.rs
proptest: FileFailurePersistence::SourceParallel set, but failed to find lib.rs or main.rs
proptest: FileFailurePersistence::SourceParallel set, but failed to find lib.rs or main.rs
test prop_torque_non_negative_and_finite ... ok
test prop_vendor_id_nonzero ... ok
test prop_wheelbase_classification ... ok
test prop_vendor_id_matches_expected ... ok
test prop_identify_name_non_empty ... ok
test prop_wheelbase_torque_positive ... ok
test prop_known_pids_unique ... ok
test prop_identify_name_contains_brand ... ok
test prop_model_consistent_with_identify ... ok
test prop_roundtrip_pid_model ... ok

test result: ok. 10 passed; 0 failed; 0 ignored; 0 measured; 0 filtered out; finished in 0.02s

     Running tests\proptest_output.rs (target\debug\deps\proptest_output-b492ffb5c5934b68.exe)

running 4 tests
proptest: FileFailurePersistence::SourceParallel set, but failed to find lib.rs or main.rs
proptest: FileFailurePersistence::SourceParallel set, but failed to find lib.rs or main.rs
proptest: FileFailurePersistence::SourceParallel set, but failed to find lib.rs or main.rs
proptest: FileFailurePersistence::SourceParallel set, but failed to find lib.rs or main.rs
test prop_reserved_bytes_zero ... ok
test prop_round_trip_boundary ... ok
test prop_sign_symmetry ... ok
test prop_round_trip_accuracy ... ok

test result: ok. 4 passed; 0 failed; 0 ignored; 0 measured; 0 filtered out; finished in 0.01s

     Running tests\proptest_rt.rs (target\debug\deps\proptest_rt-2d3c4c5356e219e9.exe)

running 7 tests
proptest: FileFailurePersistence::SourceParallel set, but failed to find lib.rs or main.rs
proptest: FileFailurePersistence::SourceParallel set, but failed to find lib.rs or main.rs
proptest: FileFailurePersistence::SourceParallel set, but failed to find lib.rs or main.rs
proptest: FileFailurePersistence::SourceParallel set, but failed to find lib.rs or main.rs
proptest: FileFailurePersistence::SourceParallel set, but failed to find lib.rs or main.rs
proptest: FileFailurePersistence::SourceParallel set, but failed to find lib.rs or main.rs
proptest: FileFailurePersistence::SourceParallel set, but failed to find lib.rs or main.rs
test prop_rt_encode_report_id_and_len ... ok
test prop_positive_is_clockwise ... ok
test prop_rt_encode_sign_preserved ... ok
test prop_rt_encode_zero_disables_motor ... ok
test prop_no_slew_rate_clears_flag_and_payload ... ok
test prop_rt_encode_flags_passthrough ... ok
test prop_slew_rate_flag_and_payload ... ok

test result: ok. 7 passed; 0 failed; 0 ignored; 0 measured; 0 filtered out; finished in 0.02s

     Running tests\proptest_signature.rs (target\debug\deps\proptest_signature-1df33762c4fb96af.exe)

running 5 tests
proptest: FileFailurePersistence::SourceParallel set, but failed to find lib.rs or main.rs
proptest: FileFailurePersistence::SourceParallel set, but failed to find lib.rs or main.rs
proptest: FileFailurePersistence::SourceParallel set, but failed to find lib.rs or main.rs
proptest: FileFailurePersistence::SourceParallel set, but failed to find lib.rs or main.rs
proptest: FileFailurePersistence::SourceParallel set, but failed to find lib.rs or main.rs
test prop_verify_signature_deterministic ... ok
test prop_moza_vid_verdict_matches_category ... ok
test prop_known_wheelbase_verdict ... ok
test prop_non_moza_vid_always_rejected ... ok
test prop_known_peripheral_verdict ... ok

test result: ok. 5 passed; 0 failed; 0 ignored; 0 measured; 0 filtered out; finished in 0.01s

     Running tests\proptest_types.rs (target\debug\deps\proptest_types-401194e610345a7d.exe)

running 13 tests
test peripheral_pids_are_nonzero ... ok
test v2_pids_are_v1_or_0x0010 ... ok
proptest: FileFailurePersistence::SourceParallel set, but failed to find lib.rs or main.rs
proptest: FileFailurePersistence::SourceParallel set, but failed to find lib.rs or main.rs
proptest: FileFailurePersistence::SourceParallel set, but failed to find lib.rs or main.rs
proptest: FileFailurePersistence::SourceParallel set, but failed to find lib.rs or main.rs
proptest: FileFailurePersistence::SourceParallel set, but failed to find lib.rs or main.rs
proptest: FileFailurePersistence::SourceParallel set, but failed to find lib.rs or main.rs
proptest: FileFailurePersistence::SourceParallel set, but failed to find lib.rs or main.rs
proptest: FileFailurePersistence::SourceParallel set, but failed to find lib.rs or main.rs
proptest: FileFailurePersistence::SourceParallel set, but failed to find lib.rs or main.rs
proptest: FileFailurePersistence::SourceParallel set, but failed to find lib.rs or main.rs
proptest: FileFailurePersistence::SourceParallel set, but failed to find lib.rs or main.rs
test prop_hat_direction_invalid_range ... ok
test prop_identify_device_deterministic ... ok
test prop_identity_echoes_pid ... ok
test prop_joystick_mode_valid_range ... ok
test prop_es_compatibility_deterministic ... ok
test prop_pedal_normalize_none_preserved ... ok
test prop_es_compat_wheelbase_never_not_wheelbase ... ok
test prop_pedal_normalize_bounds ... ok
test prop_joystick_mode_invalid_range ... ok
test prop_unrecognised_pid_is_unknown_model ... ok
test prop_hat_direction_valid_range ... ok

test result: ok. 13 passed; 0 failed; 0 ignored; 0 measured; 0 filtered out; finished in 0.02s

     Running tests\protocol_verification_tests.rs (target\debug\deps\protocol_verification_tests-dc433384cf90b186.exe)

running 49 tests
test all_input_axes_are_little_endian_u16 ... ok
test direct_torque_half_scale_r5_byte_sequence ... ok
test all_wheelbases_support_ffb ... ok
test all_report_ids_are_distinct ... ok
test input_report_id_is_0x01 ... ok
test direct_torque_report_len_is_8 ... ok
test model_from_pid_is_correct_for_all_wheelbases ... ok
test direct_torque_zero_disables_motor_byte_sequence ... ok
test ffb_config_fix_conditional_direction_matches_kernel ... ok
test ffb_mode_byte_values ... ok
test ffb_mode_report_id_is_0x11 ... ok
test high_torque_report_id_is_0x02 ... ok
test input_report_offsets_are_contiguous ... ok
test max_torque_nm_matches_product_specs ... ok
test direct_torque_report_id_is_0x20 ... ok
test direct_torque_slew_rate_byte_sequence ... ok
test non_wheelbase_has_no_output_report ... ok
test output_report_id_is_direct_torque_for_wheelbases ... ok
test pedal_axis_endianness_non_symmetric ... ok
test peripherals_do_not_support_ffb ... ok
test remaining_report_ids_are_correct ... ok
test rim_id_values_are_sequential ... ok
test rim_ids_are_unique_and_in_range ... ok
test serial_checksum_matches_boxflat_implementation ... ok
test serial_checksum_wraps_at_256 ... ok
test serial_device_ids_match_boxflat ... ok
test serial_protocol_constants_match_boxflat ... ok
test signature_known_wheelbases_all_accepted ... ok
test signature_peripherals_are_known ... ok
test signature_unknown_pid_with_correct_vid ... ok
test signature_wrong_vid_rejected ... ok
test slew_rate_is_little_endian_u16 ... ok
test start_reports_report_id_is_0x03 ... ok
test torque_exceeding_max_saturates ... ok
test torque_full_negative_encodes_to_i16_min ... ok
test torque_full_positive_encodes_to_i16_max ... ok
test torque_output_is_little_endian_i16 ... ok
test torque_positive_is_clockwise ... ok
test torque_q8_8_clamp_values_match_model_torque ... ok
test torque_tiny_negative_stays_non_positive ... ok
test torque_tiny_positive_stays_non_negative ... ok
test torque_zero_max_is_safe ... ok
test v1_pids_are_unique_excluding_r16_r21_alias ... ok
test v1_wheelbase_pids_match_linux_kernel ... ok
test v2_hardware_detection_uses_bit_4 ... ok
test v2_pid_is_v1_pid_or_0x0010 ... ok
test v2_wheelbase_pids_match_linux_kernel ... ok
test vid_matches_linux_kernel_hid_ids ... ok
test wheelbase_input_known_good_byte_sequence ... ok

test result: ok. 49 passed; 0 failed; 0 ignored; 0 measured; 0 filtered out; finished in 0.00s

     Running tests\roundtrip_proptest.rs (target\debug\deps\roundtrip_proptest-0d30ab82ab322cb7.exe)

running 10 tests
proptest: FileFailurePersistence::SourceParallel set, but failed to find lib.rs or main.rs
proptest: FileFailurePersistence::SourceParallel set, but failed to find lib.rs or main.rs
proptest: FileFailurePersistence::SourceParallel set, but failed to find lib.rs or main.rs
proptest: FileFailurePersistence::SourceParallel set, but failed to find lib.rs or main.rs
proptest: FileFailurePersistence::SourceParallel set, but failed to find lib.rs or main.rs
proptest: FileFailurePersistence::SourceParallel set, but failed to find lib.rs or main.rs
proptest: FileFailurePersistence::SourceParallel set, but failed to find lib.rs or main.rs
proptest: FileFailurePersistence::SourceParallel set, but failed to find lib.rs or main.rs
proptest: FileFailurePersistence::SourceParallel set, but failed to find lib.rs or main.rs
proptest: FileFailurePersistence::SourceParallel set, but failed to find lib.rs or main.rs
test prop_identify_device_deterministic ... ok
test prop_slew_rate_roundtrip ... ok
test prop_nan_torque_no_panic ... ok
test prop_direct_torque_encode_roundtrip ... ok
test prop_pedal_normalize_bounds ... ok
test prop_direct_encode_zero_roundtrip ... ok
test prop_rt_torque_sign_and_range ... ok
test prop_extreme_torque_saturates ... ok
test prop_known_model_max_torque_positive ... ok
test prop_pedal_normalize_monotone ... ok

test result: ok. 10 passed; 0 failed; 0 ignored; 0 measured; 0 filtered out; finished in 0.02s

     Running tests\snapshot_encoding.rs (target\debug\deps\snapshot_encoding-e5c5936f6d825c02.exe)

running 21 tests
test test_snapshot_effective_ffb_mode_standard_untrusted ... ok
test test_snapshot_identify_r3_v2 ... ok
test test_snapshot_identify_r5_v2 ... ok
test test_snapshot_signature_is_trusted_unknown_crc ... ok
test test_snapshot_identify_unknown_pid ... ok
test test_snapshot_effective_ffb_mode_direct_untrusted ... ok
test test_snapshot_identify_srp_pedals ... ok
test test_snapshot_identify_r9_v2 ... ok
test test_snapshot_default_high_torque_enabled ... ok
test test_snapshot_identify_r12_v2 ... ok
test test_snapshot_default_ffb_mode ... ok
test test_snapshot_signature_is_trusted_none ... ok
test test_snapshot_identify_hbp_handbrake ... ok
test test_snapshot_effective_high_torque_opt_in_untrusted ... ok
test test_snapshot_rotation_range_1080 ... ok
test test_snapshot_rotation_range_270 ... ok
test test_snapshot_torque_clamp_above_max_r3 ... ok
test test_snapshot_torque_full_negative_r9 ... ok
test test_snapshot_torque_with_slew_rate ... ok
test test_snapshot_torque_zero_r5 ... ok
test test_snapshot_torque_with_slew_rate_zero ... ok

test result: ok. 21 passed; 0 failed; 0 ignored; 0 measured; 0 filtered out; finished in 0.19s

     Running tests\snapshot_tests.rs (target\debug\deps\snapshot_tests-c09b60857c938863.exe)

running 24 tests
test test_snapshot_identify_r3_v1 ... ok
test test_snapshot_rotation_range_900 ... ok
test test_snapshot_identify_r5_v1 ... ok
test test_snapshot_identify_r12_v1 ... ok
test test_snapshot_ffb_mode_report_standard ... ok
test test_snapshot_high_torque_report ... ok
test test_snapshot_ffb_mode_report_direct ... ok
test test_snapshot_identify_r9_v1 ... ok
test test_snapshot_signature_verdict_peripheral ... ok
test test_snapshot_model_max_torque_all ... ok
test test_snapshot_es_compatibility_r5_v2_supported ... ok
test test_snapshot_is_wheelbase_peripherals ... ok
test test_snapshot_identify_r16_r21_v1 ... ok
test test_snapshot_es_compatibility_r9_v1_unsupported ... ok
test test_snapshot_identify_r16_r21_v2 ... ok
test test_snapshot_is_wheelbase_known_wheelbases ... ok
test test_snapshot_signature_verdict_r5_v1 ... ok
test test_snapshot_start_reports_command ... ok
test test_snapshot_torque_r12_neg_half_scale ... ok
test test_snapshot_torque_r21_full_scale ... ok
test test_snapshot_torque_r3_full_scale ... ok
test test_snapshot_torque_r5_half_scale ... ok
test test_snapshot_torque_r9_quarter_scale ... ok
test test_snapshot_torque_zero_disabled ... ok

test result: ok. 24 passed; 0 failed; 0 ignored; 0 measured; 0 filtered out; finished in 0.25s

     Running unittests src\lib.rs (target\debug\deps\racing_wheel_hid_openffboard_protocol-450784e03ea151b9.exe)

running 64 tests
test commands::tests::broadcast_instance_is_0xff ... ok
test commands::tests::cmd_type_round_trip_all_known ... ok
test commands::tests::device_id_request_structure ... ok
test commands::tests::cmd_type_request_classification ... ok
test commands::tests::cmd_type_unknown_returns_none ... ok
test commands::tests::cmd_type_response_classification ... ok
test commands::tests::parse_wrong_report_id_returns_none ... ok
test commands::tests::reset_device_is_write_type ... ok
test commands::tests::fw_version_request_structure ... ok
test commands::tests::hw_type_request_structure ... ok
test commands::tests::parse_unknown_cmd_type_returns_none ... ok
test commands::tests::encode_report_id ... ok
test commands::tests::encode_report_length ... ok
test commands::tests::generic_write_carries_data ... ok
test commands::tests::round_trip_ack_response ... ok
test commands::tests::parse_too_short_returns_none ... ok
test commands::tests::round_trip_write ... ok
test commands::tests::round_trip_broadcast_instance ... ok
test commands::tests::save_config_is_write_type ... ok
test commands::tests::generic_request_has_zero_data ... ok
test commands::tests::vendor_cmd_report_id_matches_firmware ... ok
test commands::tests::vendor_cmd_report_len_matches_firmware ... ok
test commands::tests::wire_layout_addr_le64_at_bytes_17_24 ... ok
test commands::tests::wire_layout_class_id_le16_at_bytes_2_3 ... ok
test commands::tests::wire_layout_cmd_type_at_byte_1 ... ok
test commands::tests::wire_layout_command_le32_at_bytes_5_8 ... ok
test commands::tests::wire_layout_data_le64_at_bytes_9_16 ... ok
test commands::tests::wire_layout_instance_at_byte_4 ... ok
test effects::tests::constant_force_smoke ... ok
test effects::tests::device_control_enable ... ok
test effects::tests::device_gain_clamps ... ok
test effects::tests::effect_type_values ... ok
test effects::tests::max_effects_matches_firmware ... ok
test effects::tests::parse_pid_pool_default ... ok
test effects::tests::parse_pid_pool_too_short ... ok
test effects::tests::report_ids_match_pid_spec ... ok
test ids::tests::known_products_recognised ... ok
test ids::tests::speculative_product_excluded ... ok
test ids::tests::unknown_product_not_recognised ... ok
test input::tests::all_buttons_pressed ... ok
test input::tests::button_out_of_range_returns_false ... ok
test input::tests::button_pressed ... ok
test input::tests::max_axis_values ... ok
test input::tests::min_axis_values ... ok
test input::tests::parse_accepts_longer_report ... ok
test input::tests::parse_all_axes ... ok
test input::tests::parse_all_zeros ... ok
test input::tests::parse_negative_axis ... ok
test input::tests::parse_rejects_short_report ... ok
test input::tests::parse_rejects_wrong_report_id ... ok
test input::tests::parse_steering_axis ... ok
test input::tests::steering_normalized_full_negative ... ok
test input::tests::steering_normalized_full_positive ... ok
test output::tests::enable_ffb_report_structure ... ok
test output::tests::encoder_clamps_over_one ... ok
test output::tests::encoder_clamps_under_negative_one ... ok
test output::tests::encoder_full_negative_torque ... ok
test output::tests::encoder_full_positive_torque ... ok
test output::tests::encoder_zero_torque_produces_zero_bytes ... ok
test output::tests::gain_report_structure ... ok
test input::property_tests::prop_button_out_of_range_safe ... ok
test input::property_tests::prop_truncated_rejected ... ok
test input::property_tests::prop_steering_normalized_finite ... ok
test input::property_tests::prop_parse_never_panics ... ok

test result: ok. 64 passed; 0 failed; 0 ignored; 0 measured; 0 filtered out; finished in 0.03s

     Running tests\deep_protocol_tests.rs (target\debug\deps\deep_protocol_tests-855af3aff2fff3ed.exe)

running 25 tests
test alt_product_id_is_ffb1 ... ok
test enable_ffb_false_produces_correct_report ... ok
test enable_ffb_true_produces_correct_report ... ok
test encode_does_not_panic_on_nan ... ok
test encode_full_positive_maps_to_10000 ... ok
test encode_report_length_is_constant ... ok
test encode_zero_torque_produces_report_id_and_zero_payload ... ok
test encode_clamps_above_one ... ok
test encode_full_negative_maps_to_minus_10000 ... ok
test encode_clamps_below_negative_one ... ok
test encode_half_torque_maps_to_5000 ... ok
test encode_reserved_bytes_always_zero ... ok
test is_openffboard_recognises_main_pid_only ... ok
test main_product_id_is_ffb0 ... ok
test encode_does_not_panic_on_infinity ... ok
test is_openffboard_rejects_unknown_pid ... ok
test negative_torque_encoding_uses_twos_complement_le ... ok
test set_gain_full_scale ... ok
test set_gain_zero ... ok
test torque_encoding_is_little_endian_i16 ... ok
test variant_all_contains_both ... ok
test variant_names_non_empty ... ok
test variant_product_ids_are_unique ... ok
test variant_vendor_id_shared ... ok
test vendor_id_matches_pid_codes_registry ... ok

test result: ok. 25 passed; 0 failed; 0 ignored; 0 measured; 0 filtered out; finished in 0.00s

     Running tests\id_verification.rs (target\debug\deps\id_verification-8624386522678569.exe)

running 3 tests
test alt_pid_is_ffb1 ... ok
test vendor_id_is_1209 ... ok
test main_pid_is_ffb0 ... ok

test result: ok. 3 passed; 0 failed; 0 ignored; 0 measured; 0 filtered out; finished in 0.00s

     Running tests\openffboard_deep_tests.rs (target\debug\deps\openffboard_deep_tests-f2c2a7fe1bf87a7a.exe)

running 76 tests
test button_matrix_all_pressed ... ok
test button_matrix_alternating_pattern ... ok
test button_matrix_out_of_range_returns_false ... ok
test button_matrix_individual_buttons ... ok
test config_report_ids_are_distinct ... ok
test encode_negative_then_decode_roundtrip ... ok
test encode_report_id_always_constant_force ... ok
test config_set_gain_boundary_values ... ok
test encoder_feedback_decode_negative ... ok
test encode_positive_then_decode_roundtrip ... ok
test encoder_feedback_decode_zero ... ok
test encode_reserved_bytes_always_zero_across_values ... ok
test encode_zero_then_decode_roundtrip ... ok
test config_disable_ffb_report_structure ... ok
test encoder_feedback_decode_positive ... ok
test config_enable_ffb_report_structure ... ok
test encoder_feedback_rejects_wrong_report_id ... ok
test ffb_block_free_and_device_control ... ok
test ffb_block_load_parse_full_and_error ... ok
test ffb_block_load_parse_success ... ok
test ffb_block_load_rejects_invalid ... ok
test ffb_condition_spring_params ... ok
test ffb_constant_force_signed_magnitude ... ok
test ffb_device_gain_clamps_at_10000 ... ok
test ffb_effect_operation_all_ops ... ok
test ffb_envelope_timing ... ok
test ffb_max_effects_matches_firmware ... ok
test ffb_periodic_sine_params ... ok
test ffb_ramp_force_start_end ... ok
test ffb_set_effect_constant_infinite ... ok
test ffb_set_effect_direction_encoding ... ok
test firmware_variant_alt_not_recognized_by_is_openffboard ... ok
test firmware_variant_main_recognized_by_is_openffboard ... ok
test firmware_variant_names_unique_and_non_empty ... ok
test firmware_variant_product_ids_match_constants ... ok
test firmware_variant_vendor_id_is_pid_codes ... ok
test firmware_vendor_id_constant_correct ... ok
test input_report_accepts_longer_buffer ... ok
test input_report_all_axes_set ... ok
test input_report_max_negative_axes ... ok
test input_report_max_positive_axes ... ok
test input_report_parse_all_zeros ... ok
test input_report_rejects_short_buffer ... ok
test input_report_rejects_wrong_report_id ... ok
test input_report_steering_normalized_boundaries ... ok
test motor_control_clamping_negative_overflow ... ok
test motor_control_clamping_positive_overflow ... ok
test motor_control_le_byte_order_verified ... ok
proptest: FileFailurePersistence::SourceParallel set, but failed to find lib.rs or main.rs
test motor_control_negative_le_byte_order_verified ... ok
proptest: FileFailurePersistence::SourceParallel set, but failed to find lib.rs or main.rs
test motor_control_negative_small_torque_precision ... ok
proptest: FileFailurePersistence::SourceParallel set, but failed to find lib.rs or main.rs
proptest: FileFailurePersistence::SourceParallel set, but failed to find lib.rs or main.rs
proptest: FileFailurePersistence::SourceParallel set, but failed to find lib.rs or main.rs
test motor_control_small_torque_precision ... ok
proptest: FileFailurePersistence::SourceParallel set, but failed to find lib.rs or main.rs
proptest: FileFailurePersistence::SourceParallel set, but failed to find lib.rs or main.rs
test vendor_cmd_broadcast_instance_roundtrip ... ok
proptest: FileFailurePersistence::SourceParallel set, but failed to find lib.rs or main.rs
test vendor_cmd_device_id_roundtrip ... ok
proptest: FileFailurePersistence::SourceParallel set, but failed to find lib.rs or main.rs
proptest: FileFailurePersistence::SourceParallel set, but failed to find lib.rs or main.rs
proptest: FileFailurePersistence::SourceParallel set, but failed to find lib.rs or main.rs
test vendor_cmd_full_payload_roundtrip ... ok
test vendor_cmd_fw_version_roundtrip ... ok
proptest: FileFailurePersistence::SourceParallel set, but failed to find lib.rs or main.rs
test vendor_cmd_hw_type_roundtrip ... ok
test vendor_cmd_parse_rejects_short_buffer ... ok
test vendor_cmd_parse_rejects_unknown_cmd_type ... ok
test vendor_cmd_parse_rejects_wrong_report_id ... ok
test vendor_cmd_report_always_correct_length ... ok
test vendor_cmd_reset_is_write ... ok
test vendor_cmd_generic_request_roundtrip ... ok
test vendor_cmd_generic_write_roundtrip ... ok
test vendor_cmd_save_config_is_write ... ok
test proptests_extended::prop_cmd_type_from_byte_unknown ... ok
test proptests::prop_encoded_magnitude_within_scale ... ok
test proptests::prop_gain_report_roundtrip ... ok
test proptests::prop_report_always_correct_length ... ok
test proptests::prop_clamping_preserves_sign ... ok
test proptests::prop_encode_decode_roundtrip ... ok
test proptests::prop_enable_ffb_idempotent ... ok
test proptests_extended::prop_input_report_buttons_count ... ok
test proptests_extended::prop_input_report_button_individual ... ok
test proptests_extended::prop_input_report_axes_roundtrip ... ok
test proptests::prop_encode_never_panics ... ok
test proptests_extended::prop_vendor_cmd_roundtrip ... ok

test result: ok. 76 passed; 0 failed; 0 ignored; 0 measured; 0 filtered out; finished in 0.05s

     Running tests\property_tests.rs (target\debug\deps\property_tests-0fff3452ad5c1fa7.exe)

running 11 tests
proptest: FileFailurePersistence::SourceParallel set, but failed to find lib.rs or main.rs
proptest: FileFailurePersistence::SourceParallel set, but failed to find lib.rs or main.rs
proptest: FileFailurePersistence::SourceParallel set, but failed to find lib.rs or main.rs
proptest: FileFailurePersistence::SourceParallel set, but failed to find lib.rs or main.rs
proptest: FileFailurePersistence::SourceParallel set, but failed to find lib.rs or main.rs
proptest: FileFailurePersistence::SourceParallel set, but failed to find lib.rs or main.rs
proptest: FileFailurePersistence::SourceParallel set, but failed to find lib.rs or main.rs
proptest: FileFailurePersistence::SourceParallel set, but failed to find lib.rs or main.rs
proptest: FileFailurePersistence::SourceParallel set, but failed to find lib.rs or main.rs
proptest: FileFailurePersistence::SourceParallel set, but failed to find lib.rs or main.rs
proptest: FileFailurePersistence::SourceParallel set, but failed to find lib.rs or main.rs
test prop_set_gain_report_structure ... ok
test prop_report_length_constant ... ok
test prop_report_id_always_correct ... ok
test prop_product_id_recognition ... ok
test prop_enable_ffb_report_structure ... ok
test prop_torque_always_in_range ... ok
test prop_clamping_over_one ... ok
test prop_clamping_under_neg_one ... ok
test prop_reserved_bytes_always_zero ... ok
test prop_negative_torque_nonpos_raw ... ok
test prop_positive_torque_nonneg_raw ... ok

test result: ok. 11 passed; 0 failed; 0 ignored; 0 measured; 0 filtered out; finished in 0.02s

     Running tests\proptest_ids.rs (target\debug\deps\proptest_ids-cdf241dafb659d6c.exe)

running 5 tests
proptest: FileFailurePersistence::SourceParallel set, but failed to find lib.rs or main.rs
proptest: FileFailurePersistence::SourceParallel set, but failed to find lib.rs or main.rs
proptest: FileFailurePersistence::SourceParallel set, but failed to find lib.rs or main.rs
proptest: FileFailurePersistence::SourceParallel set, but failed to find lib.rs or main.rs
proptest: FileFailurePersistence::SourceParallel set, but failed to find lib.rs or main.rs
test prop_recognition_matches_known_set ... ok
test prop_vendor_id_nonzero ... ok
test prop_recognition_deterministic ... ok
test prop_known_pids_nonzero ... ok
test prop_known_pids_unique ... ok

test result: ok. 5 passed; 0 failed; 0 ignored; 0 measured; 0 filtered out; finished in 0.01s

     Running tests\proptest_input.rs (target\debug\deps\proptest_input-65a905de3c57e571.exe)

running 10 tests

running 1 test
proptest: FileFailurePersistence::SourceParallel set, but failed to find lib.rs or main.rs
proptest: FileFailurePersistence::SourceParallel set, but failed to find lib.rs or main.rs

running 1 test
proptest: FileFailurePersistence::SourceParallel set, but failed to find lib.rs or main.rs
proptest: FileFailurePersistence::SourceParallel set, but failed to find lib.rs or main.rs
test steering_normalized_bounded ... ok

running 1 test
proptest: FileFailurePersistence::SourceParallel set, but failed to find lib.rs or main.rs
proptest: FileFailurePersistence::SourceParallel set, but failed to find lib.rs or main.rs

running 1 test
proptest: FileFailurePersistence::SourceParallel set, but failed to find lib.rs or main.rs
proptest: FileFailurePersistence::SourceParallel set, but failed to find lib.rs or main.rs
test short_reports_always_fail ... ok

running 1 test
proptest: FileFailurePersistence::SourceParallel set, but failed to find lib.rs or main.rs
proptest: FileFailurePersistence::SourceParallel set, but failed to find lib.rs or main.rs

running 1 test
proptest: FileFailurePersistence::SourceParallel set, but failed to find lib.rs or main.rs
proptest: FileFailurePersistence::SourceParallel set, but failed to find lib.rs or main.rs

running 1 test
proptest: FileFailurePersistence::SourceParallel set, but failed to find lib.rs or main.rs

running 1 test
proptest: FileFailurePersistence::SourceParallel set, but failed to find lib.rs or main.rs
proptest: FileFailurePersistence::SourceParallel set, but failed to find lib.rs or main.rs
proptest: FileFailurePersistence::SourceParallel set, but failed to find lib.rs or main.rs

running 1 test
proptest: FileFailurePersistence::SourceParallel set, but failed to find lib.rs or main.rs

running 1 test
proptest: FileFailurePersistence::SourceParallel set, but failed to find lib.rs or main.rs
proptest: FileFailurePersistence::SourceParallel set, but failed to find lib.rs or main.rs
proptest: FileFailurePersistence::SourceParallel set, but failed to find lib.rs or main.rs
test parse_succeeds_for_valid_reports ... ok
test axes_roundtrip ... ok
test button_accessor_consistent_with_raw ... ok
test named_axis_accessors_match_array ... ok
test buttons_roundtrip ... ok
test buttons_pressed_matches_popcount ... ok
test wrong_report_id_always_fails ... ok
test parse_never_panics_on_arbitrary_bytes ... ok

test result: ok. 10 passed; 0 failed; 0 ignored; 0 measured; 0 filtered out; finished in 0.16s

     Running tests\proptest_output.rs (target\debug\deps\proptest_output-f39be08e1e9aa3b3.exe)

running 5 tests
proptest: FileFailurePersistence::SourceParallel set, but failed to find lib.rs or main.rs
proptest: FileFailurePersistence::SourceParallel set, but failed to find lib.rs or main.rs
proptest: FileFailurePersistence::SourceParallel set, but failed to find lib.rs or main.rs
proptest: FileFailurePersistence::SourceParallel set, but failed to find lib.rs or main.rs
proptest: FileFailurePersistence::SourceParallel set, but failed to find lib.rs or main.rs
test prop_round_trip ... ok
test prop_no_overflow ... ok
test prop_report_structure ... ok
test prop_sign_preserved ... ok
test prop_monotone_positive ... ok

test result: ok. 5 passed; 0 failed; 0 ignored; 0 measured; 0 filtered out; finished in 0.01s

     Running tests\proptest_symmetry.rs (target\debug\deps\proptest_symmetry-4c9d7c34ff885fa3.exe)

running 6 tests
proptest: FileFailurePersistence::SourceParallel set, but failed to find lib.rs or main.rs
proptest: FileFailurePersistence::SourceParallel set, but failed to find lib.rs or main.rs
proptest: FileFailurePersistence::SourceParallel set, but failed to find lib.rs or main.rs
proptest: FileFailurePersistence::SourceParallel set, but failed to find lib.rs or main.rs
proptest: FileFailurePersistence::SourceParallel set, but failed to find lib.rs or main.rs
proptest: FileFailurePersistence::SourceParallel set, but failed to find lib.rs or main.rs
test prop_full_scale_saturates ... ok
test prop_zero_torque_always_zero ... ok
test prop_antisymmetry ... ok
test prop_default_encoder_consistent ... ok
test prop_encode_deterministic ... ok
test prop_monotone_negative ... ok

test result: ok. 6 passed; 0 failed; 0 ignored; 0 measured; 0 filtered out; finished in 0.02s

     Running tests\protocol_hardening.rs (target\debug\deps\protocol_hardening-1e2eeb90da7cead5.exe)

running 53 tests
test alt_product_id_is_ffb1 ... ok
test constant_force_report_len_is_5 ... ok
test edge_extreme_clamping_positive ... ok
test edge_just_inside_boundary_negative ... ok
test edge_just_inside_boundary_positive ... ok
test edge_extreme_clamping_negative ... ok
test constant_force_report_id_is_0x01 ... ok
test edge_subnormal_torque_produces_zero_raw ... ok
test edge_negative_infinity_clamps_to_min ... ok
test edge_negative_zero_encodes_as_zero ... ok
test edge_positive_infinity_clamps_to_max ... ok
test edge_nan_torque_produces_valid_report ... ok
test gain_frame_layout_mid ... ok
test enable_ffb_report_id_is_0x60 ... ok
test gain_frame_layout_full ... ok
test enable_ffb_frame_off_layout ... ok
test enable_ffb_frame_on_layout ... ok
test gain_frame_layout_zero ... ok
test main_product_id_is_ffb0 ... ok
test gain_report_id_is_0x61 ... ok
test max_torque_scale_is_10000 ... ok
test parse_constant_force_report_id ... ok
test parse_enable_ffb_reserved_byte_zero ... ok
test parse_enable_report_flag_byte ... ok
proptest: FileFailurePersistence::SourceParallel set, but failed to find lib.rs or main.rs
test parse_gain_reserved_byte_zero ... ok
proptest: FileFailurePersistence::SourceParallel set, but failed to find lib.rs or main.rs
proptest: FileFailurePersistence::SourceParallel set, but failed to find lib.rs or main.rs
proptest: FileFailurePersistence::SourceParallel set, but failed to find lib.rs or main.rs
test parse_gain_value_byte ... ok
proptest: FileFailurePersistence::SourceParallel set, but failed to find lib.rs or main.rs
proptest: FileFailurePersistence::SourceParallel set, but failed to find lib.rs or main.rs
proptest: FileFailurePersistence::SourceParallel set, but failed to find lib.rs or main.rs
proptest: FileFailurePersistence::SourceParallel set, but failed to find lib.rs or main.rs
test parse_reserved_bytes_always_zero ... ok
test parse_torque_sign_preserved_through_encoding ... ok
test report_ids_are_all_distinct ... ok
test round_trip_error_within_quantization ... ok
test round_trip_full_negative ... ok
test round_trip_full_positive ... ok
test round_trip_half_negative ... ok
test round_trip_half_positive ... ok
test round_trip_quarter ... ok
test torque_frame_layout_positive ... ok
test torque_frame_layout_zero ... ok
test variant_all_array_has_correct_count ... ok
test variant_alternate_has_expected_pid ... ok
test variant_main_has_expected_pid ... ok
test round_trip_zero_torque ... ok
test torque_frame_layout_negative ... ok
test variant_product_ids_recognised_by_helper ... ok
test variant_names_are_nonempty_and_printable ... ok
test vendor_id_matches_pid_codes_open_hardware ... ok
test prop_enable_flag_round_trip ... ok
test prop_report_ids_distinct ... ok
test prop_gain_round_trip ... ok
test prop_enable_ffb_frame_structural_invariants ... ok
test prop_gain_frame_structural_invariants ... ok
test prop_quantization_error_bounded ... ok
test prop_sign_fidelity ... ok
test prop_torque_frame_structural_invariants ... ok

test result: ok. 53 passed; 0 failed; 0 ignored; 0 measured; 0 filtered out; finished in 0.02s

     Running tests\protocol_verification_tests.rs (target\debug\deps\protocol_verification_tests-4c98f20e78c549c7.exe)

running 38 tests
test all_output_report_ids_are_distinct ... ok
test all_variants_share_vid ... ok
test firmware_composite_device_structure ... ok
test firmware_hid_cmd_report_structure ... ok
test firmware_hid_report_ids_cross_reference ... ok
test firmware_input_report_structure ... ok
test firmware_set_effect_struct_size ... ok
test firmware_effect_type_ids ... ok
test firmware_hid_cmd_types ... ok
test constant_force_report_length ... ok
test firmware_input_report_id_is_1 ... ok
test enable_ffb_report_id_value ... ok
test firmware_set_constant_force_struct ... ok
test alt_pid_is_speculative_ffb1 ... ok
test firmware_usb_descriptor_basics ... ok
test constant_force_report_id_value ... ok
test gain_report_id_value ... ok
test firmware_pid_state_report_status_bits ... ok
test is_openffboard_product_matches_known_pids ... ok
test known_good_full_gain_bytes ... ok
test known_good_disable_ffb_bytes ... ok
test known_good_enable_ffb_bytes ... ok
test known_good_full_negative_torque_bytes ... ok
test known_good_full_positive_torque_bytes ... ok
test known_good_half_gain_bytes ... ok
test known_good_half_torque_bytes ... ok
test known_good_zero_gain_bytes ... ok
test known_good_zero_torque_bytes ... ok
test linux_steering_wheels_confirms_vid_pid ... ok
test main_pid_matches_firmware_and_pid_codes ... ok
test reexported_pid_matches_ids_module ... ok
test torque_encoder_clamps_negative_overflow ... ok
test torque_encoder_clamps_positive_overflow ... ok
test torque_scale_factor ... ok
test variant_alternate_maps_to_ffb1 ... ok
test variant_main_maps_to_ffb0 ... ok
test vid_is_pid_codes_open_hardware_block ... ok
test vid_matches_pid_codes_registry ... ok

test result: ok. 38 passed; 0 failed; 0 ignored; 0 measured; 0 filtered out; finished in 0.00s

     Running tests\roundtrip_proptest.rs (target\debug\deps\roundtrip_proptest-c940de6f1ba47a72.exe)

running 9 tests
proptest: FileFailurePersistence::SourceParallel set, but failed to find lib.rs or main.rs
proptest: FileFailurePersistence::SourceParallel set, but failed to find lib.rs or main.rs
proptest: FileFailurePersistence::SourceParallel set, but failed to find lib.rs or main.rs
proptest: FileFailurePersistence::SourceParallel set, but failed to find lib.rs or main.rs
proptest: FileFailurePersistence::SourceParallel set, but failed to find lib.rs or main.rs
proptest: FileFailurePersistence::SourceParallel set, but failed to find lib.rs or main.rs
proptest: FileFailurePersistence::SourceParallel set, but failed to find lib.rs or main.rs
proptest: FileFailurePersistence::SourceParallel set, but failed to find lib.rs or main.rs
proptest: FileFailurePersistence::SourceParallel set, but failed to find lib.rs or main.rs
test prop_gain_roundtrip ... ok
test prop_unknown_pid_not_recognized ... ok
test prop_enable_ffb_roundtrip ... ok
test prop_torque_sign_preserved ... ok
test prop_torque_report_id ... ok
test prop_torque_roundtrip ... ok
test prop_torque_reserved_zero ... ok
test prop_torque_clamped ... ok
test prop_variant_product_id_recognized ... ok

test result: ok. 9 passed; 0 failed; 0 ignored; 0 measured; 0 filtered out; finished in 0.01s

     Running tests\snapshot_encoding.rs (target\debug\deps\snapshot_encoding-85ce80efb674d0d9.exe)

running 9 tests
test snapshot_product_id_main ... ok
test snapshot_encode_three_quarter_negative ... ok
test snapshot_set_gain_zero ... ok
test snapshot_encode_tiny_negative ... ok
test snapshot_encode_three_quarter_positive ... ok
test snapshot_set_gain_mid ... ok
test snapshot_vendor_id ... ok
test snapshot_encode_tiny_positive ... ok
test snapshot_product_id_alt ... ok

test result: ok. 9 passed; 0 failed; 0 ignored; 0 measured; 0 filtered out; finished in 0.18s

     Running tests\snapshot_tests.rs (target\debug\deps\snapshot_tests-5c76bea261011405.exe)

running 13 tests
test test_snapshot_encode_zero ... ok
test test_snapshot_enable_ffb_on ... ok
test test_snapshot_set_gain_full ... ok
test test_snapshot_is_openffboard_product ... ok
test test_snapshot_encode_torque_clamped_under ... ok
test test_snapshot_encode_half_positive ... ok
test test_snapshot_encode_torque_clamped_over ... ok
test test_snapshot_encode_pos_one ... ok
test test_snapshot_encode_neg_one ... ok
test test_snapshot_encode_torque_quarter ... ok
test test_snapshot_enable_ffb_off ... ok
test test_snapshot_encode_half_negative ... ok
test test_snapshot_protocol_constants ... ok

test result: ok. 13 passed; 0 failed; 0 ignored; 0 measured; 0 filtered out; finished in 0.18s

     Running tests\variant_property_tests.rs (target\debug\deps\variant_property_tests-38a1cd64d7c38564.exe)

running 8 tests
proptest: FileFailurePersistence::SourceParallel set, but failed to find lib.rs or main.rs
proptest: FileFailurePersistence::SourceParallel set, but failed to find lib.rs or main.rs
proptest: FileFailurePersistence::SourceParallel set, but failed to find lib.rs or main.rs
proptest: FileFailurePersistence::SourceParallel set, but failed to find lib.rs or main.rs
proptest: FileFailurePersistence::SourceParallel set, but failed to find lib.rs or main.rs
proptest: FileFailurePersistence::SourceParallel set, but failed to find lib.rs or main.rs
proptest: FileFailurePersistence::SourceParallel set, but failed to find lib.rs or main.rs
proptest: FileFailurePersistence::SourceParallel set, but failed to find lib.rs or main.rs
test prop_variant_pid_nonzero ... ok
test prop_variant_pid_recognised ... ok
test prop_variant_vid_exact_value ... ok
test prop_variant_pids_unique ... ok
test prop_variant_vid_is_pid_codes ... ok
test prop_variant_pid_matches_constant ... ok
test prop_variant_name_printable ... ok
test prop_variant_name_non_empty ... ok

test result: ok. 8 passed; 0 failed; 0 ignored; 0 measured; 0 filtered out; finished in 0.01s

     Running tests\variant_snapshot_tests.rs (target\debug\deps\variant_snapshot_tests-5c494b063980da8a.exe)

running 6 tests
test snapshot_all_variants ... ok
test snapshot_full_protocol_constants ... ok
test snapshot_variant_alternate_debug ... ok
test snapshot_variant_alternate ... ok
test snapshot_variant_main ... ok
test snapshot_variant_main_debug ... ok

test result: ok. 6 passed; 0 failed; 0 ignored; 0 measured; 0 filtered out; finished in 0.20s

     Running unittests src\lib.rs (target\debug\deps\racing_wheel_hid_pxn_protocol-3ca62ab44da1d7cd.exe)

running 9 tests
test effects::tests::constant_force_smoke ... ok
test effects::tests::effect_type_values ... ok
test effects::tests::device_control_enable ... ok
test effects::tests::pxn_sine_preferred ... ok
test effects::tests::report_ids_match_pid_spec ... ok
test effects::tests::device_gain_clamps ... ok
test ids::tests::known_products_recognised ... ok
test ids::tests::product_names ... ok
test ids::tests::unknown_product_not_recognised ... ok

test result: ok. 9 passed; 0 failed; 0 ignored; 0 measured; 0 filtered out; finished in 0.00s

     Running tests\comprehensive.rs (target\debug\deps\comprehensive-58affdc270067bf3.exe)

running 24 tests
test adjacent_pids_not_recognised ... ok
test constants_product_gt987 ... ok
test constants_product_v12 ... ok
test constants_product_v10 ... ok
test constants_product_v12_lite ... ok
test is_pxn_accepts_all_known_pids ... ok
test constants_product_v12_lite_2 ... ok
test constants_vendor_id ... ok
test product_name_unknown_returns_none ... ok
test product_name_v10 ... ok
test is_pxn_rejects_unknown_pid ... ok
test is_pxn_rejects_wrong_vid ... ok
test product_name_consistency_with_is_pxn ... ok
test product_name_gt987 ... ok
test all_pids_distinct ... ok
test is_pxn_both_wrong ... ok
test product_name_v12 ... ok
test product_name_v12_lite ... ok
test product_name_v12_lite_2 ... ok
test vendor_id_boundary ... ok

running 1 test
proptest: FileFailurePersistence::SourceParallel set, but failed to find lib.rs or main.rs
proptest: FileFailurePersistence::SourceParallel set, but failed to find lib.rs or main.rs

running 1 test
proptest: FileFailurePersistence::SourceParallel set, but failed to find lib.rs or main.rs
proptest: FileFailurePersistence::SourceParallel set, but failed to find lib.rs or main.rs

running 1 test
proptest: FileFailurePersistence::SourceParallel set, but failed to find lib.rs or main.rs
proptest: FileFailurePersistence::SourceParallel set, but failed to find lib.rs or main.rs

running 1 test
proptest: FileFailurePersistence::SourceParallel set, but failed to find lib.rs or main.rs
proptest: FileFailurePersistence::SourceParallel set, but failed to find lib.rs or main.rs
test property_tests::prop_product_name_returns_non_empty_for_known ... ok
test property_tests::prop_wrong_vid_always_false ... ok
test property_tests::prop_is_pxn_requires_correct_vid ... ok
test property_tests::prop_product_name_consistent_with_is_pxn ... ok

test result: ok. 24 passed; 0 failed; 0 ignored; 0 measured; 0 filtered out; finished in 0.10s

     Running tests\deep_protocol_tests.rs (target\debug\deps\deep_protocol_tests-cd05ef8fe2a0e711.exe)

running 19 tests
test all_known_pids_have_names ... ok
test gt987_product_id ... ok
test all_product_ids_unique ... ok
test is_pxn_recognises_all_known_products ... ok
test product_name_unknown_returns_none ... ok
test is_pxn_rejects_both_wrong ... ok
test product_names_non_empty ... ok
test is_pxn_rejects_unknown_pid_with_correct_vid ... ok
test is_pxn_rejects_wrong_vendor ... ok
test product_name_gt987 ... ok
test product_name_v10 ... ok
test product_name_v12 ... ok
test product_name_v12_lite ... ok
test product_name_v12_lite_se ... ok
test v10_product_id ... ok
test v12_lite_2_product_id ... ok
test v12_lite_product_id ... ok
test v12_product_id ... ok
test vendor_id_is_lite_star ... ok

test result: ok. 19 passed; 0 failed; 0 ignored; 0 measured; 0 filtered out; finished in 0.00s

     Running tests\id_verification.rs (target\debug\deps\id_verification-52a087376e3c70c4.exe)

running 6 tests
test lite_star_gt987_pid_is_2141 ... ok
test pxn_v12_lite_2_pid_is_1211 ... ok
test pxn_v12_lite_pid_is_1112 ... ok
test pxn_v12_pid_is_1212 ... ok
test pxn_v10_pid_is_3245 ... ok
test vendor_id_is_11ff ... ok

test result: ok. 6 passed; 0 failed; 0 ignored; 0 measured; 0 filtered out; finished in 0.00s

     Running tests\property_tests.rs (target\debug\deps\property_tests-4d62d43dd43a5a84.exe)

running 9 tests
proptest: FileFailurePersistence::SourceParallel set, but failed to find lib.rs or main.rs
proptest: FileFailurePersistence::SourceParallel set, but failed to find lib.rs or main.rs
proptest: FileFailurePersistence::SourceParallel set, but failed to find lib.rs or main.rs
proptest: FileFailurePersistence::SourceParallel set, but failed to find lib.rs or main.rs
proptest: FileFailurePersistence::SourceParallel set, but failed to find lib.rs or main.rs
proptest: FileFailurePersistence::SourceParallel set, but failed to find lib.rs or main.rs
proptest: FileFailurePersistence::SourceParallel set, but failed to find lib.rs or main.rs
proptest: FileFailurePersistence::SourceParallel set, but failed to find lib.rs or main.rs
proptest: FileFailurePersistence::SourceParallel set, but failed to find lib.rs or main.rs
test prop_is_pxn_unknown_pid ... ok
test prop_product_name_consistent_with_is_pxn ... ok
test prop_product_name_unknown ... ok
test prop_vendor_id_constant_is_pxn ... ok
test prop_is_pxn_wrong_vid ... ok
test prop_product_name_non_empty ... ok
test prop_product_name_known ... ok
test prop_product_name_contains_brand ... ok
test prop_is_pxn_correct ... ok

test result: ok. 9 passed; 0 failed; 0 ignored; 0 measured; 0 filtered out; finished in 0.03s

     Running tests\proptest_ids.rs (target\debug\deps\proptest_ids-686f42dd04370dea.exe)

running 14 tests
proptest: FileFailurePersistence::SourceParallel set, but failed to find lib.rs or main.rs
proptest: FileFailurePersistence::SourceParallel set, but failed to find lib.rs or main.rs
proptest: FileFailurePersistence::SourceParallel set, but failed to find lib.rs or main.rs
proptest: FileFailurePersistence::SourceParallel set, but failed to find lib.rs or main.rs
proptest: FileFailurePersistence::SourceParallel set, but failed to find lib.rs or main.rs
proptest: FileFailurePersistence::SourceParallel set, but failed to find lib.rs or main.rs
proptest: FileFailurePersistence::SourceParallel set, but failed to find lib.rs or main.rs
proptest: FileFailurePersistence::SourceParallel set, but failed to find lib.rs or main.rs
proptest: FileFailurePersistence::SourceParallel set, but failed to find lib.rs or main.rs
proptest: FileFailurePersistence::SourceParallel set, but failed to find lib.rs or main.rs
proptest: FileFailurePersistence::SourceParallel set, but failed to find lib.rs or main.rs
proptest: FileFailurePersistence::SourceParallel set, but failed to find lib.rs or main.rs
proptest: FileFailurePersistence::SourceParallel set, but failed to find lib.rs or main.rs
proptest: FileFailurePersistence::SourceParallel set, but failed to find lib.rs or main.rs
test prop_is_pxn_never_panics ... ok
test prop_pids_unique ... ok
test prop_known_pids_nonzero ... ok
test prop_is_pxn_unknown_pid ... ok
test prop_product_name_non_empty ... ok
test prop_vendor_id_value ... ok
test prop_is_pxn_known_devices ... ok
test prop_product_name_contains_brand ... ok
test prop_is_pxn_wrong_vid ... ok
test prop_product_name_consistent_with_is_pxn ... ok
test prop_product_name_unknown ... ok
test prop_product_name_never_panics ... ok
test prop_product_name_known ... ok
test prop_vendor_id_nonzero ... ok

test result: ok. 14 passed; 0 failed; 0 ignored; 0 measured; 0 filtered out; finished in 0.02s

     Running tests\protocol_verification_tests.rs (target\debug\deps\protocol_verification_tests-c7b43e4ef372c311.exe)

running 13 tests
test all_known_pids_have_product_names ... ok
test gt987_pid_matches_kernel_hid_ids ... ok
test all_pids_unique ... ok
test table_driven_kernel_hid_ids_cross_check ... ok
test protocol_is_standard_hid_pid_with_sine_only_quirk ... ok
test v12_pid_matches_kernel_hid_ids ... ok
test v10_pid_matches_kernel_hid_ids ... ok
test v12_lite_2_pid_matches_kernel_hid_ids ... ok
test vid_pid_le_byte_representation ... ok
test v12_lite_pid_matches_kernel_hid_ids ... ok
test linux_steering_wheels_gold_devices ... ok
test vid_does_not_collide_with_other_vendors ... ok
test vid_matches_kernel_usb_vendor_id_lite_star ... ok

test result: ok. 13 passed; 0 failed; 0 ignored; 0 measured; 0 filtered out; finished in 0.00s

     Running tests\pxn_protocol_tests.rs (target\debug\deps\pxn_protocol_tests-53e3332343fd0664.exe)

running 32 tests
test all_pids_distinct ... ok
test block_free_known_bytes ... ok
test device_control_known_bytes ... ok
test constant_force_report_structure ... ok
test constant_force_zero ... ok
test device_gain_clamps_to_10000 ... ok
test product_name_none_for_unknown ... ok
test device_gain_known_bytes ... ok
test effect_operation_start_solo ... ok
proptest: FileFailurePersistence::SourceParallel set, but failed to find lib.rs or main.rs
test effect_type_discriminants ... ok
proptest: FileFailurePersistence::SourceParallel set, but failed to find lib.rs or main.rs
test is_pxn_accepts_all_known_products ... ok
test is_pxn_rejects_unknown_pids ... ok
proptest: FileFailurePersistence::SourceParallel set, but failed to find lib.rs or main.rs
test pid_golden_values ... ok
proptest: FileFailurePersistence::SourceParallel set, but failed to find lib.rs or main.rs
proptest: FileFailurePersistence::SourceParallel set, but failed to find lib.rs or main.rs
proptest: FileFailurePersistence::SourceParallel set, but failed to find lib.rs or main.rs
test constant_force_negative_magnitude ... ok
proptest: FileFailurePersistence::SourceParallel set, but failed to find lib.rs or main.rs
test device_gain_zero ... ok
proptest: FileFailurePersistence::SourceParallel set, but failed to find lib.rs or main.rs
test product_name_returns_correct_names ... ok
test is_pxn_rejects_wrong_vid ... ok
test pxn_sine_only_quirk_documentation ... ok
test set_condition_known_bytes ... ok
test set_effect_known_bytes ... ok
test set_envelope_known_bytes ... ok
test set_periodic_known_bytes ... ok
test set_ramp_force_known_bytes ... ok
test vid_golden_value ... ok
test proptest_effects::prop_block_free_roundtrips ... ok
test proptest_effects::prop_is_pxn_only_with_correct_vid ... ok
test proptest_effects::prop_device_gain_clamps ... ok
test proptest_effects::prop_constant_force_magnitude_roundtrips ... ok
test proptest_effects::prop_product_name_some_iff_is_pxn ... ok
test proptest_effects::prop_effect_operation_report_id_stable ... ok
test proptest_effects::prop_ramp_force_roundtrips ... ok
test proptest_effects::prop_set_effect_all_types ... ok

test result: ok. 32 passed; 0 failed; 0 ignored; 0 measured; 0 filtered out; finished in 0.02s

     Running tests\snapshot_encoding.rs (target\debug\deps\snapshot_encoding-f4df6f8f032528c2.exe)

running 8 tests
test test_snapshot_product_name_all_known ... ok
test test_snapshot_is_pxn_unknown_pid ... ok
test test_snapshot_all_pids_hex ... ok
test test_snapshot_full_device_table ... ok
test test_snapshot_is_pxn_all_known_products ... ok
test test_snapshot_is_pxn_wrong_vid ... ok
test test_snapshot_product_name_unknown ... ok
test test_snapshot_vendor_id_hex ... ok

test result: ok. 8 passed; 0 failed; 0 ignored; 0 measured; 0 filtered out; finished in 0.18s

     Running tests\snapshot_tests.rs (target\debug\deps\snapshot_tests-8f0a14638a007354.exe)

running 10 tests
test test_snapshot_product_name_v10 ... ok
test test_snapshot_product_name_v12 ... ok
test test_snapshot_protocol_constants ... ok
test test_snapshot_product_name_v12_lite ... ok
test test_snapshot_product_name_unknown ... ok
test test_snapshot_all_known_pids ... ok
test test_snapshot_is_pxn ... ok
test test_snapshot_product_name_gt987 ... ok
test test_snapshot_product_names ... ok
test test_snapshot_product_name_v12_lite_2 ... ok

test result: ok. 10 passed; 0 failed; 0 ignored; 0 measured; 0 filtered out; finished in 0.19s

     Running tests\snapshots.rs (target\debug\deps\snapshots-ddcbd350ac6f1eaf.exe)

running 4 tests
test snapshot_is_pxn_boundary_vids ... ok
test snapshot_vendor_id_formats ... ok
test snapshot_pids_sorted_by_value ... ok
test snapshot_all_products_classification ... ok

test result: ok. 4 passed; 0 failed; 0 ignored; 0 measured; 0 filtered out; finished in 0.18s

     Running unittests src\lib.rs (target\debug\deps\racing_wheel_hid_simagic_protocol-e37f6ed53e3e000f.exe)

running 106 tests
test input::tests::test_normalize_steering_various ... ok
test input::tests::test_normalize_steering_boundaries ... ok
test input::tests::test_parse_buttons ... ok
test input::tests::test_parse_firmware_version ... ok
test input::tests::test_parse_full_left_steering ... ok
test input::tests::test_parse_quick_release ... ok
test input::tests::test_parse_full_right_steering ... ok
test input::tests::test_parse_rotary_encoders ... ok
test input::tests::test_parse_pedals_full ... ok
test input::tests::test_parse_pedals_released ... ok
test input::tests::test_parse_report_too_short ... ok
test input::tests::test_parse_hat ... ok
test input::tests::test_parse_shifter_flags ... ok
test input::tests::test_parse_shifter_gears ... ok
test input::tests::test_pedal_axes_raw ... ok
test input::tests::test_steering_normalization_boundaries ... ok
test output::tests::test_constant_force_encoder_negative ... ok
test output::tests::test_constant_force_encoder_zero ... ok
test output::tests::test_constant_force_encoder_positive ... ok
test output::tests::test_constant_force_saturation ... ok
test output::tests::test_damper_encoder ... ok
test output::tests::test_device_gain ... ok
test output::property_tests::prop_rotation_range_valid ... ok
test input::property_tests::prop_steering_normalization_never_exceeds_bounds ... ok
test output::tests::test_friction_encoder ... ok
test output::tests::test_rotation_range_1080 ... ok
test output::tests::test_led_report ... ok
test input::property_tests::prop_pedal_normalization_never_exceeds_bounds ... ok
test output::property_tests::prop_damper_encoder_always_valid_output ... ok
test output::tests::test_rotation_range_900 ... ok
test output::property_tests::prop_device_gain_valid ... ok
test output::property_tests::prop_friction_encoder_always_valid_output ... ok
test output::tests::test_spring_encoder_zero ... ok
test output::tests::test_sine_effect ... ok
test output::tests::test_square_effect ... ok
test output::tests::test_spring_encoder ... ok
test settings::tests::all_reports_are_64_bytes ... ok
test settings::tests::angle_lock_strength_from_byte ... ok
test settings::tests::encode_settings1_angle_le16 ... ok
test output::property_tests::prop_spring_encoder_always_valid_output ... ok
test settings::tests::encode_settings1_ffb_strength_negative ... ok
test output::property_tests::prop_led_report_valid ... ok
test settings::tests::encode_settings1_header ... ok
test output::tests::test_torque_to_magnitude ... ok
test output::property_tests::prop_sine_effect_valid ... ok
test settings::tests::encode_settings1_mechanical_fields ... ok
test output::tests::test_triangle_effect ... ok
test settings::tests::encode_settings1_report_length ... ok
test settings::tests::encode_settings2_angle_lock_clamped ... ok
test settings::tests::encode_settings2_fields ... ok
test settings::tests::encode_settings2_header ... ok
test settings::tests::encode_settings3_header ... ok
test settings::tests::encode_settings3_ring_light ... ok
test settings::tests::encode_settings3_ring_light_disabled ... ok
test settings::tests::encode_settings4_fields ... ok
test settings::tests::encode_settings4_header ... ok
test settings::tests::encode_settings4_sanitize_filter_level ... ok
test settings::tests::parse_status1_too_short ... ok
test output::property_tests::prop_constant_force_encoder_always_valid_output ... ok
test settings::tests::parse_status1_valid ... ok
test settings::tests::parse_status1_wrong_report_id ... ok
test settings::tests::report_ids ... ok
test settings::tests::report_size_is_64 ... ok
test settings::tests::ring_light_encode_clamps_brightness ... ok
test settings::tests::ring_light_encode_disabled ... ok
test settings::tests::ring_light_encode_enabled ... ok
test settings::tests::ring_light_roundtrip ... ok
test settings::tests::settings1_encode_preserves_values ... ok
test settings::tests::settings1_sanitize_clamps_angle ... ok
test settings::tests::settings1_sanitize_clamps_angle_high ... ok
test settings::tests::settings1_sanitize_clamps_ff_strength ... ok
test settings::tests::settings2_angle_lock_below_min ... ok
test settings::tests::status_to_settings1_roundtrip ... ok
test settings::tests::status_to_settings2_roundtrip ... ok
test settings::tests::status_to_settings3_roundtrip ... ok
test settings::tests::status_to_settings4_roundtrip ... ok
test types::tests::test_fabricated_pids_resolve_to_unknown ... ok
test types::tests::test_identify_device_known_pids ... ok
test types::tests::test_is_wheelbase_product_known_wheelbases ... ok
test types::tests::test_is_wheelbase_product_non_wheelbases ... ok
test types::tests::test_simagic_model_max_torque ... ok
test wire::tests::test_all_reports_64_bytes ... ok
test wire::tests::test_constant_zero ... ok
test wire::tests::test_effect_operation_start ... ok
test wire::tests::test_effect_operation_stop ... ok
test wire::tests::test_gain_full ... ok
test output::property_tests::prop_triangle_effect_valid ... ok
test wire::tests::test_periodic_sine ... ok
test wire::tests::test_gain_half ... ok
test wire::tests::test_rescale_max_positive ... ok
test wire::tests::test_constant_report_structure ... ok
test wire::tests::test_rescale_max_negative ... ok
test wire::tests::test_rescale_half_positive ... ok
test wire::tests::test_condition_spring ... ok
test wire::tests::test_rescale_min_negative ... ok
test wire::tests::test_rescale_zero ... ok
test wire::tests::test_set_effect_structure ... ok
test wire::tests::test_set_effect_zero_duration_becomes_infinite ... ok
test output::property_tests::prop_square_effect_valid ... ok
test input::property_tests::prop_parse_input_report_arbitrary_data ... ok
test wire::property_tests::prop_constant_report_type ... ok
test wire::property_tests::prop_effect_op_start_stop ... ok
test wire::property_tests::prop_rescale_bounded ... ok
test wire::property_tests::prop_condition_report_type ... ok
test wire::property_tests::prop_gain_high_byte ... ok
test wire::property_tests::prop_rescale_monotone ... ok

test result: ok. 106 passed; 0 failed; 0 ignored; 0 measured; 0 filtered out; finished in 0.03s

     Running tests\comprehensive_protocol.rs (target\debug\deps\comprehensive_protocol-891131152a29aec2.exe)

running 63 tests
test all_rims_resolve_to_unknown ... ok
test const_effect_type_matches_report_ids_module ... ok
test const_model_torque_matches_identity ... ok
test const_ffb_effect_report_ids ... ok
test const_legacy_pid ... ok
test const_evo_pids_distinct ... ok
test encoder_returned_lengths ... ok
test friction_disable_via_encode_zero ... ok
test const_report_ids_no_collision ... ok
test const_vendor_ids ... ok
test device_gain_full_enables_ffb ... ok
test identify_all_wheelbases ... ok
test device_gain_zero_disables_ffb ... ok
test const_report_ids ... ok
test gear_raw_boundary_values ... ok
test identify_all_peripherals ... ok
test damper_disable_via_encode_zero ... ok
test input_16_bytes_too_short ... ok
test identify_unknown_pid ... ok
test input_19_bytes_no_quick_release ... ok
test input_20_bytes_with_quick_release ... ok
test input_23_bytes_with_firmware ... ok
test input_all_pedals_max_eighth_gear_all_flags ... ok
test input_alpha_full_left_heavy_brake ... ok
test input_empty_returns_none ... ok
test input_exactly_17_bytes_valid ... ok
test input_fx_full_right_seq_shift_up ... ok
test input_hat_upper_nibble_masked ... ok
test input_m10_center_half_throttle_third_gear ... ok
test led_report_boundary_values ... ok
test model_from_pid_consistent_with_identify ... ok
test motor_disable_via_encode_zero ... ok
test output_damper_field_placement ... ok
test output_evo_pro_full_positive ... ok
test output_evo_sport_half_torque ... ok
test output_friction_field_placement ... ok
test output_neo_mini_full_negative ... ok
proptest: FileFailurePersistence::SourceParallel set, but failed to find lib.rs or main.rs
proptest: FileFailurePersistence::SourceParallel set, but failed to find lib.rs or main.rs
proptest: FileFailurePersistence::SourceParallel set, but failed to find lib.rs or main.rs
test output_sine_frequency_clamp_max ... ok
proptest: FileFailurePersistence::SourceParallel set, but failed to find lib.rs or main.rs
proptest: FileFailurePersistence::SourceParallel set, but failed to find lib.rs or main.rs
test output_sine_frequency_clamp_min ... ok
proptest: FileFailurePersistence::SourceParallel set, but failed to find lib.rs or main.rs
test output_spring_field_placement ... ok
proptest: FileFailurePersistence::SourceParallel set, but failed to find lib.rs or main.rs
proptest: FileFailurePersistence::SourceParallel set, but failed to find lib.rs or main.rs
test output_square_duty_clamp ... ok
test p1000_and_p1000a_resolve_to_unknown ... ok
test pedal_normalize_boundary ... ok
test report_size_constants ... ok
test quick_release_boundary_values ... ok
test rotation_range_boundary_values ... ok
proptest: FileFailurePersistence::SourceParallel set, but failed to find lib.rs or main.rs
test spring_disable_via_encode_zero ... ok
test torque_negative_max_torque_clamped ... ok
test torque_exact_full_scale ... ok
test torque_max_torque_floor_protects_against_zero ... ok
test torque_encoding_symmetric ... ok
test torque_saturation_positive_and_negative ... ok
test torque_precision_one_tenth_max ... ok
test torque_zero_always_zero ... ok
test prop_round_trips::prop_rotation_range_round_trip ... ok
test prop_round_trips::prop_invalid_gear_always_unknown ... ok
test prop_round_trips::prop_device_gain_round_trip ... ok
test prop_round_trips::prop_pedal_normalize_round_trip ... ok
test prop_round_trips::prop_valid_gear_never_unknown ... ok
test prop_round_trips::prop_short_report_always_none ... ok
test prop_round_trips::prop_spring_fields_round_trip ... ok
test prop_round_trips::prop_constant_force_round_trip ... ok
test prop_round_trips::prop_valid_length_always_parses ... ok

test result: ok. 63 passed; 0 failed; 0 ignored; 0 measured; 0 filtered out; finished in 0.02s

     Running tests\device_snapshot_tests.rs (target\debug\deps\device_snapshot_tests-570dd262e425dae1.exe)

running 9 tests
test snap_model_from_pid_matrix ... ok
test snap_parse_shifter_flag_combos ... ok
test snap_parse_half_press_all_axes ... ok
test snap_parse_firmware_version_1_5_3 ... ok
test snap_parse_quick_release_states ... ok
test snap_device_identity_verified_pids ... ok
test snap_parse_no_firmware_short_report ... ok
test snap_vendor_id_constants ... ok
test snap_parse_all_gears ... ok

test result: ok. 9 passed; 0 failed; 0 ignored; 0 measured; 0 filtered out; finished in 0.20s

     Running tests\id_verification.rs (target\debug\deps\id_verification-a322b6b234a6bcba.exe)

running 22 tests
test all_product_ids_are_unique ... ok
test evo_pid_is_0501 ... ok
test alpha_evo_pid_is_0600 ... ok
test evo_pro_pid_is_0502 ... ok
test handbrake_pid_is_0a04 ... ok
test legacy_pid_not_in_modern_product_ids ... ok
test evo_vendor_id_is_3670 ... ok
test legacy_pid_is_0522 ... ok
test p1000a_pedals_pid_is_1003 ... ok
test evo_sport_pid_is_0500 ... ok
test legacy_vendor_id_is_0483 ... ok
test neo_pid_is_0700 ... ok
test p1000_pedals_pid_is_1001 ... ok
test p2000_pedals_pid_is_1002 ... ok
test rim_gt_neo_pid_is_4003 ... ok
test neo_mini_pid_is_0701 ... ok
test rim_wr1_pid_is_4001 ... ok
test shifter_h_pid_is_2001 ... ok
test rim_formula_pid_is_4004 ... ok
test rim_gt1_pid_is_4002 ... ok
test shifter_seq_pid_is_2002 ... ok
test vendor_ids_are_distinct ... ok

test result: ok. 22 passed; 0 failed; 0 ignored; 0 measured; 0 filtered out; finished in 0.00s

     Running tests\kernel_wire_crosscheck.rs (target\debug\deps\kernel_wire_crosscheck-b03b09dd9cd1f097.exe)

running 31 tests
test block_id_constant_matches_kernel ... ok
test block_id_friction_matches_kernel ... ok
test block_id_damper_matches_kernel ... ok
test block_id_inertia_matches_kernel ... ok
test block_id_sawtooth_up_matches_kernel ... ok
test block_id_spring_matches_kernel ... ok
test block_id_square_matches_kernel ... ok
test block_id_triangle_matches_kernel ... ok
test block_id_sine_matches_kernel ... ok
test block_id_ramp_matches_kernel ... ok
test block_id_sawtooth_down_matches_kernel ... ok
test effect_op_start_matches_kernel ... ok
test encode_gain_has_correct_header ... ok
test encode_condition_has_correct_header ... ok
test encode_constant_has_correct_header ... ok
test encode_effect_operation_start_stop ... ok
test effect_op_stop_matches_kernel ... ok
test encode_set_effect_has_correct_structure ... ok
test encode_periodic_has_correct_header ... ok
test report_size_is_64 ... ok
test report_type_effect_operation_matches_kernel ... ok
test report_type_set_condition_matches_kernel ... ok
test report_type_set_constant_matches_kernel ... ok
test report_type_set_custom_force_matches_kernel ... ok
test report_type_set_effect_matches_kernel ... ok
test report_type_set_envelope_matches_kernel ... ok
test report_type_set_gain_matches_kernel ... ok
test report_type_set_periodic_matches_kernel ... ok
test report_type_set_ramp_force_matches_kernel ... ok
test rescale_known_values ... ok
test settings_report_ids_match_kernel ... ok

test result: ok. 31 passed; 0 failed; 0 ignored; 0 measured; 0 filtered out; finished in 0.00s

     Running tests\property_tests.rs (target\debug\deps\property_tests-795fd0fcb9a525f0.exe)

running 11 tests
test test_legacy_pid_not_evo_wheelbase ... ok
proptest: FileFailurePersistence::SourceParallel set, but failed to find lib.rs or main.rs
proptest: FileFailurePersistence::SourceParallel set, but failed to find lib.rs or main.rs
proptest: FileFailurePersistence::SourceParallel set, but failed to find lib.rs or main.rs
proptest: FileFailurePersistence::SourceParallel set, but failed to find lib.rs or main.rs
proptest: FileFailurePersistence::SourceParallel set, but failed to find lib.rs or main.rs
proptest: FileFailurePersistence::SourceParallel set, but failed to find lib.rs or main.rs
proptest: FileFailurePersistence::SourceParallel set, but failed to find lib.rs or main.rs
proptest: FileFailurePersistence::SourceParallel set, but failed to find lib.rs or main.rs
proptest: FileFailurePersistence::SourceParallel set, but failed to find lib.rs or main.rs
proptest: FileFailurePersistence::SourceParallel set, but failed to find lib.rs or main.rs
test prop_evo_pids_are_wheelbases ... ok
test prop_identify_device_deterministic ... ok
test prop_accessory_pids_not_wheelbases ... ok
test prop_overflow_saturates_at_10000 ... ok
test prop_model_from_pid_deterministic ... ok
test prop_negative_torque_nonpos_magnitude ... ok
test prop_positive_torque_nonneg_magnitude ... ok
test prop_report_id_always_0x11 ... ok
test prop_magnitude_within_10000 ... ok
test prop_encode_zero_clears_magnitude ... ok

test result: ok. 11 passed; 0 failed; 0 ignored; 0 measured; 0 filtered out; finished in 0.02s

     Running tests\proptest_fuzz.rs (target\debug\deps\proptest_fuzz-73bb9d81746e8b1d.exe)

running 13 tests
proptest: FileFailurePersistence::SourceParallel set, but failed to find lib.rs or main.rs
proptest: FileFailurePersistence::SourceParallel set, but failed to find lib.rs or main.rs
proptest: FileFailurePersistence::SourceParallel set, but failed to find lib.rs or main.rs
proptest: FileFailurePersistence::SourceParallel set, but failed to find lib.rs or main.rs
proptest: FileFailurePersistence::SourceParallel set, but failed to find lib.rs or main.rs
proptest: FileFailurePersistence::SourceParallel set, but failed to find lib.rs or main.rs
proptest: FileFailurePersistence::SourceParallel set, but failed to find lib.rs or main.rs
proptest: FileFailurePersistence::SourceParallel set, but failed to find lib.rs or main.rs
proptest: FileFailurePersistence::SourceParallel set, but failed to find lib.rs or main.rs
proptest: FileFailurePersistence::SourceParallel set, but failed to find lib.rs or main.rs
proptest: FileFailurePersistence::SourceParallel set, but failed to find lib.rs or main.rs
proptest: FileFailurePersistence::SourceParallel set, but failed to find lib.rs or main.rs
proptest: FileFailurePersistence::SourceParallel set, but failed to find lib.rs or main.rs
test fuzz_encoder_inf ... ok
test fuzz_parse_status1_wrong_id ... ok
test fuzz_decode_ring_light_any_byte ... ok
test fuzz_parse_status1_short_lengths ... ok
test fuzz_encoder_zero_max_torque ... ok
test fuzz_model_from_pid ... ok
test fuzz_encoder_nan ... ok
test fuzz_angle_lock_strength_from_byte ... ok
test fuzz_identify_device_echo_pid ... ok
test fuzz_ring_light_roundtrip ... ok
test fuzz_input_report_output_ranges ... ok
test fuzz_parse_status1_arbitrary_bytes ... ok
test fuzz_input_report_arbitrary_bytes ... ok

test result: ok. 13 passed; 0 failed; 0 ignored; 0 measured; 0 filtered out; finished in 0.03s

     Running tests\proptest_ids.rs (target\debug\deps\proptest_ids-af19d7a28ef01b20.exe)

running 12 tests
proptest: FileFailurePersistence::SourceParallel set, but failed to find lib.rs or main.rs
proptest: FileFailurePersistence::SourceParallel set, but failed to find lib.rs or main.rs
proptest: FileFailurePersistence::SourceParallel set, but failed to find lib.rs or main.rs
proptest: FileFailurePersistence::SourceParallel set, but failed to find lib.rs or main.rs
proptest: FileFailurePersistence::SourceParallel set, but failed to find lib.rs or main.rs
proptest: FileFailurePersistence::SourceParallel set, but failed to find lib.rs or main.rs
proptest: FileFailurePersistence::SourceParallel set, but failed to find lib.rs or main.rs
proptest: FileFailurePersistence::SourceParallel set, but failed to find lib.rs or main.rs
proptest: FileFailurePersistence::SourceParallel set, but failed to find lib.rs or main.rs
proptest: FileFailurePersistence::SourceParallel set, but failed to find lib.rs or main.rs
proptest: FileFailurePersistence::SourceParallel set, but failed to find lib.rs or main.rs
proptest: FileFailurePersistence::SourceParallel set, but failed to find lib.rs or main.rs
test prop_identify_name_contains_brand ... ok
test prop_model_consistent_with_identify ... ok
test prop_known_pids_valid_usb ... ok
test prop_torque_non_negative_and_finite ... ok
test prop_identify_name_non_empty ... ok
test prop_all_pids_unique ... ok
test prop_wheelbase_torque_positive ... ok
test prop_vendor_id_nonzero ... ok
test prop_identify_torque_non_negative ... ok
test prop_legacy_vendor_id_is_0483 ... ok
test prop_vendor_id_is_3670 ... ok
test prop_known_pids_nonzero ... ok

test result: ok. 12 passed; 0 failed; 0 ignored; 0 measured; 0 filtered out; finished in 0.02s

     Running tests\proptest_output.rs (target\debug\deps\proptest_output-1d6684f327aea92d.exe)

running 7 tests
proptest: FileFailurePersistence::SourceParallel set, but failed to find lib.rs or main.rs
proptest: FileFailurePersistence::SourceParallel set, but failed to find lib.rs or main.rs
proptest: FileFailurePersistence::SourceParallel set, but failed to find lib.rs or main.rs
proptest: FileFailurePersistence::SourceParallel set, but failed to find lib.rs or main.rs
proptest: FileFailurePersistence::SourceParallel set, but failed to find lib.rs or main.rs
proptest: FileFailurePersistence::SourceParallel set, but failed to find lib.rs or main.rs
proptest: FileFailurePersistence::SourceParallel set, but failed to find lib.rs or main.rs
test prop_friction_coefficient_round_trip ... ok
test prop_damper_coefficient_round_trip ... ok
test prop_round_trip ... ok
test prop_sign_preserved ... ok
test prop_spring_coefficient_round_trip ... ok
test prop_monotone_positive ... ok
test prop_report_structure ... ok

test result: ok. 7 passed; 0 failed; 0 ignored; 0 measured; 0 filtered out; finished in 0.01s

     Running tests\protocol_verification_tests.rs (target\debug\deps\protocol_verification_tests-5c622f35ecd09bae.exe)

running 38 tests
test constant_force_report_length ... ok
test constant_force_report_structure ... ok
test effect_type_report_ids_documented ... ok
test damper_report_length ... ok
test identify_verified_evo_wheelbases ... ok
test identify_verified_handbrake ... ok
test identify_unknown_pid_returns_safe_default ... ok
test crate_report_ids_do_not_collide_with_kernel_ids ... ok
test evo_pids_match_kernel_is_alpha_evo ... ok
test input_report_minimum_length ... ok
test friction_report_length ... ok
test input_report_standard_64_bytes ... ok
test is_wheelbase_only_for_wheelbases ... ok
test kernel_device_table_coverage ... ok
test input_report_optional_fields_by_length ... ok
test max_effects_kernel_limit ... ok
test model_from_pid_consistent_with_identify ... ok
test legacy_vid_shared_with_vrs ... ok
test pedal_normalization_matches_directinput_range ... ok
test pid_evo_matches_kernel_driver ... ok
test pid_evo_pro_matches_kernel_driver ... ok
test pid_evo_sport_matches_kernel_driver ... ok
test pid_handbrake_matches_hwdb ... ok
test pid_legacy_matches_kernel_driver ... ok
test spring_report_length ... ok
test steering_normalization_matches_directinput_range ... ok
test supported_effects_match_kernel_ffbit ... ok
test torque_encoder_negative_max_torque ... ok
test torque_encoder_zero_max_torque ... ok
test torque_encoding_half_per_wheelbase ... ok
test torque_encoding_infinity_saturates ... ok
test torque_encoding_matches_kernel_10k_range ... ok
test torque_encoding_nan_clamped ... ok
test torque_encoding_saturation ... ok
test torque_encoding_tiny_value ... ok
test vid_legacy_matches_kernel_driver ... ok
test vid_modern_matches_kernel_driver ... ok
test zero_force_report_structure ... ok

test result: ok. 38 passed; 0 failed; 0 ignored; 0 measured; 0 filtered out; finished in 0.00s

     Running tests\roundtrip_proptest.rs (target\debug\deps\roundtrip_proptest-05fbb618805a0a23.exe)

running 13 tests
proptest: FileFailurePersistence::SourceParallel set, but failed to find lib.rs or main.rs
proptest: FileFailurePersistence::SourceParallel set, but failed to find lib.rs or main.rs
proptest: FileFailurePersistence::SourceParallel set, but failed to find lib.rs or main.rs
proptest: FileFailurePersistence::SourceParallel set, but failed to find lib.rs or main.rs
proptest: FileFailurePersistence::SourceParallel set, but failed to find lib.rs or main.rs
proptest: FileFailurePersistence::SourceParallel set, but failed to find lib.rs or main.rs
proptest: FileFailurePersistence::SourceParallel set, but failed to find lib.rs or main.rs
proptest: FileFailurePersistence::SourceParallel set, but failed to find lib.rs or main.rs
proptest: FileFailurePersistence::SourceParallel set, but failed to find lib.rs or main.rs
proptest: FileFailurePersistence::SourceParallel set, but failed to find lib.rs or main.rs
proptest: FileFailurePersistence::SourceParallel set, but failed to find lib.rs or main.rs
proptest: FileFailurePersistence::SourceParallel set, but failed to find lib.rs or main.rs
proptest: FileFailurePersistence::SourceParallel set, but failed to find lib.rs or main.rs
test prop_input_short_no_panic ... ok
test prop_damper_roundtrip ... ok
test prop_gain_roundtrip ... ok
test prop_identify_deterministic ... ok
test prop_pedal_normalize_bounds ... ok
test prop_led_roundtrip ... ok
test prop_model_deterministic ... ok
test prop_rotation_range_roundtrip ... ok
test prop_spring_roundtrip ... ok
test prop_friction_roundtrip ... ok
test prop_constant_force_roundtrip ... ok
test prop_constant_force_zero ... ok
test prop_constant_force_sign ... ok

test result: ok. 13 passed; 0 failed; 0 ignored; 0 measured; 0 filtered out; finished in 0.01s

     Running tests\simagic_advanced_tests.rs (target\debug\deps\simagic_advanced_tests-ed5b1aee7bd82d11.exe)

running 45 tests
test test_constant_force_at_evo_sport_torque ... ok
test test_constant_force_saturation ... ok
proptest: FileFailurePersistence::SourceParallel set, but failed to find lib.rs or main.rs
proptest: FileFailurePersistence::SourceParallel set, but failed to find lib.rs or main.rs
test test_all_encoders_zero_clears_magnitude ... ok
proptest: FileFailurePersistence::SourceParallel set, but failed to find lib.rs or main.rs
test test_alpha_evo_quarantined ... ok
proptest: FileFailurePersistence::SourceParallel set, but failed to find lib.rs or main.rs
proptest: FileFailurePersistence::SourceParallel set, but failed to find lib.rs or main.rs
proptest: FileFailurePersistence::SourceParallel set, but failed to find lib.rs or main.rs
proptest: FileFailurePersistence::SourceParallel set, but failed to find lib.rs or main.rs
proptest: FileFailurePersistence::SourceParallel set, but failed to find lib.rs or main.rs
test test_constant_force_at_evo_pro_torque ... ok
proptest: FileFailurePersistence::SourceParallel set, but failed to find lib.rs or main.rs
test test_constant_force_zero_output ... ok
test test_damper_encoder_strength_velocity ... ok
test test_device_gain_encoding ... ok
test test_evo_pro_recognition ... ok
test test_evo_recognition ... ok
test test_evo_sport_recognition ... ok
test test_ffb_effect_type_report_ids ... ok
test test_friction_encoder_coefficient_velocity ... ok
test test_handbrake_recognition ... ok
test test_input_state_empty ... ok
test test_gear_from_raw_all_values ... ok
test test_led_report_format ... ok
test test_led_report_zero_pattern ... ok
test test_model_max_torque_non_wheelbases ... ok
test test_model_from_pid_all_wheelbases ... ok
test test_neo_mini_quarantined ... ok
test test_model_max_torque_all_wheelbases ... ok
test test_neo_quarantined ... ok
test test_quick_release_from_raw ... ok
test test_rim_recognition ... ok
test test_shifter_recognition ... ok
test test_pedal_recognition ... ok
test test_rotation_range_encoding ... ok
test test_sine_effect_encoding ... ok
test test_spring_encoder_encodes_all_params ... ok
test test_sine_frequency_clamped ... ok
test test_square_effect_duty_cycle_clamped ... ok
test test_square_effect_encoding ... ok
test test_triangle_effect_encoding ... ok
test test_unknown_pid_defaults ... ok
test test_vendor_id_constant ... ok
test proptest_advanced::prop_led_pattern_roundtrip ... ok
test proptest_advanced::prop_device_gain_roundtrip ... ok
test proptest_advanced::prop_model_from_pid_deterministic ... ok
test proptest_advanced::prop_gear_from_raw_never_panics ... ok
test proptest_advanced::prop_damper_roundtrip ... ok
test proptest_advanced::prop_spring_strength_roundtrip ... ok
test proptest_advanced::prop_rotation_range_roundtrip ... ok
test proptest_advanced::prop_quick_release_from_raw_never_panics ... ok
test proptest_advanced::prop_constant_force_sign_preserved ... ok

test result: ok. 45 passed; 0 failed; 0 ignored; 0 measured; 0 filtered out; finished in 0.01s

     Running tests\simagic_deep_tests.rs (target\debug\deps\simagic_deep_tests-0a5b96f8cee8aa74.exe)

running 131 tests
test accessory_models_have_zero_torque ... ok
test all_models_have_non_negative_torque ... ok
test all_evo_wheelbases_have_torque_values ... ok
test all_evo_wheelbases_have_ffb_support ... ok
test constant_force_full_negative ... ok
test all_verified_device_categories_reachable ... ok
test damper_effect_full_parameters ... ok
test angle_lock_strength_all_variants ... ok
test constant_force_encode_clears_buffer ... ok
test all_report_ids_unique ... ok
test constant_force_full_positive ... ok
test constant_force_quarter_torque ... ok
test constant_force_three_quarter_negative ... ok
test constant_force_zero ... ok
test damper_effect_zero_disables ... ok
test damper_effect_max_values ... ok
test damper_encoder_zero_max_torque ... ok
test device_gain_full_range ... ok
test effect_type_report_ids_match_report_id_constants ... ok
test encoders_negative_max_torque ... ok
test evo_generation_pids_are_contiguous ... ok
test firmware_version_max_values ... ok
test firmware_version_parsing ... ok
test firmware_version_zero ... ok
test friction_effect_full_parameters ... ok
test friction_effect_reserved_bytes_zeroed ... ok
test friction_effect_zero_disables ... ok
test friction_encoder_zero_max_torque ... ok
test gear_transition_neutral_to_first_and_back ... ok
test gear_transitions_sequential_up ... ok
test gear_unknown_values ... ok
test handbrake_does_not_support_ffb ... ok
test input_state_default_values ... ok
test input_state_empty_is_default ... ok
test led_control_all_patterns ... ok
test legacy_pid_resolves_to_unknown_in_identify ... ok
test legacy_pid_shared_0522 ... ok
test model_from_pid_all_verified_pids ... ok
test model_from_unknown_pid_graceful ... ok
test parse_16_bytes_returns_none ... ok
test parse_17_bytes_returns_some ... ok
test parse_empty_report_returns_none ... ok
test parse_hat_all_directions ... ok
test parse_hat_masked_to_nibble ... ok
test parse_individual_buttons ... ok
test parse_input_report_all_0xff ... ok
test parse_input_report_alternating_bytes ... ok
test parse_no_buttons ... ok
test parse_oversized_report_succeeds ... ok
test parse_rotary_encoders_full_range ... ok
test parse_single_byte_returns_none ... ok
test parse_standard_input_all_center ... ok
proptest: FileFailurePersistence::SourceParallel set, but failed to find lib.rs or main.rs
test parse_standard_input_all_max ... ok
proptest: FileFailurePersistence::SourceParallel set, but failed to find lib.rs or main.rs
proptest: FileFailurePersistence::SourceParallel set, but failed to find lib.rs or main.rs
proptest: FileFailurePersistence::SourceParallel set, but failed to find lib.rs or main.rs
proptest: FileFailurePersistence::SourceParallel set, but failed to find lib.rs or main.rs
proptest: FileFailurePersistence::SourceParallel set, but failed to find lib.rs or main.rs
test parse_status1_all_0xff ... ok
proptest: FileFailurePersistence::SourceParallel set, but failed to find lib.rs or main.rs
test parse_status1_all_zeros_except_id ... ok
proptest: FileFailurePersistence::SourceParallel set, but failed to find lib.rs or main.rs
proptest: FileFailurePersistence::SourceParallel set, but failed to find lib.rs or main.rs
test pedal_axes_raw_from_input_state ... ok
test pedal_axes_raw_full_range ... ok
test pedal_axes_raw_round_trip ... ok
proptest: FileFailurePersistence::SourceParallel set, but failed to find lib.rs or main.rs
proptest: FileFailurePersistence::SourceParallel set, but failed to find lib.rs or main.rs
proptest: FileFailurePersistence::SourceParallel set, but failed to find lib.rs or main.rs
test quick_release_attach_detach_cycle ... ok
proptest: FileFailurePersistence::SourceParallel set, but failed to find lib.rs or main.rs
test quick_release_transitions ... ok
test report_ids_non_zero ... ok
test ring_light_roundtrip_all_values ... ok
test ring_light_encode_clamps_over_100 ... ok
proptest: FileFailurePersistence::SourceParallel set, but failed to find lib.rs or main.rs
test proptest_deep::prop_identify_device_never_panics ... ok
test proptest_deep::prop_constant_force_encoder_magnitude_bounded ... ok
test rotation_range_common_values ... ok
test rotation_range_max_u16 ... ok
test proptest_deep::prop_quick_release_from_raw_never_panics ... ok
test rotation_range_zero ... ok
test proptest_deep::prop_pedals_always_normalized ... ok
test proptest_deep::prop_steering_always_in_range ... ok
test settings1_encode_angle_le16 ... ok
test settings1_encode_report_id_and_page ... ok
test proptest_deep::prop_gear_from_raw_never_panics ... ok
test proptest_deep::prop_settings1_sanitize_idempotent ... ok
test proptest_deep::prop_ring_light_roundtrip ... ok
test settings1_max_angle_boundary ... ok
test settings1_min_angle_boundary ... ok
test settings1_negative_ff_strength_encoded ... ok
test settings1_sanitize_clamps_all_fields ... ok
test settings1_unknown_offset_06_is_0x02 ... ok
test settings2_angle_lock_clamped_to_max_angle ... ok
test settings2_angle_lock_strength_clamped ... ok
test settings2_encode_page_header ... ok
test settings3_encode_header ... ok
test settings3_ring_light_byte_encoding ... ok
test settings3_ring_light_disabled ... ok
test settings4_encode_header ... ok
test settings4_filter_level_clamped ... ok
test shifter_flags_ignore_upper_bits ... ok
test shifter_flags_individual ... ok
test sine_effect_frequency_clamping ... ok
test sine_effect_standard ... ok
test sine_effect_zero_amplitude ... ok
test proptest_deep::prop_wire_constant_always_valid ... ok
test spring_effect_full_parameters ... ok
test spring_effect_max_steering ... ok
test spring_effect_negative_steering ... ok
test spring_effect_zero_disables ... ok
test spring_encoder_zero_max_torque ... ok
test proptest_deep::prop_wire_gain_high_byte ... ok
test square_effect_duty_cycle_clamped ... ok
test square_effect_standard ... ok
test status1_parse_minimal_valid ... ok
test status1_parse_too_short_returns_none ... ok
test status1_parse_wrong_report_id_returns_none ... ok
test status1_to_settings1_roundtrip ... ok
test status1_to_settings2_roundtrip ... ok
test status1_to_settings3_roundtrip ... ok
test status1_to_settings4_roundtrip ... ok
test triangle_effect_standard ... ok
test proptest_deep::prop_wire_rescale_monotone ... ok
test unknown_pid_identification_graceful ... ok
test vid_legacy_stmicro_is_0483 ... ok
test vid_modern_simagic_is_3670 ... ok
test wheelbase_models_have_positive_torque ... ok
test wire_all_reports_are_64_bytes ... ok
test wire_condition_all_effect_types ... ok
test wire_condition_spring ... ok
test wire_constant_force_negative ... ok
test wire_constant_force_report ... ok
test wire_constant_force_zero ... ok
test wire_effect_operation_start_stop ... ok
test wire_gain_full_and_zero ... ok
test wire_periodic_sine ... ok
test wire_rescale_signed_boundary_values ... ok
test wire_set_effect_structure ... ok
test wire_set_effect_zero_duration_infinite ... ok
test proptest_deep::prop_wire_rescale_bounded ... ok
test proptest_deep::prop_parse_status1_never_panics ... ok
test proptest_deep::prop_parse_input_never_panics ... ok

test result: ok. 131 passed; 0 failed; 0 ignored; 0 measured; 0 filtered out; finished in 0.02s

     Running tests\snapshot_encoding.rs (target\debug\deps\snapshot_encoding-90562bf30e52ef21.exe)

running 23 tests
test test_snapshot_damper_max_strength ... ok
test test_snapshot_encode_quarter_negative_torque ... ok
test test_snapshot_damper_zero ... ok
test test_snapshot_led_report_all_on ... ok
test test_snapshot_led_report_all_off ... ok
test test_snapshot_encode_zero_torque ... ok
test test_snapshot_rotation_range_2520 ... ok
test test_snapshot_encode_clamp_below_neg_max ... ok
test test_snapshot_encode_clamp_above_max ... ok
test test_snapshot_encode_zero_helper ... ok
test test_snapshot_friction_zero ... ok
test test_snapshot_rotation_range_270 ... ok
test test_snapshot_device_gain_one ... ok
test test_snapshot_sine_max_amplitude ... ok
test test_snapshot_friction_max_coefficient ... ok
test test_snapshot_encode_quarter_positive_torque ... ok
test test_snapshot_sine_min_frequency ... ok
test test_snapshot_spring_max_strength ... ok
test test_snapshot_spring_negative_steering ... ok
test test_snapshot_spring_zero ... ok
test test_snapshot_square_full_duty ... ok
test test_snapshot_square_zero_duty ... ok
test test_snapshot_triangle_min_amplitude ... ok

test result: ok. 23 passed; 0 failed; 0 ignored; 0 measured; 0 filtered out; finished in 0.19s

     Running tests\snapshot_tests.rs (target\debug\deps\snapshot_tests-9e4774d61dfcd2f0.exe)

running 37 tests
test test_snapshot_damper_effect ... ok
test test_snapshot_device_alpha_mini ... ok
test test_snapshot_device_rim_formula ... ok
test test_snapshot_device_gain_zero ... ok
test test_snapshot_device_gain_full ... ok
test test_snapshot_device_pedals ... ok
test test_snapshot_device_handbrake ... ok
test test_snapshot_device_neo_mini ... ok
test test_snapshot_device_p1000a_pedals ... ok
test test_snapshot_device_gain_half ... ok
test test_snapshot_device_alpha ... ok
test test_snapshot_device_neo ... ok
test test_snapshot_device_rim_gt1 ... ok
test test_snapshot_device_alpha_evo ... ok
test test_snapshot_device_p2000_pedals ... ok
test test_snapshot_device_m10 ... ok
test test_snapshot_device_rim_gt_neo ... ok
test test_snapshot_device_rim_wr1 ... ok
test test_snapshot_device_shifter_h ... ok
test test_snapshot_device_shifter_seq ... ok
test test_snapshot_device_unknown ... ok
test test_snapshot_encoder_alpha ... ok
test test_snapshot_encoder_alpha_negative ... ok
test test_snapshot_encoder_m10 ... ok
test test_snapshot_friction_effect ... ok
test test_snapshot_input_report_center ... ok
test test_snapshot_input_report_full_right ... ok
test test_snapshot_input_report_full_throttle ... ok
test test_snapshot_is_wheelbase_product ... ok
test test_snapshot_led_report ... ok
test test_snapshot_rotation_range_1080 ... ok
test test_snapshot_rotation_range_1440 ... ok
test test_snapshot_rotation_range_900 ... ok
test test_snapshot_sine_effect ... ok
test test_snapshot_spring_effect ... ok
test test_snapshot_square_effect ... ok
test test_snapshot_triangle_effect ... ok

test result: ok. 37 passed; 0 failed; 0 ignored; 0 measured; 0 filtered out; finished in 0.19s

     Running unittests src\lib.rs (target\debug\deps\racing_wheel_hid_thrustmaster_protocol-f7d3892d20e1a4c8.exe)

running 220 tests
test effects::tests::autocenter_enable_cmd ... ok
test effects::tests::calculate_duration_nonzero_passthrough ... ok
test effects::tests::autocenter_strength ... ok
test effects::tests::calculate_duration_zero_is_infinite ... ok
test effects::tests::close_command ... ok
test effects::tests::condition_hardcoded_matches_kernel ... ok
test effects::tests::condition_upload_coefficients ... ok
test effects::tests::condition_upload_damper_max_sat ... ok
test effects::tests::condition_upload_damper_type ... ok
test effects::tests::condition_upload_header ... ok
test effects::tests::condition_upload_spring_type ... ok
test effects::tests::constant_modify_opcode ... ok
test effects::tests::constant_modify_update_type ... ok
test effects::tests::constant_upload_header ... ok
test effects::tests::condition_upload_hardcoded_values ... ok
test effects::tests::envelope_default_is_zero ... ok
test effects::tests::constant_upload_timing ... ok
test effects::tests::constant_upload_level ... ok
test effects::tests::condition_upload_spring_max_sat ... ok
test effects::tests::envelope_encode_le ... ok
test effects::tests::gain_full ... ok
test effects::tests::gain_half ... ok
test effects::tests::gain_zero ... ok
test effects::tests::header_effect_id_15 ... ok
test effects::tests::header_effect_id_incremented ... ok
test effects::tests::mode_switch_advanced_values ... ok
test effects::tests::mode_switch_normal_values ... ok
test effects::tests::open_command ... ok
test effects::tests::periodic_upload_header ... ok
test effects::tests::periodic_upload_magnitude ... ok
test effects::tests::periodic_upload_marker ... ok
test effects::tests::periodic_upload_waveform_sine ... ok
test effects::tests::periodic_upload_waveform_square ... ok
test effects::tests::play_effect ... ok
test effects::tests::play_infinite ... ok
test effects::tests::ramp_upload_header ... ok
test effects::tests::ramp_upload_invert_flag ... ok
test effects::tests::ramp_upload_slope_center ... ok
test effects::tests::range_1080 ... ok
test effects::tests::range_270 ... ok
test effects::tests::range_clamp_high ... ok
test effects::tests::range_clamp_low ... ok
test effects::tests::range_scale_matches_kernel ... ok
test effects::tests::spring_max_saturation_matches_kernel ... ok
test effects::tests::stop_effect ... ok
test effects::tests::timing_encode_duration_offset ... ok
test effects::tests::timing_encode_start_end_markers ... ok
test effects::tests::timing_infinite ... ok
test effects::tests::waveform_values_match_kernel ... ok
test input::tests::test_parse_buttons ... ok
test input::tests::test_parse_center_steering ... ok
test input::tests::test_parse_full_left_steering ... ok
test input::tests::test_parse_full_right_steering ... ok
test input::tests::test_parse_paddles ... ok
test input::tests::test_parse_pedal_report ... ok
test input::tests::test_parse_pedal_report_too_short ... ok
test input::tests::test_parse_pedals ... ok
test input::tests::test_parse_report_too_short ... ok
test input::tests::test_parse_wrong_report_id ... ok
test lifecycle::tests::all_pids_have_consistent_family_and_range ... ok
test lifecycle::tests::all_setup_commands_start_with_expected_prefix ... ok
test lifecycle::tests::all_use_report_id_7_for_input ... ok
test lifecycle::tests::family_b_close_step1_equals_t300rs_open ... ok
test lifecycle::tests::family_b_close_step2_equals_t300rs_close ... ok
test lifecycle::tests::family_b_close_two_steps ... ok
test lifecycle::tests::family_b_open_two_steps ... ok
test lifecycle::tests::range_140_tspc ... ok
test lifecycle::tests::range_1080_max_t300rs ... ok
test lifecycle::tests::range_900_t300rs ... ok
test lifecycle::tests::range_clamped_above_t248 ... ok
test lifecycle::tests::range_clamped_below_t248 ... ok
test lifecycle::tests::range_clamped_below_t300rs ... ok
test lifecycle::tests::range_command_always_has_correct_header ... ok
test lifecycle::tests::range_command_clamping_is_monotonic ... ok
test lifecycle::tests::setup_command_0_is_0x42_0x01 ... ok
test lifecycle::tests::setup_command_6_has_five_bytes ... ok
test lifecycle::tests::setup_commands_count ... ok
test lifecycle::tests::supported_effects_count ... ok
test lifecycle::tests::supported_effects_include_constant_and_gain ... ok
test lifecycle::tests::t248_has_26_buttons ... ok
test lifecycle::tests::t248_is_family_b ... ok
test lifecycle::tests::t248_range_limits ... ok
test lifecycle::tests::t300rs_close_command ... ok
test lifecycle::tests::t300rs_open_command ... ok
test lifecycle::tests::t300rs_ps4_is_family_a ... ok
test lifecycle::tests::t300rs_ps3_is_family_a ... ok
test lifecycle::tests::t300rs_range_limits ... ok
test lifecycle::tests::tgt_ii_is_family_a ... ok
test lifecycle::tests::tgt_is_family_a ... ok
test lifecycle::tests::tspc_has_13_buttons ... ok
test lifecycle::tests::tspc_is_family_b ... ok
test lifecycle::tests::tspc_range_limits ... ok
test lifecycle::tests::tsxw_is_family_b ... ok
test lifecycle::tests::tsxw_range_limits ... ok
test lifecycle::tests::unknown_pid_range_none ... ok
test lifecycle::tests::unknown_pid_returns_none ... ok
test output::tests::test_actuator_enable ... ok
test output::tests::test_constant_force_negative ... ok
test output::tests::test_constant_force_positive ... ok
test input::property_tests::prop_pedal_values_in_range ... ok
test output::tests::test_constant_force_saturation ... ok
test input::property_tests::prop_valid_report_id_always_accepted ... ok
test input::property_tests::prop_truncated_rejected ... ok
test input::property_tests::prop_steering_range ... ok
test output::tests::test_actuator_disable ... ok
test output::tests::test_constant_force_zero ... ok
test output::tests::test_damper_effect ... ok
test input::property_tests::prop_steering_center_is_zero ... ok
test output::tests::test_device_gain_full ... ok
test output::tests::test_device_gain_zero ... ok
test output::tests::test_friction_effect ... ok
test output::tests::test_kernel_autocenter_commands ... ok
test output::tests::test_kernel_close_command ... ok
test output::tests::test_kernel_gain_full ... ok
test output::tests::test_kernel_gain_zero ... ok
test output::tests::test_kernel_open_command ... ok
test output::tests::test_kernel_range_1080 ... ok
test output::tests::test_kernel_range_40 ... ok
test output::tests::test_kernel_range_900 ... ok
test output::tests::test_kernel_range_clamps_above_max ... ok
test output::tests::test_kernel_range_clamps_zero_to_min ... ok
test output::tests::test_set_range_1080_degrees ... ok
test output::tests::test_set_range_900_degrees ... ok
test protocol::tests::test_default ... ok
test protocol::tests::test_encoder ... ok
test protocol::tests::test_init_sequence ... ok
test output::tests::test_spring_effect ... ok
test protocol::tests::test_new_t500rs ... ok
test protocol::tests::test_new_t818 ... ok
test protocol::tests::test_new_tgt ... ok
test protocol::tests::test_new_unknown_pid_is_not_wheelbase ... ok
test protocol::tests::test_product_id_preserves_value ... ok
test protocol::tests::test_protocol_init_and_reset_state_transitions ... ok
test protocol::tests::test_protocol_supports_ffb_false ... ok
test protocol::tests::test_set_gain ... ok
test protocol::tests::test_set_rotation_range ... ok
test protocol::tests::test_t500rs_encoder_scale ... ok
test protocol::tests::test_unknown_model ... ok
test input::property_tests::prop_axes_bounded ... ok
test output::property_tests::prop_gain_values ... ok
test output::property_tests::prop_report_id_always_correct ... ok
test output::property_tests::prop_encoding_is_monotone ... ok
test output::property_tests::prop_rotation_range_values ... ok
test output::property_tests::prop_encoded_value_never_overflows ... ok
test t150::tests::test_effect_type_roundtrip ... ok
test t150::tests::test_command_constants ... ok
test t150::tests::test_effect_type_constant_value ... ok
test t150::tests::test_effect_type_sawtooth_up_value ... ok
test t150::tests::test_effect_type_sawtooth_down_value ... ok
test t150::tests::test_effect_type_damper_value ... ok
test t150::tests::test_effect_type_sine_value ... ok
test t150::tests::test_effect_type_spring_value ... ok
test t150::tests::test_effect_type_unknown_returns_none ... ok
test t150::tests::test_gain_full ... ok
test t150::tests::test_gain_half ... ok
test t150::tests::test_gain_zero ... ok
test t150::tests::test_play_effect_basic ... ok
test t150::tests::test_play_effect_infinite_loop ... ok
test t150::tests::test_play_effect_max_values ... ok
test t150::tests::test_range_known_value ... ok
test t150::tests::test_play_effect_solo_mode ... ok
test t150::tests::test_range_max_rotation ... ok
test t150::tests::test_range_midpoint ... ok
test t150::tests::test_stop_effect_nonzero_id ... ok
test t150::tests::test_range_zero ... ok
test t150::tests::test_stop_effect_zero ... ok
test t150::tests::test_stop_effect_max_id ... ok
test t150::tests::test_stop_matches_play_with_zero_mode_times ... ok
test input::property_tests::prop_parse_pedal_never_panics ... ok
test t300rs::tests::test_all_buffers_are_zeroed_outside_payload ... ok
test t300rs::tests::test_close_command ... ok
test output::property_tests::prop_torque_sign_preserved ... ok
test t300rs::tests::test_modify_constant_force ... ok
test t150::property_tests::prop_range_header_and_roundtrip ... ok
test t150::property_tests::prop_effect_type_roundtrip ... ok
test t150::property_tests::prop_play_effect_preserves_params ... ok
test t300rs::tests::test_modify_envelope_all ... ok
test t300rs::tests::test_new_constant_effect_structure ... ok
test t150::property_tests::prop_stop_equals_play_zero ... ok
test t300rs::tests::test_open_command ... ok
test t300rs::tests::test_play_infinite_matches_wire_capture ... ok
test t300rs::tests::test_play_once_matches_wire_capture ... ok
test input::property_tests::prop_parse_input_never_panics ... ok
test t300rs::tests::test_report_size_is_64 ... ok
test t300rs::tests::test_rotation_clamps_high ... ok
test t300rs::tests::test_rotation_clamps_low ... ok
test t300rs::tests::test_set_autocenter ... ok
test t300rs::tests::test_set_gain_bf ... ok
test t300rs::tests::test_set_rotation_900 ... ok
test t300rs::tests::test_stop_matches_wire_capture ... ok
test types::tests::test_identify_device_all_categories ... ok
test types::tests::test_identify_t300 ... ok
test types::tests::test_identify_t818 ... ok
test types::tests::test_identify_unknown_pid_is_not_pedals ... ok
test types::tests::test_init_protocol_constants ... ok
test types::tests::test_init_switch_values ... ok
test t150::property_tests::prop_stop_effect_zeroes_mode_and_times ... ok
test types::tests::test_is_pedal_product ... ok
test types::tests::test_is_wheel_product ... ok
test types::tests::test_model_from_pid ... ok
test types::tests::test_model_from_product_id_legacy_wheels ... ok
test types::tests::test_model_max_rotation ... ok
test types::tests::test_model_max_rotation_270_degree_models ... ok
test types::tests::test_model_max_rotation_t500rs ... ok
test types::tests::test_model_max_torque ... ok
test types::tests::test_model_max_torque_t500rs_above_t300rs ... ok
test types::tests::test_model_supports_ffb_false_cases ... ok
test types::tests::test_pedal_normalize ... ok
test types::tests::test_protocol_family_t150_separate ... ok
test types::tests::test_protocol_family_t300_group ... ok
test types::tests::test_protocol_family_t500_separate ... ok
test types::tests::test_protocol_family_unknown_for_pedals ... ok
test t150::property_tests::prop_unknown_effect_type_returns_none ... ok
test t150::property_tests::prop_gain_preserves_value ... ok
test t300rs::property_tests::prop_header_always_0x60 ... ok
test t300rs::property_tests::prop_rotation_in_valid_range ... ok
test t300rs::property_tests::prop_envelope_fields_roundtrip ... ok
test t300rs::property_tests::prop_gain_single_byte ... ok
test t300rs::property_tests::prop_play_control_opcodes ... ok
test t300rs::property_tests::prop_magnitude_roundtrips ... ok

test result: ok. 220 passed; 0 failed; 0 ignored; 0 measured; 0 filtered out; finished in 0.05s

     Running tests\comprehensive_protocol_tests.rs (target\debug\deps\comprehensive_protocol_tests-bc5a8a364914d11e.exe)

running 83 tests
test axis_precision::hat_switch_all_positions ... ok
test axis_precision::pedal_raw_normalize_boundary ... ok
test axis_precision::pedal_boundary_values ... ok
test axis_precision::hat_switch_masks_upper_nibble ... ok
test axis_precision::pedal_raw_normalize_with_clutch ... ok
test device_identification::tpr_pedals_maps_to_unknown ... ok
test axis_precision::steering_quarter_positions ... ok
test device_identification::all_model_names_valid ... ok
test device_identification::all_pids_map_to_correct_model ... ok
test device_identification::dual_pid_models_resolve_consistently ... ok
test device_identification::generic_ffb_wheel_maps_to_unknown ... ok
test device_identification::identify_device_categories_correct ... ok
test device_identification::protocol_family_classification ... ok
test edge_cases::double_init_stays_ready ... ok
test edge_cases::new_with_config_floors_tiny_torque ... ok
test edge_cases::init_state_transitions_complete_lifecycle ... ok
test axis_precision::steering_near_center_precision ... ok
test edge_cases::double_reset_stays_uninitialized ... ok
test edge_cases::invalid_pid_produces_unknown_model ... ok
test edge_cases::new_with_config_preserves_values ... ok
test edge_cases::parse_pedal_report_1_byte_fails ... ok
test edge_cases::parse_empty_report ... ok
test edge_cases::parse_pedal_report_2_bytes_fails ... ok
test edge_cases::parse_pedal_report_empty_fails ... ok
test edge_cases::parse_pedal_report_exactly_3_bytes ... ok
test edge_cases::parse_report_9_bytes_fails ... ok
test edge_cases::parse_report_exactly_10_bytes ... ok
test edge_cases::parse_report_id_zero ... ok
test edge_cases::protocol_default_is_t300rs ... ok
test edge_cases::unknown_model_properties ... ok
test input_parsing_per_model::all_wheelbases_parse_center_steering ... ok
test input_parsing_per_model::t150_and_tmx_parse_identically ... ok
test input_parsing_per_model::t248_parses_input ... ok
test input_parsing_per_model::t300rs_parses_full_range_steering ... ok
test input_parsing_per_model::t500rs_parses_pedals ... ok
test input_parsing_per_model::tgt_ii_gt_mode_parses_input ... ok
test input_parsing_per_model::tlcm_is_not_classified_as_pedal_in_identify_device ... ok
test input_parsing_per_model::ts_xw_gip_parses_paddles ... ok
test input_parsing_per_model::ts_xw_parses_buttons_and_hat ... ok
test input_parsing_per_model::tx_racing_both_pids_parse_identically ... ok
test kernel_command_edge_cases::kernel_gain_shift_examples ... ok
test kernel_command_edge_cases::kernel_range_clamping_boundary ... ok
test kernel_command_edge_cases::kernel_range_scaling_factor_is_0x3c ... ok
test known_constants::all_pid_constants_are_nonzero_and_unique ... ok
test known_constants::effect_report_len_is_8 ... ok
test known_constants::effect_type_constants_correct ... ok
test known_constants::ffb_support_correctness ... ok
test known_constants::init_protocol_constants_correct ... ok
test known_constants::init_protocol_known_models_entries ... ok
test known_constants::init_protocol_setup_interrupts_count ... ok
test known_constants::init_switch_values_match_known_models ... ok
test known_constants::max_rotation_ranges_are_bounded ... ok
test known_constants::max_torque_ranges_are_reasonable ... ok
test known_constants::output_commands_correct ... ok
test known_constants::output_report_ids_correct ... ok
test known_constants::standard_input_report_id_is_0x01 ... ok
test known_constants::t150_command_bytes_correct ... ok
test known_constants::t150_effect_type_values_correct ... ok
test known_constants::vendor_id_is_correct ... ok
test output_report_construction::constant_force_encoder_half_torque_per_model ... ok
test output_report_construction::damper_and_friction_have_distinct_type_codes ... ok
test output_report_construction::encoder_tiny_max_torque_floors_to_001 ... ok
test output_report_construction::encoder_trait_dispatches_correctly ... ok
test output_report_construction::encoder_trait_encode_zero ... ok
test output_report_construction::init_sequence_contains_correct_reports ... ok
proptest: FileFailurePersistence::SourceParallel set, but failed to find lib.rs or main.rs
test output_report_construction::init_sequence_with_custom_gain ... ok
proptest: FileFailurePersistence::SourceParallel set, but failed to find lib.rs or main.rs
test output_report_construction::init_sequence_with_custom_range ... ok
proptest: FileFailurePersistence::SourceParallel set, but failed to find lib.rs or main.rs
proptest: FileFailurePersistence::SourceParallel set, but failed to find lib.rs or main.rs
proptest: FileFailurePersistence::SourceParallel set, but failed to find lib.rs or main.rs
test output_report_construction::kernel_autocenter_value_max ... ok
test output_report_construction::kernel_autocenter_value_zero_disables ... ok
test output_report_construction::kernel_open_and_close_differ ... ok
test output_report_construction::spring_effect_encodes_negative_center ... ok
test t150_edge_cases::t150_all_effect_types_round_trip ... ok
proptest: FileFailurePersistence::SourceParallel set, but failed to find lib.rs or main.rs
proptest: FileFailurePersistence::SourceParallel set, but failed to find lib.rs or main.rs
test t150_edge_cases::t150_effect_type_from_u16_rejects_near_misses ... ok
proptest: FileFailurePersistence::SourceParallel set, but failed to find lib.rs or main.rs
test t150_edge_cases::t150_stop_is_play_zero ... ok
test t150_edge_cases::t150_range_boundary_values ... ok
test property_tests::prop_gain_and_range_setters ... ok
test property_tests::prop_steering_monotonic ... ok
test property_tests::prop_pedal_axes_monotonic ... ok
test property_tests::prop_buttons_roundtrip ... ok
test property_tests::prop_paddles_roundtrip ... ok
test property_tests::prop_new_with_config_preserves ... ok
test property_tests::prop_encoder_symmetry ... ok
test property_tests::prop_valid_reports_always_parse ... ok

test result: ok. 83 passed; 0 failed; 0 ignored; 0 measured; 0 filtered out; finished in 0.02s

     Running tests\deep_protocol_tests.rs (target\debug\deps\deep_protocol_tests-01bcc1fe33fbe77d.exe)

running 83 tests
test actuator_enable_disable ... ok
test cf_encode_full_positive ... ok
test cf_encode_full_negative ... ok
test cf_encode_negative_max_torque_floors ... ok
test cf_encode_max_torque_floor_to_0_01 ... ok
test cf_encode_overflow_clamps_negative ... ok
test cf_encode_half_scale_truncation ... ok
test cf_encode_header_bytes ... ok
test cf_encode_overflow_clamps_positive ... ok
test cf_encode_reserved_bytes_zero ... ok
test cf_encode_per_model_half_torque ... ok
test cf_encode_zero_via_trait ... ok
test friction_effect_wire_format ... ok
test damper_effect_wire_format ... ok
test cf_encode_zero ... ok
test device_gain_boundary_values ... ok
test effect_type_constants ... ok
test identify_all_t300_family_pids ... ok
test generic_ffb_wheel_pid ... ok
test identify_legacy_wheels_have_ffb ... ok
test identify_t150_tmx ... ok
test identify_t248_variants ... ok
test identify_t80_no_ffb ... ok
test identify_ts_xw_variants ... ok
test identify_unknown_pid ... ok
test init_protocol_known_models_complete ... ok
test init_protocol_request_codes ... ok
test init_protocol_setup_interrupts_count ... ok
test init_switch_values_per_family ... ok
test input_report_buttons_and_hat ... ok
test input_report_center_steering ... ok
test input_report_full_left_right ... ok
test input_report_paddles ... ok
test input_report_pedal_normalization ... ok
test input_report_rejects_short ... ok
test input_report_rejects_wrong_id ... ok
test is_wheel_product_all_wheelbases ... ok
test kernel_autocenter_wire_format ... ok
test kernel_gain_shift ... ok
test kernel_open_close_golden ... ok
test kernel_range_clamp_above_1080 ... ok
test kernel_range_clamp_below_40 ... ok
test kernel_range_scaling_factor ... ok
test model_from_pid_all_known ... ok
test model_name_non_empty ... ok
test model_rotation_values ... ok
test model_supports_ffb_comprehensive ... ok
test model_torque_known_values ... ok
test model_torque_ordering ... ok
test model_tpr_pedals_mapped_to_unknown ... ok
proptest: FileFailurePersistence::SourceParallel set, but failed to find lib.rs or main.rs
proptest: FileFailurePersistence::SourceParallel set, but failed to find lib.rs or main.rs
proptest: FileFailurePersistence::SourceParallel set, but failed to find lib.rs or main.rs
proptest: FileFailurePersistence::SourceParallel set, but failed to find lib.rs or main.rs
test model_unknown_pid ... ok
proptest: FileFailurePersistence::SourceParallel set, but failed to find lib.rs or main.rs
proptest: FileFailurePersistence::SourceParallel set, but failed to find lib.rs or main.rs
test output_report_ids_golden ... ok
proptest: FileFailurePersistence::SourceParallel set, but failed to find lib.rs or main.rs
test pedal_axes_normalize_boundaries ... ok
test pedal_axes_normalize_no_clutch ... ok
test pedal_report_basic ... ok
test pedal_report_too_short ... ok
test protocol_build_init_sequence_length ... ok
test protocol_family_t150_group ... ok
test protocol_family_t300_group ... ok
test protocol_default_is_t300rs ... ok
test protocol_new_with_config ... ok
test protocol_family_t500_separate ... ok
test protocol_parse_input_rejects_pedals ... ok
test protocol_new_with_config_negative_torque_floors ... ok
test protocol_init_state_transitions ... ok
test protocol_family_unknown_for_non_ffb ... ok
test protocol_new_defaults ... ok
test protocol_set_gain_and_rotation ... ok
test set_range_report_360 ... ok
test t150_gain_encode ... ok
test t150_effect_type_all_values ... ok
test spring_effect_wire_format ... ok
test t150_play_and_stop_relationship ... ok
test t150_range_encode_known_value ... ok
test unknown_pid_not_wheel_or_pedal ... ok
test vendor_id_value ... ok
test proptest_deep::prop_identify_deterministic ... ok
test proptest_deep::prop_t150_range_round_trip ... ok
test proptest_deep::prop_model_from_pid_deterministic ... ok
test proptest_deep::prop_kernel_range_scaling ... ok
test proptest_deep::prop_cf_magnitude_bounded ... ok
test proptest_deep::prop_cf_sign_matches ... ok
test proptest_deep::prop_cf_header ... ok

test result: ok. 83 passed; 0 failed; 0 ignored; 0 measured; 0 filtered out; finished in 0.02s

     Running tests\id_verification.rs (target\debug\deps\id_verification-3d6cb5571818af99.exe)

running 26 tests
test f430_force_feedback_pid_is_b65a ... ok
test fgt_force_feedback_pid_is_b654 ... ok
test ffb_wheel_generic_pid_is_b65d ... ok
test fgt_rumble_force_pid_is_b651 ... ok
test nascar_pro_ff2_pid_is_b605 ... ok
test t150_pid_is_b677 ... ok
test t248_pid_is_b696 ... ok
test t300_rs_gt_pid_is_b66f ... ok
test t248x_pid_is_b69a ... ok
test t500_rs_pid_is_b65e ... ok
test t80_ferrari_488_pid_is_b66a ... ok
test t300_rs_pid_is_b66e ... ok
test t300_rs_ps4_pid_is_b66d ... ok
test rgt_ff_clutch_pid_is_b653 ... ok
test t80_pid_is_b668 ... ok
test t818_pid_is_b69b ... ok
test t_lcm_pid_is_b371 ... ok
test t_gt_ii_gt_pid_is_b681 ... ok
test tmx_pid_is_b67f ... ok
test tpr_pedals_pid_is_b68f ... ok
test ts_pc_racer_pid_is_b689 ... ok
test ts_xw_gip_pid_is_b691 ... ok
test ts_xw_pid_is_b692 ... ok
test tx_racing_orig_pid_is_b664 ... ok
test tx_racing_pid_is_b669 ... ok
test vendor_id_is_044f ... ok

test result: ok. 26 passed; 0 failed; 0 ignored; 0 measured; 0 filtered out; finished in 0.00s

     Running tests\kernel_wire_crosscheck.rs (target\debug\deps\kernel_wire_crosscheck-1902cabec8a1a440.exe)

running 24 tests
test condition_hardcoded_matches_kernel ... ok
test infinite_duration_is_0xffff ... ok
test norm_buffer_length_is_63 ... ok
test condition_types_match_kernel ... ok
test t300_rs_matches_kernel ... ok
test t300rs_effect_opcodes_match_kernel ... ok
test ffb_wheel_generic_matches_kernel ... ok
test ps4_buffer_length_is_31 ... ok
test range_scale_matches_kernel ... ok
test spring_max_saturation_matches_kernel ... ok
test t248_matches_kernel ... ok
test t300_rs_gt_matches_kernel ... ok
test max_effects_is_16 ... ok
test t300_rs_ps4_matches_kernel ... ok
test t300rs_header_byte ... ok
test t300rs_cmd_categories ... ok
test t300rs_report_sizes ... ok
test t300rs_settings_subcmds ... ok
test timing_start_marker_is_0x4f ... ok
test ts_pc_racer_matches_kernel ... ok
test ts_xw_matches_kernel ... ok
test tx_racing_matches_kernel ... ok
test vendor_id_is_044f ... ok
test waveform_ids_match_kernel_computation ... ok

test result: ok. 24 passed; 0 failed; 0 ignored; 0 measured; 0 filtered out; finished in 0.00s

     Running tests\property_tests.rs (target\debug\deps\property_tests-2b42e1989bbf9f8a.exe)

running 9 tests
proptest: FileFailurePersistence::SourceParallel set, but failed to find lib.rs or main.rs
proptest: FileFailurePersistence::SourceParallel set, but failed to find lib.rs or main.rs
proptest: FileFailurePersistence::SourceParallel set, but failed to find lib.rs or main.rs
proptest: FileFailurePersistence::SourceParallel set, but failed to find lib.rs or main.rs
proptest: FileFailurePersistence::SourceParallel set, but failed to find lib.rs or main.rs
proptest: FileFailurePersistence::SourceParallel set, but failed to find lib.rs or main.rs
proptest: FileFailurePersistence::SourceParallel set, but failed to find lib.rs or main.rs
proptest: FileFailurePersistence::SourceParallel set, but failed to find lib.rs or main.rs
proptest: FileFailurePersistence::SourceParallel set, but failed to find lib.rs or main.rs
test prop_is_wheel_consistent_with_identify ... ok
test prop_gain_report_roundtrip ... ok
test prop_set_range_roundtrip ... ok
test prop_model_detection_deterministic ... ok
test prop_encoded_value_within_bounds ... ok
test prop_report_id_always_constant_force ... ok
test prop_torque_sign_preserved ... ok
test prop_encoding_saturates_at_max ... ok
test prop_encoding_is_monotone ... ok

test result: ok. 9 passed; 0 failed; 0 ignored; 0 measured; 0 filtered out; finished in 0.02s

     Running tests\proptest_fuzz.rs (target\debug\deps\proptest_fuzz-0301c6a222352501.exe)

running 11 tests
proptest: FileFailurePersistence::SourceParallel set, but failed to find lib.rs or main.rs
proptest: FileFailurePersistence::SourceParallel set, but failed to find lib.rs or main.rs
proptest: FileFailurePersistence::SourceParallel set, but failed to find lib.rs or main.rs
proptest: FileFailurePersistence::SourceParallel set, but failed to find lib.rs or main.rs
proptest: FileFailurePersistence::SourceParallel set, but failed to find lib.rs or main.rs
proptest: FileFailurePersistence::SourceParallel set, but failed to find lib.rs or main.rs
proptest: FileFailurePersistence::SourceParallel set, but failed to find lib.rs or main.rs
proptest: FileFailurePersistence::SourceParallel set, but failed to find lib.rs or main.rs
proptest: FileFailurePersistence::SourceParallel set, but failed to find lib.rs or main.rs
proptest: FileFailurePersistence::SourceParallel set, but failed to find lib.rs or main.rs
proptest: FileFailurePersistence::SourceParallel set, but failed to find lib.rs or main.rs
test fuzz_pedal_report_exact_minimum ... ok
test fuzz_pedal_report_short_lengths ... ok
test fuzz_encoder_zero_max_torque ... ok
test fuzz_device_classification_consistent ... ok
test fuzz_t150_effect_type_from_u16 ... ok
test fuzz_encoder_inf ... ok
test fuzz_encoder_nan ... ok
test fuzz_model_from_product_id ... ok
test fuzz_input_report_id_zero ... ok
test fuzz_pedal_report_output_ranges ... ok
test fuzz_pedal_report_arbitrary_bytes ... ok

test result: ok. 11 passed; 0 failed; 0 ignored; 0 measured; 0 filtered out; finished in 0.03s

     Running tests\proptest_ids.rs (target\debug\deps\proptest_ids-461f322441dbcf48.exe)

running 13 tests
proptest: FileFailurePersistence::SourceParallel set, but failed to find lib.rs or main.rs
proptest: FileFailurePersistence::SourceParallel set, but failed to find lib.rs or main.rs
proptest: FileFailurePersistence::SourceParallel set, but failed to find lib.rs or main.rs
proptest: FileFailurePersistence::SourceParallel set, but failed to find lib.rs or main.rs
proptest: FileFailurePersistence::SourceParallel set, but failed to find lib.rs or main.rs
proptest: FileFailurePersistence::SourceParallel set, but failed to find lib.rs or main.rs
proptest: FileFailurePersistence::SourceParallel set, but failed to find lib.rs or main.rs
proptest: FileFailurePersistence::SourceParallel set, but failed to find lib.rs or main.rs
proptest: FileFailurePersistence::SourceParallel set, but failed to find lib.rs or main.rs
proptest: FileFailurePersistence::SourceParallel set, but failed to find lib.rs or main.rs
proptest: FileFailurePersistence::SourceParallel set, but failed to find lib.rs or main.rs
proptest: FileFailurePersistence::SourceParallel set, but failed to find lib.rs or main.rs
proptest: FileFailurePersistence::SourceParallel set, but failed to find lib.rs or main.rs
test prop_identify_device_consistent_with_is_wheel ... ok
test prop_name_contains_brand ... ok
test prop_identify_device_name_non_empty ... ok
test prop_known_model_torque_positive ... ok
test prop_max_rotation_bounded ... ok
test prop_name_non_empty ... ok
test prop_model_from_pid_deterministic ... ok
test prop_recognised_pid_not_unknown ... ok
test prop_all_known_pids_nonzero ... ok
test prop_torque_non_negative_and_finite ... ok
test prop_vendor_id_is_044f ... ok
test prop_vendor_id_nonzero ... ok
test prop_known_pids_nonzero ... ok

test result: ok. 13 passed; 0 failed; 0 ignored; 0 measured; 0 filtered out; finished in 0.02s

     Running tests\proptest_output.rs (target\debug\deps\proptest_output-1acc8476742b0bbf.exe)

running 25 tests
proptest: FileFailurePersistence::SourceParallel set, but failed to find lib.rs or main.rs
proptest: FileFailurePersistence::SourceParallel set, but failed to find lib.rs or main.rs
proptest: FileFailurePersistence::SourceParallel set, but failed to find lib.rs or main.rs
proptest: FileFailurePersistence::SourceParallel set, but failed to find lib.rs or main.rs
proptest: FileFailurePersistence::SourceParallel set, but failed to find lib.rs or main.rs
proptest: FileFailurePersistence::SourceParallel set, but failed to find lib.rs or main.rs
proptest: FileFailurePersistence::SourceParallel set, but failed to find lib.rs or main.rs
proptest: FileFailurePersistence::SourceParallel set, but failed to find lib.rs or main.rs
proptest: FileFailurePersistence::SourceParallel set, but failed to find lib.rs or main.rs
proptest: FileFailurePersistence::SourceParallel set, but failed to find lib.rs or main.rs
proptest: FileFailurePersistence::SourceParallel set, but failed to find lib.rs or main.rs
proptest: FileFailurePersistence::SourceParallel set, but failed to find lib.rs or main.rs
proptest: FileFailurePersistence::SourceParallel set, but failed to find lib.rs or main.rs
proptest: FileFailurePersistence::SourceParallel set, but failed to find lib.rs or main.rs
proptest: FileFailurePersistence::SourceParallel set, but failed to find lib.rs or main.rs
proptest: FileFailurePersistence::SourceParallel set, but failed to find lib.rs or main.rs
test prop_set_range_full_u16 ... ok
test prop_friction_effect_structure ... ok
test prop_damper_effect_structure ... ok
test prop_actuator_enable_values ... ok
test prop_spring_effect_structure ... ok
test prop_kernel_gain_byte1 ... ok
test prop_kernel_range_encodes_scaled_degrees ... ok
proptest: FileFailurePersistence::SourceParallel set, but failed to find lib.rs or main.rs
proptest: FileFailurePersistence::SourceParallel set, but failed to find lib.rs or main.rs
test prop_device_gain_full_range ... ok
test prop_kernel_range_clamps ... ok
test prop_kernel_autocenter_structure ... ok
proptest: FileFailurePersistence::SourceParallel set, but failed to find lib.rs or main.rs
proptest: FileFailurePersistence::SourceParallel set, but failed to find lib.rs or main.rs
test prop_identify_device_echo_pid ... ok
proptest: FileFailurePersistence::SourceParallel set, but failed to find lib.rs or main.rs
proptest: FileFailurePersistence::SourceParallel set, but failed to find lib.rs or main.rs
proptest: FileFailurePersistence::SourceParallel set, but failed to find lib.rs or main.rs
proptest: FileFailurePersistence::SourceParallel set, but failed to find lib.rs or main.rs
test prop_pedal_normalize_in_unit_range ... ok
proptest: FileFailurePersistence::SourceParallel set, but failed to find lib.rs or main.rs
test prop_steering_in_valid_range ... ok
test prop_parse_never_panics ... ok
test prop_input_steering_round_trip ... ok
test prop_axes_in_unit_range ... ok
test prop_t150_play_preserves_params ... ok
test prop_wheel_and_pedal_exclusive ... ok
test prop_t150_gain_preserves_value ... ok
test prop_t150_effect_type_roundtrip ... ok
test prop_wrong_id_returns_none ... ok
test prop_torque_round_trip_boundary ... ok
test prop_t150_range_header_and_roundtrip ... ok
test prop_torque_round_trip_accuracy ... ok
test prop_t150_stop_equals_play_zero ... ok

test result: ok. 25 passed; 0 failed; 0 ignored; 0 measured; 0 filtered out; finished in 0.04s

     Running tests\protocol_verification_tests.rs (target\debug\deps\protocol_verification_tests-8ee1320bec630f26.exe)

running 59 tests
test all_tmff2_device_table_pids_recognized ... ok
test condition_effect_type_bytes ... ok
test condition_hardcoded_values ... ok
test constant_force_encoder_zero ... ok
test constant_force_encoder_sign_and_saturation ... ok
test damper_effect_encoding ... ok
test effect_type_constants_cover_kernel_types ... ok
test condition_max_saturation_values ... ok
test firmware_version_parsing_from_kernel_format ... ok
test kernel_close_command_matches_t300rs_send_close ... ok
test firmware_version_threshold ... ok
test friction_effect_encoding ... ok
test kernel_range_clamps_match_driver ... ok
test kernel_autocenter_matches_t300rs_set_autocenter ... ok
test kernel_range_encoding_matches_t300rs_set_range ... ok
test kernel_gain_encoding_matches_t300rs_set_gain ... ok
test known_models_match_kernel_tm_wheels_infos ... ok
test kernel_open_command_matches_t300rs_send_open ... ok
test generic_ffb_wheel_pid_matches_kernel ... ok
test model_init_switch_values_match_kernel ... ok
test mode_switch_request_matches_kernel ... ok
test model_query_request_matches_kernel ... ok
test oversteer_pids_all_present ... ok
test periodic_phase_scaling_constant ... ok
test periodic_waveform_encoding ... ok
test pid_cross_source_consistency ... ok
test protocol_family_matches_tmff2_probe ... ok
test report_ids_are_distinct ... ok
test set_range_report_degrees_le16 ... ok
test setup_interrupts_match_kernel ... ok
test spring_effect_encoding ... ok
test spring_effect_negative_center ... ok
test t150_command_bytes_match_scarburato ... ok
test t150_effect_type_codes_match_scarburato ... ok
test t150_effect_type_roundtrip ... ok
test t150_gain_encoding ... ok
test t150_pid_matches_oversteer ... ok
test t150_play_stop_encoding ... ok
test t150_range_encoding ... ok
test t150_unknown_effect_type ... ok
test t248_pid_matches_hid_tmff2 ... ok
test t300rs_buffer_lengths ... ok
test t300rs_hid_report_ids ... ok
test t300rs_max_effects ... ok
test t300rs_pids_match_hid_tmff2 ... ok
test t300rs_supported_effect_count ... ok
test t500rs_pid_matches_kernel_and_oversteer ... ok
test t80_is_wheelbase_no_ffb ... ok
test t80_pids_match_oversteer ... ok
test t_lcm_pedals_model_no_ffb ... ok
test timing_markers_and_infinite_duration ... ok
test tmff2_probe_pids_are_wheelbases ... ok
test tmx_pid_matches_oversteer ... ok
test tpr_pedals_not_wheel_not_ffb ... ok
test ts_pc_racer_pid_matches_hid_tmff2 ... ok
test ts_xw_pid_matches_hid_tmff2 ... ok
test tx_racing_orig_pid_matches_oversteer ... ok
test tx_racing_pid_matches_hid_tmff2 ... ok
test vid_matches_linux_kernel ... ok

test result: ok. 59 passed; 0 failed; 0 ignored; 0 measured; 0 filtered out; finished in 0.00s

     Running tests\roundtrip_proptest.rs (target\debug\deps\roundtrip_proptest-1d57793f2eb04230.exe)

running 12 tests
proptest: FileFailurePersistence::SourceParallel set, but failed to find lib.rs or main.rs
proptest: FileFailurePersistence::SourceParallel set, but failed to find lib.rs or main.rs
proptest: FileFailurePersistence::SourceParallel set, but failed to find lib.rs or main.rs
proptest: FileFailurePersistence::SourceParallel set, but failed to find lib.rs or main.rs
proptest: FileFailurePersistence::SourceParallel set, but failed to find lib.rs or main.rs
proptest: FileFailurePersistence::SourceParallel set, but failed to find lib.rs or main.rs
proptest: FileFailurePersistence::SourceParallel set, but failed to find lib.rs or main.rs
proptest: FileFailurePersistence::SourceParallel set, but failed to find lib.rs or main.rs
proptest: FileFailurePersistence::SourceParallel set, but failed to find lib.rs or main.rs
proptest: FileFailurePersistence::SourceParallel set, but failed to find lib.rs or main.rs
proptest: FileFailurePersistence::SourceParallel set, but failed to find lib.rs or main.rs
proptest: FileFailurePersistence::SourceParallel set, but failed to find lib.rs or main.rs
test prop_spring_effect_roundtrip ... ok
test prop_set_range_roundtrip ... ok
test prop_constant_force_length ... ok
test prop_input_buttons_roundtrip ... ok
test prop_t150_gain_roundtrip ... ok
test prop_damper_effect_roundtrip ... ok
test prop_t150_range_roundtrip ... ok
test prop_constant_force_roundtrip ... ok
test prop_input_steering_range ... ok
test prop_constant_force_zero ... ok
test prop_friction_effect_roundtrip ... ok
test prop_input_short_no_panic ... ok

test result: ok. 12 passed; 0 failed; 0 ignored; 0 measured; 0 filtered out; finished in 0.02s

     Running tests\snapshot_encoding.rs (target\debug\deps\snapshot_encoding-068c34706eec689d.exe)

running 28 tests
test test_snapshot_kernel_autocenter_mid ... ok
test test_snapshot_encode_zero_torque ... ok
test test_snapshot_kernel_close_command ... ok
test test_snapshot_device_gain_zero ... ok
test test_snapshot_actuator_disable ... ok
test test_snapshot_kernel_autocenter_off ... ok
test test_snapshot_encode_zero_report ... ok
test test_snapshot_friction_effect_zero ... ok
test test_snapshot_encode_full_negative ... ok
test test_snapshot_encode_clamp_above_max ... ok
test test_snapshot_is_pedal_product_unknown ... ok
test test_snapshot_device_gain_full ... ok
test test_snapshot_encode_full_positive ... ok
test test_snapshot_friction_effect_max ... ok
test test_snapshot_damper_effect_zero ... ok
test test_snapshot_damper_effect_max ... ok
test test_snapshot_kernel_gain_full ... ok
test test_snapshot_kernel_gain_zero ... ok
test test_snapshot_kernel_open_command ... ok
test test_snapshot_kernel_range_1080 ... ok
test test_snapshot_kernel_range_clamp_min ... ok
test test_snapshot_kernel_range_540 ... ok
test test_snapshot_parse_pedal_report_all_zero ... ok
test test_snapshot_protocol_t248 ... ok
test test_snapshot_parse_pedal_report_full_throttle ... ok
test test_snapshot_set_range_270 ... ok
test test_snapshot_spring_effect_max ... ok
test test_snapshot_spring_effect_zero ... ok

test result: ok. 28 passed; 0 failed; 0 ignored; 0 measured; 0 filtered out; finished in 0.18s

     Running tests\snapshot_tests.rs (target\debug\deps\snapshot_tests-30438b1c7df0732b.exe)

running 47 tests
test test_snapshot_is_wheelbase_known_pids ... ok
test test_snapshot_capability_t500rs ... ok
test test_snapshot_capability_ts_xw ... ok
test test_snapshot_capability_t300rs ... ok
test test_snapshot_damper_effect ... ok
test test_snapshot_friction_effect ... ok
test test_snapshot_actuator_enable ... ok
test test_snapshot_model_t248x ... ok
test test_snapshot_init_protocol_known_models ... ok
test test_snapshot_input_report_center ... ok
test test_snapshot_input_report_full_throttle ... ok
test test_snapshot_device_gain ... ok
test test_snapshot_capability_legacy_wheels ... ok
test test_snapshot_all_model_names ... ok
test test_snapshot_model_t248 ... ok
test test_snapshot_model_t300rs ... ok
test test_snapshot_model_t300rs_gt ... ok
test test_snapshot_model_t300rs_ps4 ... ok
test test_snapshot_model_t500rs ... ok
test test_snapshot_model_t500rs_proper ... ok
test test_snapshot_model_t80 ... ok
test test_snapshot_model_tmx ... ok
test test_snapshot_model_tgt2_gt_mode ... ok
test test_snapshot_model_tgt2 ... ok
test test_snapshot_model_ts_pc_racer ... ok
test test_snapshot_model_ts_xw ... ok
test test_snapshot_protocol_constants ... ok
test test_snapshot_model_tx_racing ... ok
test test_snapshot_protocol_tgt ... ok
test test_snapshot_protocol_t818 ... ok
test test_snapshot_set_range_1080 ... ok
test test_snapshot_protocol_unknown_pid ... ok
test test_snapshot_spring_effect ... ok
test test_snapshot_set_range_900 ... ok
test test_snapshot_t150_effect_types ... ok
test test_snapshot_t150_gain_half ... ok
test test_snapshot_t150_gain_full ... ok
test test_snapshot_t150_gain_zero ... ok
test test_snapshot_t150_play_effect_infinite ... ok
test test_snapshot_t150_play_effect ... ok
test test_snapshot_t150_range_max ... ok
test test_snapshot_t150_range_midpoint ... ok
test test_snapshot_t150_range_zero ... ok
test test_snapshot_t150_stop_effect ... ok
test test_snapshot_t150_stop_effect_id5 ... ok
test test_snapshot_t818_encoder ... ok
test test_snapshot_tgt_encoder ... ok

test result: ok. 47 passed; 0 failed; 0 ignored; 0 measured; 0 filtered out; finished in 0.18s

     Running tests\thrustmaster_advanced_tests.rs (target\debug\deps\thrustmaster_advanced_tests-70e25f84acc6cb8c.exe)

running 46 tests
test test_device_gain_report_format ... ok
proptest: FileFailurePersistence::SourceParallel set, but failed to find lib.rs or main.rs
proptest: FileFailurePersistence::SourceParallel set, but failed to find lib.rs or main.rs
proptest: FileFailurePersistence::SourceParallel set, but failed to find lib.rs or main.rs
proptest: FileFailurePersistence::SourceParallel set, but failed to find lib.rs or main.rs
test test_init_protocol_constants ... ok
proptest: FileFailurePersistence::SourceParallel set, but failed to find lib.rs or main.rs
proptest: FileFailurePersistence::SourceParallel set, but failed to find lib.rs or main.rs
test test_actuator_enable_disable ... ok
proptest: FileFailurePersistence::SourceParallel set, but failed to find lib.rs or main.rs
test test_constant_force_encoder_clamps_beyond_max ... ok
test test_constant_force_encoder_half_torque ... ok
test test_damper_effect_encoding ... ok
test test_friction_effect_encoding_min_max ... ok
test test_generic_ffb_wheel_pid_not_a_model ... ok
test test_init_switch_values_per_family ... ok
test test_kernel_autocenter_two_step ... ok
test test_kernel_open_close_commands ... ok
test test_kernel_range_clamping ... ok
test test_kernel_range_scaling ... ok
test test_known_models_mapping ... ok
test test_legacy_wheel_recognition ... ok
test test_parse_input_report_too_short ... ok
test test_pedal_pids_are_unknown_category ... ok
test test_protocol_build_init_sequence_length ... ok
test test_protocol_init_and_reset ... ok
test test_set_range_report_encodes_degrees_le ... ok
test test_setup_interrupts_count_and_sizes ... ok
test test_spring_effect_encoding_center_and_stiffness ... ok
test test_t150_effect_type_roundtrip_all_variants ... ok
test test_t150_gain_encode_half ... ok
test test_t150_play_and_stop_equivalence ... ok
test test_t150_range_encode_max ... ok
test test_t150_tmx_recognition ... ok
test test_t248_recognition ... ok
test test_t300rs_ps4_recognition ... ok
test test_t300rs_recognition ... ok
test test_t500rs_recognition ... ok
test test_t80_no_ffb ... ok
test test_t818_recognition ... ok
test test_tgt_ii_recognition ... ok
test test_tspc_racer_recognition ... ok
test test_tsxw_recognition ... ok
test test_tx_racing_recognition ... ok
test test_vendor_id_constant ... ok
test test_unknown_pid_defaults ... ok
test proptest_advanced::prop_kernel_gain_high_byte ... ok
test proptest_advanced::prop_friction_roundtrip ... ok
test proptest_advanced::prop_damper_roundtrip ... ok
test proptest_advanced::prop_set_range_roundtrip ... ok
test proptest_advanced::prop_spring_center_roundtrip ... ok
test proptest_advanced::prop_t150_range_roundtrip ... ok
test proptest_advanced::prop_constant_force_sign_preserved ... ok

test result: ok. 46 passed; 0 failed; 0 ignored; 0 measured; 0 filtered out; finished in 0.01s

     Running tests\thrustmaster_deep_tests.rs (target\debug\deps\thrustmaster_deep_tests-5762367ee66c0e83.exe)

running 66 tests
test all_known_pids_are_in_vendor_0x044f_range ... ok
test all_known_pids_are_unique ... ok
test all_wheel_variants_consistency ... ok
test effects_condition_hardcoded_values ... ok
test effects_constant_modify_wire_format ... ok
test effects_autocenter_two_step_sequence ... ok
test effects_header_increments_id ... ok
test effects_condition_spring_vs_damper_saturation ... ok
test effects_constant_upload_wire_format ... ok
test effects_constants_verified ... ok
test effects_envelope_encode_roundtrip ... ok
test effects_gain_shifts_high_byte ... ok
test effects_open_close_wire_format ... ok
test effects_play_and_stop ... ok
test effects_ramp_upload_structure ... ok
test effects_periodic_upload_waveforms ... ok
test effects_range_clamping_and_scaling ... ok
test generic_ffb_wheel_is_bootloader_mode ... ok
test effects_timing_infinite_and_encode ... ok
test init_switch_values_per_protocol_family ... ok
test lifecycle_family_a_single_step_open_close ... ok
test lifecycle_family_a_vs_b_classification ... ok
test lifecycle_family_b_two_step_open_close ... ok
test lifecycle_family_consistent_with_model ... ok
test lifecycle_range_command_clamping_per_model ... ok
test lifecycle_range_limits_lookup_by_pid ... ok
test lifecycle_range_limits_per_model ... ok
test lifecycle_setup_commands_structure ... ok
test lifecycle_supported_effects_list ... ok
test mode_switch_normal_vs_advanced ... ok
test parse_input_report_boundary_lengths ... ok
test parse_input_report_rejects_all_invalid_report_ids ... ok
test pedal_model_classification ... ok
proptest: FileFailurePersistence::SourceParallel set, but failed to find lib.rs or main.rs
test pedal_normalize_boundaries ... ok
proptest: FileFailurePersistence::SourceParallel set, but failed to find lib.rs or main.rs
test pedal_normalize_no_clutch ... ok
proptest: FileFailurePersistence::SourceParallel set, but failed to find lib.rs or main.rs
proptest: FileFailurePersistence::SourceParallel set, but failed to find lib.rs or main.rs
proptest: FileFailurePersistence::SourceParallel set, but failed to find lib.rs or main.rs
test pedal_report_full_range ... ok
proptest: FileFailurePersistence::SourceParallel set, but failed to find lib.rs or main.rs
proptest: FileFailurePersistence::SourceParallel set, but failed to find lib.rs or main.rs
test pedal_report_too_short_rejected ... ok
proptest: FileFailurePersistence::SourceParallel set, but failed to find lib.rs or main.rs
proptest: FileFailurePersistence::SourceParallel set, but failed to find lib.rs or main.rs
test pedal_report_zero ... ok
test protocol_creates_encoder_for_each_model ... ok
test protocol_init_sequence_reports_are_valid ... ok
test protocol_new_with_config_floors_tiny_torque ... ok
test protocol_state_machine_full_lifecycle ... ok
test protocol_unknown_pid_still_parses_valid_input ... ok
test protocol_with_custom_config_init_sequence ... ok
test t300rs_buffers_zeroed_outside_payload ... ok
test t300rs_modify_constant_magnitude_roundtrip ... ok
test t300rs_modify_envelope_fields ... ok
test t300rs_new_constant_effect_full_structure ... ok
test t300rs_open_close_commands ... ok
test t300rs_play_once_wire_capture ... ok
test t300rs_play_repeat_with_count ... ok
test t300rs_report_sizes ... ok
test t300rs_set_autocenter_wire_format ... ok
test t300rs_set_gain_wire_format ... ok
test t300rs_set_rotation_clamped ... ok
test t300rs_stop_effect_wire_capture ... ok
test vid_is_0x044f ... ok
test proptest_deep::prop_effects_header_id_incremented ... ok
test proptest_deep::prop_pedal_normalize_in_unit_range ... ok
test proptest_deep::prop_timing_duration_offset_roundtrip ... ok
test proptest_deep::prop_effects_range_always_clamped ... ok
test proptest_deep::prop_lifecycle_range_command_header ... ok
test proptest_deep::prop_t300rs_rotation_always_clamped ... ok
test proptest_deep::prop_pedal_report_3_bytes_always_parses ... ok
test proptest_deep::prop_input_report_valid_id_always_parses ... ok
test proptest_deep::prop_envelope_fields_roundtrip ... ok

test result: ok. 66 passed; 0 failed; 0 ignored; 0 measured; 0 filtered out; finished in 0.02s

     Running unittests src\lib.rs (target\debug\deps\racing_wheel_hid_vrs_protocol-a2b4533103abbbc0.exe)

running 43 tests
test effects::tests::constant_force_smoke ... ok
test effects::tests::device_control_enable ... ok
test effects::tests::device_gain_clamps ... ok
test effects::tests::effect_type_values ... ok
test effects::tests::report_ids_match_pid_spec ... ok
test input::tests::test_parse_full_left_steering ... ok
test input::tests::test_parse_buttons ... ok
test input::tests::test_parse_center_steering ... ok
test input::tests::test_parse_encoders ... ok
test input::tests::test_parse_full_right_steering ... ok
test input::tests::test_parse_hat ... ok
test input::tests::test_parse_pedals_full ... ok
test input::tests::test_pedal_axes_raw ... ok
test input::tests::test_parse_report_too_short ... ok
test input::tests::test_steering_normalization_boundaries ... ok
test input::tests::test_parse_pedals_released ... ok
test output::tests::test_constant_force_encoder_negative ... ok
test output::tests::test_constant_force_encoder_positive ... ok
test output::tests::test_constant_force_encoder_zero ... ok
test output::tests::test_constant_force_saturation ... ok
test output::tests::test_damper_encoder ... ok
test output::tests::test_device_gain ... ok
test output::tests::test_ffb_enable ... ok
test output::tests::test_friction_encoder ... ok
test output::tests::test_rotation_range_1080 ... ok
test output::tests::test_rotation_range_900 ... ok
test output::tests::test_spring_encoder ... ok
test output::tests::test_spring_encoder_zero ... ok
test output::tests::test_torque_to_magnitude ... ok
test types::tests::test_ffb_effect_type_report_ids ... ok
test types::tests::test_identify_device_known_pids ... ok
test types::tests::test_is_wheelbase_product_known_wheelbases ... ok
test types::tests::test_is_wheelbase_product_non_wheelbases ... ok
test types::tests::test_pedal_axes_normalize ... ok
test input::property_tests::prop_steering_normalization_never_exceeds_bounds ... ok
test input::property_tests::prop_pedal_normalization_never_exceeds_bounds ... ok
test output::property_tests::prop_device_gain_valid ... ok
test output::property_tests::prop_damper_encoder_always_valid_output ... ok
test output::property_tests::prop_constant_force_encoder_always_valid_output ... ok
test output::property_tests::prop_friction_encoder_always_valid_output ... ok
test output::property_tests::prop_rotation_range_valid ... ok
test output::property_tests::prop_spring_encoder_always_valid_output ... ok
test input::property_tests::prop_parse_input_report_arbitrary_data ... ok

test result: ok. 43 passed; 0 failed; 0 ignored; 0 measured; 0 filtered out; finished in 0.03s

     Running tests\comprehensive.rs (target\debug\deps\comprehensive-26c60941c72e5642.exe)

running 56 tests
test constant_force_max_torque_floor ... ok
test constant_force_negative_max_torque_floored ... ok
test constant_force_saturation ... ok
test constants_primary_product_id ... ok
test damper_encode_zero ... ok
test constant_force_encode_negative ... ok
test constants_product_ids_confirmed ... ok
test effect_type_report_ids ... ok
test constants_report_sizes ... ok
test effect_type_report_ids_unique ... ok
test constant_force_encode_positive ... ok
test constants_vendor_id ... ok
test damper_encode_fields ... ok
test device_gain_full_range ... ok
test constant_force_encode_zero ... ok
test ffb_enable_disable ... ok
test friction_encode_fields ... ok
test friction_encode_zero ... ok
test identify_all_known_wheelbases ... ok
test identify_dfp_torque ... ok
test identify_dfp_v2_torque ... ok
test identify_non_wheelbase_peripherals ... ok
test identify_unknown_pid ... ok
test parse_input_all_ones ... ok
test parse_input_buttons ... ok
test parse_input_center_steering ... ok
test parse_input_connection_status ... ok
test parse_input_empty_slice ... ok
test parse_input_exact_minimum ... ok
proptest: FileFailurePersistence::SourceParallel set, but failed to find lib.rs or main.rs
proptest: FileFailurePersistence::SourceParallel set, but failed to find lib.rs or main.rs
test parse_input_encoders ... ok
proptest: FileFailurePersistence::SourceParallel set, but failed to find lib.rs or main.rs
test parse_input_full_left ... ok
test parse_input_full_right ... ok
test parse_input_hat_masks_upper_nibble ... ok
test parse_input_hat_neutral ... ok
proptest: FileFailurePersistence::SourceParallel set, but failed to find lib.rs or main.rs
proptest: FileFailurePersistence::SourceParallel set, but failed to find lib.rs or main.rs
test parse_input_hat_up ... ok
test parse_input_pedals_full ... ok
test parse_input_too_short ... ok
test pedal_axes_raw_normalize_full ... ok
test pedal_axes_raw_normalize_half ... ok
test pedal_axes_raw_normalize_zero ... ok
test pedal_axes_raw_roundtrip_from_input_state ... ok
proptest: FileFailurePersistence::SourceParallel set, but failed to find lib.rs or main.rs
proptest: FileFailurePersistence::SourceParallel set, but failed to find lib.rs or main.rs
proptest: FileFailurePersistence::SourceParallel set, but failed to find lib.rs or main.rs
proptest: FileFailurePersistence::SourceParallel set, but failed to find lib.rs or main.rs
test rotation_range_1080 ... ok
test vrs_input_state_empty ... ok
test rotation_range_900 ... ok
test property_tests::prop_constant_force_monotone ... ok
test property_tests::prop_device_gain_roundtrip ... ok
test spring_encode_fields ... ok
test property_tests::prop_constant_force_magnitude_bounded ... ok
test property_tests::prop_input_roundtrip ... ok
test property_tests::prop_constant_force_sign_preserved ... ok
test spring_encode_zero ... ok
test rotation_range_boundary_values ... ok
test property_tests::prop_rotation_range_roundtrip ... ok
test property_tests::prop_pedal_axes_normalize_bounded ... ok
test property_tests::prop_parse_input_never_panics ... ok
test property_tests::prop_parse_input_valid_when_long_enough ... ok

test result: ok. 56 passed; 0 failed; 0 ignored; 0 measured; 0 filtered out; finished in 0.05s

     Running tests\deep_protocol_tests.rs (target\debug\deps\deep_protocol_tests-17d18d8751e8e5ae.exe)

running 26 tests
test all_product_ids_are_nonzero_and_unique ... ok
test build_ffb_enable_toggle ... ok
test constant_force_half_torque_encodes_5000 ... ok
test build_rotation_range_encodes_degrees ... ok
test constant_force_saturates_above_max ... ok
test dfp_torque_is_20nm ... ok
test constant_force_negative_torque ... ok
test identify_unknown_device ... ok
test damper_report_id_and_structure ... ok
test parse_input_report_center_position ... ok
test friction_report_id_and_structure ... ok
test identify_device_peripherals_lack_ffb ... ok
test identify_device_wheelbases_have_ffb ... ok
test parse_input_report_full_left_steering ... ok
test constant_force_zero_report ... ok
test ffb_effect_type_report_ids_match_pidff_standard ... ok
test build_device_gain_encodes_value ... ok
test constant_force_report_id_and_length ... ok
test parse_input_report_full_pedals ... ok
test parse_input_report_too_short_returns_none ... ok
test pedal_axes_normalize_max ... ok
test pedal_axes_normalize_midpoint ... ok
test pedal_axes_normalize_zero ... ok
test primary_product_id_matches_kernel_constant ... ok
test spring_report_id_and_structure ... ok
test vendor_id_is_stm_shared_vid ... ok

test result: ok. 26 passed; 0 failed; 0 ignored; 0 measured; 0 filtered out; finished in 0.00s

     Running tests\device_snapshot_tests.rs (target\debug\deps\device_snapshot_tests-bec45cadf4335e80.exe)

running 7 tests
test snap_parse_all_buttons_pressed ... ok
test snap_parse_connected_device ... ok
test snap_parse_disconnected_device ... ok
test snap_parse_encoder_negative_values ... ok
test snap_parse_quarter_values ... ok
test snap_device_identity_all_pids ... ok
test snap_vrs_vendor_id_constant ... ok

test result: ok. 7 passed; 0 failed; 0 ignored; 0 measured; 0 filtered out; finished in 0.20s

     Running tests\id_verification.rs (target\debug\deps\id_verification-d5672a0942ff6d53.exe)

running 4 tests
test all_pids_unique_exhaustive ... ok
test directforce_pro_pid_is_a355 ... ok
test vendor_id_is_0483 ... ok
test vid_not_pid_collision ... ok

test result: ok. 4 passed; 0 failed; 0 ignored; 0 measured; 0 filtered out; finished in 0.00s

     Running tests\kernel_wire_crosscheck.rs (target\debug\deps\kernel_wire_crosscheck-c3de97ca0dc1cfa5.exe)

running 9 tests
test all_product_ids_are_unique ... ok
test dfp_pid_matches_kernel ... ok
test dual_report_ids_are_distinct ... ok
test r295_pid_matches_kernel ... ok
test unverified_pids_pinned ... ok
test pidff_standard_report_ids ... ok
test pedals_pid_matches_community ... ok
test report_ids_pin_values ... ok
test vendor_id_matches_kernel ... ok

test result: ok. 9 passed; 0 failed; 0 ignored; 0 measured; 0 filtered out; finished in 0.00s

     Running tests\property_tests.rs (target\debug\deps\property_tests-8c26086e3baff15b.exe)

running 18 tests
test test_pid_constant_values ... ok
test test_non_wheelbase_pids_not_detected ... ok
proptest: FileFailurePersistence::SourceParallel set, but failed to find lib.rs or main.rs
proptest: FileFailurePersistence::SourceParallel set, but failed to find lib.rs or main.rs
proptest: FileFailurePersistence::SourceParallel set, but failed to find lib.rs or main.rs
proptest: FileFailurePersistence::SourceParallel set, but failed to find lib.rs or main.rs
proptest: FileFailurePersistence::SourceParallel set, but failed to find lib.rs or main.rs
test test_vendor_id_value ... ok
test test_wheelbase_pids_detected ... ok
proptest: FileFailurePersistence::SourceParallel set, but failed to find lib.rs or main.rs
proptest: FileFailurePersistence::SourceParallel set, but failed to find lib.rs or main.rs
proptest: FileFailurePersistence::SourceParallel set, but failed to find lib.rs or main.rs
proptest: FileFailurePersistence::SourceParallel set, but failed to find lib.rs or main.rs
proptest: FileFailurePersistence::SourceParallel set, but failed to find lib.rs or main.rs
proptest: FileFailurePersistence::SourceParallel set, but failed to find lib.rs or main.rs
proptest: FileFailurePersistence::SourceParallel set, but failed to find lib.rs or main.rs
proptest: FileFailurePersistence::SourceParallel set, but failed to find lib.rs or main.rs
proptest: FileFailurePersistence::SourceParallel set, but failed to find lib.rs or main.rs
test prop_damper_report_id_preserved ... ok
test prop_friction_report_id_preserved ... ok
test prop_rotation_range_roundtrip ... ok
test prop_full_scale_saturates ... ok
test prop_ffb_enable_byte_matches ... ok
test prop_spring_report_id_preserved ... ok
test prop_out_of_range_pid_not_wheelbase ... ok
test prop_encode_zero_clears_magnitude ... ok
test prop_zero_torque_produces_zero ... ok
test prop_constant_force_report_id_and_effect_block ... ok
test prop_negative_torque_nonpos_magnitude ... ok
test prop_device_gain_roundtrip ... ok
test prop_positive_torque_nonneg_magnitude ... ok
test prop_constant_force_magnitude_in_bounds ... ok

test result: ok. 18 passed; 0 failed; 0 ignored; 0 measured; 0 filtered out; finished in 0.02s

     Running tests\proptest_ids.rs (target\debug\deps\proptest_ids-a97a0767bbbba841.exe)

running 16 tests
proptest: FileFailurePersistence::SourceParallel set, but failed to find lib.rs or main.rs
proptest: FileFailurePersistence::SourceParallel set, but failed to find lib.rs or main.rs
proptest: FileFailurePersistence::SourceParallel set, but failed to find lib.rs or main.rs
proptest: FileFailurePersistence::SourceParallel set, but failed to find lib.rs or main.rs
proptest: FileFailurePersistence::SourceParallel set, but failed to find lib.rs or main.rs
proptest: FileFailurePersistence::SourceParallel set, but failed to find lib.rs or main.rs
proptest: FileFailurePersistence::SourceParallel set, but failed to find lib.rs or main.rs
proptest: FileFailurePersistence::SourceParallel set, but failed to find lib.rs or main.rs
proptest: FileFailurePersistence::SourceParallel set, but failed to find lib.rs or main.rs
proptest: FileFailurePersistence::SourceParallel set, but failed to find lib.rs or main.rs
proptest: FileFailurePersistence::SourceParallel set, but failed to find lib.rs or main.rs
proptest: FileFailurePersistence::SourceParallel set, but failed to find lib.rs or main.rs
proptest: FileFailurePersistence::SourceParallel set, but failed to find lib.rs or main.rs
proptest: FileFailurePersistence::SourceParallel set, but failed to find lib.rs or main.rs
proptest: FileFailurePersistence::SourceParallel set, but failed to find lib.rs or main.rs
proptest: FileFailurePersistence::SourceParallel set, but failed to find lib.rs or main.rs
test prop_torque_non_negative_and_finite ... ok
test prop_identify_name_contains_brand ... ok
test prop_product_id_alias ... ok
test prop_known_pids_unique ... ok
test prop_identify_name_non_empty ... ok
test prop_wheelbase_classification ... ok
test prop_identify_device_deterministic ... ok
test prop_known_pids_nonzero ... ok
test prop_wheelbase_supports_ffb ... ok
test prop_roundtrip_pid_identity_arbitrary ... ok
test prop_roundtrip_pid_identity ... ok
test prop_non_wheelbase_no_ffb ... ok
test prop_wheelbase_torque_positive ... ok
test prop_vid_not_any_pid ... ok
test prop_vendor_id_nonzero ... ok
test prop_vendor_id_matches_expected ... ok

test result: ok. 16 passed; 0 failed; 0 ignored; 0 measured; 0 filtered out; finished in 0.03s

     Running tests\proptest_output.rs (target\debug\deps\proptest_output-091ffd60e74ea500.exe)

running 7 tests
proptest: FileFailurePersistence::SourceParallel set, but failed to find lib.rs or main.rs
proptest: FileFailurePersistence::SourceParallel set, but failed to find lib.rs or main.rs
proptest: FileFailurePersistence::SourceParallel set, but failed to find lib.rs or main.rs
proptest: FileFailurePersistence::SourceParallel set, but failed to find lib.rs or main.rs
proptest: FileFailurePersistence::SourceParallel set, but failed to find lib.rs or main.rs
proptest: FileFailurePersistence::SourceParallel set, but failed to find lib.rs or main.rs
proptest: FileFailurePersistence::SourceParallel set, but failed to find lib.rs or main.rs
test prop_damper_velocity_round_trip ... ok
test prop_spring_steering_round_trip ... ok
test prop_friction_velocity_round_trip ... ok
test prop_sign_preserved ... ok
test prop_round_trip ... ok
test prop_report_structure ... ok
test prop_monotone_positive ... ok

test result: ok. 7 passed; 0 failed; 0 ignored; 0 measured; 0 filtered out; finished in 0.01s

     Running tests\protocol_verification_tests.rs (target\debug\deps\protocol_verification_tests-dd89d16604c1814c.exe)

running 22 tests
test damper_zero_output ... ok
test dfp_device_identity ... ok
test device_gain_encoding ... ok
test encode_full_torque ... ok
test dfp_v2_pid_is_sequential_estimate ... ok
test encode_zero_torque ... ok
test encode_half_torque ... ok
test friction_zero_output ... ok
test non_wheelbase_pids_classified_correctly ... ok
test encode_torque_saturates ... ok
test ffb_enable_encoding ... ok
test dfp_pid_matches_kernel_and_community ... ok
test pedals_pid_matches_hwdb ... ok
test pidff_report_ids ... ok
test r295_pid_matches_kernel ... ok
test report_sizes ... ok
test r295_is_wheelbase ... ok
test rotation_range_encoding ... ok
test spring_zero_output ... ok
test unverified_accessory_pids ... ok
test vid_is_stmicroelectronics ... ok
test wheelbase_pids_classified_correctly ... ok

test result: ok. 22 passed; 0 failed; 0 ignored; 0 measured; 0 filtered out; finished in 0.00s

     Running tests\roundtrip_proptest.rs (target\debug\deps\roundtrip_proptest-51833f9e7137308f.exe)

running 15 tests
proptest: FileFailurePersistence::SourceParallel set, but failed to find lib.rs or main.rs
proptest: FileFailurePersistence::SourceParallel set, but failed to find lib.rs or main.rs
proptest: FileFailurePersistence::SourceParallel set, but failed to find lib.rs or main.rs
proptest: FileFailurePersistence::SourceParallel set, but failed to find lib.rs or main.rs
proptest: FileFailurePersistence::SourceParallel set, but failed to find lib.rs or main.rs
proptest: FileFailurePersistence::SourceParallel set, but failed to find lib.rs or main.rs
proptest: FileFailurePersistence::SourceParallel set, but failed to find lib.rs or main.rs
proptest: FileFailurePersistence::SourceParallel set, but failed to find lib.rs or main.rs
proptest: FileFailurePersistence::SourceParallel set, but failed to find lib.rs or main.rs
proptest: FileFailurePersistence::SourceParallel set, but failed to find lib.rs or main.rs
proptest: FileFailurePersistence::SourceParallel set, but failed to find lib.rs or main.rs
proptest: FileFailurePersistence::SourceParallel set, but failed to find lib.rs or main.rs
proptest: FileFailurePersistence::SourceParallel set, but failed to find lib.rs or main.rs
proptest: FileFailurePersistence::SourceParallel set, but failed to find lib.rs or main.rs
proptest: FileFailurePersistence::SourceParallel set, but failed to find lib.rs or main.rs
test prop_input_steering_range ... ok
test prop_input_buttons_roundtrip ... ok
test prop_friction_roundtrip ... ok
test prop_input_short_no_panic ... ok
test prop_identify_deterministic ... ok
test prop_ffb_enable_roundtrip ... ok
test prop_pedal_normalize_bounds ... ok
test prop_damper_roundtrip ... ok
test prop_wheelbase_consistent ... ok
test prop_gain_roundtrip ... ok
test prop_rotation_range_roundtrip ... ok
test prop_spring_roundtrip ... ok
test prop_constant_force_sign ... ok
test prop_constant_force_zero ... ok
test prop_constant_force_roundtrip ... ok

test result: ok. 15 passed; 0 failed; 0 ignored; 0 measured; 0 filtered out; finished in 0.01s

     Running tests\snapshot_encoding.rs (target\debug\deps\snapshot_encoding-f0806f0cb8ae7482.exe)

running 19 tests
test test_snapshot_encode_zero_torque ... ok
test test_snapshot_device_gain_one ... ok
test test_snapshot_friction_zero ... ok
test test_snapshot_rotation_range_180 ... ok
test test_snapshot_friction_max_coefficient ... ok
test test_snapshot_ffb_disable_report ... ok
test test_snapshot_encode_quarter_positive_torque ... ok
test test_snapshot_damper_zero ... ok
test test_snapshot_encode_zero_helper ... ok
test test_snapshot_rotation_range_2520 ... ok
test test_snapshot_damper_max_coefficient ... ok
test test_snapshot_ffb_enable_report ... ok
test test_snapshot_encode_clamp_below_neg_max ... ok
test test_snapshot_device_gain_max ... ok
test test_snapshot_encode_quarter_negative_torque ... ok
test test_snapshot_encode_clamp_above_max ... ok
test test_snapshot_spring_negative_steering ... ok
test test_snapshot_spring_max_coefficient ... ok
test test_snapshot_spring_zero ... ok

test result: ok. 19 passed; 0 failed; 0 ignored; 0 measured; 0 filtered out; finished in 0.19s

     Running tests\snapshot_tests.rs (target\debug\deps\snapshot_tests-aa6a3db91215a221.exe)

running 33 tests
test test_snapshot_damper_effect ... ok
test test_snapshot_device_pedals_v2 ... ok
test test_snapshot_constant_force_setpoint_max ... ok
test test_snapshot_device_r295 ... ok
test test_snapshot_device_gain_half ... ok
test test_snapshot_device_handbrake ... ok
test test_snapshot_device_gain_full ... ok
test test_snapshot_device_pedals_v1 ... ok
test test_snapshot_device_unknown ... ok
test test_snapshot_constant_force_setpoint_midpoint ... ok
test test_snapshot_device_gain_zero ... ok
test test_snapshot_device_shifter ... ok
test test_snapshot_device_pedals ... ok
test test_snapshot_constant_force_setpoint_min ... ok
test test_snapshot_device_directforce_pro_v2 ... ok
test test_snapshot_device_directforce_pro ... ok
test test_snapshot_encoder_pro ... ok
test test_snapshot_encoder_pro_negative ... ok
test test_snapshot_encoder_pro_v2 ... ok
test test_snapshot_ffb_disable ... ok
test test_snapshot_ffb_enable ... ok
test test_snapshot_friction_effect ... ok
test test_snapshot_input_report_center ... ok
test test_snapshot_input_report_encoders ... ok
test test_snapshot_input_report_full_left ... ok
test test_snapshot_input_report_full_right ... ok
test test_snapshot_input_report_full_throttle ... ok
test test_snapshot_is_wheelbase_product ... ok
test test_snapshot_input_report_pedals_full ... ok
test test_snapshot_rotation_range_1440 ... ok
test test_snapshot_rotation_range_900 ... ok
test test_snapshot_rotation_range_1080 ... ok
test test_snapshot_spring_effect ... ok

test result: ok. 33 passed; 0 failed; 0 ignored; 0 measured; 0 filtered out; finished in 0.18s

     Running tests\vrs_deep_tests.rs (target\debug\deps\vrs_deep_tests-96e58e6ba2b2a4f6.exe)

running 45 tests
test all_ffb_effect_types_have_distinct_report_ids ... ok
test damper_encodes_coefficient_and_velocity ... ok
test ffb_enable_disable_report_structure ... ok
test device_gain_boundary_values ... ok
test dfp_identity_has_correct_torque_and_name ... ok
proptest: FileFailurePersistence::SourceParallel set, but failed to find lib.rs or main.rs
proptest: FileFailurePersistence::SourceParallel set, but failed to find lib.rs or main.rs
test friction_encodes_coefficient_and_velocity ... ok
proptest: FileFailurePersistence::SourceParallel set, but failed to find lib.rs or main.rs
proptest: FileFailurePersistence::SourceParallel set, but failed to find lib.rs or main.rs
proptest: FileFailurePersistence::SourceParallel set, but failed to find lib.rs or main.rs
test pedal_axes_raw_roundtrip_normalize ... ok
proptest: FileFailurePersistence::SourceParallel set, but failed to find lib.rs or main.rs
proptest: FileFailurePersistence::SourceParallel set, but failed to find lib.rs or main.rs
proptest: FileFailurePersistence::SourceParallel set, but failed to find lib.rs or main.rs
test pedals_identity_has_no_ffb ... ok
proptest: FileFailurePersistence::SourceParallel set, but failed to find lib.rs or main.rs
proptest: FileFailurePersistence::SourceParallel set, but failed to find lib.rs or main.rs
test damper_zero_clears_coefficients ... ok
test friction_zero_clears_coefficients ... ok
test r295_identity_is_wheelbase_with_ffb ... ok
test report_ids_follow_pidff_standard_ordering ... ok
test rotation_range_boundary_zero ... ok
test rotation_range_roundtrip_common_values ... ok
test spring_encodes_center_offset_signed ... ok
test spring_encodes_coefficient_le ... ok
test rotation_range_boundary_max_u16 ... ok
test spring_encodes_deadzone ... ok
test telemetry_parse_disconnected_flag ... ok
test spring_zero_clears_all_params ... ok
test spring_encodes_steering_position_signed ... ok
test telemetry_parse_encoder_signed_values ... ok
test telemetry_parse_connected_flag_normal ... ok
test telemetry_parse_hat_switch_directions ... ok
test telemetry_parse_full_right_steering ... ok
test telemetry_parse_minimum_valid_length ... ok
test telemetry_parse_multiple_buttons ... ok
test torque_roundtrip_full_scale_negative ... ok
test torque_roundtrip_full_scale_positive ... ok
test telemetry_parse_rejects_16_bytes ... ok
test torque_encode_zero_helper_matches_encode_zero_nm ... ok
test torque_roundtrip_negative_quarter ... ok
test torque_roundtrip_positive_half ... ok
test torque_roundtrip_zero ... ok
test torque_saturation_clamps_beyond_max ... ok
test proptests::prop_torque_magnitude_bounded ... ok
test proptests::prop_rotation_range_roundtrip ... ok
test proptests::prop_spring_parameters_roundtrip ... ok
test proptests::prop_pedal_normalization_bounded ... ok
test proptests::prop_device_gain_roundtrip ... ok
test proptests::prop_encoder_new_clamps_tiny_max_torque ... ok
test proptests::prop_torque_encode_decode_roundtrip ... ok
test proptests::prop_damper_parameters_roundtrip ... ok
test proptests::prop_friction_parameters_roundtrip ... ok
test proptests::prop_input_report_never_panics ... ok

test result: ok. 45 passed; 0 failed; 0 ignored; 0 measured; 0 filtered out; finished in 0.02s

     Running tests\vrs_protocol_tests.rs (target\debug\deps\vrs_protocol_tests-32d45e1892593ccd.exe)

running 41 tests
test all_product_ids_nonzero_and_distinct ... ok
test build_device_gain_boundary_values ... ok
test build_rotation_range_known_values ... ok
test build_ffb_enable_toggle ... ok
test constant_force_encoder_clamping ... ok
test damper_encoder_known_bytes ... ok
test constant_force_encoder_min_torque_floor ... ok
test friction_encoder_known_bytes ... ok
test constant_force_encoder_known_bytes ... ok
test identify_r295_wheelbase ... ok
test ffb_effect_type_report_ids_comprehensive ... ok
test identify_dfp_wheelbase ... ok
test is_wheelbase_product_correct ... ok
test identify_pedals_no_ffb ... ok
test parse_input_center_position ... ok
test identify_shifter_no_ffb ... ok
test identify_unknown_pid ... ok
test identify_handbrake_no_ffb ... ok
test parse_input_disconnected_marker ... ok
test parse_input_encoder_values ... ok
test parse_input_extremes ... ok
proptest: FileFailurePersistence::SourceParallel set, but failed to find lib.rs or main.rs
proptest: FileFailurePersistence::SourceParallel set, but failed to find lib.rs or main.rs
test parse_input_full_right ... ok
proptest: FileFailurePersistence::SourceParallel set, but failed to find lib.rs or main.rs
test parse_input_hat_masked_to_4_bits ... ok
proptest: FileFailurePersistence::SourceParallel set, but failed to find lib.rs or main.rs
test parse_input_report_too_short ... ok
proptest: FileFailurePersistence::SourceParallel set, but failed to find lib.rs or main.rs
proptest: FileFailurePersistence::SourceParallel set, but failed to find lib.rs or main.rs
proptest: FileFailurePersistence::SourceParallel set, but failed to find lib.rs or main.rs
proptest: FileFailurePersistence::SourceParallel set, but failed to find lib.rs or main.rs
test pedal_axes_raw_roundtrip ... ok
proptest: FileFailurePersistence::SourceParallel set, but failed to find lib.rs or main.rs
test primary_pid_golden_value ... ok
test product_id_constants_golden ... ok
test spring_encoder_known_bytes ... ok
test report_length_constants ... ok
test vid_golden_value ... ok
proptest: FileFailurePersistence::SourceParallel set, but failed to find lib.rs or main.rs
proptest: FileFailurePersistence::SourceParallel set, but failed to find lib.rs or main.rs
test proptest_vrs::prop_rotation_range_roundtrips ... ok
test proptest_vrs::prop_identify_device_never_panics ... ok
test proptest_vrs::prop_wheelbase_has_ffb ... ok
test proptest_vrs::prop_friction_coefficient_roundtrips ... ok
test proptest_vrs::prop_constant_force_report_id_stable ... ok
test proptest_vrs::prop_steering_always_in_range ... ok
test proptest_vrs::prop_spring_coefficient_roundtrips ... ok
test proptest_vrs::prop_damper_coefficient_roundtrips ... ok
test proptest_vrs::prop_pedals_always_in_range ... ok
test proptest_vrs::prop_parse_input_never_panics ... ok
test proptest_vrs::prop_parse_input_valid_length_always_some ... ok

test result: ok. 41 passed; 0 failed; 0 ignored; 0 measured; 0 filtered out; finished in 0.03s

     Running unittests src\lib.rs (target\debug\deps\racing_wheel_input_maps-fa29c9034b1b8438.exe)

running 30 tests
test tests::axis_binding_unsigned_types_produce_unsigned_ks_source ... ok
test tests::axis_binding_signed_types_produce_signed_ks_source ... ok
test tests::compile_ks_map_returns_none_for_no_ks_content ... ok
test tests::axis_data_type_all_variants_serde_round_trip ... ok
test tests::compile_ks_map_clutch_unknown_mode_propagates ... ok
test tests::compile_ks_map_joystick_unknown_mode_propagates ... ok
test tests::compile_ks_map_wires_clutch_bindings ... ok
test tests::compile_ks_map_wires_independent_axis_clutch ... ok
test tests::compile_ks_map_rotary_mode_knob_propagates ... ok
test tests::compile_ks_map_wires_all_rotary_slots ... ok
test tests::compile_ks_map_propagates_report_id ... ok
test tests::clutch_binding_serde_round_trip ... ok
test tests::compile_ks_map_wires_clutch_buttons ... ok
test tests::compile_ks_map_wires_joystick_buttons_mode ... ok
test tests::compile_ks_map_wires_joystick_dpad ... ok
test tests::compile_ks_map_rotary_button_mode_propagates ... ok
test tests::device_input_map_default_is_valid_shape ... ok
test tests::device_input_map_deserializes_minimal_json ... ok
test tests::device_input_map_json_round_trip ... ok
test tests::device_input_map_rejects_unknown_fields ... ok
test tests::device_map_mode_hints_serde_round_trip ... ok
test tests::init_report_frame_serde_round_trip ... ok
test tests::full_device_input_map_serde_round_trip ... ok
test tests::transport_hint_all_variants_serde_round_trip ... ok
test tests::validation_accepts_minimal_non_empty_descriptor ... ok
test tests::validation_rejects_empty_descriptor ... ok
test tests::validation_rejects_missing_product_id ... ok
test tests::validation_rejects_missing_vendor_id ... ok
test tests::validation_rejects_schema_version_zero ... ok
test tests::prop_json_round_trip_with_varied_axis_offsets ... ok

test result: ok. 30 passed; 0 failed; 0 ignored; 0 measured; 0 filtered out; finished in 0.01s

     Running tests\comprehensive.rs (target\debug\deps\comprehensive-53bb8f867fa6844e.exe)

running 23 tests
test compile_propagates_report_id ... ok
test compile_wires_clutch_buttons ... ok
test axis_data_type_all_variants_round_trip ... ok
test compile_rotary_mode_propagates ... ok
test compile_wires_joystick_buttons_mode ... ok
test compile_wires_rotary_slots ... ok
test deserializes_minimal_json ... ok
test compile_returns_none_for_no_ks_content ... ok
test compile_wires_joystick_dpad ... ok
test json_round_trip_minimal ... ok
test default_has_schema_version_one ... ok
proptest: FileFailurePersistence::SourceParallel set, but failed to find lib.rs or main.rs
test compile_wires_independent_clutch ... ok
test compile_wires_combined_clutch ... ok
test rejects_unknown_fields ... ok
test json_round_trip_full ... ok
test signed_types_produce_signed_source ... ok
test transport_hint_all_variants_round_trip ... ok
test validation_accepts_minimal_map ... ok
test validation_rejects_empty_descriptor ... ok
test validation_rejects_missing_product_id ... ok
test validation_rejects_missing_vendor_id ... ok
test validation_rejects_schema_version_zero ... ok
test prop_json_round_trip_varied_offsets ... ok

test result: ok. 23 passed; 0 failed; 0 ignored; 0 measured; 0 filtered out; finished in 0.01s

     Running tests\input_map_deep_tests.rs (target\debug\deps\input_map_deep_tests-36d7c6fa43a3becb.exe)

running 43 tests
test axis_binding_be_types_produce_correct_signedness ... ok
test axis_binding_i8_produces_signed_source ... ok
test axis_binding_u16le_produces_unsigned_source ... ok
test axis_binding_inverted_flag_preserved_in_serde ... ok
test compile_button_map_standalone_usb_device ... ok
test axis_data_type_all_variants_round_trip_serde ... ok
test compile_clutch_combined_axis_offset_preserved ... ok
test axis_binding_i16le_produces_signed_source ... ok
test compile_button_map_universal_hub_device ... ok
test compile_button_map_unknown_transport_still_works ... ok
test compile_button_map_wheelbase_aggregated_device ... ok
test compile_propagates_report_id_from_constraint ... ok
test compile_full_composite_map_with_all_bindings ... ok
test clutch_mode_hint_default_is_unknown ... ok
test compile_rotary_mode_button_propagates ... ok
test axis_binding_with_min_max_range_validates ... ok
test compile_joystick_unknown_mode ... ok
test button_binding_invert_flag_round_trips ... ok
test compile_returns_none_when_no_ks_relevant_bindings ... ok
test compile_rotary_mode_unknown_propagates ... ok
test compile_single_rotary_binds_left_slot ... ok
test compile_eight_rotaries_fills_all_encoder_slots ... ok
test compile_two_rotaries_binds_both_slots ... ok
test default_device_input_map_fields ... ok
test init_sequence_in_frame_preserved ... ok
test init_sequence_multiple_frames_round_trip ... ok
test init_sequence_out_frame_preserved ... ok
test json_deserializes_minimal_required_fields ... ok
test json_rejects_unknown_fields ... ok
test json_round_trip_all_transport_variants ... ok
test json_round_trip_minimal_map ... ok
test json_round_trip_mode_hints ... ok
test report_constraint_default_is_none ... ok
test json_round_trip_with_clutch_and_joystick ... ok
test rotary_binding_serde_round_trip ... ok
test two_independent_device_maps_compile_separately ... ok
test validation_accepts_buttons_only_map ... ok
test validation_accepts_clutch_only_map ... ok
test validation_accepts_rotaries_only_map ... ok
test validation_rejects_no_inputs_defined ... ok
test validation_rejects_schema_version_zero ... ok
test validation_rejects_zero_product_id ... ok
test validation_rejects_zero_vendor_id ... ok

test result: ok. 43 passed; 0 failed; 0 ignored; 0 measured; 0 filtered out; finished in 0.00s

     Running tests\input_maps_deep_tests.rs (target\debug\deps\input_maps_deep_tests-e6610ac9f4130614.exe)

running 67 tests
test axis_all_data_types_compile_to_ks ... ok
test axis_binding_invert_flag_round_trips ... ok
test axis_binding_with_bit_offset ... ok
test axis_binding_signed_range ... ok
test clutch_mode_hint_all_variants_serde ... ok
test compile_clutch_button_wiring ... ok
test button_binding_basic_fields ... ok
test button_binding_invert_flag ... ok
test button_binding_max_byte_offset ... ok
test axis_binding_with_min_max_range ... ok
test compile_all_ks_sections_simultaneously ... ok
test button_binding_all_bit_masks ... ok
test compile_clutch_combined_axis_wiring ... ok
test compile_clutch_independent_axis_wiring ... ok
test compile_clutch_unknown_mode ... ok
test compile_joystick_buttons_no_hat ... ok
test clutch_binding_full_serde_round_trip ... ok
test compile_combined_clutch_and_rotary ... ok
test compile_joystick_dpad_with_hat_source ... ok
test compile_joystick_unknown_mode ... ok
test compile_max_rotary_slots_respected ... ok
test compile_none_report_id_propagates ... ok
test compile_propagates_report_constraint ... ok
test compile_returns_none_without_ks_content ... ok
test compile_rotary_mode_last_wins ... ok
test compile_single_rotary_maps_to_left_axis ... ok
test compile_two_rotaries_map_left_right ... ok
test default_clutch_mode_hint_is_unknown ... ok
test default_map_is_not_valid ... ok
test default_map_transport_is_unknown ... ok
test default_report_constraint_is_empty ... ok
test device_map_mode_hints_all_none ... ok
test device_map_mode_hints_mixed ... ok
test handbrake_binding_does_not_affect_ks_compilation ... ok
test init_sequence_empty_payload ... ok
test init_sequence_in_frame_round_trips ... ok
test full_map_serde_round_trip ... ok
proptest: FileFailurePersistence::SourceParallel set, but failed to find lib.rs or main.rs
test init_sequence_out_frame_round_trips ... ok
proptest: FileFailurePersistence::SourceParallel set, but failed to find lib.rs or main.rs
proptest: FileFailurePersistence::SourceParallel set, but failed to find lib.rs or main.rs
proptest: FileFailurePersistence::SourceParallel set, but failed to find lib.rs or main.rs
test js_binding_serde_round_trip ... ok
test js_mode_hint_all_variants_serde ... ok
test map_without_optional_fields_has_none_defaults ... ok
test overlapping_button_offsets_are_representable ... ok
test multiple_buttons_same_byte_different_masks ... ok
test report_constraint_boundary_values ... ok
test rotary_binding_button_mode ... ok
test rotary_binding_knob_mode ... ok
test rotary_binding_unknown_mode ... ok
test rotary_mode_hint_all_variants_serde ... ok
test serde_defaults_populate_omitted_fields ... ok
test serde_missing_required_axis_field ... ok
test serde_missing_required_button_field ... ok
test serde_rejects_unknown_axis_field ... ok
test serde_rejects_unknown_top_level_field ... ok
test two_maps_same_device_different_axes ... ok
test standalone_usb_transport ... ok
test universal_hub_transport ... ok
test validation_accepts_buttons_only ... ok
test validation_accepts_clutch_only ... ok
test validation_accepts_rotaries_only ... ok
test validation_rejects_both_ids_zero ... ok
test validation_rejects_schema_version_255 ... ok
test validation_requires_at_least_one_input ... ok
test wheelbase_aggregated_transport ... ok
test prop_rotary_binding_serde_round_trip ... ok
test prop_button_binding_serde_round_trip ... ok
test prop_valid_map_always_compiles_when_ks_content ... ok
test prop_axis_binding_serde_round_trip ... ok

test result: ok. 67 passed; 0 failed; 0 ignored; 0 measured; 0 filtered out; finished in 0.02s

     Running tests\input_maps_tests.rs (target\debug\deps\input_maps_tests-162199486b23b8dd.exe)

running 49 tests
test axis_data_type_all_variants_serde_round_trip ... ok
test axis_unsigned_types_produce_unsigned_ks_source ... ok
test all_transport_hints_serde_round_trip ... ok
test axis_signed_types_produce_signed_ks_source ... ok
test button_binding_zero_mask_is_representable ... ok
test button_binding_inverted_flag_preserved_in_serde ... ok
test compile_joystick_unknown_mode ... ok
test axis_with_min_max_range_round_trips ... ok
test compile_ks_map_clutch_left_right_buttons_wired ... ok
test compile_ks_map_some_when_clutch_present ... ok
test compile_clutch_unknown_mode ... ok
test compile_joystick_buttons_mode_no_hat ... ok
test compile_all_ks_sections_simultaneously ... ok
test compile_ks_map_clutch_left_right_axes_wired ... ok
test compile_ks_map_none_when_only_axes_and_buttons ... ok
test compile_ks_map_some_when_joystick_present ... ok
test compile_ks_map_some_when_rotaries_present ... ok
test compile_none_report_id_when_not_set ... ok
test compile_propagates_report_id_and_ignores_len ... ok
test compile_rotary_excess_beyond_encoder_count_truncated ... ok
test compile_rotary_fills_up_to_encoder_count ... ok
test compile_rotary_first_slot_maps_to_left_axis ... ok
test compile_rotary_mode_last_wins ... ok
test compile_rotary_third_slot_not_mapped_to_left_right ... ok
test compile_rotary_two_slots_map_left_and_right ... ok
test default_map_compiles_to_none ... ok
proptest: FileFailurePersistence::SourceParallel set, but failed to find lib.rs or main.rs
test default_map_has_expected_defaults ... ok
test default_map_is_not_valid ... ok
test handbrake_binding_does_not_affect_ks ... ok
proptest: FileFailurePersistence::SourceParallel set, but failed to find lib.rs or main.rs
proptest: FileFailurePersistence::SourceParallel set, but failed to find lib.rs or main.rs
proptest: FileFailurePersistence::SourceParallel set, but failed to find lib.rs or main.rs
test full_map_json_round_trip ... ok
test init_sequence_serde_round_trip ... ok
test maps_with_same_device_ids_compile_independently ... ok
test multiple_buttons_same_byte_different_masks_all_preserved ... ok
test serde_defaults_populate_omitted_optional_fields ... ok
test serde_rejects_unknown_fields ... ok
test two_independent_maps_compile_to_independent_ks_maps ... ok
test validate_accepts_buttons_only_map ... ok
test validate_accepts_clutch_only_map ... ok
test validate_accepts_rotaries_only_map ... ok
test validate_rejects_both_ids_zero ... ok
test validate_rejects_no_inputs ... ok
test validate_rejects_schema_version_255_no_inputs ... ok
test validate_rejects_schema_version_zero ... ok
test validate_rejects_zero_product_id ... ok
test validate_rejects_zero_vendor_id ... ok
test prop_validation_succeeds_with_valid_ids_and_input ... ok
test prop_rotary_count_determines_encoder_fill ... ok
test prop_compile_preserves_rotary_offsets ... ok
test prop_valid_map_serde_round_trips ... ok

test result: ok. 49 passed; 0 failed; 0 ignored; 0 measured; 0 filtered out; finished in 0.01s

     Running unittests src\lib.rs (target\debug\deps\racing_wheel_integration_tests-b977cf0862b01996.exe)

running 0 tests

test result: ok. 0 passed; 0 failed; 0 ignored; 0 measured; 0 filtered out; finished in 0.00s

     Running unittests src\bin\hotplug_stress.rs (target\debug\deps\hotplug_stress-19f6a5bac92b9d11.exe)

running 0 tests

test result: ok. 0 passed; 0 failed; 0 ignored; 0 measured; 0 filtered out; finished in 0.00s

     Running unittests src\bin\performance_gate.rs (target\debug\deps\performance_gate-8250fe80fb1d30f6.exe)

running 0 tests

test result: ok. 0 passed; 0 failed; 0 ignored; 0 measured; 0 filtered out; finished in 0.00s

     Running unittests src\bin\soak_test.rs (target\debug\deps\soak_test-67bd1ea9b99bd353.exe)

running 0 tests

test result: ok. 0 passed; 0 failed; 0 ignored; 0 measured; 0 filtered out; finished in 0.00s

     Running tests\acceptance_tests.rs (target\debug\deps\acceptance_tests-79d4d4a29c1c19b4.exe)

running 12 tests
test scenario_ffb_pipeline_command_exceeding_device_limit_rejected ... ok
test scenario_ffb_pipeline_3nm_command_on_5nm_device_within_limits ... ok
test scenario_game_profile_invalid_settings_rejected ... ok
test scenario_game_profile_mode_negotiation_adapts_to_game ... ok
test scenario_game_profile_switch_acc_to_iracing_applies_correct_settings ... ok
test scenario_safety_interlock_comm_loss_activates_within_50ms ... ok
test scenario_plug_and_play_logitech_g29_detected_with_correct_capabilities ... ok
test scenario_safety_interlock_clamping_in_faulted_state_returns_zero ... ok
test scenario_multi_device_enumeration_identifies_all_vendors ... ok
test scenario_safety_interlock_all_critical_faults_trigger_shutdown ... ok
test scenario_telemetry_reception_acc_packet_parsed_with_valid_ranges ... ok
test scenario_telemetry_reception_truncated_packet_returns_error ... ok

test result: ok. 12 passed; 0 failed; 0 ignored; 0 measured; 0 filtered out; finished in 0.00s

     Running tests\accuforce_e2e.rs (target\debug\deps\accuforce_e2e-46045e1acff95989.exe)

running 20 tests
test scenario_all_models_given_every_variant_when_queried_then_have_valid_properties ... ok
test scenario_constants_given_b_interval_when_checked_then_positive ... ok
test scenario_constants_given_hid_pid_usage_page_when_checked_then_matches_spec ... ok
test scenario_device_classification_given_wrong_vid_when_checked_then_rejected ... ok
test scenario_constants_given_vendor_id_when_checked_then_matches_nxp ... ok
test scenario_device_info_given_same_vid_pid_when_compared_then_equal ... ok
test scenario_device_info_given_unknown_pid_when_constructed_then_model_unknown ... ok
test scenario_display_name_given_unknown_model_when_queried_then_non_empty ... ok
test scenario_constants_given_pro_pid_when_checked_then_matches_known_value ... ok
test scenario_device_info_given_any_pid_when_constructed_then_model_agrees_with_pid_check ... ok
test scenario_device_info_given_pro_vid_pid_when_constructed_then_fields_correct ... ok
test scenario_constants_given_max_report_bytes_when_checked_then_within_usb_limit ... ok
test scenario_device_classification_given_accuforce_vid_pid_when_checked_then_recognised ... ok
test scenario_max_torque_given_pro_model_when_queried_then_returns_7nm ... ok
test scenario_max_torque_given_unknown_model_when_queried_then_positive ... ok
test scenario_model_id_given_unknown_pid_when_resolved_then_returns_unknown ... ok
test scenario_model_id_given_pro_pid_when_resolved_then_returns_pro ... ok
test scenario_pid_check_given_accuforce_pro_pid_when_checked_then_recognised ... ok
test scenario_display_name_given_pro_model_when_queried_then_contains_accuforce ... ok
test scenario_pid_check_given_unknown_pid_when_checked_then_rejected ... ok

test result: ok. 20 passed; 0 failed; 0 ignored; 0 measured; 0 filtered out; finished in 0.00s

     Running tests\asetek_e2e.rs (target\debug\deps\asetek_e2e-c11d772501ee7dba.exe)

running 15 tests
test scenario_default_report_safe_zero_state ... ok
test scenario_forte_torque_at_model_max_encodes_correctly ... ok
test scenario_input_report_round_trip_parse ... ok
test scenario_input_report_rejects_short_buffer ... ok
test scenario_inf_torque_clamps_to_max ... ok
test scenario_report_byte_layout_matches_spec ... ok
test scenario_sequence_number_increments_correctly ... ok
test scenario_zero_torque_produces_zero_output ... ok
test scenario_laprima_torque_at_model_max_encodes_correctly ... ok
test scenario_model_identification_from_vendor_product_ids ... ok
test scenario_positive_and_negative_torque_sign_preserved ... ok
test scenario_saturation_clamps_at_max_torque ... ok
test scenario_invicta_torque_at_model_max_encodes_correctly ... ok
test scenario_nan_torque_treated_as_zero ... ok
test scenario_tony_kanaan_shares_invicta_torque ... ok

test result: ok. 15 passed; 0 failed; 0 ignored; 0 measured; 0 filtered out; finished in 0.00s

     Running tests\bdd_acceptance_tests.rs (target\debug\deps\bdd_acceptance_tests-480bcac4be1be8eb.exe)

running 9 tests
test scenario_all_critical_faults_trigger_motor_stop ... ok
test scenario_communication_timeout_disables_motor ... ok
test scenario_fanatec_clubsport_wheel_plugged_in_protocol_selected ... ok
test scenario_plugin_fault_does_not_stop_motor ... ok
test scenario_moza_plug_in_failure_recovers_on_retry ... ok
test scenario_overcurrent_triggers_motor_stop_within_50ms ... ok
test scenario_moza_r9_wheel_plugged_in_protocol_selected_and_ffb_available ... ok
test scenario_iracing_first_launch_writes_config_and_adapter_starts ... ok
test scenario_iracing_subsequent_launch_preserves_config ... ok

test result: ok. 9 passed; 0 failed; 0 ignored; 0 measured; 0 filtered out; finished in 0.00s

     Running tests\bdd_device_scenarios.rs (target\debug\deps\bdd_device_scenarios-d9155e5158a7a65e.exe)

running 23 tests
test given_any_device_connected_when_usb_disconnects_during_ffb_then_safe_state_entered ... ok
test given_fanatec_csl_dd_connected_when_user_switches_profiles_then_ffb_parameters_update ... ok
test given_ffbeast_connected_when_profile_switch_then_ffb_updates ... ok
test given_ffbeast_connected_when_usb_disconnects_then_safe_state ... ok
test given_ffbeast_wheel_connected_when_game_starts_then_ffb_active ... ok
test given_leo_bodnar_connected_when_usb_disconnects_then_safe_state ... ok
test given_logitech_g29_connected_when_user_presses_all_buttons_then_inputs_correctly_mapped ... ok
test given_heusinkveld_sprint_connected_when_game_starts_then_ffb_active ... ok
test given_leo_bodnar_connected_when_profile_switch_then_ffb_updates ... ok
test given_heusinkveld_connected_when_profile_switch_then_ffb_updates ... ok
test given_pxn_connected_when_usb_disconnects_then_safe_state ... ok
test given_leo_bodnar_wheel_connected_when_user_starts_iracing_then_ffb_active ... ok
test given_heusinkveld_connected_when_usb_disconnects_then_safe_state ... ok
test given_moza_r9_connected_when_user_starts_iracing_then_ffb_active_with_correct_torque_range ... ok
test given_multiple_devices_when_primary_disconnects_then_fallback_takes_over ... ok
test given_openffboard_connected_when_direct_mode_enabled_then_torque_bypasses_filters ... ok
test given_pxn_connected_when_profile_switch_then_ffb_updates ... ok
test given_pxn_v12_connected_when_game_starts_then_ffb_active ... ok
test given_simagic_connected_when_profile_switch_then_ffb_updates ... ok
test given_simagic_connected_when_usb_disconnects_then_safe_state ... ok
test given_simagic_evo_connected_when_game_starts_then_ffb_active ... ok
test given_simucube_2_connected_when_firmware_update_starts_then_ffb_disabled_during_update ... ok
test given_thrustmaster_t300_connected_when_safety_fault_then_torque_drops_to_zero_within_50ms ... ok

test result: ok. 23 passed; 0 failed; 0 ignored; 0 measured; 0 filtered out; finished in 0.00s

     Running tests\bdd_game_scenarios.rs (target\debug\deps\bdd_game_scenarios-c13e8093975b82e5.exe)

running 10 tests
test given_acc_running_when_rain_starts_then_grip_decreases_and_ffb_reduces ... ok
test given_acc_running_when_car_state_changes_then_effects_update_in_real_time ... ok
test given_acc_running_when_pit_stop_then_telemetry_pauses_and_ffb_standby ... ok
test given_acc_running_when_tire_temperature_changes_then_ffb_effects_update ... ok
test given_assetto_corsa_running_when_telemetry_starts_then_normalized_data_flows ... ok
test given_assetto_corsa_running_when_user_changes_car_then_ffb_recalibrates ... ok
test given_no_game_running_when_device_connected_then_device_in_standby_mode ... ok
test given_user_switches_from_forza_to_iracing_then_adapter_switches_and_ffb_continues ... ok
test given_game_sends_nan_telemetry_then_filtered_and_safe_default_used ... ok
test given_iracing_running_when_telemetry_starts_then_normalized_data_flows_to_ffb_pipeline ... ok

test result: ok. 10 passed; 0 failed; 0 ignored; 0 measured; 0 filtered out; finished in 0.00s

     Running tests\bdd_safety_scenarios.rs (target\debug\deps\bdd_safety_scenarios-4f549d8211d03d80.exe)

running 5 tests
test given_concurrent_faults_when_all_fire_then_most_restrictive_wins ... ok
test given_e_stop_pressed_when_high_speed_cornering_then_zero_torque ... ok
test given_max_torque_when_interlock_trips_then_immediate_zero ... ok
test given_software_crash_when_in_rt_loop_then_hardware_watchdog_catches ... ok
test given_normal_operation_when_watchdog_timeout_then_safe_state ... ok

test result: ok. 5 passed; 0 failed; 0 ignored; 0 measured; 0 filtered out; finished in 0.11s

     Running tests\bdd_scenarios.rs (target\debug\deps\bdd_scenarios-413cb0aef1e56b45.exe)

running 10 tests
test given_active_session_when_device_disconnects_then_ffb_stops_safely ... ok
test given_calibration_in_progress_when_user_cancels_then_reverts_to_previous ... ok
test given_active_session_when_safety_fault_then_torque_zeroed_within_50ms ... ok
test given_no_device_connected_when_service_starts_then_enters_waiting_state ... ok
test given_device_connected_when_game_launches_then_telemetry_flows ... ok
test given_multiple_devices_when_one_faults_then_others_unaffected ... ok
test given_firmware_outdated_when_update_available_then_notifies_user ... ok
test given_profile_loaded_when_user_adjusts_gain_then_effect_scales_immediately ... ok
test given_game_running_when_user_switches_profile_then_smooth_transition ... ok
test given_recording_active_when_session_ends_then_file_saved_and_closed ... ok

test result: ok. 10 passed; 0 failed; 0 ignored; 0 measured; 0 filtered out; finished in 0.00s

     Running tests\bdd_user_scenario_tests.rs (target\debug\deps\bdd_user_scenario_tests-7c0751e7611c66e5.exe)

running 14 tests
test test_given_engine_running_when_any_critical_fault_then_torque_zero ... ok
test test_given_forza_running_when_truncated_packet_arrives_then_error_returned ... ok
test test_given_logitech_g29_connected_when_service_starts_then_ffb_is_active ... ok
test test_given_multiple_devices_when_arcade_game_starts_then_telemetry_synth_selected ... ok
test test_given_g29_capabilities_when_negotiated_then_ffb_available_at_expected_rate ... ok
test test_given_wasm_plugin_crashes_when_threshold_exceeded_then_quarantined_and_releasable ... ok
test test_given_motor_running_when_thermal_fault_persists_then_shutdown_within_50ms ... ok
test test_given_forza_race_not_active_when_packet_arrives_then_values_are_zero ... ok
test test_given_multiple_devices_when_game_starts_then_correct_device_auto_selected ... ok
test test_given_safety_interlock_triggered_when_fault_persists_then_torque_is_zero ... ok
test test_given_wasm_plugin_loaded_when_exceeds_resource_limits_then_quarantined ... ok
test test_given_wasm_plugin_when_below_violation_threshold_then_not_quarantined ... ok
test test_given_forza_running_when_packet_arrives_then_speed_and_rpm_available ... ok
test test_given_multiple_devices_when_enumerated_then_capabilities_round_trip_correctly ... ok

test result: ok. 14 passed; 0 failed; 0 ignored; 0 measured; 0 filtered out; finished in 0.00s

     Running tests\button_box_e2e.rs (target\debug\deps\button_box_e2e-ac43d1f751c5d7f4.exe)

running 34 tests
test axis_normalization_given_max_value_when_normalized_then_approximately_one ... ok
test axis_normalization_given_zero_when_normalized_then_zero ... ok
test axis_normalization_given_negative_max_when_normalized_then_approximately_neg_one ... ok
test button_access_given_multiple_buttons_when_counted_then_popcount_correct ... ok
test button_access_given_out_of_range_index_when_set_then_no_effect ... ok
test button_access_given_default_report_when_button_set_then_readable ... ok
test capabilities_given_basic_config_when_queried_then_limited_features ... ok
test capabilities_given_default_when_queried_then_matches_extended ... ok
test axis_reading_given_out_of_range_index_when_queried_then_returns_zero ... ok
test capabilities_given_extended_config_when_queried_then_full_features ... ok
test button_box_type_given_variants_when_compared_then_distinct ... ok
test button_limits_given_all_32_buttons_set_when_counted_then_32 ... ok
test constants_given_protocol_values_then_match_specification ... ok
test axis_reading_given_known_values_when_indexed_then_correct_axis_returned ... ok
test button_access_given_out_of_range_index_when_queried_then_returns_false ... ok
test default_report_given_default_constructor_then_neutral_state ... ok
test button_access_given_set_button_when_cleared_then_no_longer_pressed ... ok
test button_limits_given_max_button_index_when_set_then_accessible ... ok
test button_limits_given_no_buttons_when_counted_then_zero ... ok
test error_handling_given_short_extended_buffer_when_parsed_then_invalid_report_size ... ok
test error_handling_given_empty_buffer_when_parsed_then_error_not_panic ... ok
test error_handling_given_short_gamepad_buffer_when_parsed_then_invalid_report_size ... ok
test extended_report_given_all_buttons_when_parsed_then_full_32_bit_mask ... ok
test extended_report_given_valid_13_bytes_when_parsed_then_all_fields_decoded ... ok
test gamepad_report_given_all_zeros_when_parsed_then_neutral_state ... ok
test gamepad_report_given_valid_8_bytes_when_parsed_then_fields_decoded ... ok
test hat_direction_given_all_valid_codes_when_decoded_then_correct_direction ... ok
test hat_direction_given_invalid_code_when_decoded_then_neutral ... ok
test parsing_given_oversized_extended_buffer_when_parsed_then_succeeds ... ok
test parsing_given_oversized_gamepad_buffer_when_parsed_then_succeeds ... ok
test rotary_encoder_given_button_state_when_set_then_persists ... ok
test rotary_encoder_given_large_jump_when_updated_then_delta_clamped ... ok
test rotary_encoder_given_new_state_when_updated_then_position_and_delta_correct ... ok
test rotary_encoder_given_zero_movement_when_updated_then_delta_zero ... ok

test result: ok. 34 passed; 0 failed; 0 ignored; 0 measured; 0 filtered out; finished in 0.00s

     Running tests\cammus_e2e.rs (target\debug\deps\cammus_e2e-56fc6112d68e4548.exe)

running 17 tests
test given_any_torque_when_encoded_then_report_layout_is_correct ... ok
test given_exactly_12_bytes_when_parsed_then_succeeds ... ok
test given_increasing_torque_when_encoded_then_raw_values_are_monotonic ... ok
test given_full_positive_torque_when_encoded_then_saturates_to_i16_max ... ok
test given_half_scale_torque_when_encoded_then_approximately_half_magnitude ... ok
test given_short_input_bytes_when_parsed_then_returns_too_short_error ... ok
test given_full_negative_torque_when_encoded_then_saturates_to_neg_i16_max ... ok
test given_known_pid_when_classified_then_correct_model_returned ... ok
test given_known_pids_when_named_then_human_readable_strings_returned ... ok
test given_out_of_range_torque_when_encoded_then_clamped_to_boundary ... ok
test given_product_id_constants_then_values_match_specification ... ok
test given_stop_command_when_encoded_then_equals_zero_torque ... ok
test given_valid_input_bytes_when_parsed_then_fields_decoded_correctly ... ok
test given_vid_pid_pairs_when_checked_then_known_devices_recognised ... ok
test given_negative_input_when_encoded_then_raw_is_negative ... ok
test given_positive_input_when_encoded_then_raw_is_positive ... ok
test given_zero_torque_when_encoded_then_magnitude_is_zero ... ok

test result: ok. 17 passed; 0 failed; 0 ignored; 0 measured; 0 filtered out; finished in 0.00s

     Running tests\concurrency_stress_tests.rs (target\debug\deps\concurrency_stress_tests-7bd85c9ee08064bd.exe)

running 23 tests
test stress_atomic_snapshot_and_reset_under_contention ... ok
test stress_concurrent_device_state_reads_writes ... ok
test stress_atomic_counters_under_contention ... ok
test stress_concurrent_filter_chain_processing ... ok
test stress_fault_type_concurrent_property_checks ... ok
test stress_concurrent_profile_switching ... ok
test stress_crossbeam_mpmc_contention ... ok
test stress_crossbeam_channel_producer_consumer ... ok
test stress_concurrent_safety_checks ... ok
test stress_concurrent_pipeline_swap_during_processing ... ok
test stress_device_inputs_copy_semantics ... ok
test stress_concurrent_telemetry_processing ... ok
test stress_concurrent_ipc_message_encode_decode ... ok
test stress_combined_telemetry_profile_safety ... ok
test stress_ipc_header_flags_under_contention ... ok
test stress_normalized_telemetry_concurrent_access ... ok
test stress_thread_pool_saturation_recovery ... ok
test stress_condvar_notify_one_fairness ... ok
test stress_spurious_wakeup_handling ... ok
test stress_concurrent_watchdog_feeds ... ok
test stress_watchdog_quarantine_under_contention ... ok
test stress_memory_ordering_acquire_release ... ok
test stress_seqcst_total_ordering ... ok

test result: ok. 23 passed; 0 failed; 0 ignored; 0 measured; 0 filtered out; finished in 0.34s

     Running tests\cross_crate_hardening_tests.rs (target\debug\deps\cross_crate_hardening_tests-9e769de23e3ab6b5.exe)

running 27 tests
test capability_checker_enforces_cross_crate_boundaries ... ok
test fast_plugin_manifest_validates_with_dsp_capability ... ok
test full_pipeline_lfs_raw_bytes_to_safety_clamped_output ... ok
test default_system_config_validates_successfully ... ok
test full_pipeline_forza_raw_bytes_to_safety_clamped_output ... ok
test plugin_manifest_rejects_excessive_constraints ... ok
test plugin_version_compatibility_across_registry ... ok
test capability_negotiation_selects_correct_ffb_mode ... ok
test plugin_metadata_validation_rejects_empty_fields ... ok
test mock_adapter_output_integrates_with_filter_and_engine_pipeline ... ok
test safe_plugin_manifest_validates_with_correct_capabilities ... ok
test quarantine_manager_quarantines_after_repeated_crashes ... ok
test quarantine_release_allows_plugin_to_run_again ... ok
test safe_plugin_rejects_dsp_capability ... ok
test multi_vendor_virtual_devices_enumerate_correctly ... ok
test system_config_default_game_entries_match_adapter_registry ... ok
test system_config_migration_from_v0_updates_schema_version ... ok
test system_config_rejects_excessive_jitter ... ok
test system_config_rejects_invalid_safety_torque ... ok
test system_config_rejects_invalid_tracing_sample_rate ... ok
test system_config_rejects_zero_tick_rate ... ok
test system_config_safety_limits_align_with_engine_safety_service ... ok
test system_config_serialization_round_trip ... ok
test game_support_matrix_entries_have_valid_telemetry_config ... ok
test game_support_matrix_loads_and_contains_required_games ... ok
test game_support_matrix_stable_games_have_adapter ... ok
test adapter_registry_aligns_with_game_support_matrix ... ok

test result: ok. 27 passed; 0 failed; 0 ignored; 0 measured; 0 filtered out; finished in 0.02s

     Running tests\cross_crate_pipeline_tests.rs (target\debug\deps\cross_crate_pipeline_tests-9501d17913378e36.exe)

running 8 tests
test calibration_normalizes_steering_for_filter_chain ... ok
test adapter_telemetry_normalizes_to_valid_ffb_frames ... ok
test safety_fault_zeroes_clamped_pipeline_output ... ok
test soft_stop_ramps_torque_to_zero_through_filter_chain ... ok
test telemetry_normalization_feeds_filter_pipeline ... ok
test watchdog_overrun_cascades_to_safety_fault ... ok
test all_fault_types_zero_torque_through_engine_pipeline ... ok
test blackbox_records_engine_pipeline_frames ... ok

test result: ok. 8 passed; 0 failed; 0 ignored; 0 measured; 0 filtered out; finished in 0.00s

     Running tests\cross_crate_tests.rs (target\debug\deps\cross_crate_tests-34b520595552a84a.exe)

running 25 tests
test calibration_center_position_matches_schema_expectation ... ok
test device_capabilities_schema_used_by_engine ... ok
test device_error_converts_to_openracing_error ... ok
test all_rt_error_variants_have_display ... ok
test calibration_flows_from_schemas_through_engine_to_filters ... ok
test device_inputs_flow_from_hid_to_engine ... ok
test filter_config_from_schemas_applies_to_filter_chain ... ok
test normalized_telemetry_fields_are_bounded_across_adapters ... ok
test plugin_abi_versions_are_consistent ... ok
test plugin_header_roundtrip_matches_between_loader_and_plugin ... ok
test ipc_message_header_roundtrips_for_all_message_types ... ok
test ipc_safety_message_represents_engine_state ... ok
test ipc_message_flags_are_distinct ... ok
test filter_config_serializes_across_crate_boundaries ... ok
test profile_schema_version_is_consistent ... ok
test profile_roundtrip_save_load_apply ... ok
test rt_error_converts_to_openracing_error ... ok
test safety_faults_cascade_to_pipeline_output ... ok
test safety_state_transitions_are_observable ... ok
test schema_device_id_usable_across_engine_and_service ... ok
test safety_state_observable_through_system_config ... ok
test schema_normalized_telemetry_flows_to_engine_frame ... ok
test wasm_export_validation_enforces_abi_contract ... ok
test all_adapters_produce_consistent_normalized_output ... ok
test schema_telemetry_snapshot_serializes_with_engine_data ... ok

test result: ok. 25 passed; 0 failed; 0 ignored; 0 measured; 0 filtered out; finished in 0.00s

     Running tests\cross_platform_deep_tests.rs (target\debug\deps\cross_platform_deep_tests-d5c5417e9b58045e.exe)

running 34 tests
test device_path_is_non_empty_string ... ok
test empty_path_join_preserves_base ... ok
test path_join_produces_native_separators ... ok
test ipc_acl_flag_defaults_to_disabled ... ok
test ipc_config_connection_timeout_is_positive ... ok
test path_max_length_sanity ... ok
test log_file_naming_includes_rotation_index ... ok
test ipc_config_max_connections_is_bounded ... ok
test ipc_config_serde_preserves_all_fields ... ok
test named_pipe_path_follows_unc_convention ... ok
test path_components_are_consistent_across_join ... ok
test feature_flags_default_all_disabled ... ok
test service_config_defaults_have_valid_name ... ok
test system_config_default_has_valid_schema ... ok
test system_config_engine_defaults_are_sane ... ok
test system_config_observability_defaults ... ok
test system_config_plugin_defaults ... ok
test system_config_safety_defaults_are_conservative ... ok
test system_config_validate_accepts_defaults ... ok
test system_config_round_trip_preserves_fields ... ok
test transport_type_default_is_platform_specific ... ok
test transport_type_serde_round_trip ... ok
test windows_config_path_under_appdata ... ok
test windows_hid_path_uses_unc_prefix ... ok
test windows_localappdata_is_set ... ok
test windows_sc_exe_is_accessible ... ok
test concurrent_read_does_not_block ... ok
test exclusive_file_write_via_tempfile_is_atomic ... ok
test canonicalize_normalizes_dot_segments ... ok
test temp_dir_is_writable_on_all_platforms ... ok
test system_config_save_to_temp_and_reload ... ok
test windows_temp_dir_is_writable ... ok
test log_rotation_preserves_old_files ... ok
test log_directory_creation_is_recursive ... ok

test result: ok. 34 passed; 0 failed; 0 ignored; 0 measured; 0 filtered out; finished in 0.00s

     Running tests\cross_platform_shim_tests.rs (target\debug\deps\cross_platform_shim_tests-fbeae8a42e58ec58.exe)

running 42 tests
test cfg_windows_and_cfg_unix_are_exclusive ... ok
test feature_flags_default_is_safe ... ok
test config_path_contains_wheel_directory ... ok
test engine_re_exports_scheduler_types ... ok
test hid_path_on_windows_uses_unc_prefix ... ok
test native_path_separator_is_correct ... ok
test path_join_preserves_components ... ok
test hid_device_info_fields_compile_everywhere ... ok
test platform_family_detection ... ok
test pll_drift_correction_consistent_cross_platform ... ok
test localappdata_is_set_and_absolute ... ok
test scheduler_jitter_metrics_deterministic_cross_platform ... ok
test scheduler_minimal_setup_through_engine ... ok
test atomic_config_write_via_rename ... ok
test schemas_device_types_accessible ... ok
test service_config_default_auto_restart_enabled ... ok
test service_config_default_name_is_wheeld ... ok
test service_config_health_check_interval_is_positive ... ok
test service_config_restart_delay_is_positive ... ok
test service_ipc_transport_default_is_platform_specific ... ok
test service_named_pipe_path_is_unc ... ok
test service_config_serde_round_trip ... ok
test service_re_exports_config_types ... ok
test path_with_parent_dot_segments_can_be_canonicalized ... ok
test shutdown_broadcast_channel_works_cross_platform ... ok
test system_config_default_path_ends_with_json ... ok
test concurrent_reads_on_config_file ... ok
test system_config_default_path_is_absolute ... ok
test system_config_path_uses_localappdata ... ok
test system_config_service_defaults_are_valid ... ok
test system_config_validate_accepts_defaults ... ok
test target_os_detection ... ok
test system_config_serde_round_trip_preserves_all_sections ... ok
test temp_dir_exists_on_all_platforms ... ok
test tokio_ctrl_c_handler_compiles ... ok
test system_config_round_trip_in_temp_dir ... ok
test unicode_in_config_values_round_trips ... ok
test tcp_loopback_bind_works_cross_platform ... ok
test unicode_directory_names_work_cross_platform ... ok
test tcp_ephemeral_ports_are_unique ... ok
test system_config_creates_parent_directories ... ok
test hid_create_port_returns_result_not_panic ... ok

test result: ok. 42 passed; 0 failed; 0 ignored; 0 measured; 0 filtered out; finished in 0.10s

     Running tests\cross_platform_tests.rs (target\debug\deps\cross_platform_tests-1e20ff167897b03b.exe)

running 39 tests
test absolute_scheduler_1khz_defaults ... ok
test adaptive_scheduling_config_defaults_are_sane ... ok
test hid_device_info_converts_to_device_info ... ok
test configured_games_store_default_is_empty ... ok
test ipc_config_acl_can_be_enabled ... ok
test configured_games_state_file_name_is_json ... ok
test configured_games_store_round_trip ... ok
test hid_device_info_fallback_name ... ok
test hid_device_info_interface_and_usage ... ok
test ipc_config_default_acl_disabled ... ok
test ipc_config_default_connection_timeout ... ok
test ipc_config_default_has_loopback_bind_address ... ok
test ipc_config_default_max_connections ... ok
test ipc_config_is_serializable ... ok
test ipc_config_with_custom_transport ... ok
test jitter_metrics_missed_tick_rate ... ok
test jitter_metrics_initial_state ... ok
test named_pipe_path_can_be_customized ... ok
test jitter_metrics_records_ticks ... ok
test openracing_state_dir_uses_dot_prefix ... ok
test path_separator_matches_platform ... ok
test pll_initial_phase_error_is_zero ... ok
test pll_reset_clears_state ... ok
test pll_target_period_can_be_changed ... ok
test rt_setup_can_be_applied_to_scheduler ... ok
test rt_setup_default_enables_all_features ... ok
test config_persistence_to_temp_dir ... ok
test rt_setup_fields_are_independently_configurable ... ok
test scheduler_and_pll_integration ... ok
test service_daemon_config_defaults_are_valid ... ok
test service_name_is_wheeld ... ok
test transport_default_is_named_pipe ... ok
test transport_type_debug_output_is_descriptive ... ok
test transport_type_serialization_round_trip ... ok
test windows_config_paths_use_appdata ... ok
test windows_hid_device_path_format ... ok
test windows_peer_identity_is_process_id ... ok
test windows_service_executable_exists ... ok
test windows_unc_pipe_path_is_valid ... ok

test result: ok. 39 passed; 0 failed; 0 ignored; 0 measured; 0 filtered out; finished in 0.00s

     Running tests\cube_controls_e2e.rs (target\debug\deps\cube_controls_e2e-2036d41cbae32487.exe)

running 18 tests
test scenario_display_given_csx3_when_display_name_then_returns_expected_string ... ok
test scenario_display_given_formula_pro_when_display_name_then_returns_expected_string ... ok
test scenario_display_given_gt_pro_when_display_name_then_returns_expected_string ... ok
test scenario_model_given_gt_pro_pid_when_from_product_id_then_returns_gt_pro ... ok
test scenario_model_given_csx3_pid_when_from_product_id_then_returns_csx3 ... ok
test scenario_model_given_formula_pro_pid_when_from_product_id_then_returns_formula_pro ... ok
test scenario_unknown_given_unknown_model_when_display_and_torque_then_returns_safe_defaults ... ok
test scenario_unknown_given_zero_pid_when_from_product_id_then_returns_unknown ... ok
test scenario_provisional_given_all_known_models_when_is_provisional_then_returns_true ... ok
test scenario_recognition_given_known_pids_when_is_cube_controls_product_then_returns_true ... ok
test scenario_vendor_id_given_constant_when_checked_then_matches_stm_shared_vid ... ok
test scenario_recognition_given_unknown_pid_when_is_cube_controls_product_then_returns_false ... ok
test scenario_torque_given_all_models_when_max_torque_then_returns_zero ... ok
test scenario_unknown_given_adjacent_pid_when_from_product_id_then_returns_unknown ... ok
test scenario_unknown_given_unrecognised_pid_when_from_product_id_then_returns_unknown ... ok
test scenario_provisional_given_unknown_model_when_is_provisional_then_returns_true ... ok
test scenario_display_given_unknown_when_display_name_then_returns_non_empty_fallback ... ok
test scenario_vendor_id_given_pid_constants_when_checked_then_are_in_expected_range ... ok

test result: ok. 18 passed; 0 failed; 0 ignored; 0 measured; 0 filtered out; finished in 0.00s

     Running tests\device_detection_tests.rs (target\debug\deps\device_detection_tests-604b5a4a9317482b.exe)

running 12 tests
test all_registered_devices_have_valid_metadata ... ok
test every_known_vendor_has_at_least_one_device ... ok
test hid_pid_fallback_handles_unknown_vid_with_capability ... ok
test extreme_vid_pid_values_do_not_panic ... ok
test every_known_vid_pid_dispatches_to_a_handler ... ok
test hid_pid_fallback_prefers_vendor_handler_over_generic ... ok
test shared_pid_codes_vid_disambiguates_openffboard_button_box ... ok
test shared_mcs_vid_disambiguates_simucube_simagic ... ok
test unknown_vid_returns_none_not_panic ... ok
test shared_stm_vid_disambiguates_vrs_cube_simagic ... ok
test unknown_pid_on_known_guarded_vid_returns_none_not_panic ... ok
test no_duplicate_vid_pid_registrations ... ok

test result: ok. 12 passed; 0 failed; 0 ignored; 0 measured; 0 filtered out; finished in 0.00s

     Running tests\device_dispatch_integration_tests.rs (target\debug\deps\device_dispatch_integration_tests-fb3bd868f3af55e8.exe)

running 38 tests
test dispatch_routes_accuforce_pro ... ok
test all_vendor_vids_dispatch_for_representative_pids ... ok
test dispatch_routes_asetek_invicta ... ok
test dispatch_does_not_route_openffboard_alt ... ok
test dispatch_routes_ffbeast_wheel ... ok
test dispatch_routes_heusinkveld_ultimate ... ok
test dispatch_routes_fabricated_cube_controls_pid_to_simagic_fallback ... ok
test dispatch_routes_fanatec_csl_dd ... ok
test dispatch_routes_fanatec_dd1 ... ok
test dispatch_routes_fanatec_dd2 ... ok
test dispatch_routes_asetek_forte ... ok
test dispatch_routes_heusinkveld_sprint ... ok
test dispatch_returns_none_for_unknown_vid ... ok
test dispatch_routes_leo_bodnar_wheel_interface ... ok
test dispatch_routes_logitech_g920 ... ok
test dispatch_routes_logitech_g_pro ... ok
test dispatch_routes_moza_r9 ... ok
test dispatch_routes_logitech_g29 ... ok
test dispatch_routes_openffboard_main ... ok
test dispatch_routes_pxn_gt987 ... ok
test dispatch_routes_pxn_v10 ... ok
test dispatch_routes_pxn_v12 ... ok
test dispatch_routes_pxn_v12_lite ... ok
test dispatch_routes_simagic_evo_vid ... ok
test dispatch_routes_simagic_legacy_stm_vid ... ok
test dispatch_routes_simucube_2_pro ... ok
test dispatch_routes_simucube_2_sport ... ok
test dispatch_routes_simucube_2_ultimate ... ok
test dispatch_routes_thrustmaster_t300 ... ok
test dispatch_routes_thrustmaster_t818 ... ok
test dispatch_routes_thrustmaster_ts_pc ... ok
test dispatch_routes_vrs_dfp_on_shared_stm_vid ... ok
test dispatch_skips_non_accuforce_pid ... ok
test dispatch_skips_non_ffbeast_pid ... ok
test dispatch_skips_non_heusinkveld_microchip_pid ... ok
test dispatch_skips_non_pxn_pid ... ok
test pid_codes_vid_dispatches_openffboard_before_button_box ... ok
test stm_vid_dispatches_vrs_before_simagic_fallback ... ok

test result: ok. 38 passed; 0 failed; 0 ignored; 0 measured; 0 filtered out; finished in 0.00s

     Running tests\device_lifecycle_e2e.rs (target\debug\deps\device_lifecycle_e2e-7f537777e4f52ab3.exe)

running 12 tests
test hotunplug_device_disappears_during_active_use ... ok
test lifecycle_capability_report_round_trip ... ok
test hotunplug_triggers_safety_fault ... ok
test recovery_reconnect_restores_full_functionality ... ok
test lifecycle_repeated_pipeline_cycles ... ok
test lifecycle_discover_connect_configure_run_disconnect ... ok
test hotunplug_one_device_other_unaffected ... ok
test hotplug_second_device_does_not_disrupt_first ... ok
test recovery_repeated_disconnect_reconnect_cycles ... ok
test hotplug_device_appears_mid_session ... ok
test recovery_safety_clears_after_hold_period ... ok
test recovery_pipeline_and_safety_across_reconnect ... ok

test result: ok. 12 passed; 0 failed; 0 ignored; 0 measured; 0 filtered out; finished in 0.12s

     Running tests\device_lifecycle_tests.rs (target\debug\deps\device_lifecycle_tests-c2e7e9d23e3c78b0.exe)

running 30 tests
test device_lifecycle::scenario_ffb_mode_negotiation_per_vendor_family ... ok
test error_recovery::scenario_all_fault_types_trigger_zero_torque ... ok
test device_lifecycle::scenario_pipeline_processes_frames_per_vendor ... ok
test error_recovery::scenario_disconnect_mid_ffb_triggers_safety_interlock ... ok
test device_lifecycle::scenario_reconnect_restores_device_functionality ... ok
test device_lifecycle::scenario_telemetry_valid_throughout_lifecycle ... ok
test error_recovery::scenario_fault_clear_requires_minimum_duration ... ok
test device_lifecycle::scenario_full_lifecycle_all_vendor_families ... ok
test error_recovery::scenario_nan_torque_safe_after_recovery ... ok
test error_recovery::scenario_rapid_disconnect_reconnect_cycles ... ok
test error_recovery::scenario_reconnect_after_disconnect_restores_device ... ok
test error_recovery::scenario_safety_interlock_timing_budget ... ok
test error_recovery::scenario_fault_during_concurrent_operation ... ok
test multi_device::scenario_disconnect_one_device_other_unaffected ... ok
test multi_device::scenario_ffb_isolation_between_devices ... ok
test multi_device::scenario_independent_telemetry_per_device ... ok
test multi_device::scenario_three_devices_simultaneously ... ok
test multi_device::scenario_concurrent_ffb_writes_safe ... ok
test multi_device::scenario_two_devices_enumerated_simultaneously ... ok
test config_persistence::scenario_empty_profiles_dir_no_crash ... ok
test game_switching::scenario_stop_unstarted_game_is_noop ... ok
test game_switching::scenario_double_stop_triggers_single_adapter_stop ... ok
test config_persistence::scenario_corrupt_profile_file_handled_gracefully ... ok
test game_switching::scenario_rapid_game_switching_preserves_order ... ok
test game_switching::scenario_profile_reverts_to_global_on_game_stop ... ok
test game_switching::scenario_switch_iracing_to_acc ... ok
test config_persistence::scenario_profile_round_trip_across_instances ... ok
test config_persistence::scenario_game_profile_mapping_persists ... ok
test config_persistence::scenario_profile_survives_service_restart ... ok
test config_persistence::scenario_multiple_profiles_persist ... ok

test result: ok. 30 passed; 0 failed; 0 ignored; 0 measured; 0 filtered out; finished in 0.03s

     Running tests\device_protocol_integration_tests.rs (target\debug\deps\device_protocol_integration_tests-b4630285afd90a4a.exe)

running 22 tests
test complete_device_flow::device_capabilities_valid_after_discovery ... ok
test failover_recovery::fault_injection_sets_flags ... ok
test failover_recovery::safety_clamp_respects_max_torque ... ok
test failover_recovery::multiple_fault_types_accumulate ... ok
test failover_recovery::safety_service_faults_on_usb_stall ... ok
test failover_recovery::reconnect_restores_functionality ... ok
test complete_device_flow::discover_identify_configure_use_all_vendors ... ok
test complete_device_flow::telemetry_valid_through_lifecycle_stages ... ok
test failover_recovery::multiple_reconnect_cycles_stable ... ok
test multi_device::pipeline_independent_per_device ... ok
test complete_device_flow::port_enumeration_discovers_all_devices ... ok
test multi_device::ffb_writes_isolated_between_devices ... ok
test multi_device::two_devices_independent_state ... ok
test multi_device::disconnect_one_preserves_other ... ok
test protocol_negotiation::dd_devices_negotiate_raw_torque ... ok
test protocol_negotiation::game_compatibility_influences_mode ... ok
test protocol_negotiation::mode_selection_validates_raw_torque_compatibility ... ok
test protocol_negotiation::mode_selection_correct_per_vendor ... ok
test protocol_negotiation::pid_only_devices_negotiate_pid_passthrough ... ok
test protocol_negotiation::pipeline_processes_all_mode_types ... ok
test multi_device::concurrent_ffb_writes_safe ... ok
test protocol_negotiation::safety_clamp_respects_negotiated_device_limits ... ok

test result: ok. 22 passed; 0 failed; 0 ignored; 0 measured; 0 filtered out; finished in 0.00s

     Running tests\doc_build_verification_tests.rs (target\debug\deps\doc_build_verification_tests-137bae24badb31e8.exe)

running 14 tests
test doc_cli_source_defines_documented_commands ... ok
test doc_cli_subcommand_coverage_in_readme ... ok
test doc_crate_level_docs_present_in_key_crates ... ok
test doc_essential_files_exist ... ok
test doc_adr_index_lists_all_adr_files ... ok
test doc_docs_readme_references_all_adrs ... ok
test doc_adr_numbering_is_sequential ... ok
test doc_readme_links_point_to_existing_files ... ok
test doc_adr_files_match_template_format ... ok
test doc_readme_cli_commands_are_valid ... ok
test doc_all_workspace_crates_have_lib_docs ... ok
test doc_crate_level_uses_inner_doc_comments ... ok
test doc_attribute_style_consistency ... ok

thread 'doc_cross_references_point_to_existing_files' (989612) panicked at crates\integration-tests\tests\doc_build_verification_tests.rs:315:5:
Broken cross-references in docs/:
  docs\hardware_prep_report.md  ΓåÆ  file:///h:/Code/Rust/OpenRacing/crates/engine/src/hid/quirks.rs
  docs\hardware_prep_report.md  ΓåÆ  file:///h:/Code/Rust/OpenRacing/crates/hid-moza-protocol/src/direct.rs
  docs\hardware_prep_report.md  ΓåÆ  file:///h:/Code/Rust/OpenRacing/crates/hid-moza-protocol/src/ids.rs
  docs\hardware_prep_report.md  ΓåÆ  file:///h:/Code/Rust/OpenRacing/crates/hid-moza-protocol/src/types.rs
  docs\hardware_prep_report.md  ΓåÆ  file:///h:/Code/Rust/OpenRacing/crates/hid-moza-protocol/src/direct.rs
  docs\hardware_prep_report.md  ΓåÆ  file:///h:/Code/Rust/OpenRacing/crates/engine/src/hid/quirks.rs
  docs\hardware_prep_report.md  ΓåÆ  file:///h:/Code/Rust/OpenRacing/crates/engine/src/hid/vendor/moza.rs
  docs\hardware_prep_report.md  ΓåÆ  file:///h:/Code/Rust/OpenRacing/crates/engine/src/safety/hardware_watchdog.rs
  docs\hardware_prep_report.md  ΓåÆ  file:///h:/Code/Rust/OpenRacing/crates/moza-wheelbase-report/src/lib.rs
  docs\hardware_prep_report.md  ΓåÆ  file:///h:/Code/Rust/OpenRacing/crates/srp/src/lib.rs
  docs\hardware_prep_report.md  ΓåÆ  file:///h:/Code/Rust/OpenRacing/crates/hbp/src/lib.rs
  docs\safety_verification_report.md  ΓåÆ  file:///h:/Code/Rust/OpenRacing/crates/engine/src/safety.rs
  docs\safety_verification_report.md  ΓåÆ  file:///h:/Code/Rust/OpenRacing/crates/engine/src/safety.rs
  docs\safety_verification_report.md  ΓåÆ  file:///h:/Code/Rust/OpenRacing/crates/engine/src/safety/hardware_watchdog.rs
  docs\safety_verification_report.md  ΓåÆ  file:///h:/Code/Rust/OpenRacing/crates/engine/src/safety/hardware_watchdog.rs
  docs\safety_verification_report.md  ΓåÆ  file:///h:/Code/Rust/OpenRacing/crates/engine/src/safety/hardware_watchdog.rs
  docs\safety_verification_report.md  ΓåÆ  file:///h:/Code/Rust/OpenRacing/crates/engine/src/safety/hardware_watchdog.rs
  docs\safety_verification_report.md  ΓåÆ  file:///h:/Code/Rust/OpenRacing/crates/hid-moza-protocol/src/direct.rs
  docs\safety_verification_report.md  ΓåÆ  file:///h:/Code/Rust/OpenRacing/crates/hid-moza-protocol/src/direct.rs
  docs\safety_verification_report.md  ΓåÆ  file:///h:/Code/Rust/OpenRacing/crates/hid-moza-protocol/src/direct.rs
  docs\safety_verification_report.md  ΓåÆ  file:///h:/Code/Rust/OpenRacing/crates/hid-moza-protocol/src/direct.rs
  docs\safety_verification_report.md  ΓåÆ  file:///h:/Code/Rust/OpenRacing/crates/engine/src| S-11 | Fault-to-zero < 10ms | Γ£à | [watchdog_safety_deep_tests.rs:334-350](file:///h:/Code/Rust/OpenRacing/crates/engine/src/safety/watchdog_safety_deep_tests.rs
  docs\safety_verification_report.md  ΓåÆ  file:///h:/Code/Rust/OpenRacing/crates/engine/src/safety/watchdog_safety_deep_tests.rs
  docs\safety_verification_report.md  ΓåÆ  file:///h:/Code/Rust/OpenRacing/crates/plugins/src/wasm.rs
  docs\safety_verification_report.md  ΓåÆ  file:///h:/Code/Rust/OpenRacing/crates/plugins/src/wasm.rs
  docs\safety_verification_report.md  ΓåÆ  file:///h:/Code/Rust/OpenRacing/crates/plugins/src/pe_sig.rs
  docs\safety_verification_report.md  ΓåÆ  file:///h:/Code/Rust/OpenRacing/crates/plugins/src/pe_sig.rs
  docs\safety_verification_report.md  ΓåÆ  file:///h:/Code/Rust/OpenRacing/crates/plugins/src/quarantine.rs
  docs\safety_verification_report.md  ΓåÆ  file:///h:/Code/Rust/OpenRacing/crates/service/src/safety_service.rs
  docs\safety_verification_report.md  ΓåÆ  file:///h:/Code/Rust/OpenRacing/crates/hid-moza-protocol/src/protocol.rs
  docs\safety_verification_report.md  ΓåÆ  file:///h:/Code/Rust/OpenRacing/crates/hid-moza-protocol/src/protocol.rs
  docs\safety_verification_report.md  ΓåÆ  file:///h:/Code/Rust/OpenRacing/crates/engine/src/safety.rs
  docs\safety_verification_report.md  ΓåÆ  file:///h:/Code/Rust/OpenRacing/crates/engine/src/safety.rs
  docs\safety_verification_report.md  ΓåÆ  file:///h:/Code/Rust/OpenRacing/crates/engine/src/safety.rs
  docs\safety_verification_report.md  ΓåÆ  file:///h:/Code/Rust/OpenRacing/crates/plugins/src/wasm.rs
  docs\safety_verification_report.md  ΓåÆ  file:///h:/Code/Rust/OpenRacing/crates/plugins/src/wasm.rs
  docs\safety_verification_report.md  ΓåÆ  file:///h:/Code/Rust/OpenRacing/crates/plugins/src/wasm.rs
  docs\safety_verification_report.md  ΓåÆ  file:///h:/Code/Rust/OpenRacing/crates/plugins/src/pe_sig.rs
  docs\safety_verification_report.md  ΓåÆ  file:///h:/Code/Rust/OpenRacing/crates/plugins/src/pe_sig.rs
  docs\safety_verification_report.md  ΓåÆ  file:///h:/Code/Rust/OpenRacing/crates/plugins/src/quarantine.rs
  docs\safety_verification_report.md  ΓåÆ  file:///h:/Code/Rust/OpenRacing/crates/plugins/src/wasm.rs
  docs\safety_verification_report.md  ΓåÆ  file:///h:/Code/Rust/OpenRacing/crates/service/src/device_service.rs
  docs\safety_verification_report.md  ΓåÆ  file:///h:/Code/Rust/OpenRacing/crates/service/src/safety_service.rs
  docs\safety_verification_report.md  ΓåÆ  file:///h:/Code/Rust/OpenRacing/crates/engine/src/scheduler.rs
  docs\safety_verification_report.md  ΓåÆ  file:///h:/Code/Rust/OpenRacing/crates/engine/src/safety.rs
  docs\safety_verification_report.md  ΓåÆ  file:///h:/Code/Rust/OpenRacing/crates/engine/src/safety/hardware_watchdog.rs
  docs\safety_verification_report.md  ΓåÆ  file:///h:/Code/Rust/OpenRacing/crates/plugins/src/wasm.rs
  docs\safety_verification_report.md  ΓåÆ  file:///h:/Code/Rust/OpenRacing/crates/plugins/src/pe_sig.rs
  docs\safety_verification_report.md  ΓåÆ  file:///h:/Code/Rust/OpenRacing/crates/plugins/src/quarantine.rs
  docs\safety_verification_report.md  ΓåÆ  file:///h:/Code/Rust/OpenRacing/crates/service/src/device_service.rs
  docs\safety_verification_report.md  ΓåÆ  file:///h:/Code/Rust/OpenRacing/crates/openracing-fmea/src/fmea.rs
  docs\safety_verification_report.md  ΓåÆ  file:///h:/Code/Rust/OpenRacing/crates/engine/src/scheduler.rs
  docs\safety_verification_report.md  ΓåÆ  file:///h:/Code/Rust/OpenRacing/crates/hid-moza-protocol/src/protocol.rs
  docs\safety_verification_report.md  ΓåÆ  file:///h:/Code/Rust/OpenRacing/crates/hid-moza-protocol/src/writer.rs
  docs\safety_verification_report.md  ΓåÆ  file:///h:/Code/Rust/OpenRacing/crates/engine/src/hid/quirks.rs
note: run with `RUST_BACKTRACE=1` environment variable to display a backtrace
test doc_cross_references_point_to_existing_files ... FAILED

failures:

failures:
    doc_cross_references_point_to_existing_files

test result: FAILED. 13 passed; 1 failed; 0 ignored; 0 measured; 0 filtered out; finished in 0.08s

error: test failed, to rerun pass `-p racing-wheel-integration-tests --test doc_build_verification_tests`
