   Compiling unicode-ident v1.0.24
   Compiling cfg-if v1.0.4
   Compiling windows-link v0.2.1
   Compiling memchr v2.8.0
   Compiling log v0.4.29
   Compiling allocator-api2 v0.2.21
   Compiling equivalent v1.0.2
   Compiling foldhash v0.2.0
   Compiling itoa v1.0.17
   Compiling serde_core v1.0.228
   Compiling anyhow v1.0.102
   Compiling once_cell v1.21.3
   Compiling bytes v1.11.1
   Compiling zmij v1.0.21
   Compiling scopeguard v1.2.0
   Compiling heck v0.5.0
   Compiling proc-macro2 v1.0.106
   Compiling getrandom v0.3.4
   Compiling windows-sys v0.61.2
   Compiling getrandom v0.2.17
   Compiling lock_api v0.4.14
   Compiling jobserver v0.1.34
   Compiling stable_deref_trait v1.2.1
   Compiling fnv v1.0.7
   Compiling rand_core v0.10.0
   Compiling hashbrown v0.16.1
   Compiling rand_core v0.6.4
   Compiling regex-syntax v0.8.10
   Compiling aho-corasick v1.1.4
   Compiling siphasher v0.3.11
   Compiling percent-encoding v2.3.2
   Compiling siphasher v1.0.2
   Compiling quote v1.0.44
   Compiling cc v1.2.56
   Compiling getrandom v0.4.1
   Compiling http v1.4.0
   Compiling phf_shared v0.11.3
   Compiling windows_x86_64_msvc v0.52.6
   Compiling litemap v0.8.1
   Compiling writeable v0.6.2
   Compiling getrandom v0.1.16
   Compiling form_urlencoded v1.2.2
   Compiling syn v2.0.117
   Compiling windows-targets v0.52.6
   Compiling winnow v0.7.14
   Compiling rand_core v0.5.1
   Compiling syn v1.0.109
   Compiling icu_properties_data v2.1.2
   Compiling icu_normalizer_data v2.1.1
   Compiling typenum v1.19.0
   Compiling toml_writer v1.0.6+spec-1.1.0
   Compiling windows-sys v0.59.0
   Compiling phf_shared v0.10.0
   Compiling strsim v0.11.1
   Compiling indexmap v2.13.0
   Compiling semver v1.0.27
   Compiling bitflags v2.11.0
   Compiling serde_json v1.0.149
   Compiling serde_spanned v1.0.4
   Compiling uuid v1.21.0
   Compiling toml_datetime v0.7.5+spec-1.1.0
   Compiling rand_pcg v0.2.1
   Compiling regex-automata v0.4.14
   Compiling phf_shared v0.8.0
   Compiling utf8_iter v1.0.4
   Compiling byteorder v1.5.0
   Compiling toml_parser v1.0.9+spec-1.1.0
   Compiling subtle v2.6.1
   Compiling generic-array v0.14.7
   Compiling libm v0.2.16
   Compiling crc32fast v1.5.0
   Compiling new_debug_unreachable v1.0.6
   Compiling mac v0.1.1
   Compiling precomputed-hash v0.1.1
   Compiling toml v0.9.12+spec-1.1.0
   Compiling futf v0.1.5
   Compiling bitflags v1.3.2
   Compiling foldhash v0.1.5
   Compiling either v1.15.0
   Compiling crypto-common v0.1.7
   Compiling dtoa v1.0.11
   Compiling utf-8 v0.7.6
   Compiling hashbrown v0.15.5
   Compiling matches v0.1.10
   Compiling dtoa-short v0.3.5
   Compiling wasmtime-internal-math v41.0.4
   Compiling tendril v0.4.3
   Compiling unic-common v0.9.0
   Compiling unic-char-range v0.9.0
   Compiling nodrop v0.1.14
   Compiling alloc-no-stdlib v2.0.4
   Compiling unic-char-property v0.9.0
   Compiling synstructure v0.13.2
   Compiling darling_core v0.21.3
   Compiling serde_derive_internals v0.29.1
   Compiling servo_arc v0.2.0
   Compiling unic-ucd-version v0.9.0
   Compiling alloc-stdlib v0.2.2
   Compiling block-buffer v0.10.4
   Compiling typeid v1.0.3
   Compiling fxhash v0.2.1
   Compiling phf v0.8.0
   Compiling rustc_version v0.4.1
   Compiling dunce v1.0.5
   Compiling hashbrown v0.12.3
   Compiling regex v1.12.3
   Compiling erased-serde v0.4.9
   Compiling digest v0.10.7
   Compiling brotli-decompressor v5.0.0
   Compiling unic-ucd-ident v0.9.0
   Compiling camino v1.2.2
   Compiling cfb v0.7.3
   Compiling glob v0.3.3
   Compiling dyn-clone v1.0.20
   Compiling serde-untagged v0.1.9
   Compiling ring v0.17.14
   Compiling cpufeatures v0.2.17
   Compiling itertools v0.14.0
   Compiling sha2 v0.10.9
   Compiling simd-adler32 v0.3.8
   Compiling brotli v8.0.2
   Compiling infer v0.19.0
   Compiling adler2 v2.0.1
   Compiling miniz_oxide v0.8.9
   Compiling zlib-rs v0.6.2
   Compiling num-conv v0.2.0
   Compiling time-core v0.1.8
   Compiling curve25519-dalek v4.1.3
   Compiling alloca v0.4.0
   Compiling libc v0.2.182
   Compiling time-macros v0.2.27
   Compiling pin-project-lite v0.2.17
   Compiling fastrand v2.3.0
   Compiling windows_x86_64_msvc v0.53.1
   Compiling winapi-util v0.1.11
   Compiling serde_derive v1.0.228
   Compiling zerocopy-derive v0.8.40
   Compiling zerofrom-derive v0.1.6
   Compiling yoke-derive v0.8.1
   Compiling thiserror-impl v2.0.18
   Compiling zerovec-derive v0.11.2
   Compiling displaydoc v0.2.5
   Compiling tokio-macros v2.6.0
   Compiling tracing-attributes v0.1.31
   Compiling thiserror-impl v1.0.69
   Compiling futures-macro v0.3.32
   Compiling windows-interface v0.59.3
   Compiling windows-implement v0.60.2
   Compiling zeroize_derive v1.4.3
   Compiling cssparser v0.29.6
   Compiling zerofrom v0.1.6
   Compiling pulley-macros v41.0.4
   Compiling thiserror v2.0.18
   Compiling cssparser-macros v0.6.1
   Compiling zerocopy v0.8.40
   Compiling yoke v0.8.1
   Compiling darling_macro v0.21.3
   Compiling match_token v0.1.0
   Compiling zerovec v0.11.5
   Compiling zerotrie v0.2.3
   Compiling thiserror v1.0.69
   Compiling derive_more v0.99.20
   Compiling schemars_derive v0.8.22
   Compiling same-file v1.0.6
   Compiling ctor v0.2.9
   Compiling flate2 v1.1.9
   Compiling prost-derive v0.14.3
   Compiling clap_derive v4.5.55
   Compiling walkdir v2.5.0
   Compiling tinystr v0.8.2
   Compiling potential_utf v0.1.4
   Compiling darling v0.21.3
   Compiling curve25519-dalek-derive v0.1.1
   Compiling icu_locale_core v2.1.1
   Compiling icu_collections v2.1.1
   Compiling serde_with_macros v3.17.0
   Compiling tempfile v3.26.0
   Compiling windows-targets v0.53.5
   Compiling futures-core v0.3.32
   Compiling futures-sink v0.3.32
   Compiling windows-sys v0.60.2
   Compiling mio v1.1.1
   Compiling num-traits v0.2.19
   Compiling serde v1.0.228
   Compiling icu_provider v2.1.1
   Compiling icu_properties v2.1.2
   Compiling tracing-core v0.1.36
   Compiling smallvec v1.15.1
   Compiling cranelift-bitset v0.128.4
   Compiling wasmparser v0.243.0
   Compiling jsonptr v0.6.3
   Compiling cargo-platform v0.1.9
   Compiling parking_lot_core v0.9.12
   Compiling icu_normalizer v2.1.1
   Compiling pulley-interpreter v41.0.4
   Compiling parking_lot v0.12.5
   Compiling indexmap v1.9.3
   Compiling cargo_metadata v0.19.2
   Compiling ppv-lite86 v0.2.21
   Compiling idna_adapter v1.2.1
   Compiling json-patch v3.0.1
   Compiling serde_with v3.17.0
   Compiling prost v0.14.3
   Compiling idna v1.1.0
   Compiling string_cache v0.8.9
   Compiling rand_chacha v0.3.1
   Compiling rand_chacha v0.2.2
   Compiling slab v0.4.12
   Compiling futures-channel v0.3.32
   Compiling base64 v0.22.1
   Compiling rand v0.7.3
   Compiling tracing v0.1.44
   Compiling rand v0.8.5
   Compiling url v2.5.8
   Compiling crossbeam-utils v0.8.21
   Compiling futures-io v0.3.32
   Compiling ipnet v2.11.0
   Compiling futures-task v0.3.32
   Compiling bumpalo v3.20.2
   Compiling winapi v0.3.9
   Compiling phf_generator v0.8.0
   Compiling urlpattern v0.3.0
   Compiling schemars v0.8.22
   Compiling phf_codegen v0.8.0
   Compiling futures-util v0.3.32
   Compiling zeroize v1.8.2
   Compiling phf_generator v0.11.3
   Compiling phf_generator v0.10.0
   Compiling selectors v0.24.0
   Compiling phf_codegen v0.11.3
   Compiling string_cache_codegen v0.5.4
   Compiling phf_macros v0.11.3
   Compiling http-body v1.0.1
   Compiling phf_macros v0.10.0
   Compiling socket2 v0.6.2
   Compiling ryu v1.0.23
   Compiling lazy_static v1.5.0
   Compiling tower-service v0.3.3
   Compiling try-lock v0.2.5
   Compiling tokio v1.49.0
   Compiling markup5ever v0.14.1
   Compiling atomic-waker v1.1.2
   Compiling want v0.3.1
   Compiling httparse v1.10.1
   Compiling pin-utils v0.1.0
   Compiling rustls v0.23.37
   Compiling httpdate v1.0.3
   Compiling crossbeam-epoch v0.9.18
   Compiling windows-result v0.4.1
   Compiling windows-strings v0.5.1
   Compiling powerfmt v0.2.0
   Compiling phf v0.10.1
   Compiling deranged v0.5.8
   Compiling windows-core v0.62.2
   Compiling crossbeam-deque v0.8.6
   Compiling rustls-pki-types v1.14.0
   Compiling sync_wrapper v1.0.2
   Compiling anstyle v1.0.13
   Compiling tower-layer v0.3.3
   Compiling untrusted v0.9.0
   Compiling http-body-util v0.1.3
   Compiling crossbeam-channel v0.5.15
   Compiling rayon-core v1.13.0
   Compiling mime v0.3.17
   Compiling once_cell_polyfill v1.70.2
   Compiling utf8parse v0.2.2
   Compiling anstyle-parse v0.2.7
   Compiling futures-executor v0.3.32
   Compiling anstyle-wincon v3.0.11
   Compiling anstyle-query v1.1.5
   Compiling time v0.3.47
   Compiling futures v0.3.32
   Compiling rayon v1.11.0
   Compiling phf v0.11.3
   Compiling windows_x86_64_msvc v0.48.5
   Compiling encode_unicode v1.0.0
   Compiling colorchoice v1.0.4
   Compiling is_terminal_polyfill v1.70.2
   Compiling windows-targets v0.48.5
   Compiling webpki-roots v1.0.6
   Compiling serde_urlencoded v0.7.1
   Compiling rand_core v0.9.5
   Compiling anstream v0.6.21
   Compiling predicates-core v1.0.10
   Compiling clap_lex v1.0.0
   Compiling bit-vec v0.8.0
   Compiling windows-sys v0.48.0
   Compiling axum-core v0.5.6
   Compiling half v2.7.1
   Compiling float-cmp v0.10.0
   Compiling rustls-webpki v0.103.9
   Compiling bit-set v0.8.0
   Compiling clap_builder v4.5.60
   Compiling serde_path_to_error v0.1.20
   Compiling windows-threading v0.2.1
   Compiling matchit v0.8.4
   Compiling difflib v0.4.0
   Compiling plotters-backend v0.3.7
   Compiling ciborium-io v0.2.2
   Compiling normalize-line-endings v0.3.0
   Compiling tokio-util v0.7.18
   Compiling predicates v3.1.4
   Compiling plotters-svg v0.3.7
   Compiling html5ever v0.29.1
   Compiling ciborium-ll v0.2.2
   Compiling windows-future v0.3.2
   Compiling h2 v0.4.13
   Compiling tower v0.5.3
   Compiling tokio-stream v0.1.18
   Compiling clap v4.5.60
   Compiling rand_chacha v0.9.0
   Compiling windows-numerics v0.3.1
   Compiling kuchikiki v0.8.8-speedreader
   Compiling windows-collections v0.3.2
   Compiling sharded-slab v0.1.7
   Compiling tracing-log v0.2.0
   Compiling nu-ansi-term v0.50.3
   Compiling matchers v0.2.0
   Compiling itertools v0.13.0
   Compiling tauri-utils v2.8.2
   Compiling thread_local v1.1.9
   Compiling cast v0.3.0
   Compiling signature v2.2.0
   Compiling windows v0.62.2
   Compiling ed25519 v2.2.3
   Compiling rand v0.9.2
   Compiling ciborium v0.2.2
   Compiling tracing-subscriber v0.3.22
   Compiling plotters v0.3.7
   Compiling console v0.15.11
   Compiling page_size v0.6.0
   Compiling tokio-rustls v0.26.4
   Compiling criterion-plot v0.8.2
   Compiling tinytemplate v1.2.1
   Compiling anes v0.1.6
   Compiling similar v2.7.0
   Compiling oorandom v11.1.5
   Compiling wait-timeout v0.2.1
   Compiling criterion v0.8.2
   Compiling quick-error v1.2.3
   Compiling rand_xorshift v0.4.0
   Compiling unarray v0.1.4
   Compiling insta v1.46.3
   Compiling rusty-fork v0.3.1
   Compiling async-trait v0.1.89
   Compiling ed25519-dalek v2.2.0
   Compiling pin-project-internal v1.1.11
   Compiling proptest v1.10.0
   Compiling prost-types v0.14.3
   Compiling hyper v1.8.1
   Compiling ref-cast-impl v1.0.25
   Compiling pulldown-cmark v0.13.1
   Compiling prettyplease v0.2.37
   Compiling chrono v0.4.44
   Compiling hyper-util v0.1.20
   Compiling petgraph v0.8.3
   Compiling pulldown-cmark-to-cmark v22.0.0
   Compiling tonic-build v0.14.5
   Compiling num-integer v0.1.46
   Compiling pin-project v1.1.11
   Compiling num-iter v0.1.45
   Compiling num-bigint v0.4.6
   Compiling prost-build v0.14.3
   Compiling iri-string v0.7.10
   Compiling ref-cast v1.0.25
   Compiling ahash v0.8.12
   Compiling num-complex v0.4.6
   Compiling hyper-rustls v0.27.7
   Compiling axum v0.8.8
   Compiling hyper-timeout v0.5.2
   Compiling tonic-prost-build v0.14.5
   Compiling borrow-or-share v0.2.4
   Compiling num-rational v0.4.2
   Compiling fluent-uri v0.4.1
   Compiling rustls-platform-verifier v0.6.2
   Compiling outref v0.5.2
   Compiling num v0.4.3
   Compiling vsimd v0.8.0
   Compiling tower-http v0.6.8
   Compiling unicode-general-category v1.1.0
   Compiling referencing v0.40.2
   Compiling fraction v0.15.3
   Compiling fancy-regex v0.17.0
   Compiling racing-wheel-schemas v0.1.0 (H:\Code\Rust\OpenRacing\crates\schemas)
   Compiling email_address v0.2.9
   Compiling data-encoding v2.10.0
   Compiling uuid-simd v0.8.0
   Compiling reqwest v0.13.2
   Compiling num-cmp v0.1.0
   Compiling bytecount v0.6.9
   Compiling env_filter v1.0.0
   Compiling rand v0.10.0
   Compiling unsafe-libyaml v0.2.11
   Compiling env_logger v0.11.9
   Compiling zstd-sys v2.0.16+zstd.1.5.7
   Compiling tonic v0.14.5
   Compiling quickcheck v1.1.0
   Compiling hidapi v2.6.5
   Compiling jsonschema v0.40.2
   Compiling serde_yaml_ng v0.10.0
   Compiling tonic-prost v0.14.5
   Compiling quickcheck_macros v1.2.0
   Compiling portable-atomic v1.13.1
   Compiling quick-xml v0.37.5
   Compiling crossbeam-queue v0.3.12
   Compiling tracing-test-macro v0.2.6
   Compiling crossbeam v0.8.4
   Compiling crc32c v0.6.8
   Compiling hash32 v0.3.1
   Compiling heapless v0.8.0
   Compiling libmimalloc-sys v0.1.44
   Compiling scroll_derive v0.12.1
   Compiling tracing-test v0.2.6
   Compiling inout v0.1.4
   Compiling crc-catalog v2.4.0
   Compiling cipher v0.4.4
   Compiling zopfli v0.8.3
   Compiling hmac v0.12.1
   Compiling crc v3.3.0
   Compiling libbz2-rs-sys v0.2.2
   Compiling pbkdf2 v0.12.2
   Compiling lzma-rust2 v0.15.7
   Compiling aes v0.8.4
   Compiling ntapi v0.4.3
   Compiling bzip2 v0.6.1
   Compiling sha1 v0.10.6
   Compiling ppmd-rust v1.4.0
   Compiling deflate64 v0.1.11
   Compiling unty v0.0.5
   Compiling constant_time_eq v0.3.1
   Compiling typed-path v0.12.3
   Compiling cu-bincode v2.0.2
   Compiling protobuf-support v3.7.2
   Compiling minimal-lexical v0.2.1
   Compiling base64 v0.21.7
   Compiling mimalloc v0.1.48
   Compiling metrics v0.24.3
   Compiling protobuf v3.7.2
   Compiling nom v7.1.3
   Compiling workspace-hack v0.1.0 (H:\Code\Rust\OpenRacing\workspace-hack)
   Compiling scroll v0.12.0
   Compiling plain v0.2.3
   Compiling async-stream-impl v0.3.6
   Compiling goblin v0.9.3
   Compiling hex v0.4.3
   Compiling num_cpus v1.17.0
   Compiling tokio-test v0.4.5
   Compiling hdrhistogram v7.5.4
   Compiling async-stream v0.3.6
   Compiling cranelift-codegen-shared v0.128.4
   Compiling cranelift-codegen-meta v0.128.4
   Compiling wasmtime-internal-versioned-export-macros v41.0.4
   Compiling winreg v0.52.0
   Compiling os_info v3.14.0
   Compiling prometheus v0.14.0
   Compiling termcolor v1.4.1
   Compiling wasmtime-internal-component-util v41.0.4
   Compiling ittapi-sys v0.4.0
   Compiling leb128fmt v0.1.0
   Compiling sysinfo v0.38.2
   Compiling openracing-errors v0.1.0 (H:\Code\Rust\OpenRacing\crates\openracing-errors)
   Compiling racing-wheel-telemetry-config-writers v0.1.0 (H:\Code\Rust\OpenRacing\crates\telemetry-config-writers)
   Compiling openracing-curves v0.1.0 (H:\Code\Rust\OpenRacing\crates\openracing-curves)
   Compiling openracing-fmea v0.1.0 (H:\Code\Rust\OpenRacing\crates\openracing-fmea)
   Compiling racing-wheel-telemetry-config v0.1.0 (H:\Code\Rust\OpenRacing\crates\telemetry-config)
   Compiling racing-wheel-ks v0.1.0 (H:\Code\Rust\OpenRacing\crates\ks)
   Compiling racing-wheel-moza-wheelbase-report v0.1.0 (H:\Code\Rust\OpenRacing\crates\moza-wheelbase-report)
   Compiling openracing-filters v0.1.0 (H:\Code\Rust\OpenRacing\crates\openracing-filters)
   Compiling racing-wheel-telemetry-recorder v0.1.0 (H:\Code\Rust\OpenRacing\crates\telemetry-recorder)
   Compiling openracing-hid-common v0.1.0 (H:\Code\Rust\OpenRacing\crates\openracing-hid-common)
   Compiling openracing-hardware-watchdog v0.1.0 (H:\Code\Rust\OpenRacing\crates\openracing-hardware-watchdog)
   Compiling racing-wheel-telemetry-core v0.1.0 (H:\Code\Rust\OpenRacing\crates\telemetry-core)
   Compiling racing-wheel-srp v0.1.0 (H:\Code\Rust\OpenRacing\crates\srp)
   Compiling racing-wheel-hbp v0.1.0 (H:\Code\Rust\OpenRacing\crates\hbp)
   Compiling zstd-safe v7.2.4
   Compiling openracing-watchdog v0.1.0 (H:\Code\Rust\OpenRacing\crates\openracing-watchdog)
   Compiling racing-wheel-hid-moza-protocol v0.1.0 (H:\Code\Rust\OpenRacing\crates\hid-moza-protocol)
   Compiling racing-wheel-telemetry-adapters v0.1.0 (H:\Code\Rust\OpenRacing\crates\telemetry-adapters)
   Compiling openracing-atomic v0.1.0 (H:\Code\Rust\OpenRacing\crates\openracing-atomic)
   Compiling zstd v0.13.3
   Compiling racing-wheel-hid-logitech-protocol v0.1.0 (H:\Code\Rust\OpenRacing\crates\hid-logitech-protocol)
   Compiling zip v7.2.0
   Compiling openracing-tracing v0.1.0 (H:\Code\Rust\OpenRacing\crates\openracing-tracing)
   Compiling hid-button-box-protocol v0.1.0 (H:\Code\Rust\OpenRacing\crates\hid-button-box-protocol)
   Compiling hid-simucube-protocol v0.1.0 (H:\Code\Rust\OpenRacing\crates\hid-simucube-protocol)
   Compiling hid-heusinkveld-protocol v0.1.0 (H:\Code\Rust\OpenRacing\crates\hid-heusinkveld-protocol)
   Compiling hid-asetek-protocol v0.1.0 (H:\Code\Rust\OpenRacing\crates\hid-asetek-protocol)
   Compiling racing-wheel-hid-ffbeast-protocol v0.1.0 (H:\Code\Rust\OpenRacing\crates\hid-ffbeast-protocol)
   Compiling racing-wheel-hid-leo-bodnar-protocol v0.1.0 (H:\Code\Rust\OpenRacing\crates\hid-leo-bodnar-protocol)
   Compiling racing-wheel-hid-openffboard-protocol v0.1.0 (H:\Code\Rust\OpenRacing\crates\hid-openffboard-protocol)
   Compiling racing-wheel-hid-thrustmaster-protocol v0.1.0 (H:\Code\Rust\OpenRacing\crates\hid-thrustmaster-protocol)
   Compiling racing-wheel-hid-cammus-protocol v0.1.0 (H:\Code\Rust\OpenRacing\crates\hid-cammus-protocol)
   Compiling racing-wheel-hid-simagic-protocol v0.1.0 (H:\Code\Rust\OpenRacing\crates\hid-simagic-protocol)
   Compiling racing-wheel-hid-vrs-protocol v0.1.0 (H:\Code\Rust\OpenRacing\crates\hid-vrs-protocol)
   Compiling racing-wheel-hid-fanatec-protocol v0.1.0 (H:\Code\Rust\OpenRacing\crates\hid-fanatec-protocol)
   Compiling racing-wheel-hid-accuforce-protocol v0.1.0 (H:\Code\Rust\OpenRacing\crates\hid-accuforce-protocol)
   Compiling racing-wheel-simplemotion-v2 v0.1.0 (H:\Code\Rust\OpenRacing\crates\simplemotion-v2)
   Compiling racing-wheel-input-maps v0.1.0 (H:\Code\Rust\OpenRacing\crates\input-maps)
   Compiling openracing-ipc v0.1.0 (H:\Code\Rust\OpenRacing\crates\openracing-ipc)
   Compiling openracing-profile-repository v0.1.0 (H:\Code\Rust\OpenRacing\crates\openracing-profile-repository)
   Compiling cranelift-codegen v0.128.4
   Compiling racing-wheel-changelog v0.1.0 (H:\Code\Rust\OpenRacing\crates\changelog)
   Compiling racing-wheel-telemetry-support v0.1.0 (H:\Code\Rust\OpenRacing\crates\telemetry-support)
   Compiling racing-wheel-engine v0.1.0 (H:\Code\Rust\OpenRacing\crates\engine)
   Compiling wasmtime-internal-fiber v41.0.4
   Compiling wasmtime-internal-jit-debug v41.0.4
   Compiling wit-parser v0.243.0
   Compiling openracing-test-helpers v0.1.0 (H:\Code\Rust\OpenRacing\crates\openracing-test-helpers)
   Compiling cranelift-entity v0.128.4
   Compiling gimli v0.32.3
   Compiling wasmtime v41.0.4
   Compiling target-lexicon v0.13.5
   Compiling unicode-width v0.2.2
   Compiling option-ext v0.2.0
   Compiling wasmtime-internal-wit-bindgen v41.0.4
   Compiling io-lifetimes v2.0.4
   Compiling rand_core v0.4.2
   Compiling rustc-hash v2.1.1
   Compiling wasm-encoder v0.243.0
   Compiling object v0.37.3
   Compiling cobs v0.3.0
   Compiling ambient-authority v0.0.2
   Compiling arbitrary v1.4.2
   Compiling postcard v1.1.3
   Compiling witx v0.9.1
   Compiling racing-wheel-service v0.1.0 (H:\Code\Rust\OpenRacing\crates\service)
   Compiling wasmtime-internal-component-macro v41.0.4
   Compiling cranelift-control v0.128.4
   Compiling regalloc2 v0.13.5
   Compiling fs-set-times v0.20.3
   Compiling cranelift-bforest v0.128.4
   Compiling wasmprinter v0.243.0
   Compiling cranelift-assembler-x64 v0.128.4
   Compiling cpp_demangle v0.4.5
   Compiling winx v0.36.4
   Compiling rustc-demangle v0.1.27
   Compiling maybe-owned v0.3.4
   Compiling deadpool-runtime v0.1.4
   Compiling wiggle-generate v41.0.4
   Compiling wasmtime-environ v41.0.4
   Compiling assert-json-diff v2.0.2
   Compiling deadpool v0.12.3
   Compiling mockall_derive v0.14.0
   Compiling rand_core v0.3.1
   Compiling wiremock v0.6.5
   Compiling io-extras v0.18.4
   Compiling wasm-encoder v0.245.1
   Compiling bitmaps v2.1.0
   Compiling cap-primitives v3.4.5
   Compiling openracing-crypto v0.1.0 (H:\Code\Rust\OpenRacing\crates\openracing-crypto)
   Compiling wiggle-macro v41.0.4
   Compiling sized-chunks v0.6.5
   Compiling wast v245.0.1
   Compiling dirs-sys-next v0.1.2
   Compiling rand_xoshiro v0.6.0
   Compiling termtree v0.5.1
