---
source: crates/hid-heusinkveld-protocol/tests/snapshot_tests.rs
assertion_line: 241
expression: "format!(\"VENDOR_ID={:#06x}, SPRINT_PID={:#06x}, ULTIMATE_PID={:#06x}, \\\n         HANDBRAKE_V2_PID={:#06x}, LEGACY_VID={:#06x}, LEGACY_SPRINT_PID={:#06x}, \\\n         LEGACY_ULTIMATE_PID={:#06x}, PRO_PID={:#06x}, \\\n         HANDBRAKE_V1_VID={:#06x}, HANDBRAKE_V1_PID={:#06x}, \\\n         SHIFTER_VID={:#06x}, SHIFTER_PID={:#06x}, \\\n         REPORT_SIZE_INPUT={}, MAX_LOAD_CELL_VALUE={:#06x}\",\nheusinkveld::HEUSINKVELD_VENDOR_ID, heusinkveld::HEUSINKVELD_SPRINT_PID,\nheusinkveld::HEUSINKVELD_ULTIMATE_PID,\nheusinkveld::HEUSINKVELD_HANDBRAKE_V2_PID,\nheusinkveld::HEUSINKVELD_LEGACY_VENDOR_ID,\nheusinkveld::HEUSINKVELD_LEGACY_SPRINT_PID,\nheusinkveld::HEUSINKVELD_LEGACY_ULTIMATE_PID,\nheusinkveld::HEUSINKVELD_PRO_PID,\nheusinkveld::HEUSINKVELD_HANDBRAKE_V1_VENDOR_ID,\nheusinkveld::HEUSINKVELD_HANDBRAKE_V1_PID,\nheusinkveld::HEUSINKVELD_SHIFTER_VENDOR_ID,\nheusinkveld::HEUSINKVELD_SHIFTER_PID, heusinkveld::REPORT_SIZE_INPUT,\nheusinkveld::MAX_LOAD_CELL_VALUE,)"
---
"VENDOR_ID=0x30b7, SPRINT_PID=0x1001, ULTIMATE_PID=0x1003, HANDBRAKE_V2_PID=0x1002, LEGACY_VID=0x04d8, LEGACY_SPRINT_PID=0xf6d0, LEGACY_ULTIMATE_PID=0xf6d2, PRO_PID=0xf6d3, HANDBRAKE_V1_VID=0x10c4, HANDBRAKE_V1_PID=0x8b82, SHIFTER_VID=0xa020, SHIFTER_PID=0x3142, REPORT_SIZE_INPUT=8, MAX_LOAD_CELL_VALUE=0xffff"
