---
source: crates/hid-fanatec-protocol/tests/device_snapshot_tests.rs
expression: "format!(\"steering={:.4}, throttle={:.4}, brake={:.4}, clutch={:.4}, \\\n         buttons=0x{:04X}, hat=0x{:X}, funky={}, rotary1={}, rotary2={}, \\\n         clutch_left={:.4}, clutch_right={:.4}\",\nstate.steering, state.throttle, state.brake, state.clutch, state.buttons,\nstate.hat, state.funky_dir, state.rotary1, state.rotary2, state.clutch_left,\nstate.clutch_right,)"
---
steering=0.0000, throttle=0.0000, brake=0.0000, clutch=0.0000, buttons=0x0000, hat=0xF, funky=0, rotary1=0, rotary2=0, clutch_left=0.0000, clutch_right=0.0000
