---
source: crates/openracing-pipeline/tests/snapshot_tests.rs
expression: config
---
{
  "reconstruction": 4,
  "friction": 0.3,
  "damper": 0.5,
  "inertia": 0.2,
  "notch_filters": [],
  "slew_rate": 0.8,
  "curve_points": [
    {
      "input": 0.0,
      "output": 0.0
    },
    {
      "input": 1.0,
      "output": 1.0
    }
  ],
  "torque_cap": 0.9,
  "bumpstop": {
    "enabled": true,
    "start_angle": 400.0,
    "max_angle": 500.0,
    "stiffness": 0.9,
    "damping": 0.4
  },
  "hands_off": {
    "enabled": true,
    "threshold": 0.08,
    "timeout_seconds": 3.0
  }
}
