---
source: crates/openracing-errors/tests/error_snapshot_tests.rs
expression: "format!(\"{:?}\", ValidationError::InvalidCharacters\n{\n    field: \"profile_name\".into(), reason:\n    \"contains control characters\".into(),\n})"
---
InvalidCharacters { field: "profile_name", reason: "contains control characters" }
