---
source: crates/hid-openffboard-protocol/tests/variant_snapshot_tests.rs
assertion_line: 71
expression: "format!(concat!(\"VENDOR_ID={:#06X}\\n\", \"PRODUCT_ID={:#06X}\\n\",\n\"PRODUCT_ID_ALT={:#06X}\\n\", \"CONSTANT_FORCE_REPORT_ID={:#04X}\\n\",\n\"CONSTANT_FORCE_REPORT_LEN={}\\n\", \"GAIN_REPORT_ID={:#04X}\\n\",\n\"VARIANT_COUNT={}\",), OPENFFBOARD_VENDOR_ID, OPENFFBOARD_PRODUCT_ID,\nOPENFFBOARD_PRODUCT_ID_ALT, CONSTANT_FORCE_REPORT_ID,\nCONSTANT_FORCE_REPORT_LEN, GAIN_REPORT_ID, OpenFFBoardVariant::ALL.len(),)"
---
VENDOR_ID=0x1209
PRODUCT_ID=0xFFB0
PRODUCT_ID_ALT=0xFFB1
CONSTANT_FORCE_REPORT_ID=0x01
CONSTANT_FORCE_REPORT_LEN=5
GAIN_REPORT_ID=0x61
VARIANT_COUNT=2
