---
source: crates/hid-asetek-protocol/tests/snapshot_tests.rs
expression: data
---
[
    0,
    0,
    244,
    1,
    0,
    0,
    0,
    0,
    0,
    0,
    0,
    0,
    0,
    0,
    0,
    0,
    0,
    0,
    0,
    0,
    0,
    0,
    0,
    0,
    0,
    0,
    0,
    0,
    0,
    0,
    0,
    0,
]
