---
source: crates/hid-asetek-protocol/tests/snapshot_encoding.rs
expression: data
---
[
    42,
    0,
    244,
    1,
    0,
    0,
    0,
    0,
    0,
    0,
    0,
    0,
    0,
    0,
    0,
    0,
    0,
    0,
    0,
    0,
    0,
    0,
    0,
    0,
    0,
    0,
    0,
    0,
    0,
    0,
    0,
    0,
]
