---
source: crates/hid-asetek-protocol/tests/snapshot_tests.rs
expression: data
---
[
    0,
    0,
    163,
    2,
    0,
    0,
    0,
    0,
    0,
    0,
    0,
    0,
    0,
    0,
    0,
    0,
    0,
    0,
    0,
    0,
    0,
    0,
    0,
    0,
    0,
    0,
    0,
    0,
    0,
    0,
    0,
    0,
]
