---
source: crates/hid-simagic-protocol/tests/snapshot_tests.rs
expression: "format!(\"{:?}\", results)"
---
[("EVO_SPORT", true), ("EVO", true), ("EVO_PRO", true), ("ALPHA_EVO (fabricated)", false), ("NEO (fabricated)", false), ("NEO_MINI (fabricated)", false), ("P1000_PEDALS (fabricated)", false), ("UNKNOWN", false)]
